violation type: Horizontal congestion
	srcs: net:ch3_to_logic
	comment: capacity:0 usage:1 congestion:1
	bbox = (213.9000, 282.9000) - (220.8000, 289.8000) on Layer -
violation type: Horizontal congestion
	srcs: net:ch3_to_logic
	comment: capacity:0 usage:1 congestion:1
	bbox = (400.2000, 476.1000) - (407.1000, 483.0000) on Layer -
violation type: Horizontal congestion
	srcs: net:ch7_to_logic
	comment: capacity:0 usage:1 congestion:1
	bbox = (110.4000, 289.8000) - (117.3000, 296.7000) on Layer -
violation type: Horizontal congestion
	srcs: net:ch2_to_logic
	comment: capacity:0 usage:1 congestion:1
	bbox = (117.3000, 248.4000) - (124.2000, 255.3000) on Layer -
violation type: Horizontal congestion
	srcs: net:ch6_to_logic
	comment: capacity:0 usage:1 congestion:1
	bbox = (124.2000, 414.0000) - (131.1000, 420.9000) on Layer -
violation type: Horizontal congestion
	srcs: net:ch0_from_b7
	comment: capacity:0 usage:1 congestion:1
	bbox = (124.2000, 151.8000) - (131.1000, 158.7000) on Layer -
violation type: Horizontal congestion
	srcs: net:ch6_to_logic
	comment: capacity:0 usage:1 congestion:1
	bbox = (427.8000, 345.0000) - (434.7000, 351.9000) on Layer -
violation type: Horizontal congestion
	srcs: net:ch7_to_logic
	comment: capacity:0 usage:1 congestion:1
	bbox = (103.5000, 289.8000) - (110.4000, 296.7000) on Layer -
violation type: Horizontal congestion
	srcs: net:ch6_to_logic
	comment: capacity:0 usage:1 congestion:1
	bbox = (434.7000, 414.0000) - (441.6000, 420.9000) on Layer -
violation type: Horizontal congestion
	srcs: net:ch4_to_logic
	comment: capacity:0 usage:1 congestion:1
	bbox = (110.4000, 331.2000) - (117.3000, 338.1000) on Layer -
violation type: Horizontal congestion
	srcs: net:ch6_to_logic
	comment: capacity:0 usage:1 congestion:1
	bbox = (227.7000, 414.0000) - (234.6000, 420.9000) on Layer -
violation type: Horizontal congestion
	srcs: net:ch1_to_logic
	comment: capacity:0 usage:1 congestion:1
	bbox = (75.9000, 138.0000) - (82.8000, 144.9000) on Layer -
violation type: Horizontal congestion
	srcs: net:ch0_from_b2
	comment: capacity:0 usage:1 congestion:1
	bbox = (124.2000, 241.5000) - (131.1000, 248.4000) on Layer -
violation type: Horizontal congestion
	srcs: net:ch4_to_logic
	comment: capacity:0 usage:1 congestion:1
	bbox = (420.9000, 324.3000) - (427.8000, 331.2000) on Layer -
violation type: Horizontal congestion
	srcs: net:ch6_to_logic
	comment: capacity:0 usage:1 congestion:1
	bbox = (448.5000, 345.0000) - (455.4000, 351.9000) on Layer -
violation type: Horizontal congestion
	srcs: net:ch0_from_b0 net:ch7_from_b1
	comment: capacity:0 usage:2 congestion:2
	bbox = (124.2000, 96.6000) - (131.1000, 103.5000) on Layer -
violation type: Horizontal congestion
	srcs: net:ch6_to_logic
	comment: capacity:0 usage:1 congestion:1
	bbox = (455.4000, 414.0000) - (462.3000, 420.9000) on Layer -
violation type: Horizontal congestion
	srcs: net:ch4_to_logic
	comment: capacity:0 usage:1 congestion:1
	bbox = (124.2000, 420.9000) - (131.1000, 427.8000) on Layer -
violation type: Horizontal congestion
	srcs: net:ch0_from_b2
	comment: capacity:0 usage:1 congestion:1
	bbox = (96.6000, 241.5000) - (103.5000, 248.4000) on Layer -
violation type: Horizontal congestion
	srcs: net:ch6_to_logic
	comment: capacity:0 usage:1 congestion:1
	bbox = (448.5000, 414.0000) - (455.4000, 420.9000) on Layer -
violation type: Horizontal congestion
	srcs: net:ch7_to_logic
	comment: capacity:0 usage:1 congestion:1
	bbox = (234.6000, 462.3000) - (241.5000, 469.2000) on Layer -
violation type: Horizontal congestion
	srcs: net:ch4_to_logic
	comment: capacity:0 usage:1 congestion:1
	bbox = (103.5000, 420.9000) - (110.4000, 427.8000) on Layer -
violation type: Horizontal congestion
	srcs: net:ch7_to_logic
	comment: capacity:0 usage:1 congestion:1
	bbox = (213.9000, 462.3000) - (220.8000, 469.2000) on Layer -
violation type: Horizontal congestion
	srcs: net:ch1_to_logic
	comment: capacity:0 usage:1 congestion:1
	bbox = (124.2000, 138.0000) - (131.1000, 144.9000) on Layer -
violation type: Horizontal congestion
	srcs: net:ch2_from_b0
	comment: capacity:0 usage:1 congestion:1
	bbox = (248.4000, 131.1000) - (255.3000, 138.0000) on Layer -
violation type: Horizontal congestion
	srcs: net:ch4_to_logic
	comment: capacity:0 usage:1 congestion:1
	bbox = (62.1000, 331.2000) - (69.0000, 338.1000) on Layer -
violation type: Horizontal congestion
	srcs: net:ch2_to_logic
	comment: capacity:0 usage:1 congestion:1
	bbox = (124.2000, 248.4000) - (131.1000, 255.3000) on Layer -
violation type: Horizontal congestion
	srcs: net:ch5_to_logic
	comment: capacity:0 usage:1 congestion:1
	bbox = (220.8000, 379.5000) - (227.7000, 386.4000) on Layer -
violation type: Horizontal congestion
	srcs: net:ch6_to_logic
	comment: capacity:0 usage:1 congestion:1
	bbox = (400.2000, 345.0000) - (407.1000, 351.9000) on Layer -
violation type: Horizontal congestion
	srcs: net:ch4_to_logic
	comment: capacity:0 usage:1 congestion:1
	bbox = (110.4000, 420.9000) - (117.3000, 427.8000) on Layer -
violation type: Horizontal congestion
	srcs: net:ch5_to_logic
	comment: capacity:0 usage:1 congestion:1
	bbox = (248.4000, 379.5000) - (255.3000, 386.4000) on Layer -
violation type: Horizontal congestion
	srcs: net:ch6_to_logic
	comment: capacity:0 usage:1 congestion:1
	bbox = (248.4000, 414.0000) - (255.3000, 420.9000) on Layer -
violation type: Horizontal congestion
	srcs: net:ch0_from_b6
	comment: capacity:0 usage:1 congestion:1
	bbox = (151.8000, 89.7000) - (158.7000, 96.6000) on Layer -
violation type: Horizontal congestion
	srcs: net:ch6_from_b1
	comment: capacity:0 usage:1 congestion:1
	bbox = (138.0000, 62.1000) - (144.9000, 69.0000) on Layer -
violation type: Horizontal congestion
	srcs: net:ch0_from_b4
	comment: capacity:0 usage:1 congestion:1
	bbox = (96.6000, 165.6000) - (103.5000, 172.5000) on Layer -
violation type: Horizontal congestion
	srcs: net:ch0_from_b6
	comment: capacity:0 usage:1 congestion:1
	bbox = (131.1000, 89.7000) - (138.0000, 96.6000) on Layer -
violation type: Horizontal congestion
	srcs: net:ch3_to_logic
	comment: capacity:0 usage:1 congestion:1
	bbox = (420.9000, 476.1000) - (427.8000, 483.0000) on Layer -
violation type: Horizontal congestion
	srcs: net:ch3_to_logic
	comment: capacity:0 usage:1 congestion:1
	bbox = (400.2000, 282.9000) - (407.1000, 289.8000) on Layer -
violation type: Horizontal congestion
	srcs: net:ch4_to_logic
	comment: capacity:0 usage:1 congestion:1
	bbox = (400.2000, 324.3000) - (407.1000, 331.2000) on Layer -
violation type: Horizontal congestion
	srcs: net:ch2_from_b3
	comment: capacity:0 usage:1 congestion:1
	bbox = (213.9000, 144.9000) - (220.8000, 151.8000) on Layer -
violation type: Horizontal congestion
	srcs: net:ch2_from_b3
	comment: capacity:0 usage:1 congestion:1
	bbox = (200.1000, 144.9000) - (207.0000, 151.8000) on Layer -
violation type: Horizontal congestion
	srcs: net:ch5_to_logic
	comment: capacity:0 usage:1 congestion:1
	bbox = (455.4000, 379.5000) - (462.3000, 386.4000) on Layer -
violation type: Horizontal congestion
	srcs: net:ch3_to_logic
	comment: capacity:0 usage:1 congestion:1
	bbox = (207.0000, 282.9000) - (213.9000, 289.8000) on Layer -
violation type: Horizontal congestion
	srcs: net:ch4_to_logic
	comment: capacity:0 usage:1 congestion:1
	bbox = (455.4000, 427.8000) - (462.3000, 434.7000) on Layer -
violation type: Horizontal congestion
	srcs: net:ch4_to_logic
	comment: capacity:0 usage:1 congestion:1
	bbox = (441.6000, 324.3000) - (448.5000, 331.2000) on Layer -
violation type: Horizontal congestion
	srcs: net:ch5_to_logic
	comment: capacity:0 usage:1 congestion:1
	bbox = (69.0000, 379.5000) - (75.9000, 386.4000) on Layer -
violation type: Horizontal congestion
	srcs: net:ch1_to_logic
	comment: capacity:0 usage:1 congestion:1
	bbox = (62.1000, 138.0000) - (69.0000, 144.9000) on Layer -
violation type: Horizontal congestion
	srcs: net:ch6_to_logic
	comment: capacity:0 usage:1 congestion:1
	bbox = (255.3000, 414.0000) - (262.2000, 420.9000) on Layer -
violation type: Horizontal congestion
	srcs: net:ch3_to_logic
	comment: capacity:0 usage:1 congestion:1
	bbox = (220.8000, 282.9000) - (227.7000, 289.8000) on Layer -
violation type: Horizontal congestion
	srcs: net:ch4_to_logic
	comment: capacity:0 usage:1 congestion:1
	bbox = (103.5000, 331.2000) - (110.4000, 338.1000) on Layer -
violation type: Horizontal congestion
	srcs: net:ch0_from_b2
	comment: capacity:0 usage:1 congestion:1
	bbox = (69.0000, 241.5000) - (75.9000, 248.4000) on Layer -
violation type: Horizontal congestion
	srcs: net:ch7_to_logic
	comment: capacity:0 usage:1 congestion:1
	bbox = (124.2000, 289.8000) - (131.1000, 296.7000) on Layer -
violation type: Horizontal congestion
	srcs: net:ch2_to_logic
	comment: capacity:0 usage:1 congestion:1
	bbox = (248.4000, 138.0000) - (255.3000, 144.9000) on Layer -
violation type: Horizontal congestion
	srcs: net:ch0_from_b0 net:ch7_from_b1
	comment: capacity:0 usage:2 congestion:2
	bbox = (96.6000, 96.6000) - (103.5000, 103.5000) on Layer -
violation type: Horizontal congestion
	srcs: net:ch5_to_logic
	comment: capacity:0 usage:1 congestion:1
	bbox = (427.8000, 379.5000) - (434.7000, 386.4000) on Layer -
violation type: Horizontal congestion
	srcs: net:ch4_to_logic
	comment: capacity:0 usage:1 congestion:1
	bbox = (220.8000, 420.9000) - (227.7000, 427.8000) on Layer -
violation type: Horizontal congestion
	srcs: net:ch5_to_logic
	comment: capacity:0 usage:1 congestion:1
	bbox = (448.5000, 379.5000) - (455.4000, 386.4000) on Layer -
violation type: Horizontal congestion
	srcs: net:ch4_to_logic
	comment: capacity:0 usage:1 congestion:1
	bbox = (241.5000, 420.9000) - (248.4000, 427.8000) on Layer -
violation type: Horizontal congestion
	srcs: net:ch5_to_logic
	comment: capacity:0 usage:1 congestion:1
	bbox = (96.6000, 379.5000) - (103.5000, 386.4000) on Layer -
violation type: Horizontal congestion
	srcs: net:ch7_to_logic
	comment: capacity:0 usage:1 congestion:1
	bbox = (255.3000, 462.3000) - (262.2000, 469.2000) on Layer -
violation type: Horizontal congestion
	srcs: net:ch3_to_logic
	comment: capacity:0 usage:1 congestion:1
	bbox = (407.1000, 476.1000) - (414.0000, 483.0000) on Layer -
violation type: Horizontal congestion
	srcs: net:ch3_to_logic
	comment: capacity:0 usage:1 congestion:1
	bbox = (96.6000, 282.9000) - (103.5000, 289.8000) on Layer -
violation type: Horizontal congestion
	srcs: net:ch3_to_logic
	comment: capacity:0 usage:1 congestion:1
	bbox = (234.6000, 282.9000) - (241.5000, 289.8000) on Layer -
violation type: Horizontal congestion
	srcs: net:ch3_to_logic
	comment: capacity:0 usage:1 congestion:1
	bbox = (103.5000, 282.9000) - (110.4000, 289.8000) on Layer -
violation type: Horizontal congestion
	srcs: net:ch7_to_logic
	comment: capacity:0 usage:1 congestion:1
	bbox = (62.1000, 462.3000) - (69.0000, 469.2000) on Layer -
violation type: Horizontal congestion
	srcs: net:ch6_to_logic
	comment: capacity:0 usage:1 congestion:1
	bbox = (414.0000, 414.0000) - (420.9000, 420.9000) on Layer -
violation type: Horizontal congestion
	srcs: net:ch7_to_logic
	comment: capacity:0 usage:1 congestion:1
	bbox = (414.0000, 455.4000) - (420.9000, 462.3000) on Layer -
violation type: Horizontal congestion
	srcs: net:ch4_to_logic
	comment: capacity:0 usage:1 congestion:1
	bbox = (427.8000, 427.8000) - (434.7000, 434.7000) on Layer -
violation type: Horizontal congestion
	srcs: net:ch2_from_b2
	comment: capacity:0 usage:1 congestion:1
	bbox = (255.3000, 144.9000) - (262.2000, 151.8000) on Layer -
violation type: Horizontal congestion
	srcs: net:ch3_to_logic
	comment: capacity:0 usage:1 congestion:1
	bbox = (200.1000, 282.9000) - (207.0000, 289.8000) on Layer -
violation type: Horizontal congestion
	srcs: net:ch4_to_logic
	comment: capacity:0 usage:1 congestion:1
	bbox = (213.9000, 420.9000) - (220.8000, 427.8000) on Layer -
violation type: Horizontal congestion
	srcs: net:ch0_from_b4
	comment: capacity:0 usage:1 congestion:1
	bbox = (89.7000, 165.6000) - (96.6000, 172.5000) on Layer -
violation type: Horizontal congestion
	srcs: net:ch6_to_logic
	comment: capacity:0 usage:1 congestion:1
	bbox = (220.8000, 414.0000) - (227.7000, 420.9000) on Layer -
violation type: Horizontal congestion
	srcs: net:ch4_to_logic
	comment: capacity:0 usage:1 congestion:1
	bbox = (414.0000, 427.8000) - (420.9000, 434.7000) on Layer -
violation type: Horizontal congestion
	srcs: net:ch0_from_b3
	comment: capacity:0 usage:1 congestion:1
	bbox = (117.3000, 172.5000) - (124.2000, 179.4000) on Layer -
violation type: Horizontal congestion
	srcs: net:ch3_to_logic
	comment: capacity:0 usage:1 congestion:1
	bbox = (441.6000, 282.9000) - (448.5000, 289.8000) on Layer -
violation type: Horizontal congestion
	srcs: net:ch4_to_logic
	comment: capacity:0 usage:1 congestion:1
	bbox = (96.6000, 331.2000) - (103.5000, 338.1000) on Layer -
violation type: Horizontal congestion
	srcs: net:ch0_to_logic
	comment: capacity:0 usage:1 congestion:1
	bbox = (75.9000, 144.9000) - (82.8000, 151.8000) on Layer -
violation type: Horizontal congestion
	srcs: net:ch0_from_b6
	comment: capacity:0 usage:1 congestion:1
	bbox = (124.2000, 89.7000) - (131.1000, 96.6000) on Layer -
violation type: Horizontal congestion
	srcs: net:ch5_to_logic
	comment: capacity:0 usage:1 congestion:1
	bbox = (227.7000, 379.5000) - (234.6000, 386.4000) on Layer -
violation type: Horizontal congestion
	srcs: net:ch5_from_b1
	comment: capacity:0 usage:1 congestion:1
	bbox = (117.3000, 55.2000) - (124.2000, 62.1000) on Layer -
violation type: Horizontal congestion
	srcs: net:ch4_to_logic
	comment: capacity:0 usage:1 congestion:1
	bbox = (407.1000, 324.3000) - (414.0000, 331.2000) on Layer -
violation type: Horizontal congestion
	srcs: net:ch6_to_logic
	comment: capacity:0 usage:1 congestion:1
	bbox = (241.5000, 414.0000) - (248.4000, 420.9000) on Layer -
violation type: Horizontal congestion
	srcs: net:ch2_to_logic
	comment: capacity:0 usage:1 congestion:1
	bbox = (103.5000, 248.4000) - (110.4000, 255.3000) on Layer -
violation type: Horizontal congestion
	srcs: net:ch0_to_logic
	comment: capacity:0 usage:1 congestion:1
	bbox = (96.6000, 144.9000) - (103.5000, 151.8000) on Layer -
violation type: Horizontal congestion
	srcs: net:ch0_from_b6
	comment: capacity:0 usage:1 congestion:1
	bbox = (96.6000, 89.7000) - (103.5000, 96.6000) on Layer -
violation type: Horizontal congestion
	srcs: net:ch0_from_b3
	comment: capacity:0 usage:1 congestion:1
	bbox = (62.1000, 172.5000) - (69.0000, 179.4000) on Layer -
violation type: Horizontal congestion
	srcs: net:ch4_to_logic
	comment: capacity:0 usage:1 congestion:1
	bbox = (234.6000, 420.9000) - (241.5000, 427.8000) on Layer -
violation type: Horizontal congestion
	srcs: net:ch0_from_b3
	comment: capacity:0 usage:1 congestion:1
	bbox = (69.0000, 172.5000) - (75.9000, 179.4000) on Layer -
violation type: Horizontal congestion
	srcs: net:ch2_to_logic
	comment: capacity:0 usage:1 congestion:1
	bbox = (82.8000, 248.4000) - (89.7000, 255.3000) on Layer -
violation type: Horizontal congestion
	srcs: net:ch3_to_logic
	comment: capacity:0 usage:1 congestion:1
	bbox = (248.4000, 282.9000) - (255.3000, 289.8000) on Layer -
violation type: Horizontal congestion
	srcs: net:ch0_from_b7
	comment: capacity:0 usage:1 congestion:1
	bbox = (117.3000, 151.8000) - (124.2000, 158.7000) on Layer -
violation type: Horizontal congestion
	srcs: net:ch1_to_logic
	comment: capacity:0 usage:1 congestion:1
	bbox = (69.0000, 138.0000) - (75.9000, 144.9000) on Layer -
violation type: Horizontal congestion
	srcs: net:ch6_to_logic
	comment: capacity:0 usage:1 congestion:1
	bbox = (62.1000, 414.0000) - (69.0000, 420.9000) on Layer -
violation type: Horizontal congestion
	srcs: net:ch5_from_b1
	comment: capacity:0 usage:1 congestion:1
	bbox = (144.9000, 55.2000) - (151.8000, 62.1000) on Layer -
violation type: Horizontal congestion
	srcs: net:ch4_to_logic
	comment: capacity:0 usage:1 congestion:1
	bbox = (414.0000, 324.3000) - (420.9000, 331.2000) on Layer -
violation type: Horizontal congestion
	srcs: net:ch5_to_logic
	comment: capacity:0 usage:1 congestion:1
	bbox = (234.6000, 379.5000) - (241.5000, 386.4000) on Layer -
violation type: Horizontal congestion
	srcs: net:ch4_to_logic
	comment: capacity:0 usage:1 congestion:1
	bbox = (82.8000, 420.9000) - (89.7000, 427.8000) on Layer -
violation type: Horizontal congestion
	srcs: net:ch4_to_logic
	comment: capacity:0 usage:1 congestion:1
	bbox = (441.6000, 427.8000) - (448.5000, 434.7000) on Layer -
violation type: Horizontal congestion
	srcs: net:ch6_to_logic
	comment: capacity:0 usage:1 congestion:1
	bbox = (117.3000, 414.0000) - (124.2000, 420.9000) on Layer -
violation type: Horizontal congestion
	srcs: net:ch4_to_logic
	comment: capacity:0 usage:1 congestion:1
	bbox = (407.1000, 427.8000) - (414.0000, 434.7000) on Layer -
violation type: Horizontal congestion
	srcs: net:ch5_to_logic
	comment: capacity:0 usage:1 congestion:1
	bbox = (89.7000, 379.5000) - (96.6000, 386.4000) on Layer -
violation type: Horizontal congestion
	srcs: net:ch7_to_logic
	comment: capacity:0 usage:1 congestion:1
	bbox = (420.9000, 455.4000) - (427.8000, 462.3000) on Layer -
violation type: Horizontal congestion
	srcs: net:ch0_from_b3
	comment: capacity:0 usage:1 congestion:1
	bbox = (110.4000, 172.5000) - (117.3000, 179.4000) on Layer -
violation type: Horizontal congestion
	srcs: net:ch5_from_b1
	comment: capacity:0 usage:1 congestion:1
	bbox = (138.0000, 55.2000) - (144.9000, 62.1000) on Layer -
violation type: Horizontal congestion
	srcs: net:ch7_to_logic
	comment: capacity:0 usage:1 congestion:1
	bbox = (448.5000, 455.4000) - (455.4000, 462.3000) on Layer -
violation type: Horizontal congestion
	srcs: net:ch7_to_logic
	comment: capacity:0 usage:1 congestion:1
	bbox = (89.7000, 289.8000) - (96.6000, 296.7000) on Layer -
violation type: Horizontal congestion
	srcs: net:ch3_to_logic
	comment: capacity:0 usage:1 congestion:1
	bbox = (414.0000, 476.1000) - (420.9000, 483.0000) on Layer -
violation type: Horizontal congestion
	srcs: net:ch5_to_logic
	comment: capacity:0 usage:1 congestion:1
	bbox = (255.3000, 379.5000) - (262.2000, 386.4000) on Layer -
violation type: Horizontal congestion
	srcs: net:ch3_to_logic
	comment: capacity:0 usage:1 congestion:1
	bbox = (255.3000, 282.9000) - (262.2000, 289.8000) on Layer -
violation type: Horizontal congestion
	srcs: net:ch0_from_b3
	comment: capacity:0 usage:1 congestion:1
	bbox = (124.2000, 172.5000) - (131.1000, 179.4000) on Layer -
violation type: Horizontal congestion
	srcs: net:ch1_to_logic
	comment: capacity:0 usage:1 congestion:1
	bbox = (110.4000, 138.0000) - (117.3000, 144.9000) on Layer -
violation type: Horizontal congestion
	srcs: net:ch5_from_b1
	comment: capacity:0 usage:1 congestion:1
	bbox = (131.1000, 55.2000) - (138.0000, 62.1000) on Layer -
violation type: Horizontal congestion
	srcs: net:ch5_from_b1
	comment: capacity:0 usage:1 congestion:1
	bbox = (151.8000, 55.2000) - (158.7000, 62.1000) on Layer -
violation type: Horizontal congestion
	srcs: net:ch0_from_b6
	comment: capacity:0 usage:1 congestion:1
	bbox = (117.3000, 89.7000) - (124.2000, 96.6000) on Layer -
violation type: Horizontal congestion
	srcs: net:ch0_from_b3
	comment: capacity:0 usage:1 congestion:1
	bbox = (96.6000, 172.5000) - (103.5000, 179.4000) on Layer -
violation type: Horizontal congestion
	srcs: net:ch6_from_b1
	comment: capacity:0 usage:1 congestion:1
	bbox = (144.9000, 62.1000) - (151.8000, 69.0000) on Layer -
violation type: Horizontal congestion
	srcs: net:ch4_from_b1
	comment: capacity:0 usage:1 congestion:1
	bbox = (27.6000, 510.6000) - (34.5000, 517.5000) on Layer -
violation type: Horizontal congestion
	srcs: net:ch6_to_logic
	comment: capacity:0 usage:1 congestion:1
	bbox = (82.8000, 414.0000) - (89.7000, 420.9000) on Layer -
violation type: Horizontal congestion
	srcs: net:ch4_to_logic
	comment: capacity:0 usage:1 congestion:1
	bbox = (69.0000, 331.2000) - (75.9000, 338.1000) on Layer -
violation type: Horizontal congestion
	srcs: net:ch4_to_logic
	comment: capacity:0 usage:1 congestion:1
	bbox = (248.4000, 420.9000) - (255.3000, 427.8000) on Layer -
violation type: Horizontal congestion
	srcs: net:ch6_from_b1
	comment: capacity:0 usage:1 congestion:1
	bbox = (151.8000, 62.1000) - (158.7000, 69.0000) on Layer -
violation type: Horizontal congestion
	srcs: net:ch4_to_logic
	comment: capacity:0 usage:1 congestion:1
	bbox = (89.7000, 331.2000) - (96.6000, 338.1000) on Layer -
violation type: Horizontal congestion
	srcs: net:ch6_to_logic
	comment: capacity:0 usage:1 congestion:1
	bbox = (96.6000, 414.0000) - (103.5000, 420.9000) on Layer -
violation type: Horizontal congestion
	srcs: net:ch1_from_b5
	comment: capacity:0 usage:1 congestion:1
	bbox = (103.5000, 131.1000) - (110.4000, 138.0000) on Layer -
violation type: Horizontal congestion
	srcs: net:ch5_to_logic
	comment: capacity:0 usage:1 congestion:1
	bbox = (103.5000, 379.5000) - (110.4000, 386.4000) on Layer -
violation type: Horizontal congestion
	srcs: net:ch4_to_logic
	comment: capacity:0 usage:1 congestion:1
	bbox = (96.6000, 420.9000) - (103.5000, 427.8000) on Layer -
violation type: Horizontal congestion
	srcs: net:ch2_from_b0
	comment: capacity:0 usage:1 congestion:1
	bbox = (255.3000, 131.1000) - (262.2000, 138.0000) on Layer -
violation type: Horizontal congestion
	srcs: net:ch4_to_logic
	comment: capacity:0 usage:1 congestion:1
	bbox = (400.2000, 427.8000) - (407.1000, 434.7000) on Layer -
violation type: Horizontal congestion
	srcs: net:ch0_from_b6
	comment: capacity:0 usage:1 congestion:1
	bbox = (158.7000, 89.7000) - (165.6000, 96.6000) on Layer -
violation type: Horizontal congestion
	srcs: net:ch0_to_logic
	comment: capacity:0 usage:1 congestion:1
	bbox = (89.7000, 144.9000) - (96.6000, 151.8000) on Layer -
violation type: Horizontal congestion
	srcs: net:ch6_from_b1
	comment: capacity:0 usage:1 congestion:1
	bbox = (96.6000, 62.1000) - (103.5000, 69.0000) on Layer -
violation type: Horizontal congestion
	srcs: net:ch6_to_logic
	comment: capacity:0 usage:1 congestion:1
	bbox = (407.1000, 414.0000) - (414.0000, 420.9000) on Layer -
violation type: Horizontal congestion
	srcs: net:ch0_from_b7
	comment: capacity:0 usage:1 congestion:1
	bbox = (75.9000, 151.8000) - (82.8000, 158.7000) on Layer -
violation type: Horizontal congestion
	srcs: net:ch2_from_b2
	comment: capacity:0 usage:1 congestion:1
	bbox = (248.4000, 144.9000) - (255.3000, 151.8000) on Layer -
violation type: Horizontal congestion
	srcs: net:ch5_to_logic
	comment: capacity:0 usage:1 congestion:1
	bbox = (414.0000, 379.5000) - (420.9000, 386.4000) on Layer -
violation type: Horizontal congestion
	srcs: net:ch0_from_b4
	comment: capacity:0 usage:1 congestion:1
	bbox = (103.5000, 165.6000) - (110.4000, 172.5000) on Layer -
violation type: Horizontal congestion
	srcs: net:ch6_from_b1
	comment: capacity:0 usage:1 congestion:1
	bbox = (124.2000, 62.1000) - (131.1000, 69.0000) on Layer -
violation type: Horizontal congestion
	srcs: net:ch6_to_logic
	comment: capacity:0 usage:1 congestion:1
	bbox = (75.9000, 414.0000) - (82.8000, 420.9000) on Layer -
violation type: Horizontal congestion
	srcs: net:ch0_from_b6
	comment: capacity:0 usage:1 congestion:1
	bbox = (103.5000, 89.7000) - (110.4000, 96.6000) on Layer -
violation type: Horizontal congestion
	srcs: net:ch4_to_logic
	comment: capacity:0 usage:1 congestion:1
	bbox = (75.9000, 331.2000) - (82.8000, 338.1000) on Layer -
violation type: Horizontal congestion
	srcs: net:ch2_from_b3
	comment: capacity:0 usage:1 congestion:1
	bbox = (234.6000, 144.9000) - (241.5000, 151.8000) on Layer -
violation type: Horizontal congestion
	srcs: net:ch4_from_b1
	comment: capacity:0 usage:1 congestion:1
	bbox = (55.2000, 510.6000) - (62.1000, 517.5000) on Layer -
violation type: Horizontal congestion
	srcs: net:ch0_from_b4
	comment: capacity:0 usage:1 congestion:1
	bbox = (62.1000, 165.6000) - (69.0000, 172.5000) on Layer -
violation type: Horizontal congestion
	srcs: net:ch1_to_logic
	comment: capacity:0 usage:1 congestion:1
	bbox = (82.8000, 138.0000) - (89.7000, 144.9000) on Layer -
violation type: Horizontal congestion
	srcs: net:ch4_to_logic
	comment: capacity:0 usage:1 congestion:1
	bbox = (200.1000, 420.9000) - (207.0000, 427.8000) on Layer -
violation type: Horizontal congestion
	srcs: net:ch5_to_logic
	comment: capacity:0 usage:1 congestion:1
	bbox = (241.5000, 379.5000) - (248.4000, 386.4000) on Layer -
violation type: Horizontal congestion
	srcs: net:ch6_to_logic
	comment: capacity:0 usage:1 congestion:1
	bbox = (110.4000, 414.0000) - (117.3000, 420.9000) on Layer -
violation type: Horizontal congestion
	srcs: net:ch6_from_b1
	comment: capacity:0 usage:1 congestion:1
	bbox = (117.3000, 62.1000) - (124.2000, 69.0000) on Layer -
violation type: Horizontal congestion
	srcs: net:ch0_from_b2
	comment: capacity:0 usage:1 congestion:1
	bbox = (117.3000, 241.5000) - (124.2000, 248.4000) on Layer -
violation type: Horizontal congestion
	srcs: net:ch2_from_b3
	comment: capacity:0 usage:1 congestion:1
	bbox = (220.8000, 144.9000) - (227.7000, 151.8000) on Layer -
violation type: Horizontal congestion
	srcs: net:ch7_to_logic
	comment: capacity:0 usage:1 congestion:1
	bbox = (441.6000, 455.4000) - (448.5000, 462.3000) on Layer -
violation type: Horizontal congestion
	srcs: net:ch2_from_b4
	comment: capacity:0 usage:1 congestion:1
	bbox = (255.3000, 165.6000) - (262.2000, 172.5000) on Layer -
violation type: Horizontal congestion
	srcs: net:ch5_to_logic
	comment: capacity:0 usage:1 congestion:1
	bbox = (117.3000, 379.5000) - (124.2000, 386.4000) on Layer -
violation type: Horizontal congestion
	srcs: net:ch5_to_logic
	comment: capacity:0 usage:1 congestion:1
	bbox = (407.1000, 379.5000) - (414.0000, 386.4000) on Layer -
violation type: Horizontal congestion
	srcs: net:ch0_from_b0 net:ch7_from_b1
	comment: capacity:0 usage:2 congestion:2
	bbox = (103.5000, 96.6000) - (110.4000, 103.5000) on Layer -
violation type: Horizontal congestion
	srcs: net:ch3_to_logic
	comment: capacity:0 usage:1 congestion:1
	bbox = (110.4000, 282.9000) - (117.3000, 289.8000) on Layer -
violation type: Horizontal congestion
	srcs: net:ch5_to_logic
	comment: capacity:0 usage:1 congestion:1
	bbox = (110.4000, 379.5000) - (117.3000, 386.4000) on Layer -
violation type: Horizontal congestion
	srcs: net:ch3_to_logic
	comment: capacity:0 usage:1 congestion:1
	bbox = (455.4000, 476.1000) - (462.3000, 483.0000) on Layer -
violation type: Horizontal congestion
	srcs: net:ch7_to_logic
	comment: capacity:0 usage:1 congestion:1
	bbox = (207.0000, 462.3000) - (213.9000, 469.2000) on Layer -
violation type: Horizontal congestion
	srcs: net:ch1_from_b5
	comment: capacity:0 usage:1 congestion:1
	bbox = (110.4000, 131.1000) - (117.3000, 138.0000) on Layer -
violation type: Horizontal congestion
	srcs: net:ch6_to_logic
	comment: capacity:0 usage:1 congestion:1
	bbox = (69.0000, 414.0000) - (75.9000, 420.9000) on Layer -
violation type: Horizontal congestion
	srcs: net:ch1_to_logic
	comment: capacity:0 usage:1 congestion:1
	bbox = (117.3000, 138.0000) - (124.2000, 144.9000) on Layer -
violation type: Horizontal congestion
	srcs: net:ch3_to_logic
	comment: capacity:0 usage:1 congestion:1
	bbox = (434.7000, 282.9000) - (441.6000, 289.8000) on Layer -
violation type: Horizontal congestion
	srcs: net:ch6_to_logic
	comment: capacity:0 usage:1 congestion:1
	bbox = (434.7000, 345.0000) - (441.6000, 351.9000) on Layer -
violation type: Horizontal congestion
	srcs: net:ch0_to_logic
	comment: capacity:0 usage:1 congestion:1
	bbox = (82.8000, 144.9000) - (89.7000, 151.8000) on Layer -
violation type: Horizontal congestion
	srcs: net:ch4_to_logic
	comment: capacity:0 usage:1 congestion:1
	bbox = (69.0000, 420.9000) - (75.9000, 427.8000) on Layer -
violation type: Horizontal congestion
	srcs: net:ch2_to_logic
	comment: capacity:0 usage:1 congestion:1
	bbox = (89.7000, 248.4000) - (96.6000, 255.3000) on Layer -
violation type: Horizontal congestion
	srcs: net:ch0_from_b0 net:ch7_from_b1
	comment: capacity:0 usage:2 congestion:2
	bbox = (117.3000, 96.6000) - (124.2000, 103.5000) on Layer -
violation type: Horizontal congestion
	srcs: net:ch6_to_logic
	comment: capacity:0 usage:1 congestion:1
	bbox = (89.7000, 414.0000) - (96.6000, 420.9000) on Layer -
violation type: Horizontal congestion
	srcs: net:ch3_to_logic
	comment: capacity:0 usage:1 congestion:1
	bbox = (407.1000, 282.9000) - (414.0000, 289.8000) on Layer -
violation type: Horizontal congestion
	srcs: net:ch4_from_b1
	comment: capacity:0 usage:1 congestion:1
	bbox = (13.8000, 510.6000) - (20.7000, 517.5000) on Layer -
violation type: Horizontal congestion
	srcs: net:ch6_to_logic
	comment: capacity:0 usage:1 congestion:1
	bbox = (420.9000, 345.0000) - (427.8000, 351.9000) on Layer -
violation type: Horizontal congestion
	srcs: net:ch3_to_logic
	comment: capacity:0 usage:1 congestion:1
	bbox = (69.0000, 282.9000) - (75.9000, 289.8000) on Layer -
violation type: Horizontal congestion
	srcs: net:ch7_to_logic
	comment: capacity:0 usage:1 congestion:1
	bbox = (220.8000, 462.3000) - (227.7000, 469.2000) on Layer -
violation type: Horizontal congestion
	srcs: net:ch0_from_b2
	comment: capacity:0 usage:1 congestion:1
	bbox = (82.8000, 241.5000) - (89.7000, 248.4000) on Layer -
violation type: Horizontal congestion
	srcs: net:ch0_from_b4
	comment: capacity:0 usage:1 congestion:1
	bbox = (69.0000, 165.6000) - (75.9000, 172.5000) on Layer -
violation type: Horizontal congestion
	srcs: net:ch0_from_b7
	comment: capacity:0 usage:1 congestion:1
	bbox = (82.8000, 151.8000) - (89.7000, 158.7000) on Layer -
violation type: Horizontal congestion
	srcs: net:ch3_to_logic
	comment: capacity:0 usage:1 congestion:1
	bbox = (441.6000, 476.1000) - (448.5000, 483.0000) on Layer -
violation type: Horizontal congestion
	srcs: net:ch5_from_b1
	comment: capacity:0 usage:1 congestion:1
	bbox = (110.4000, 55.2000) - (117.3000, 62.1000) on Layer -
violation type: Horizontal congestion
	srcs: net:ch5_to_logic
	comment: capacity:0 usage:1 congestion:1
	bbox = (207.0000, 379.5000) - (213.9000, 386.4000) on Layer -
violation type: Horizontal congestion
	srcs: net:ch7_to_logic
	comment: capacity:0 usage:1 congestion:1
	bbox = (227.7000, 462.3000) - (234.6000, 469.2000) on Layer -
violation type: Horizontal congestion
	srcs: net:ch0_from_b2
	comment: capacity:0 usage:1 congestion:1
	bbox = (89.7000, 241.5000) - (96.6000, 248.4000) on Layer -
violation type: Horizontal congestion
	srcs: net:ch6_to_logic
	comment: capacity:0 usage:1 congestion:1
	bbox = (420.9000, 414.0000) - (427.8000, 420.9000) on Layer -
violation type: Horizontal congestion
	srcs: net:ch0_from_b4
	comment: capacity:0 usage:1 congestion:1
	bbox = (124.2000, 165.6000) - (131.1000, 172.5000) on Layer -
violation type: Horizontal congestion
	srcs: net:ch0_from_b3
	comment: capacity:0 usage:1 congestion:1
	bbox = (103.5000, 172.5000) - (110.4000, 179.4000) on Layer -
violation type: Horizontal congestion
	srcs: net:ch0_from_b4
	comment: capacity:0 usage:1 congestion:1
	bbox = (82.8000, 165.6000) - (89.7000, 172.5000) on Layer -
violation type: Horizontal congestion
	srcs: net:ch7_to_logic
	comment: capacity:0 usage:1 congestion:1
	bbox = (117.3000, 289.8000) - (124.2000, 296.7000) on Layer -
violation type: Horizontal congestion
	srcs: net:ch5_from_b1
	comment: capacity:0 usage:1 congestion:1
	bbox = (96.6000, 55.2000) - (103.5000, 62.1000) on Layer -
violation type: Horizontal congestion
	srcs: net:ch7_to_logic
	comment: capacity:0 usage:1 congestion:1
	bbox = (434.7000, 455.4000) - (441.6000, 462.3000) on Layer -
violation type: Horizontal congestion
	srcs: net:ch0_from_b7
	comment: capacity:0 usage:1 congestion:1
	bbox = (89.7000, 151.8000) - (96.6000, 158.7000) on Layer -
violation type: Horizontal congestion
	srcs: net:ch2_from_b3
	comment: capacity:0 usage:1 congestion:1
	bbox = (207.0000, 144.9000) - (213.9000, 151.8000) on Layer -
violation type: Horizontal congestion
	srcs: net:ch4_from_b1
	comment: capacity:0 usage:1 congestion:1
	bbox = (48.3000, 510.6000) - (55.2000, 517.5000) on Layer -
violation type: Horizontal congestion
	srcs: net:ch5_to_logic
	comment: capacity:0 usage:1 congestion:1
	bbox = (400.2000, 379.5000) - (407.1000, 386.4000) on Layer -
violation type: Horizontal congestion
	srcs: net:ch6_to_logic
	comment: capacity:0 usage:1 congestion:1
	bbox = (455.4000, 345.0000) - (462.3000, 351.9000) on Layer -
violation type: Horizontal congestion
	srcs: net:ch7_to_logic
	comment: capacity:0 usage:1 congestion:1
	bbox = (407.1000, 455.4000) - (414.0000, 462.3000) on Layer -
violation type: Horizontal congestion
	srcs: net:ch4_to_logic
	comment: capacity:0 usage:1 congestion:1
	bbox = (448.5000, 324.3000) - (455.4000, 331.2000) on Layer -
violation type: Horizontal congestion
	srcs: net:ch0_from_b3
	comment: capacity:0 usage:1 congestion:1
	bbox = (89.7000, 172.5000) - (96.6000, 179.4000) on Layer -
violation type: Horizontal congestion
	srcs: net:ch7_to_logic
	comment: capacity:0 usage:1 congestion:1
	bbox = (200.1000, 462.3000) - (207.0000, 469.2000) on Layer -
violation type: Horizontal congestion
	srcs: net:ch7_to_logic
	comment: capacity:0 usage:1 congestion:1
	bbox = (241.5000, 462.3000) - (248.4000, 469.2000) on Layer -
violation type: Horizontal congestion
	srcs: net:ch6_to_logic
	comment: capacity:0 usage:1 congestion:1
	bbox = (234.6000, 414.0000) - (241.5000, 420.9000) on Layer -
violation type: Horizontal congestion
	srcs: net:ch6_to_logic
	comment: capacity:0 usage:1 congestion:1
	bbox = (207.0000, 414.0000) - (213.9000, 420.9000) on Layer -
violation type: Horizontal congestion
	srcs: net:ch3_to_logic
	comment: capacity:0 usage:1 congestion:1
	bbox = (448.5000, 476.1000) - (455.4000, 483.0000) on Layer -
violation type: Horizontal congestion
	srcs: net:ch0_from_b7
	comment: capacity:0 usage:1 congestion:1
	bbox = (96.6000, 151.8000) - (103.5000, 158.7000) on Layer -
violation type: Horizontal congestion
	srcs: net:ch5_to_logic
	comment: capacity:0 usage:1 congestion:1
	bbox = (213.9000, 379.5000) - (220.8000, 386.4000) on Layer -
violation type: Horizontal congestion
	srcs: net:ch6_from_b1
	comment: capacity:0 usage:1 congestion:1
	bbox = (103.5000, 62.1000) - (110.4000, 69.0000) on Layer -
violation type: Horizontal congestion
	srcs: net:ch5_to_logic
	comment: capacity:0 usage:1 congestion:1
	bbox = (124.2000, 379.5000) - (131.1000, 386.4000) on Layer -
violation type: Horizontal congestion
	srcs: net:ch5_from_b1
	comment: capacity:0 usage:1 congestion:1
	bbox = (158.7000, 55.2000) - (165.6000, 62.1000) on Layer -
violation type: Horizontal congestion
	srcs: net:ch2_from_b6 net:ch2_from_b7
	comment: capacity:0 usage:2 congestion:2
	bbox = (248.4000, 158.7000) - (255.3000, 165.6000) on Layer -
violation type: Horizontal congestion
	srcs: net:ch3_to_logic
	comment: capacity:0 usage:1 congestion:1
	bbox = (427.8000, 282.9000) - (434.7000, 289.8000) on Layer -
violation type: Horizontal congestion
	srcs: net:ch0_from_b2
	comment: capacity:0 usage:1 congestion:1
	bbox = (75.9000, 241.5000) - (82.8000, 248.4000) on Layer -
violation type: Horizontal congestion
	srcs: net:ch2_to_logic
	comment: capacity:0 usage:1 congestion:1
	bbox = (110.4000, 248.4000) - (117.3000, 255.3000) on Layer -
violation type: Horizontal congestion
	srcs: net:ch0_from_b7
	comment: capacity:0 usage:1 congestion:1
	bbox = (110.4000, 151.8000) - (117.3000, 158.7000) on Layer -
violation type: Horizontal congestion
	srcs: net:ch5_to_logic
	comment: capacity:0 usage:1 congestion:1
	bbox = (75.9000, 379.5000) - (82.8000, 386.4000) on Layer -
violation type: Horizontal congestion
	srcs: net:ch0_from_b6
	comment: capacity:0 usage:1 congestion:1
	bbox = (110.4000, 89.7000) - (117.3000, 96.6000) on Layer -
violation type: Horizontal congestion
	srcs: net:ch4_to_logic
	comment: capacity:0 usage:1 congestion:1
	bbox = (434.7000, 427.8000) - (441.6000, 434.7000) on Layer -
violation type: Horizontal congestion
	srcs: net:ch3_to_logic
	comment: capacity:0 usage:1 congestion:1
	bbox = (89.7000, 282.9000) - (96.6000, 289.8000) on Layer -
violation type: Horizontal congestion
	srcs: net:ch4_to_logic
	comment: capacity:0 usage:1 congestion:1
	bbox = (420.9000, 427.8000) - (427.8000, 434.7000) on Layer -
violation type: Horizontal congestion
	srcs: net:ch5_from_b1
	comment: capacity:0 usage:1 congestion:1
	bbox = (124.2000, 55.2000) - (131.1000, 62.1000) on Layer -
violation type: Horizontal congestion
	srcs: net:ch2_to_logic
	comment: capacity:0 usage:1 congestion:1
	bbox = (75.9000, 248.4000) - (82.8000, 255.3000) on Layer -
violation type: Horizontal congestion
	srcs: net:ch5_to_logic
	comment: capacity:0 usage:1 congestion:1
	bbox = (82.8000, 379.5000) - (89.7000, 386.4000) on Layer -
violation type: Horizontal congestion
	srcs: net:ch7_to_logic
	comment: capacity:0 usage:1 congestion:1
	bbox = (96.6000, 289.8000) - (103.5000, 296.7000) on Layer -
violation type: Horizontal congestion
	srcs: net:ch2_from_b3
	comment: capacity:0 usage:1 congestion:1
	bbox = (227.7000, 144.9000) - (234.6000, 151.8000) on Layer -
violation type: Horizontal congestion
	srcs: net:ch0_from_b3
	comment: capacity:0 usage:1 congestion:1
	bbox = (75.9000, 172.5000) - (82.8000, 179.4000) on Layer -
violation type: Horizontal congestion
	srcs: net:ch0_to_logic
	comment: capacity:0 usage:1 congestion:1
	bbox = (48.3000, 138.0000) - (55.2000, 144.9000) on Layer -
violation type: Horizontal congestion
	srcs: net:ch6_to_logic
	comment: capacity:0 usage:1 congestion:1
	bbox = (441.6000, 345.0000) - (448.5000, 351.9000) on Layer -
violation type: Horizontal congestion
	srcs: net:ch0_from_b0 net:ch7_from_b1
	comment: capacity:0 usage:2 congestion:2
	bbox = (110.4000, 96.6000) - (117.3000, 103.5000) on Layer -
violation type: Horizontal congestion
	srcs: net:ch3_to_logic
	comment: capacity:0 usage:1 congestion:1
	bbox = (117.3000, 282.9000) - (124.2000, 289.8000) on Layer -
violation type: Horizontal congestion
	srcs: net:ch2_to_logic
	comment: capacity:0 usage:1 congestion:1
	bbox = (69.0000, 248.4000) - (75.9000, 255.3000) on Layer -
violation type: Horizontal congestion
	srcs: net:ch3_to_logic
	comment: capacity:0 usage:1 congestion:1
	bbox = (124.2000, 282.9000) - (131.1000, 289.8000) on Layer -
violation type: Horizontal congestion
	srcs: net:ch0_from_b2
	comment: capacity:0 usage:1 congestion:1
	bbox = (103.5000, 241.5000) - (110.4000, 248.4000) on Layer -
violation type: Horizontal congestion
	srcs: net:ch7_to_logic
	comment: capacity:0 usage:1 congestion:1
	bbox = (82.8000, 289.8000) - (89.7000, 296.7000) on Layer -
violation type: Horizontal congestion
	srcs: net:ch3_to_logic
	comment: capacity:0 usage:1 congestion:1
	bbox = (420.9000, 282.9000) - (427.8000, 289.8000) on Layer -
violation type: Horizontal congestion
	srcs: net:ch3_to_logic
	comment: capacity:0 usage:1 congestion:1
	bbox = (82.8000, 282.9000) - (89.7000, 289.8000) on Layer -
violation type: Horizontal congestion
	srcs: net:ch0_to_logic
	comment: capacity:0 usage:1 congestion:1
	bbox = (69.0000, 144.9000) - (75.9000, 151.8000) on Layer -
violation type: Horizontal congestion
	srcs: net:ch6_to_logic
	comment: capacity:0 usage:1 congestion:1
	bbox = (400.2000, 414.0000) - (407.1000, 420.9000) on Layer -
violation type: Horizontal congestion
	srcs: net:ch4_to_logic
	comment: capacity:0 usage:1 congestion:1
	bbox = (89.7000, 420.9000) - (96.6000, 427.8000) on Layer -
violation type: Horizontal congestion
	srcs: net:ch5_from_b1
	comment: capacity:0 usage:1 congestion:1
	bbox = (103.5000, 55.2000) - (110.4000, 62.1000) on Layer -
violation type: Horizontal congestion
	srcs: net:ch6_to_logic
	comment: capacity:0 usage:1 congestion:1
	bbox = (213.9000, 414.0000) - (220.8000, 420.9000) on Layer -
violation type: Horizontal congestion
	srcs: net:ch3_to_logic
	comment: capacity:0 usage:1 congestion:1
	bbox = (448.5000, 282.9000) - (455.4000, 289.8000) on Layer -
violation type: Horizontal congestion
	srcs: net:ch2_from_b6 net:ch2_from_b7
	comment: capacity:0 usage:2 congestion:2
	bbox = (255.3000, 158.7000) - (262.2000, 165.6000) on Layer -
violation type: Horizontal congestion
	srcs: net:ch7_to_logic
	comment: capacity:0 usage:1 congestion:1
	bbox = (248.4000, 462.3000) - (255.3000, 469.2000) on Layer -
violation type: Horizontal congestion
	srcs: net:ch2_to_logic
	comment: capacity:0 usage:1 congestion:1
	bbox = (255.3000, 138.0000) - (262.2000, 144.9000) on Layer -
violation type: Horizontal congestion
	srcs: net:ch4_from_b1
	comment: capacity:0 usage:1 congestion:1
	bbox = (20.7000, 510.6000) - (27.6000, 517.5000) on Layer -
violation type: Horizontal congestion
	srcs: net:ch0_from_b2
	comment: capacity:0 usage:1 congestion:1
	bbox = (62.1000, 241.5000) - (69.0000, 248.4000) on Layer -
violation type: Horizontal congestion
	srcs: net:ch6_from_b1
	comment: capacity:0 usage:1 congestion:1
	bbox = (110.4000, 62.1000) - (117.3000, 69.0000) on Layer -
violation type: Horizontal congestion
	srcs: net:ch7_to_logic
	comment: capacity:0 usage:1 congestion:1
	bbox = (75.9000, 289.8000) - (82.8000, 296.7000) on Layer -
violation type: Horizontal congestion
	srcs: net:ch6_to_logic
	comment: capacity:0 usage:1 congestion:1
	bbox = (427.8000, 414.0000) - (434.7000, 420.9000) on Layer -
violation type: Horizontal congestion
	srcs: net:ch0_to_logic
	comment: capacity:0 usage:1 congestion:1
	bbox = (124.2000, 144.9000) - (131.1000, 151.8000) on Layer -
violation type: Horizontal congestion
	srcs: net:ch3_to_logic
	comment: capacity:0 usage:1 congestion:1
	bbox = (241.5000, 282.9000) - (248.4000, 289.8000) on Layer -
violation type: Horizontal congestion
	srcs: net:ch0_to_logic
	comment: capacity:0 usage:1 congestion:1
	bbox = (62.1000, 144.9000) - (69.0000, 151.8000) on Layer -
violation type: Horizontal congestion
	srcs: net:ch4_to_logic
	comment: capacity:0 usage:1 congestion:1
	bbox = (427.8000, 324.3000) - (434.7000, 331.2000) on Layer -
violation type: Horizontal congestion
	srcs: net:ch1_from_b5
	comment: capacity:0 usage:1 congestion:1
	bbox = (124.2000, 131.1000) - (131.1000, 138.0000) on Layer -
violation type: Horizontal congestion
	srcs: net:ch6_to_logic
	comment: capacity:0 usage:1 congestion:1
	bbox = (407.1000, 345.0000) - (414.0000, 351.9000) on Layer -
violation type: Horizontal congestion
	srcs: net:ch1_from_b5
	comment: capacity:0 usage:1 congestion:1
	bbox = (117.3000, 131.1000) - (124.2000, 138.0000) on Layer -
violation type: Horizontal congestion
	srcs: net:ch0_to_logic
	comment: capacity:0 usage:1 congestion:1
	bbox = (103.5000, 144.9000) - (110.4000, 151.8000) on Layer -
violation type: Horizontal congestion
	srcs: net:ch3_to_logic
	comment: capacity:0 usage:1 congestion:1
	bbox = (434.7000, 476.1000) - (441.6000, 483.0000) on Layer -
violation type: Horizontal congestion
	srcs: net:ch4_to_logic
	comment: capacity:0 usage:1 congestion:1
	bbox = (124.2000, 331.2000) - (131.1000, 338.1000) on Layer -
violation type: Horizontal congestion
	srcs: net:ch3_to_logic
	comment: capacity:0 usage:1 congestion:1
	bbox = (227.7000, 282.9000) - (234.6000, 289.8000) on Layer -
violation type: Horizontal congestion
	srcs: net:ch0_from_b7
	comment: capacity:0 usage:1 congestion:1
	bbox = (69.0000, 151.8000) - (75.9000, 158.7000) on Layer -
violation type: Horizontal congestion
	srcs: net:ch0_from_b2
	comment: capacity:0 usage:1 congestion:1
	bbox = (110.4000, 241.5000) - (117.3000, 248.4000) on Layer -
violation type: Horizontal congestion
	srcs: net:ch5_to_logic
	comment: capacity:0 usage:1 congestion:1
	bbox = (434.7000, 379.5000) - (441.6000, 386.4000) on Layer -
violation type: Horizontal congestion
	srcs: net:ch1_to_logic
	comment: capacity:0 usage:1 congestion:1
	bbox = (103.5000, 138.0000) - (110.4000, 144.9000) on Layer -
violation type: Horizontal congestion
	srcs: net:ch6_to_logic
	comment: capacity:0 usage:1 congestion:1
	bbox = (414.0000, 345.0000) - (420.9000, 351.9000) on Layer -
violation type: Horizontal congestion
	srcs: net:ch1_from_b5
	comment: capacity:0 usage:1 congestion:1
	bbox = (96.6000, 131.1000) - (103.5000, 138.0000) on Layer -
violation type: Horizontal congestion
	srcs: net:ch0_from_b7
	comment: capacity:0 usage:1 congestion:1
	bbox = (62.1000, 151.8000) - (69.0000, 158.7000) on Layer -
violation type: Horizontal congestion
	srcs: net:ch0_from_b4
	comment: capacity:0 usage:1 congestion:1
	bbox = (75.9000, 165.6000) - (82.8000, 172.5000) on Layer -
violation type: Horizontal congestion
	srcs: net:ch6_to_logic
	comment: capacity:0 usage:1 congestion:1
	bbox = (103.5000, 414.0000) - (110.4000, 420.9000) on Layer -
violation type: Horizontal congestion
	srcs: net:ch6_from_b1
	comment: capacity:0 usage:1 congestion:1
	bbox = (131.1000, 62.1000) - (138.0000, 69.0000) on Layer -
violation type: Horizontal congestion
	srcs: net:ch4_to_logic
	comment: capacity:0 usage:1 congestion:1
	bbox = (117.3000, 331.2000) - (124.2000, 338.1000) on Layer -
violation type: Horizontal congestion
	srcs: net:ch1_to_logic
	comment: capacity:0 usage:1 congestion:1
	bbox = (96.6000, 138.0000) - (103.5000, 144.9000) on Layer -
violation type: Horizontal congestion
	srcs: net:ch4_from_b1
	comment: capacity:0 usage:1 congestion:1
	bbox = (41.4000, 510.6000) - (48.3000, 517.5000) on Layer -
violation type: Horizontal congestion
	srcs: net:ch0_from_b4
	comment: capacity:0 usage:1 congestion:1
	bbox = (110.4000, 165.6000) - (117.3000, 172.5000) on Layer -
violation type: Horizontal congestion
	srcs: net:ch4_from_b1
	comment: capacity:0 usage:1 congestion:1
	bbox = (6.9000, 510.6000) - (13.8000, 517.5000) on Layer -
violation type: Horizontal congestion
	srcs: net:ch4_to_logic
	comment: capacity:0 usage:1 congestion:1
	bbox = (117.3000, 420.9000) - (124.2000, 427.8000) on Layer -
violation type: Horizontal congestion
	srcs: net:ch0_from_b6
	comment: capacity:0 usage:1 congestion:1
	bbox = (138.0000, 89.7000) - (144.9000, 96.6000) on Layer -
violation type: Horizontal congestion
	srcs: net:ch2_to_logic
	comment: capacity:0 usage:1 congestion:1
	bbox = (96.6000, 248.4000) - (103.5000, 255.3000) on Layer -
violation type: Horizontal congestion
	srcs: net:ch0_from_b6
	comment: capacity:0 usage:1 congestion:1
	bbox = (144.9000, 89.7000) - (151.8000, 96.6000) on Layer -
violation type: Horizontal congestion
	srcs: net:ch4_to_logic
	comment: capacity:0 usage:1 congestion:1
	bbox = (434.7000, 324.3000) - (441.6000, 331.2000) on Layer -
violation type: Horizontal congestion
	srcs: net:ch7_to_logic
	comment: capacity:0 usage:1 congestion:1
	bbox = (427.8000, 455.4000) - (434.7000, 462.3000) on Layer -
violation type: Horizontal congestion
	srcs: net:ch0_from_b3
	comment: capacity:0 usage:1 congestion:1
	bbox = (82.8000, 172.5000) - (89.7000, 179.4000) on Layer -
violation type: Horizontal congestion
	srcs: net:ch4_from_b1
	comment: capacity:0 usage:1 congestion:1
	bbox = (0.0000, 510.6000) - (6.9000, 517.5000) on Layer -
violation type: Horizontal congestion
	srcs: net:ch1_to_logic
	comment: capacity:0 usage:1 congestion:1
	bbox = (89.7000, 138.0000) - (96.6000, 144.9000) on Layer -
violation type: Horizontal congestion
	srcs: net:ch5_to_logic
	comment: capacity:0 usage:1 congestion:1
	bbox = (420.9000, 379.5000) - (427.8000, 386.4000) on Layer -
violation type: Horizontal congestion
	srcs: net:ch7_to_logic
	comment: capacity:0 usage:1 congestion:1
	bbox = (455.4000, 289.8000) - (462.3000, 296.7000) on Layer -
violation type: Horizontal congestion
	srcs: net:ch5_to_logic
	comment: capacity:0 usage:1 congestion:1
	bbox = (441.6000, 379.5000) - (448.5000, 386.4000) on Layer -
violation type: Horizontal congestion
	srcs: net:ch3_to_logic
	comment: capacity:0 usage:1 congestion:1
	bbox = (427.8000, 476.1000) - (434.7000, 483.0000) on Layer -
violation type: Horizontal congestion
	srcs: net:ch2_to_logic
	comment: capacity:0 usage:1 congestion:1
	bbox = (62.1000, 248.4000) - (69.0000, 255.3000) on Layer -
violation type: Horizontal congestion
	srcs: net:ch4_from_b1
	comment: capacity:0 usage:1 congestion:1
	bbox = (34.5000, 510.6000) - (41.4000, 517.5000) on Layer -
violation type: Horizontal congestion
	srcs: net:ch4_to_logic
	comment: capacity:0 usage:1 congestion:1
	bbox = (207.0000, 420.9000) - (213.9000, 427.8000) on Layer -
violation type: Horizontal congestion
	srcs: net:ch4_to_logic
	comment: capacity:0 usage:1 congestion:1
	bbox = (227.7000, 420.9000) - (234.6000, 427.8000) on Layer -
violation type: Horizontal congestion
	srcs: net:ch3_to_logic
	comment: capacity:0 usage:1 congestion:1
	bbox = (75.9000, 282.9000) - (82.8000, 289.8000) on Layer -
violation type: Horizontal congestion
	srcs: net:ch6_from_b1
	comment: capacity:0 usage:1 congestion:1
	bbox = (158.7000, 62.1000) - (165.6000, 69.0000) on Layer -
violation type: Horizontal congestion
	srcs: net:ch0_from_b7
	comment: capacity:0 usage:1 congestion:1
	bbox = (103.5000, 151.8000) - (110.4000, 158.7000) on Layer -
violation type: Horizontal congestion
	srcs: net:ch3_to_logic
	comment: capacity:0 usage:1 congestion:1
	bbox = (414.0000, 282.9000) - (420.9000, 289.8000) on Layer -
violation type: Horizontal congestion
	srcs: net:ch0_from_b4
	comment: capacity:0 usage:1 congestion:1
	bbox = (117.3000, 165.6000) - (124.2000, 172.5000) on Layer -
violation type: Horizontal congestion
	srcs: net:ch3_to_logic
	comment: capacity:0 usage:1 congestion:1
	bbox = (62.1000, 282.9000) - (69.0000, 289.8000) on Layer -
violation type: Horizontal congestion
	srcs: net:ch7_to_logic
	comment: capacity:0 usage:1 congestion:1
	bbox = (69.0000, 289.8000) - (75.9000, 296.7000) on Layer -
violation type: Horizontal congestion
	srcs: net:ch4_to_logic
	comment: capacity:0 usage:1 congestion:1
	bbox = (448.5000, 427.8000) - (455.4000, 434.7000) on Layer -
violation type: Horizontal congestion
	srcs: net:ch0_to_logic
	comment: capacity:0 usage:1 congestion:1
	bbox = (117.3000, 144.9000) - (124.2000, 151.8000) on Layer -
violation type: Horizontal congestion
	srcs: net:ch4_to_logic
	comment: capacity:0 usage:1 congestion:1
	bbox = (75.9000, 420.9000) - (82.8000, 427.8000) on Layer -
violation type: Horizontal congestion
	srcs: net:ch5_to_logic
	comment: capacity:0 usage:1 congestion:1
	bbox = (200.1000, 379.5000) - (207.0000, 386.4000) on Layer -
violation type: Horizontal congestion
	srcs: net:ch6_to_logic
	comment: capacity:0 usage:1 congestion:1
	bbox = (200.1000, 414.0000) - (207.0000, 420.9000) on Layer -
violation type: Horizontal congestion
	srcs: net:ch4_to_logic
	comment: capacity:0 usage:1 congestion:1
	bbox = (255.3000, 420.9000) - (262.2000, 427.8000) on Layer -
violation type: Horizontal congestion
	srcs: net:ch2_from_b4
	comment: capacity:0 usage:1 congestion:1
	bbox = (248.4000, 165.6000) - (255.3000, 172.5000) on Layer -
violation type: Horizontal congestion
	srcs: net:ch4_to_logic
	comment: capacity:0 usage:1 congestion:1
	bbox = (82.8000, 331.2000) - (89.7000, 338.1000) on Layer -
violation type: Horizontal congestion
	srcs: net:ch6_to_logic
	comment: capacity:0 usage:1 congestion:1
	bbox = (441.6000, 414.0000) - (448.5000, 420.9000) on Layer -
violation type: Horizontal congestion
	srcs: net:ch7_to_logic
	comment: capacity:0 usage:1 congestion:1
	bbox = (400.2000, 455.4000) - (407.1000, 462.3000) on Layer -
violation type: Horizontal congestion
	srcs: net:ch0_to_logic
	comment: capacity:0 usage:1 congestion:1
	bbox = (110.4000, 144.9000) - (117.3000, 151.8000) on Layer -
violation type: Vertical congestion
	srcs: net:ch7_to_logic
	comment: capacity:0 usage:1 congestion:1
	bbox = (455.4000, 269.1000) - (462.3000, 276.0000) on Layer -
violation type: Vertical congestion
	srcs: net:ch7_to_logic
	comment: capacity:0 usage:1 congestion:1
	bbox = (69.0000, 483.0000) - (75.9000, 489.9000) on Layer -
violation type: Vertical congestion
	srcs: net:ch7_to_logic
	comment: capacity:0 usage:1 congestion:1
	bbox = (69.0000, 496.8000) - (75.9000, 503.7000) on Layer -
violation type: Vertical congestion
	srcs: net:ch2_from_b4
	comment: capacity:0 usage:1 congestion:1
	bbox = (248.4000, 158.7000) - (255.3000, 165.6000) on Layer -
violation type: Vertical congestion
	srcs: net:ch7_to_logic
	comment: capacity:0 usage:1 congestion:1
	bbox = (69.0000, 469.2000) - (75.9000, 476.1000) on Layer -
violation type: Vertical congestion
	srcs: net:ch6_to_logic
	comment: capacity:0 usage:1 congestion:1
	bbox = (69.0000, 351.9000) - (75.9000, 358.8000) on Layer -
violation type: Vertical congestion
	srcs: net:ch7_to_logic
	comment: capacity:0 usage:1 congestion:1
	bbox = (455.4000, 262.2000) - (462.3000, 269.1000) on Layer -
violation type: Vertical congestion
	srcs: net:ch1_from_b5
	comment: capacity:0 usage:1 congestion:1
	bbox = (96.6000, 110.4000) - (103.5000, 117.3000) on Layer -
violation type: Vertical congestion
	srcs: net:ch6_to_logic
	comment: capacity:0 usage:1 congestion:1
	bbox = (69.0000, 400.2000) - (75.9000, 407.1000) on Layer -
violation type: Vertical congestion
	srcs: net:ch6_to_logic
	comment: capacity:0 usage:1 congestion:1
	bbox = (69.0000, 345.0000) - (75.9000, 351.9000) on Layer -
violation type: Vertical congestion
	srcs: net:ch6_to_logic
	comment: capacity:0 usage:1 congestion:1
	bbox = (69.0000, 365.7000) - (75.9000, 372.6000) on Layer -
violation type: Vertical congestion
	srcs: net:ch7_to_logic
	comment: capacity:0 usage:1 congestion:1
	bbox = (455.4000, 248.4000) - (462.3000, 255.3000) on Layer -
violation type: Vertical congestion
	srcs: net:ch5_to_logic
	comment: capacity:0 usage:1 congestion:1
	bbox = (62.1000, 372.6000) - (69.0000, 379.5000) on Layer -
violation type: Vertical congestion
	srcs: net:ch0_from_b0 net:ch7_from_b1
	comment: capacity:0 usage:2 congestion:2
	bbox = (131.1000, 96.6000) - (138.0000, 103.5000) on Layer -
violation type: Vertical congestion
	srcs: net:ch1_from_b5
	comment: capacity:0 usage:1 congestion:1
	bbox = (96.6000, 117.3000) - (103.5000, 124.2000) on Layer -
violation type: Vertical congestion
	srcs: net:ch6_to_logic
	comment: capacity:0 usage:1 congestion:1
	bbox = (69.0000, 379.5000) - (75.9000, 386.4000) on Layer -
violation type: Vertical congestion
	srcs: net:ch6_to_logic
	comment: capacity:0 usage:1 congestion:1
	bbox = (69.0000, 358.8000) - (75.9000, 365.7000) on Layer -
violation type: Vertical congestion
	srcs: net:ch7_to_logic
	comment: capacity:0 usage:1 congestion:1
	bbox = (455.4000, 455.4000) - (462.3000, 462.3000) on Layer -
violation type: Vertical congestion
	srcs: net:ch1_from_b5
	comment: capacity:0 usage:1 congestion:1
	bbox = (96.6000, 103.5000) - (103.5000, 110.4000) on Layer -
violation type: Vertical congestion
	srcs: net:ch7_to_logic
	comment: capacity:0 usage:1 congestion:1
	bbox = (455.4000, 255.3000) - (462.3000, 262.2000) on Layer -
violation type: Vertical congestion
	srcs: net:ch6_to_logic
	comment: capacity:0 usage:1 congestion:1
	bbox = (62.1000, 414.0000) - (69.0000, 420.9000) on Layer -
violation type: Vertical congestion
	srcs: net:ch4_to_logic
	comment: capacity:0 usage:1 congestion:1
	bbox = (455.4000, 324.3000) - (462.3000, 331.2000) on Layer -
violation type: Vertical congestion
	srcs: net:ch7_to_logic
	comment: capacity:0 usage:1 congestion:1
	bbox = (455.4000, 282.9000) - (462.3000, 289.8000) on Layer -
violation type: Vertical congestion
	srcs: net:ch6_to_logic
	comment: capacity:0 usage:1 congestion:1
	bbox = (462.3000, 414.0000) - (469.2000, 420.9000) on Layer -
violation type: Vertical congestion
	srcs: net:ch7_to_logic
	comment: capacity:0 usage:1 congestion:1
	bbox = (69.0000, 476.1000) - (75.9000, 483.0000) on Layer -
violation type: Vertical congestion
	srcs: net:ch2_from_b3
	comment: capacity:0 usage:1 congestion:1
	bbox = (248.4000, 144.9000) - (255.3000, 151.8000) on Layer -
violation type: Vertical congestion
	srcs: net:ch7_to_logic
	comment: capacity:0 usage:1 congestion:1
	bbox = (69.0000, 489.9000) - (75.9000, 496.8000) on Layer -
violation type: Vertical congestion
	srcs: net:ch7_to_logic
	comment: capacity:0 usage:1 congestion:1
	bbox = (69.0000, 462.3000) - (75.9000, 469.2000) on Layer -
violation type: Vertical congestion
	srcs: net:ch6_to_logic
	comment: capacity:0 usage:1 congestion:1
	bbox = (69.0000, 393.3000) - (75.9000, 400.2000) on Layer -
violation type: Vertical congestion
	srcs: net:ch6_to_logic
	comment: capacity:0 usage:1 congestion:1
	bbox = (462.3000, 338.1000) - (469.2000, 345.0000) on Layer -
violation type: Vertical congestion
	srcs: net:ch5_to_logic
	comment: capacity:0 usage:1 congestion:1
	bbox = (462.3000, 372.6000) - (469.2000, 379.5000) on Layer -
violation type: Vertical congestion
	srcs: net:ch7_to_logic
	comment: capacity:0 usage:1 congestion:1
	bbox = (455.4000, 276.0000) - (462.3000, 282.9000) on Layer -
violation type: Vertical congestion
	srcs: net:ch6_to_logic
	comment: capacity:0 usage:1 congestion:1
	bbox = (69.0000, 372.6000) - (75.9000, 379.5000) on Layer -
violation type: Vertical congestion
	srcs: net:ch6_to_logic
	comment: capacity:0 usage:1 congestion:1
	bbox = (69.0000, 407.1000) - (75.9000, 414.0000) on Layer -
violation type: Vertical congestion
	srcs: net:ch2_from_b4
	comment: capacity:0 usage:1 congestion:1
	bbox = (248.4000, 151.8000) - (255.3000, 158.7000) on Layer -
violation type: Vertical congestion
	srcs: net:ch6_to_logic
	comment: capacity:0 usage:1 congestion:1
	bbox = (69.0000, 338.1000) - (75.9000, 345.0000) on Layer -
violation type: Vertical congestion
	srcs: net:ch2_from_b0
	comment: capacity:0 usage:1 congestion:1
	bbox = (248.4000, 131.1000) - (255.3000, 138.0000) on Layer -
violation type: Vertical congestion
	srcs: net:ch4_to_logic
	comment: capacity:0 usage:1 congestion:1
	bbox = (462.3000, 420.9000) - (469.2000, 427.8000) on Layer -
violation type: Vertical congestion
	srcs: net:ch6_to_logic
	comment: capacity:0 usage:1 congestion:1
	bbox = (69.0000, 386.4000) - (75.9000, 393.3000) on Layer -
violation type: Vertical congestion
	srcs: net:ch1_from_b5
	comment: capacity:0 usage:1 congestion:1
	bbox = (96.6000, 124.2000) - (103.5000, 131.1000) on Layer -
violation type: Vertical congestion
	srcs: net:ch3_to_logic
	comment: capacity:0 usage:1 congestion:1
	bbox = (462.3000, 469.2000) - (469.2000, 476.1000) on Layer -
