WBQ_B10_GLOBAL_ROUTE_START_UTC=2026-08-18T07:44:00Z
WBQ_B10_GLOBAL_ROUTE_INVOCATION_COUNT=1
WBQ_B10_CUGR_CONGESTION_ITERATIONS=1
WBQ_B10_GLOBAL_ROUTE_SERVICE=wbq-b10-global-route.service
WBQ_B10_GLOBAL_ROUTE_WRAPPER_PID=901555
WBQ_B10_GLOBAL_ROUTE_PLACE_ODB_SHA256=3bb3f2e70ffea8eac012bde25557e750f0346f65270e664bddb90e2ce60143ec
WBQ_B10_GLOBAL_ROUTE_PLACE_SDC_SHA256=51ff83730acbf6710614999f79a9dd7d7b8aff7824f4d36a4b05b3c88f33a5fd
WBQ_B10_GLOBAL_ROUTE_LAUNCHER_PID=902028
WBQ_B10_GLOBAL_ROUTE_COMPUTE_PID=902030
WBQ_B10_ROUTE_BUMP_PIN_GRID_COLUMNS 29
WBQ_B10_ROUTE_BUMP_PIN_COUNT 565
WBQ_B10_ROUTE_CUGR_CONGESTION_ITERATIONS 1
[INFO GRT-0280] Skipping net clk_i with 319254 terminals.
[WARNING GRT-0118] Iterative RRR finished with congestion remaining (478).
[WARNING GRT-0115] Global routing finished with congestion. Check the congestion regions in the DRC Viewer.
Design area 31135212 um^2 38% utilization.
WBQ_B10_SINGLE_GLOBAL_ROUTE PASS
	Command being timed: "/home/forstobpim/OpenROAD-flow-scripts/tools/install/OpenROAD/bin/openroad -exit -no_init -threads 1 -no_splash /home/forstobpim/PIM_simulator/verification/groot_normalization/wbq_quad_local_b10_global_route.tcl"
	User time (seconds): 1319.01
	System time (seconds): 20.21
	Percent of CPU this job got: 99%
	Elapsed (wall clock) time (h:mm:ss or m:ss): 22:19.62
	Average shared text size (kbytes): 0
	Average unshared data size (kbytes): 0
	Average stack size (kbytes): 0
	Average total size (kbytes): 0
	Maximum resident set size (kbytes): 29851264
	Average resident set size (kbytes): 0
	Major (requiring I/O) page faults: 0
	Minor (reclaiming a frame) page faults: 8552760
	Voluntary context switches: 204
	Involuntary context switches: 9532
	Swaps: 0
	File system inputs: 0
	File system outputs: 24
	Socket messages sent: 0
	Socket messages received: 0
	Signals delivered: 0
	Page size (bytes): 4096
	Exit status: 0
WBQ_B10_GLOBAL_ROUTE_EXIT_CODE=0
WBQ_B10_GLOBAL_ROUTE_END_UTC=2026-08-18T08:06:27Z
