rtl/mixed_precision_bank_reducer_pingpong.sv:27: sorry: constant selects in always_* processes are not currently supported (all bits will be included).
rtl/mixed_precision_bank_reducer_pingpong.sv:27: sorry: constant selects in always_* processes are not currently supported (all bits will be included).
rtl/mixed_precision_bank_reducer_pingpong.sv:27: sorry: constant selects in always_* processes are not currently supported (all bits will be included).
rtl/mixed_precision_bank_reducer_pingpong.sv:27: sorry: constant selects in always_* processes are not currently supported (all bits will be included).
rtl/mixed_precision_bank_reducer_pingpong.sv:27: sorry: constant selects in always_* processes are not currently supported (all bits will be included).
rtl/mixed_precision_bank_reducer_pingpong.sv:27: sorry: constant selects in always_* processes are not currently supported (all bits will be included).
rtl/mixed_precision_bank_reducer_pingpong.sv:27: sorry: constant selects in always_* processes are not currently supported (all bits will be included).
rtl/mixed_precision_bank_reducer_pingpong.sv:27: sorry: constant selects in always_* processes are not currently supported (all bits will be included).
rtl/mixed_precision_bank_reducer_pingpong.sv:27: sorry: constant selects in always_* processes are not currently supported (all bits will be included).
rtl/mixed_precision_bank_reducer_pingpong.sv:27: sorry: constant selects in always_* processes are not currently supported (all bits will be included).
rtl/mixed_precision_bank_reducer_pingpong.sv:27: sorry: constant selects in always_* processes are not currently supported (all bits will be included).
rtl/mixed_precision_bank_reducer_pingpong.sv:27: sorry: constant selects in always_* processes are not currently supported (all bits will be included).
rtl/mixed_precision_bank_reducer_pingpong.sv:27: sorry: constant selects in always_* processes are not currently supported (all bits will be included).
rtl/mixed_precision_bank_reducer_pingpong.sv:27: sorry: constant selects in always_* processes are not currently supported (all bits will be included).
rtl/mixed_precision_bank_reducer_pingpong.sv:27: sorry: constant selects in always_* processes are not currently supported (all bits will be included).
rtl/mixed_precision_bank_reducer_pingpong.sv:27: sorry: constant selects in always_* processes are not currently supported (all bits will be included).
rtl/logic_die_normalization_pcu_top.sv:142: warning: @* is sensitive to all 8 words in array 'ctx_tag_q'.
rtl/logic_die_normalization_pcu_top.sv:151: warning: @* is sensitive to all 8 words in array 'ctx_tag_q'.
rtl/normalization_hbm_boundary_adapter.sv:149: warning: @* is sensitive to all 16 words in array 'wb_word_q'.
rtl/normalization_hbm_boundary_adapter.sv:175: warning: @* is sensitive to all 16 words in array 'x_word_q'.
rtl/normalization_hbm_boundary_adapter.sv:183: warning: @* is sensitive to all 16 words in array 'x_word_q'.
rtl/normalization_hbm_boundary_adapter.sv:184: warning: @* is sensitive to all 16 words in array 'affine_word_q'.
rtl/normalization_hbm_boundary_adapter.sv:185: warning: @* is sensitive to all 16 words in array 'affine_word_q'.
rtl/dram_bank_array_model.sv:96: warning: @* is sensitive to all 4096 words in array 'memory'.
NORMALIZATION_HBM_BOUNDARY_INTEGRATION_TB PASS width=128 rms=0 vectors=1 wall_cycles=523 adapter_cycles=521 act=16 read=48 write=16 pre=16 wait=166 read_credit_peak=1 read_credit_final=0 timing_errors=0
verification/groot_normalization/normalization_hbm_boundary_integration_tb.sv:202: $finish called at 5270 (1s)
rtl/mixed_precision_bank_reducer_pingpong.sv:27: sorry: constant selects in always_* processes are not currently supported (all bits will be included).
rtl/mixed_precision_bank_reducer_pingpong.sv:27: sorry: constant selects in always_* processes are not currently supported (all bits will be included).
rtl/mixed_precision_bank_reducer_pingpong.sv:27: sorry: constant selects in always_* processes are not currently supported (all bits will be included).
rtl/mixed_precision_bank_reducer_pingpong.sv:27: sorry: constant selects in always_* processes are not currently supported (all bits will be included).
rtl/mixed_precision_bank_reducer_pingpong.sv:27: sorry: constant selects in always_* processes are not currently supported (all bits will be included).
rtl/mixed_precision_bank_reducer_pingpong.sv:27: sorry: constant selects in always_* processes are not currently supported (all bits will be included).
rtl/mixed_precision_bank_reducer_pingpong.sv:27: sorry: constant selects in always_* processes are not currently supported (all bits will be included).
rtl/mixed_precision_bank_reducer_pingpong.sv:27: sorry: constant selects in always_* processes are not currently supported (all bits will be included).
rtl/mixed_precision_bank_reducer_pingpong.sv:27: sorry: constant selects in always_* processes are not currently supported (all bits will be included).
rtl/mixed_precision_bank_reducer_pingpong.sv:27: sorry: constant selects in always_* processes are not currently supported (all bits will be included).
rtl/mixed_precision_bank_reducer_pingpong.sv:27: sorry: constant selects in always_* processes are not currently supported (all bits will be included).
rtl/mixed_precision_bank_reducer_pingpong.sv:27: sorry: constant selects in always_* processes are not currently supported (all bits will be included).
rtl/mixed_precision_bank_reducer_pingpong.sv:27: sorry: constant selects in always_* processes are not currently supported (all bits will be included).
rtl/mixed_precision_bank_reducer_pingpong.sv:27: sorry: constant selects in always_* processes are not currently supported (all bits will be included).
rtl/mixed_precision_bank_reducer_pingpong.sv:27: sorry: constant selects in always_* processes are not currently supported (all bits will be included).
rtl/mixed_precision_bank_reducer_pingpong.sv:27: sorry: constant selects in always_* processes are not currently supported (all bits will be included).
rtl/logic_die_normalization_pcu_top.sv:142: warning: @* is sensitive to all 8 words in array 'ctx_tag_q'.
rtl/logic_die_normalization_pcu_top.sv:151: warning: @* is sensitive to all 8 words in array 'ctx_tag_q'.
rtl/normalization_hbm_boundary_adapter.sv:149: warning: @* is sensitive to all 16 words in array 'wb_word_q'.
rtl/normalization_hbm_boundary_adapter.sv:175: warning: @* is sensitive to all 16 words in array 'x_word_q'.
rtl/normalization_hbm_boundary_adapter.sv:183: warning: @* is sensitive to all 16 words in array 'x_word_q'.
rtl/normalization_hbm_boundary_adapter.sv:184: warning: @* is sensitive to all 16 words in array 'affine_word_q'.
rtl/normalization_hbm_boundary_adapter.sv:185: warning: @* is sensitive to all 16 words in array 'affine_word_q'.
rtl/dram_bank_array_model.sv:96: warning: @* is sensitive to all 4096 words in array 'memory'.
NORMALIZATION_HBM_BOUNDARY_INTEGRATION_TB PASS width=2048 rms=0 vectors=16 wall_cycles=3509 adapter_cycles=3507 act=16 read=512 write=128 pre=16 wait=1056 read_credit_peak=1 read_credit_final=0 timing_errors=0
verification/groot_normalization/normalization_hbm_boundary_integration_tb.sv:202: $finish called at 35130 (1s)
rtl/mixed_precision_bank_reducer_pingpong.sv:27: sorry: constant selects in always_* processes are not currently supported (all bits will be included).
rtl/mixed_precision_bank_reducer_pingpong.sv:27: sorry: constant selects in always_* processes are not currently supported (all bits will be included).
rtl/mixed_precision_bank_reducer_pingpong.sv:27: sorry: constant selects in always_* processes are not currently supported (all bits will be included).
rtl/mixed_precision_bank_reducer_pingpong.sv:27: sorry: constant selects in always_* processes are not currently supported (all bits will be included).
rtl/mixed_precision_bank_reducer_pingpong.sv:27: sorry: constant selects in always_* processes are not currently supported (all bits will be included).
rtl/mixed_precision_bank_reducer_pingpong.sv:27: sorry: constant selects in always_* processes are not currently supported (all bits will be included).
rtl/mixed_precision_bank_reducer_pingpong.sv:27: sorry: constant selects in always_* processes are not currently supported (all bits will be included).
rtl/mixed_precision_bank_reducer_pingpong.sv:27: sorry: constant selects in always_* processes are not currently supported (all bits will be included).
rtl/mixed_precision_bank_reducer_pingpong.sv:27: sorry: constant selects in always_* processes are not currently supported (all bits will be included).
rtl/mixed_precision_bank_reducer_pingpong.sv:27: sorry: constant selects in always_* processes are not currently supported (all bits will be included).
rtl/mixed_precision_bank_reducer_pingpong.sv:27: sorry: constant selects in always_* processes are not currently supported (all bits will be included).
rtl/mixed_precision_bank_reducer_pingpong.sv:27: sorry: constant selects in always_* processes are not currently supported (all bits will be included).
rtl/mixed_precision_bank_reducer_pingpong.sv:27: sorry: constant selects in always_* processes are not currently supported (all bits will be included).
rtl/mixed_precision_bank_reducer_pingpong.sv:27: sorry: constant selects in always_* processes are not currently supported (all bits will be included).
rtl/mixed_precision_bank_reducer_pingpong.sv:27: sorry: constant selects in always_* processes are not currently supported (all bits will be included).
rtl/mixed_precision_bank_reducer_pingpong.sv:27: sorry: constant selects in always_* processes are not currently supported (all bits will be included).
rtl/logic_die_normalization_pcu_top.sv:142: warning: @* is sensitive to all 8 words in array 'ctx_tag_q'.
rtl/logic_die_normalization_pcu_top.sv:151: warning: @* is sensitive to all 8 words in array 'ctx_tag_q'.
rtl/normalization_hbm_boundary_adapter.sv:149: warning: @* is sensitive to all 16 words in array 'wb_word_q'.
rtl/normalization_hbm_boundary_adapter.sv:175: warning: @* is sensitive to all 16 words in array 'x_word_q'.
rtl/normalization_hbm_boundary_adapter.sv:183: warning: @* is sensitive to all 16 words in array 'x_word_q'.
rtl/normalization_hbm_boundary_adapter.sv:184: warning: @* is sensitive to all 16 words in array 'affine_word_q'.
rtl/normalization_hbm_boundary_adapter.sv:185: warning: @* is sensitive to all 16 words in array 'affine_word_q'.
rtl/dram_bank_array_model.sv:96: warning: @* is sensitive to all 4096 words in array 'memory'.
NORMALIZATION_HBM_BOUNDARY_INTEGRATION_TB PASS width=128 rms=1 vectors=1 wall_cycles=511 adapter_cycles=509 act=16 read=48 write=16 pre=16 wait=166 read_credit_peak=1 read_credit_final=0 timing_errors=0
verification/groot_normalization/normalization_hbm_boundary_integration_tb.sv:202: $finish called at 5150 (1s)
rtl/mixed_precision_bank_reducer_pingpong.sv:27: sorry: constant selects in always_* processes are not currently supported (all bits will be included).
rtl/mixed_precision_bank_reducer_pingpong.sv:27: sorry: constant selects in always_* processes are not currently supported (all bits will be included).
rtl/mixed_precision_bank_reducer_pingpong.sv:27: sorry: constant selects in always_* processes are not currently supported (all bits will be included).
rtl/mixed_precision_bank_reducer_pingpong.sv:27: sorry: constant selects in always_* processes are not currently supported (all bits will be included).
rtl/mixed_precision_bank_reducer_pingpong.sv:27: sorry: constant selects in always_* processes are not currently supported (all bits will be included).
rtl/mixed_precision_bank_reducer_pingpong.sv:27: sorry: constant selects in always_* processes are not currently supported (all bits will be included).
rtl/mixed_precision_bank_reducer_pingpong.sv:27: sorry: constant selects in always_* processes are not currently supported (all bits will be included).
rtl/mixed_precision_bank_reducer_pingpong.sv:27: sorry: constant selects in always_* processes are not currently supported (all bits will be included).
rtl/mixed_precision_bank_reducer_pingpong.sv:27: sorry: constant selects in always_* processes are not currently supported (all bits will be included).
rtl/mixed_precision_bank_reducer_pingpong.sv:27: sorry: constant selects in always_* processes are not currently supported (all bits will be included).
rtl/mixed_precision_bank_reducer_pingpong.sv:27: sorry: constant selects in always_* processes are not currently supported (all bits will be included).
rtl/mixed_precision_bank_reducer_pingpong.sv:27: sorry: constant selects in always_* processes are not currently supported (all bits will be included).
rtl/mixed_precision_bank_reducer_pingpong.sv:27: sorry: constant selects in always_* processes are not currently supported (all bits will be included).
rtl/mixed_precision_bank_reducer_pingpong.sv:27: sorry: constant selects in always_* processes are not currently supported (all bits will be included).
rtl/mixed_precision_bank_reducer_pingpong.sv:27: sorry: constant selects in always_* processes are not currently supported (all bits will be included).
rtl/mixed_precision_bank_reducer_pingpong.sv:27: sorry: constant selects in always_* processes are not currently supported (all bits will be included).
rtl/logic_die_normalization_pcu_top.sv:142: warning: @* is sensitive to all 8 words in array 'ctx_tag_q'.
rtl/logic_die_normalization_pcu_top.sv:151: warning: @* is sensitive to all 8 words in array 'ctx_tag_q'.
rtl/normalization_hbm_boundary_adapter.sv:149: warning: @* is sensitive to all 16 words in array 'wb_word_q'.
rtl/normalization_hbm_boundary_adapter.sv:175: warning: @* is sensitive to all 16 words in array 'x_word_q'.
rtl/normalization_hbm_boundary_adapter.sv:183: warning: @* is sensitive to all 16 words in array 'x_word_q'.
rtl/normalization_hbm_boundary_adapter.sv:184: warning: @* is sensitive to all 16 words in array 'affine_word_q'.
rtl/normalization_hbm_boundary_adapter.sv:185: warning: @* is sensitive to all 16 words in array 'affine_word_q'.
rtl/dram_bank_array_model.sv:96: warning: @* is sensitive to all 4096 words in array 'memory'.
NORMALIZATION_HBM_BOUNDARY_INTEGRATION_TB PASS width=2048 rms=1 vectors=16 wall_cycles=3497 adapter_cycles=3495 act=16 read=512 write=128 pre=16 wait=1056 read_credit_peak=1 read_credit_final=0 timing_errors=0
verification/groot_normalization/normalization_hbm_boundary_integration_tb.sv:202: $finish called at 35010 (1s)
