WBQ_B9_TARGETED_REOPEN_START_UTC=2026-08-18T07:05:47Z
WBQ_B9_TARGETED_REOPEN_INVOCATION_COUNT=1
WBQ_B9_TARGETED_REOPEN_ODB_SHA256=3bb3f2e70ffea8eac012bde25557e750f0346f65270e664bddb90e2ce60143ec
WBQ_B9_TARGETED_REOPEN_SDC_SHA256=51ff83730acbf6710614999f79a9dd7d7b8aff7824f4d36a4b05b3c88f33a5fd
WBQ_B9_TARGETED_REOPEN_TCL_SHA256=c43f833bad1f8e8896cdc5288cec90b022e69f438cae66f5313ac483d2a0cbf4
WBQ_B9_TARGETED_AUDIT_ANCHOR name={u_b2_implementation/u_pcu/u_quad_datapath/load_slew427175} origin_dbu={6347540 2535040} orient={MX} status={LOCKED}
WBQ_B9_TARGETED_AUDIT_ANCHOR name={u_b2_implementation/u_quad_local_adapter/wire440835} origin_dbu={4686940 1468800} orient={R180} status={LOCKED}
WBQ_B9_TARGETED_AUDIT_ANCHOR name={u_b2_implementation/u_quad_local_adapter/wire440455} origin_dbu={7308480 4417280} orient={MY} status={LOCKED}
WBQ_B9_TARGETED_AUDIT_ANCHOR name={u_b2_implementation/u_quad_local_adapter/wire440867} origin_dbu={4287200 1392640} orient={MY} status={LOCKED}
WBQ_B9_TARGETED_AUDIT_ANCHOR name={u_b2_implementation/u_quad_local_adapter/wire440876} origin_dbu={4285360 1479680} orient={R180} status={LOCKED}
WBQ_B9_TARGETED_AUDIT_ANCHOR name={u_b2_implementation/u_quad_local_adapter/wire441097} origin_dbu={4723740 6636800} orient={R0} status={LOCKED}
WBQ_B9_TARGETED_AUDIT_ANCHOR name={u_b2_implementation/u_quad_local_adapter/wire441921} origin_dbu={4376900 2186880} orient={MX} status={LOCKED}
WBQ_B9_TARGETED_AUDIT_ANCHOR name={u_b2_implementation/u_quad_local_adapter/wire441940} origin_dbu={4345620 2208640} orient={R0} status={LOCKED}
WBQ_B9_TARGETED_AUDIT_ANCHOR name={u_b2_implementation/u_quad_local_adapter/wire441994} origin_dbu={4293640 2224960} orient={MX} status={LOCKED}
WBQ_B9_TARGETED_AUDIT_FENCES regions=4 grouped=3676196 outside=0 unplaced=0
WBQ_B9_TARGETED_AUDIT_LEGALITY violations={}
WBQ_B9_TARGETED_AUDIT_ANCHORS_VERIFIED 9
WBQ_B9_TARGETED_PLACEMENT_REOPEN_AUDIT PASS
WBQ_B9_TARGETED_REOPEN_EXIT_CODE=0
WBQ_B9_TARGETED_REOPEN_END_UTC=2026-08-18T07:07:26Z
