Note: Google Test filter = MobileNetV4WorkloadTest.DepthwiseHierarchicalAccumulatorOneChannel
[==========] Running 1 test from 1 test suite.
[----------] Global test environment set-up.
[----------] 1 test from MobileNetV4WorkloadTest
[ RUN      ] MobileNetV4WorkloadTest.DepthwiseHierarchicalAccumulatorOneChannel
BANK_SIDE_SB_WRITE ch[0] ra[0] bank[0] row[0] col[0] tag[BANK_DOMAIN_PRELOAD_DATABANK_SEQ_0_BANK_EPOCH_0_] v0[0]
BANK_SIDE_SB_WRITE ch[0] ra[0] bank[1] row[0] col[0] tag[BANK_DOMAIN_PRELOAD_DATABANK_SEQ_1_BANK_EPOCH_0_] v0[0]
BANK_SIDE_SB_WRITE ch[0] ra[0] bank[4] row[0] col[0] tag[BANK_DOMAIN_PRELOAD_DATABANK_SEQ_4_BANK_EPOCH_0_] v0[0]
BANK_SIDE_SB_WRITE ch[0] ra[0] bank[1] row[0] col[1] tag[BANK_DOMAIN_PRELOAD_DATABANK_SEQ_17_BANK_EPOCH_0_] v0[0]
BANK_SIDE_SB_WRITE ch[0] ra[0] bank[4] row[0] col[1] tag[BANK_DOMAIN_PRELOAD_DATABANK_SEQ_20_BANK_EPOCH_0_] v0[0]
BANK_SIDE_SB_WRITE ch[0] ra[0] bank[1] row[0] col[2] tag[BANK_DOMAIN_PRELOAD_DATABANK_SEQ_33_BANK_EPOCH_0_] v0[0]
BANK_SIDE_SB_WRITE ch[0] ra[0] bank[4] row[0] col[2] tag[BANK_DOMAIN_PRELOAD_DATABANK_SEQ_36_BANK_EPOCH_0_] v0[0]
BANK_SIDE_SB_WRITE ch[0] ra[0] bank[1] row[0] col[3] tag[BANK_DOMAIN_PRELOAD_DATABANK_SEQ_49_BANK_EPOCH_0_] v0[0]
BANK_SIDE_SB_WRITE ch[0] ra[0] bank[4] row[0] col[3] tag[BANK_DOMAIN_PRELOAD_DATABANK_SEQ_52_BANK_EPOCH_0_] v0[0]
BANK_SIDE_SB_WRITE ch[0] ra[0] bank[1] row[0] col[4] tag[BANK_DOMAIN_PRELOAD_DATABANK_SEQ_65_BANK_EPOCH_0_] v0[0]
BANK_SIDE_SB_WRITE ch[0] ra[0] bank[4] row[0] col[4] tag[BANK_DOMAIN_PRELOAD_DATABANK_SEQ_68_BANK_EPOCH_0_] v0[0]
BANK_SIDE_SB_WRITE ch[0] ra[0] bank[2] row[0] col[0] tag[BANK_DOMAIN_PRELOAD_DATABANK_SEQ_2_BANK_EPOCH_0_] v0[0]
BANK_SIDE_SB_WRITE ch[0] ra[0] bank[3] row[0] col[0] tag[BANK_DOMAIN_PRELOAD_DATABANK_SEQ_3_BANK_EPOCH_0_] v0[0]
BANK_SIDE_SB_WRITE ch[0] ra[0] bank[5] row[0] col[0] tag[BANK_DOMAIN_PRELOAD_DATABANK_SEQ_5_BANK_EPOCH_0_] v0[0]
BANK_SIDE_SB_WRITE ch[0] ra[0] bank[3] row[0] col[1] tag[BANK_DOMAIN_PRELOAD_DATABANK_SEQ_19_BANK_EPOCH_0_] v0[0]
BANK_SIDE_SB_WRITE ch[0] ra[0] bank[5] row[0] col[1] tag[BANK_DOMAIN_PRELOAD_DATABANK_SEQ_21_BANK_EPOCH_0_] v0[0]
BANK_SIDE_SB_WRITE ch[0] ra[0] bank[3] row[0] col[2] tag[BANK_DOMAIN_PRELOAD_DATABANK_SEQ_35_BANK_EPOCH_0_] v0[0]
BANK_SIDE_SB_WRITE ch[0] ra[0] bank[5] row[0] col[2] tag[BANK_DOMAIN_PRELOAD_DATABANK_SEQ_37_BANK_EPOCH_0_] v0[0]
BANK_SIDE_SB_WRITE ch[0] ra[0] bank[3] row[0] col[3] tag[BANK_DOMAIN_PRELOAD_DATABANK_SEQ_51_BANK_EPOCH_0_] v0[0]
BANK_SIDE_SB_WRITE ch[0] ra[0] bank[5] row[0] col[3] tag[BANK_DOMAIN_PRELOAD_DATABANK_SEQ_53_BANK_EPOCH_0_] v0[0]
BANK_SIDE_SB_WRITE ch[0] ra[0] bank[3] row[0] col[4] tag[BANK_DOMAIN_PRELOAD_DATABANK_SEQ_67_BANK_EPOCH_0_] v0[0]
BANK_SIDE_SB_WRITE ch[0] ra[0] bank[5] row[0] col[4] tag[BANK_DOMAIN_PRELOAD_DATABANK_SEQ_69_BANK_EPOCH_0_] v0[0]
BANK_SIDE_SB_WRITE ch[0] ra[0] bank[3] row[0] col[5] tag[BANK_DOMAIN_PRELOAD_DATABANK_SEQ_83_BANK_EPOCH_0_] v0[0]
BANK_SIDE_SB_WRITE ch[0] ra[0] bank[5] row[0] col[5] tag[BANK_DOMAIN_PRELOAD_DATABANK_SEQ_85_BANK_EPOCH_0_] v0[0]
PIMBLOCK_DISPATCH mode[HYBRID] pb[0] busType[READ] row[0] col[0] cmd[FILL GRF_A[0], EVEN_BANK] logicEnabled[1] bankEnabled[1]
PIMBLOCK_DISPATCH mode[HYBRID] pb[1] busType[READ] row[0] col[0] cmd[FILL GRF_A[0], EVEN_BANK] logicEnabled[1] bankEnabled[1]
PIMBLOCK_DISPATCH mode[HYBRID] pb[2] busType[READ] row[0] col[0] cmd[FILL GRF_A[0], EVEN_BANK] logicEnabled[1] bankEnabled[1]
PIMBLOCK_DISPATCH mode[HYBRID] pb[3] busType[READ] row[0] col[0] cmd[FILL GRF_A[0], EVEN_BANK] logicEnabled[1] bankEnabled[1]
PIMBLOCK_DISPATCH mode[HYBRID] pb[4] busType[READ] row[0] col[0] cmd[FILL GRF_A[0], EVEN_BANK] logicEnabled[1] bankEnabled[1]
PIMBLOCK_DISPATCH mode[HYBRID] pb[5] busType[READ] row[0] col[0] cmd[FILL GRF_A[0], EVEN_BANK] logicEnabled[1] bankEnabled[1]
PIMBLOCK_DISPATCH mode[HYBRID] pb[6] busType[READ] row[0] col[0] cmd[FILL GRF_A[0], EVEN_BANK] logicEnabled[1] bankEnabled[1]
PIMBLOCK_DISPATCH mode[HYBRID] pb[7] busType[READ] row[0] col[0] cmd[FILL GRF_A[0], EVEN_BANK] logicEnabled[1] bankEnabled[1]
PIMBLOCK_DISPATCH mode[HYBRID] pb[0] busType[READ] row[0] col[1] cmd[FILL GRF_A[0], EVEN_BANK] logicEnabled[1] bankEnabled[1]
PIMBLOCK_DISPATCH mode[HYBRID] pb[1] busType[READ] row[0] col[1] cmd[FILL GRF_A[0], EVEN_BANK] logicEnabled[1] bankEnabled[1]
PIMBLOCK_DISPATCH mode[HYBRID] pb[2] busType[READ] row[0] col[1] cmd[FILL GRF_A[0], EVEN_BANK] logicEnabled[1] bankEnabled[1]
PIMBLOCK_DISPATCH mode[HYBRID] pb[3] busType[READ] row[0] col[1] cmd[FILL GRF_A[0], EVEN_BANK] logicEnabled[1] bankEnabled[1]
PIMBLOCK_DISPATCH mode[HYBRID] pb[4] busType[READ] row[0] col[1] cmd[FILL GRF_A[0], EVEN_BANK] logicEnabled[1] bankEnabled[1]
PIMBLOCK_DISPATCH mode[HYBRID] pb[5] busType[READ] row[0] col[1] cmd[FILL GRF_A[0], EVEN_BANK] logicEnabled[1] bankEnabled[1]
PIMBLOCK_DISPATCH mode[HYBRID] pb[6] busType[READ] row[0] col[1] cmd[FILL GRF_A[0], EVEN_BANK] logicEnabled[1] bankEnabled[1]
PIMBLOCK_DISPATCH mode[HYBRID] pb[7] busType[READ] row[0] col[1] cmd[FILL GRF_A[0], EVEN_BANK] logicEnabled[1] bankEnabled[1]
PIMBLOCK_DISPATCH mode[HYBRID] pb[0] busType[READ] row[0] col[2] cmd[FILL GRF_A[0], EVEN_BANK] logicEnabled[1] bankEnabled[1]
PIMBLOCK_DISPATCH mode[HYBRID] pb[1] busType[READ] row[0] col[2] cmd[FILL GRF_A[0], EVEN_BANK] logicEnabled[1] bankEnabled[1]
PIMBLOCK_DISPATCH mode[HYBRID] pb[2] busType[READ] row[0] col[2] cmd[FILL GRF_A[0], EVEN_BANK] logicEnabled[1] bankEnabled[1]
PIMBLOCK_DISPATCH mode[HYBRID] pb[3] busType[READ] row[0] col[2] cmd[FILL GRF_A[0], EVEN_BANK] logicEnabled[1] bankEnabled[1]
PIMBLOCK_DISPATCH mode[HYBRID] pb[4] busType[READ] row[0] col[2] cmd[FILL GRF_A[0], EVEN_BANK] logicEnabled[1] bankEnabled[1]
PIMBLOCK_DISPATCH mode[HYBRID] pb[5] busType[READ] row[0] col[2] cmd[FILL GRF_A[0], EVEN_BANK] logicEnabled[1] bankEnabled[1]
PIMBLOCK_DISPATCH mode[HYBRID] pb[6] busType[READ] row[0] col[2] cmd[FILL GRF_A[0], EVEN_BANK] logicEnabled[1] bankEnabled[1]
PIMBLOCK_DISPATCH mode[HYBRID] pb[7] busType[READ] row[0] col[2] cmd[FILL GRF_A[0], EVEN_BANK] logicEnabled[1] bankEnabled[1]
BANK_SIDE_GRF_B_WRITE pb[0] grf[0] auto[1] mac[0] row[0] col[0] v0[0]
BANK_SIDE_GRF_B_WRITE pb[1] grf[0] auto[1] mac[0] row[0] col[0] v0[0]
BANK_SIDE_GRF_B_WRITE pb[2] grf[0] auto[1] mac[0] row[0] col[0] v0[0]
BANK_SIDE_GRF_B_WRITE pb[3] grf[0] auto[1] mac[0] row[0] col[0] v0[0]
BANK_SIDE_GRF_B_WRITE pb[4] grf[0] auto[1] mac[0] row[0] col[0] v0[0]
BANK_SIDE_GRF_B_WRITE pb[5] grf[0] auto[1] mac[0] row[0] col[0] v0[0]
BANK_SIDE_GRF_B_WRITE pb[6] grf[0] auto[1] mac[0] row[0] col[0] v0[0]
BANK_SIDE_GRF_B_WRITE pb[7] grf[0] auto[1] mac[0] row[0] col[0] v0[0]
BANK_SIDE_GRF_B_WRITE pb[0] grf[1] auto[1] mac[0] row[0] col[1] v0[0]
BANK_SIDE_GRF_B_WRITE pb[1] grf[1] auto[1] mac[0] row[0] col[1] v0[0]
BANK_SIDE_GRF_B_WRITE pb[2] grf[1] auto[1] mac[0] row[0] col[1] v0[0]
BANK_SIDE_GRF_B_WRITE pb[3] grf[1] auto[1] mac[0] row[0] col[1] v0[0]
DEPTHWISE_HIERARCHICAL_ONE_CHANNEL_RESULT outputs_checked[9] aggregation_taps[3] partial_bursts[384] final_bursts[128] overlap_cycles[0] wait_cycles[393] remaining_entries[0] dram_writes[2401] total_cycle[30334]
[       OK ] MobileNetV4WorkloadTest.DepthwiseHierarchicalAccumulatorOneChannel (4940 ms)
[----------] 1 test from MobileNetV4WorkloadTest (4940 ms total)

[----------] Global test environment tear-down
[==========] 1 test from 1 test suite ran. (4957 ms total)
[  PASSED  ] 1 test.
