WBQ_B13_GLOBAL_ROUTE_START_UTC=2026-08-18T11:03:39Z
WBQ_B13_GLOBAL_ROUTE_INVOCATION_COUNT=1
WBQ_B13_CUGR_CONGESTION_ITERATIONS=1
WBQ_B13_GLOBAL_ROUTE_SERVICE=wbq-b13-global-route.service
WBQ_B13_GLOBAL_ROUTE_WRAPPER_PID=1097218
WBQ_B13_GLOBAL_ROUTE_PLACE_ODB_SHA256=3bb3f2e70ffea8eac012bde25557e750f0346f65270e664bddb90e2ce60143ec
WBQ_B13_GLOBAL_ROUTE_PLACE_SDC_SHA256=51ff83730acbf6710614999f79a9dd7d7b8aff7824f4d36a4b05b3c88f33a5fd
WBQ_B13_GLOBAL_ROUTE_LAUNCHER_PID=1097860
WBQ_B13_GLOBAL_ROUTE_COMPUTE_PID=1097862
WBQ_B13_ROUTE_BUMP_PIN_GRID_COLUMNS 33
WBQ_B13_ROUTE_BUMP_PIN_COUNT 565
WBQ_B13_ROUTE_CUGR_CONGESTION_ITERATIONS 1
[INFO GRT-0280] Skipping net clk_i with 319254 terminals.
/usr/include/c++/13/bits/stl_vector.h:1147: constexpr std::vector<_Tp, _Alloc>::const_reference std::vector<_Tp, _Alloc>::operator[](size_type) const [with _Tp = int; _Alloc = std::allocator<int>; const_reference = const int&; size_type = long unsigned int]: Assertion '__n < this->size()' failed.
Signal 6 received
Stack trace:
 0# 0x0000000000EC9CC6 in /home/forstobpim/OpenROAD-flow-scripts/tools/install/OpenROAD/bin/openroad
 1# 0x0000000000045330 in /lib/x86_64-linux-gnu/libc.so.6
 2# pthread_kill in /lib/x86_64-linux-gnu/libc.so.6
 3# gsignal in /lib/x86_64-linux-gnu/libc.so.6
 4# abort in /lib/x86_64-linux-gnu/libc.so.6
 5# 0x00000000000DF90D in /lib/x86_64-linux-gnu/libstdc++.so.6
 6# grt::GridGraph::rangeSearchRows(int, grt::IntervalT const&) const in /home/forstobpim/OpenROAD-flow-scripts/tools/install/OpenROAD/bin/openroad
 7# grt::GRNet::GRNet(grt::CUGRNet const&, grt::GridGraph const*) in /home/forstobpim/OpenROAD-flow-scripts/tools/install/OpenROAD/bin/openroad
 8# grt::CUGR::init(int, int, std::set<odb::dbNet*, odb::ODBPtrLess, std::allocator<odb::dbNet*> > const&) in /home/forstobpim/OpenROAD-flow-scripts/tools/install/OpenROAD/bin/openroad
 9# grt::GlobalRouter::initCUGR(int, int) in /home/forstobpim/OpenROAD-flow-scripts/tools/install/OpenROAD/bin/openroad
10# grt::GlobalRouter::globalRoute(bool) in /home/forstobpim/OpenROAD-flow-scripts/tools/install/OpenROAD/bin/openroad
11# 0x0000000001528F6D in /home/forstobpim/OpenROAD-flow-scripts/tools/install/OpenROAD/bin/openroad
12# TclNRRunCallbacks in /lib/x86_64-linux-gnu/libtcl8.6.so
13# 0x000000000003F6BC in /lib/x86_64-linux-gnu/libtcl8.6.so
14# Tcl_EvalEx in /lib/x86_64-linux-gnu/libtcl8.6.so
15# Tcl_Eval in /lib/x86_64-linux-gnu/libtcl8.6.so
16# sta::sourceTclFile(char const*, bool, bool, Tcl_Interp*) in /home/forstobpim/OpenROAD-flow-scripts/tools/install/OpenROAD/bin/openroad
17# 0x0000000003C4E064 in /home/forstobpim/OpenROAD-flow-scripts/tools/install/OpenROAD/bin/openroad
18# ord::tclAppInit(Tcl_Interp*) in /home/forstobpim/OpenROAD-flow-scripts/tools/install/OpenROAD/bin/openroad
19# Tcl_MainEx in /lib/x86_64-linux-gnu/libtcl8.6.so
20# main in /home/forstobpim/OpenROAD-flow-scripts/tools/install/OpenROAD/bin/openroad
21# 0x000000000002A1CA in /lib/x86_64-linux-gnu/libc.so.6
22# __libc_start_main in /lib/x86_64-linux-gnu/libc.so.6
23# _start in /home/forstobpim/OpenROAD-flow-scripts/tools/install/OpenROAD/bin/openroad
Command terminated by signal 6
	Command being timed: "/home/forstobpim/OpenROAD-flow-scripts/tools/install/OpenROAD/bin/openroad -exit -no_init -threads 1 -no_splash /home/forstobpim/PIM_simulator/verification/groot_normalization/wbq_quad_local_b13_global_route.tcl"
	User time (seconds): 107.72
	System time (seconds): 11.44
	Percent of CPU this job got: 99%
	Elapsed (wall clock) time (h:mm:ss or m:ss): 2:00.34
	Average shared text size (kbytes): 0
	Average unshared data size (kbytes): 0
	Average stack size (kbytes): 0
	Average total size (kbytes): 0
	Maximum resident set size (kbytes): 19230664
	Average resident set size (kbytes): 0
	Major (requiring I/O) page faults: 1
	Minor (reclaiming a frame) page faults: 5771380
	Voluntary context switches: 4
	Involuntary context switches: 728
	Swaps: 0
	File system inputs: 240
	File system outputs: 16
	Socket messages sent: 0
	Socket messages received: 0
	Signals delivered: 0
	Page size (bytes): 4096
	Exit status: 0
WBQ_B13_GLOBAL_ROUTE_EXIT_CODE=134
WBQ_B13_GLOBAL_ROUTE_END_UTC=2026-08-18T11:05:48Z
