rtl/mixed_precision_bank_reducer_pingpong.sv:27: sorry: constant selects in always_* processes are not currently supported (all bits will be included).
rtl/mixed_precision_bank_reducer_pingpong.sv:27: sorry: constant selects in always_* processes are not currently supported (all bits will be included).
rtl/mixed_precision_bank_reducer_pingpong.sv:27: sorry: constant selects in always_* processes are not currently supported (all bits will be included).
rtl/mixed_precision_bank_reducer_pingpong.sv:27: sorry: constant selects in always_* processes are not currently supported (all bits will be included).
rtl/mixed_precision_bank_reducer_pingpong.sv:27: sorry: constant selects in always_* processes are not currently supported (all bits will be included).
rtl/mixed_precision_bank_reducer_pingpong.sv:27: sorry: constant selects in always_* processes are not currently supported (all bits will be included).
rtl/mixed_precision_bank_reducer_pingpong.sv:27: sorry: constant selects in always_* processes are not currently supported (all bits will be included).
rtl/mixed_precision_bank_reducer_pingpong.sv:27: sorry: constant selects in always_* processes are not currently supported (all bits will be included).
rtl/mixed_precision_bank_reducer_pingpong.sv:27: sorry: constant selects in always_* processes are not currently supported (all bits will be included).
rtl/mixed_precision_bank_reducer_pingpong.sv:27: sorry: constant selects in always_* processes are not currently supported (all bits will be included).
rtl/mixed_precision_bank_reducer_pingpong.sv:27: sorry: constant selects in always_* processes are not currently supported (all bits will be included).
rtl/mixed_precision_bank_reducer_pingpong.sv:27: sorry: constant selects in always_* processes are not currently supported (all bits will be included).
rtl/mixed_precision_bank_reducer_pingpong.sv:27: sorry: constant selects in always_* processes are not currently supported (all bits will be included).
rtl/mixed_precision_bank_reducer_pingpong.sv:27: sorry: constant selects in always_* processes are not currently supported (all bits will be included).
rtl/mixed_precision_bank_reducer_pingpong.sv:27: sorry: constant selects in always_* processes are not currently supported (all bits will be included).
rtl/mixed_precision_bank_reducer_pingpong.sv:27: sorry: constant selects in always_* processes are not currently supported (all bits will be included).
rtl/logic_die_normalization_pcu_top.sv:142: warning: @* is sensitive to all 8 words in array 'ctx_tag_q'.
rtl/logic_die_normalization_pcu_top.sv:151: warning: @* is sensitive to all 8 words in array 'ctx_tag_q'.
rtl/normalization_hbm_boundary_adapter.sv:157: warning: @* is sensitive to all 16 words in array 'wb_word_q'.
rtl/normalization_hbm_boundary_adapter.sv:183: warning: @* is sensitive to all 16 words in array 'reduction_payload_q'.
rtl/normalization_hbm_boundary_adapter.sv:191: warning: @* is sensitive to all 16 words in array 'replay_x_payload_q'.
rtl/normalization_hbm_boundary_adapter.sv:192: warning: @* is sensitive to all 16 words in array 'affine_word_q'.
rtl/normalization_hbm_boundary_adapter.sv:193: warning: @* is sensitive to all 16 words in array 'affine_word_q'.
rtl/dram_bank_array_model.sv:96: warning: @* is sensitive to all 4096 words in array 'memory'.
NORMALIZATION_HBM_BOUNDARY_INTEGRATION_TB PASS width=128 rms=0 vectors=1 wall_cycles=524 adapter_cycles=522 act=16 read=48 write=16 pre=16 wait=166 read_credit_peak=1 read_credit_final=0 timing_errors=0
verification/groot_normalization/normalization_hbm_boundary_integration_tb.sv:220: $finish called at 5280 (1s)
rtl/mixed_precision_bank_reducer_pingpong.sv:27: sorry: constant selects in always_* processes are not currently supported (all bits will be included).
rtl/mixed_precision_bank_reducer_pingpong.sv:27: sorry: constant selects in always_* processes are not currently supported (all bits will be included).
rtl/mixed_precision_bank_reducer_pingpong.sv:27: sorry: constant selects in always_* processes are not currently supported (all bits will be included).
rtl/mixed_precision_bank_reducer_pingpong.sv:27: sorry: constant selects in always_* processes are not currently supported (all bits will be included).
rtl/mixed_precision_bank_reducer_pingpong.sv:27: sorry: constant selects in always_* processes are not currently supported (all bits will be included).
rtl/mixed_precision_bank_reducer_pingpong.sv:27: sorry: constant selects in always_* processes are not currently supported (all bits will be included).
rtl/mixed_precision_bank_reducer_pingpong.sv:27: sorry: constant selects in always_* processes are not currently supported (all bits will be included).
rtl/mixed_precision_bank_reducer_pingpong.sv:27: sorry: constant selects in always_* processes are not currently supported (all bits will be included).
rtl/mixed_precision_bank_reducer_pingpong.sv:27: sorry: constant selects in always_* processes are not currently supported (all bits will be included).
rtl/mixed_precision_bank_reducer_pingpong.sv:27: sorry: constant selects in always_* processes are not currently supported (all bits will be included).
rtl/mixed_precision_bank_reducer_pingpong.sv:27: sorry: constant selects in always_* processes are not currently supported (all bits will be included).
rtl/mixed_precision_bank_reducer_pingpong.sv:27: sorry: constant selects in always_* processes are not currently supported (all bits will be included).
rtl/mixed_precision_bank_reducer_pingpong.sv:27: sorry: constant selects in always_* processes are not currently supported (all bits will be included).
rtl/mixed_precision_bank_reducer_pingpong.sv:27: sorry: constant selects in always_* processes are not currently supported (all bits will be included).
rtl/mixed_precision_bank_reducer_pingpong.sv:27: sorry: constant selects in always_* processes are not currently supported (all bits will be included).
rtl/mixed_precision_bank_reducer_pingpong.sv:27: sorry: constant selects in always_* processes are not currently supported (all bits will be included).
rtl/logic_die_normalization_pcu_top.sv:142: warning: @* is sensitive to all 8 words in array 'ctx_tag_q'.
rtl/logic_die_normalization_pcu_top.sv:151: warning: @* is sensitive to all 8 words in array 'ctx_tag_q'.
rtl/normalization_hbm_boundary_adapter.sv:157: warning: @* is sensitive to all 16 words in array 'wb_word_q'.
rtl/normalization_hbm_boundary_adapter.sv:183: warning: @* is sensitive to all 16 words in array 'reduction_payload_q'.
rtl/normalization_hbm_boundary_adapter.sv:191: warning: @* is sensitive to all 16 words in array 'replay_x_payload_q'.
rtl/normalization_hbm_boundary_adapter.sv:192: warning: @* is sensitive to all 16 words in array 'affine_word_q'.
rtl/normalization_hbm_boundary_adapter.sv:193: warning: @* is sensitive to all 16 words in array 'affine_word_q'.
rtl/dram_bank_array_model.sv:96: warning: @* is sensitive to all 4096 words in array 'memory'.
NORMALIZATION_HBM_BOUNDARY_INTEGRATION_TB PASS width=2048 rms=0 vectors=16 wall_cycles=3517 adapter_cycles=3515 act=16 read=512 write=128 pre=16 wait=1056 read_credit_peak=1 read_credit_final=0 timing_errors=0
verification/groot_normalization/normalization_hbm_boundary_integration_tb.sv:220: $finish called at 35210 (1s)
rtl/mixed_precision_bank_reducer_pingpong.sv:27: sorry: constant selects in always_* processes are not currently supported (all bits will be included).
rtl/mixed_precision_bank_reducer_pingpong.sv:27: sorry: constant selects in always_* processes are not currently supported (all bits will be included).
rtl/mixed_precision_bank_reducer_pingpong.sv:27: sorry: constant selects in always_* processes are not currently supported (all bits will be included).
rtl/mixed_precision_bank_reducer_pingpong.sv:27: sorry: constant selects in always_* processes are not currently supported (all bits will be included).
rtl/mixed_precision_bank_reducer_pingpong.sv:27: sorry: constant selects in always_* processes are not currently supported (all bits will be included).
rtl/mixed_precision_bank_reducer_pingpong.sv:27: sorry: constant selects in always_* processes are not currently supported (all bits will be included).
rtl/mixed_precision_bank_reducer_pingpong.sv:27: sorry: constant selects in always_* processes are not currently supported (all bits will be included).
rtl/mixed_precision_bank_reducer_pingpong.sv:27: sorry: constant selects in always_* processes are not currently supported (all bits will be included).
rtl/mixed_precision_bank_reducer_pingpong.sv:27: sorry: constant selects in always_* processes are not currently supported (all bits will be included).
rtl/mixed_precision_bank_reducer_pingpong.sv:27: sorry: constant selects in always_* processes are not currently supported (all bits will be included).
rtl/mixed_precision_bank_reducer_pingpong.sv:27: sorry: constant selects in always_* processes are not currently supported (all bits will be included).
rtl/mixed_precision_bank_reducer_pingpong.sv:27: sorry: constant selects in always_* processes are not currently supported (all bits will be included).
rtl/mixed_precision_bank_reducer_pingpong.sv:27: sorry: constant selects in always_* processes are not currently supported (all bits will be included).
rtl/mixed_precision_bank_reducer_pingpong.sv:27: sorry: constant selects in always_* processes are not currently supported (all bits will be included).
rtl/mixed_precision_bank_reducer_pingpong.sv:27: sorry: constant selects in always_* processes are not currently supported (all bits will be included).
rtl/mixed_precision_bank_reducer_pingpong.sv:27: sorry: constant selects in always_* processes are not currently supported (all bits will be included).
rtl/logic_die_normalization_pcu_top.sv:142: warning: @* is sensitive to all 8 words in array 'ctx_tag_q'.
rtl/logic_die_normalization_pcu_top.sv:151: warning: @* is sensitive to all 8 words in array 'ctx_tag_q'.
rtl/normalization_hbm_boundary_adapter.sv:157: warning: @* is sensitive to all 16 words in array 'wb_word_q'.
rtl/normalization_hbm_boundary_adapter.sv:183: warning: @* is sensitive to all 16 words in array 'reduction_payload_q'.
rtl/normalization_hbm_boundary_adapter.sv:191: warning: @* is sensitive to all 16 words in array 'replay_x_payload_q'.
rtl/normalization_hbm_boundary_adapter.sv:192: warning: @* is sensitive to all 16 words in array 'affine_word_q'.
rtl/normalization_hbm_boundary_adapter.sv:193: warning: @* is sensitive to all 16 words in array 'affine_word_q'.
rtl/dram_bank_array_model.sv:96: warning: @* is sensitive to all 4096 words in array 'memory'.
NORMALIZATION_HBM_BOUNDARY_INTEGRATION_TB PASS width=128 rms=1 vectors=1 wall_cycles=512 adapter_cycles=510 act=16 read=48 write=16 pre=16 wait=166 read_credit_peak=1 read_credit_final=0 timing_errors=0
verification/groot_normalization/normalization_hbm_boundary_integration_tb.sv:220: $finish called at 5160 (1s)
rtl/mixed_precision_bank_reducer_pingpong.sv:27: sorry: constant selects in always_* processes are not currently supported (all bits will be included).
rtl/mixed_precision_bank_reducer_pingpong.sv:27: sorry: constant selects in always_* processes are not currently supported (all bits will be included).
rtl/mixed_precision_bank_reducer_pingpong.sv:27: sorry: constant selects in always_* processes are not currently supported (all bits will be included).
rtl/mixed_precision_bank_reducer_pingpong.sv:27: sorry: constant selects in always_* processes are not currently supported (all bits will be included).
rtl/mixed_precision_bank_reducer_pingpong.sv:27: sorry: constant selects in always_* processes are not currently supported (all bits will be included).
rtl/mixed_precision_bank_reducer_pingpong.sv:27: sorry: constant selects in always_* processes are not currently supported (all bits will be included).
rtl/mixed_precision_bank_reducer_pingpong.sv:27: sorry: constant selects in always_* processes are not currently supported (all bits will be included).
rtl/mixed_precision_bank_reducer_pingpong.sv:27: sorry: constant selects in always_* processes are not currently supported (all bits will be included).
rtl/mixed_precision_bank_reducer_pingpong.sv:27: sorry: constant selects in always_* processes are not currently supported (all bits will be included).
rtl/mixed_precision_bank_reducer_pingpong.sv:27: sorry: constant selects in always_* processes are not currently supported (all bits will be included).
rtl/mixed_precision_bank_reducer_pingpong.sv:27: sorry: constant selects in always_* processes are not currently supported (all bits will be included).
rtl/mixed_precision_bank_reducer_pingpong.sv:27: sorry: constant selects in always_* processes are not currently supported (all bits will be included).
rtl/mixed_precision_bank_reducer_pingpong.sv:27: sorry: constant selects in always_* processes are not currently supported (all bits will be included).
rtl/mixed_precision_bank_reducer_pingpong.sv:27: sorry: constant selects in always_* processes are not currently supported (all bits will be included).
rtl/mixed_precision_bank_reducer_pingpong.sv:27: sorry: constant selects in always_* processes are not currently supported (all bits will be included).
rtl/mixed_precision_bank_reducer_pingpong.sv:27: sorry: constant selects in always_* processes are not currently supported (all bits will be included).
rtl/logic_die_normalization_pcu_top.sv:142: warning: @* is sensitive to all 8 words in array 'ctx_tag_q'.
rtl/logic_die_normalization_pcu_top.sv:151: warning: @* is sensitive to all 8 words in array 'ctx_tag_q'.
rtl/normalization_hbm_boundary_adapter.sv:157: warning: @* is sensitive to all 16 words in array 'wb_word_q'.
rtl/normalization_hbm_boundary_adapter.sv:183: warning: @* is sensitive to all 16 words in array 'reduction_payload_q'.
rtl/normalization_hbm_boundary_adapter.sv:191: warning: @* is sensitive to all 16 words in array 'replay_x_payload_q'.
rtl/normalization_hbm_boundary_adapter.sv:192: warning: @* is sensitive to all 16 words in array 'affine_word_q'.
rtl/normalization_hbm_boundary_adapter.sv:193: warning: @* is sensitive to all 16 words in array 'affine_word_q'.
rtl/dram_bank_array_model.sv:96: warning: @* is sensitive to all 4096 words in array 'memory'.
NORMALIZATION_HBM_BOUNDARY_INTEGRATION_TB PASS width=2048 rms=1 vectors=16 wall_cycles=3505 adapter_cycles=3503 act=16 read=512 write=128 pre=16 wait=1056 read_credit_peak=1 read_credit_final=0 timing_errors=0
verification/groot_normalization/normalization_hbm_boundary_integration_tb.sv:220: $finish called at 35090 (1s)
