
-- Running command `read_verilog -sv -I. rtl/bank_normalization_microprogram_adapter.sv; hierarchy -check -top bank_normalization_microprogram_adapter; synth -top bank_normalization_microprogram_adapter; stat; check -assert' --

1. Executing Verilog-2005 frontend: rtl/bank_normalization_microprogram_adapter.sv
Parsing SystemVerilog input from `rtl/bank_normalization_microprogram_adapter.sv' to AST representation.
Generating RTLIL representation for module `\bank_normalization_microprogram_adapter'.
Successfully finished Verilog frontend.

2. Executing HIERARCHY pass (managing design hierarchy).

2.1. Analyzing design hierarchy..
Top module:  \bank_normalization_microprogram_adapter

2.2. Analyzing design hierarchy..
Top module:  \bank_normalization_microprogram_adapter
Removed 0 unused modules.

3. Executing SYNTH pass.

3.1. Executing HIERARCHY pass (managing design hierarchy).

3.1.1. Analyzing design hierarchy..
Top module:  \bank_normalization_microprogram_adapter

3.1.2. Analyzing design hierarchy..
Top module:  \bank_normalization_microprogram_adapter
Removed 0 unused modules.

3.2. Executing PROC pass (convert processes to netlists).

3.2.1. Executing PROC_CLEAN pass (remove empty switches from decision trees).
Cleaned up 0 empty switches.

3.2.2. Executing PROC_RMDEAD pass (remove dead branches from decision trees).
Marked 3 switch rules as full_case in process $proc$rtl/bank_normalization_microprogram_adapter.sv:46$34 in module bank_normalization_microprogram_adapter.
Marked 4 switch rules as full_case in process $proc$rtl/bank_normalization_microprogram_adapter.sv:0$10 in module bank_normalization_microprogram_adapter.
Removed a total of 0 dead cases.

3.2.3. Executing PROC_PRUNE pass (remove redundant assignments in processes).
Removed 1 redundant assignment.
Promoted 13 assignments to connections.

3.2.4. Executing PROC_INIT pass (extract init attributes).

3.2.5. Executing PROC_ARST pass (detect async resets in processes).
Found async reset \rst_ni in `\bank_normalization_microprogram_adapter.$proc$rtl/bank_normalization_microprogram_adapter.sv:46$34'.

3.2.6. Executing PROC_ROM pass (convert switches to ROMs).
Converted 0 switches.
<suppressed ~9 debug messages>

3.2.7. Executing PROC_MUX pass (convert decision trees to multiplexers).
Creating decoders for process `\bank_normalization_microprogram_adapter.$proc$rtl/bank_normalization_microprogram_adapter.sv:46$34'.
     1/9: $0\transaction_done_o[0:0]
     2/9: $0\step_q[2:0]
     3/9: $0\beta_q[2:0]
     4/9: $0\gamma_q[2:0]
     5/9: $0\inv_q[15:0]
     6/9: $0\mean_q[15:0]
     7/9: $0\tag_q[15:0]
     8/9: $0\mode_q[0:0]
     9/9: $0\state_q[1:0]
Creating decoders for process `\bank_normalization_microprogram_adapter.$proc$rtl/bank_normalization_microprogram_adapter.sv:0$10'.
     1/37: $2\enc$func$rtl/bank_normalization_microprogram_adapter.sv:42$6.$result[31:0]$32 [7:4]
     2/37: $2\enc$func$rtl/bank_normalization_microprogram_adapter.sv:42$6.$result[31:0]$32 [3:0]
     3/37: $2\enc$func$rtl/bank_normalization_microprogram_adapter.sv:42$6.$result[31:0]$32 [11:8]
     4/37: $2\enc$func$rtl/bank_normalization_microprogram_adapter.sv:42$6.$result[31:0]$32 [21:19]
     5/37: $2\enc$func$rtl/bank_normalization_microprogram_adapter.sv:42$6.$result[31:0]$32 [27:25]
     6/37: $2\enc$func$rtl/bank_normalization_microprogram_adapter.sv:42$6.$result[31:0]$32 [31:28]
     7/37: $2\enc$func$rtl/bank_normalization_microprogram_adapter.sv:42$6.$result[31:0]$32 [18:12]
     8/37: $2\enc$func$rtl/bank_normalization_microprogram_adapter.sv:42$6.$result[31:0]$32 [24:22]
     9/37: $2\enc$func$rtl/bank_normalization_microprogram_adapter.sv:41$5.$result[31:0]$30 [3:0]
    10/37: $2\enc$func$rtl/bank_normalization_microprogram_adapter.sv:41$5.$result[31:0]$30 [7:4]
    11/37: $2\enc$func$rtl/bank_normalization_microprogram_adapter.sv:41$5.$result[31:0]$30 [18:12]
    12/37: $2\enc$func$rtl/bank_normalization_microprogram_adapter.sv:41$5.$result[31:0]$30 [24:22]
    13/37: $2\enc$func$rtl/bank_normalization_microprogram_adapter.sv:41$5.$result[31:0]$30 [27:25]
    14/37: $2\enc$func$rtl/bank_normalization_microprogram_adapter.sv:41$5.$result[31:0]$30 [11:8]
    15/37: $2\enc$func$rtl/bank_normalization_microprogram_adapter.sv:41$5.$result[31:0]$30 [21:19]
    16/37: $2\enc$func$rtl/bank_normalization_microprogram_adapter.sv:42$6.i1[3:0]$33
    17/37: $2\enc$func$rtl/bank_normalization_microprogram_adapter.sv:41$5.$result[31:0]$30 [31:28]
    18/37: $2\enc$func$rtl/bank_normalization_microprogram_adapter.sv:41$5.i1[3:0]$31
    19/37: $3\command_o[31:0]
    20/37: $2\enc$func$rtl/bank_normalization_microprogram_adapter.sv:36$2.$result[31:0]$28 [7:4]
    21/37: $2\enc$func$rtl/bank_normalization_microprogram_adapter.sv:36$2.$result[31:0]$28 [3:0]
    22/37: $2\enc$func$rtl/bank_normalization_microprogram_adapter.sv:36$2.$result[31:0]$28 [11:8]
    23/37: $2\enc$func$rtl/bank_normalization_microprogram_adapter.sv:36$2.$result[31:0]$28 [21:19]
    24/37: $2\enc$func$rtl/bank_normalization_microprogram_adapter.sv:36$2.$result[31:0]$28 [27:25]
    25/37: $2\enc$func$rtl/bank_normalization_microprogram_adapter.sv:36$2.$result[31:0]$28 [31:28]
    26/37: $2\enc$func$rtl/bank_normalization_microprogram_adapter.sv:36$2.$result[31:0]$28 [18:12]
    27/37: $2\enc$func$rtl/bank_normalization_microprogram_adapter.sv:36$2.$result[31:0]$28 [24:22]
    28/37: $2\enc$func$rtl/bank_normalization_microprogram_adapter.sv:36$2.i1[3:0]$29
    29/37: $2\command_o[31:0]
    30/37: $1\enc$func$rtl/bank_normalization_microprogram_adapter.sv:36$2.i1[3:0]$22
    31/37: $1\enc$func$rtl/bank_normalization_microprogram_adapter.sv:36$2.$result[31:0]$21
    32/37: $1\command_o[31:0]
    33/37: $1\enc$func$rtl/bank_normalization_microprogram_adapter.sv:42$6.i1[3:0]$26
    34/37: $1\enc$func$rtl/bank_normalization_microprogram_adapter.sv:42$6.$result[31:0]$25
    35/37: $1\enc$func$rtl/bank_normalization_microprogram_adapter.sv:41$5.i1[3:0]$24
    36/37: $1\enc$func$rtl/bank_normalization_microprogram_adapter.sv:41$5.$result[31:0]$23
    37/37: $1\srf_write_data_o[31:16]

3.2.8. Executing PROC_DLATCH pass (convert process syncs to latches).
No latch inferred for signal `\bank_normalization_microprogram_adapter.\srf_write_data_o' from process `\bank_normalization_microprogram_adapter.$proc$rtl/bank_normalization_microprogram_adapter.sv:0$10'.
No latch inferred for signal `\bank_normalization_microprogram_adapter.\command_o' from process `\bank_normalization_microprogram_adapter.$proc$rtl/bank_normalization_microprogram_adapter.sv:0$10'.
No latch inferred for signal `\bank_normalization_microprogram_adapter.\context_key_o' from process `\bank_normalization_microprogram_adapter.$proc$rtl/bank_normalization_microprogram_adapter.sv:0$10'.
No latch inferred for signal `\bank_normalization_microprogram_adapter.\last_step' from process `\bank_normalization_microprogram_adapter.$proc$rtl/bank_normalization_microprogram_adapter.sv:0$10'.
No latch inferred for signal `\bank_normalization_microprogram_adapter.\enc$func$rtl/bank_normalization_microprogram_adapter.sv:36$2.$result' from process `\bank_normalization_microprogram_adapter.$proc$rtl/bank_normalization_microprogram_adapter.sv:0$10'.
No latch inferred for signal `\bank_normalization_microprogram_adapter.\enc$func$rtl/bank_normalization_microprogram_adapter.sv:36$2.i1' from process `\bank_normalization_microprogram_adapter.$proc$rtl/bank_normalization_microprogram_adapter.sv:0$10'.
No latch inferred for signal `\bank_normalization_microprogram_adapter.\enc$func$rtl/bank_normalization_microprogram_adapter.sv:41$5.$result' from process `\bank_normalization_microprogram_adapter.$proc$rtl/bank_normalization_microprogram_adapter.sv:0$10'.
No latch inferred for signal `\bank_normalization_microprogram_adapter.\enc$func$rtl/bank_normalization_microprogram_adapter.sv:41$5.i1' from process `\bank_normalization_microprogram_adapter.$proc$rtl/bank_normalization_microprogram_adapter.sv:0$10'.
No latch inferred for signal `\bank_normalization_microprogram_adapter.\enc$func$rtl/bank_normalization_microprogram_adapter.sv:42$6.$result' from process `\bank_normalization_microprogram_adapter.$proc$rtl/bank_normalization_microprogram_adapter.sv:0$10'.
No latch inferred for signal `\bank_normalization_microprogram_adapter.\enc$func$rtl/bank_normalization_microprogram_adapter.sv:42$6.i1' from process `\bank_normalization_microprogram_adapter.$proc$rtl/bank_normalization_microprogram_adapter.sv:0$10'.

3.2.9. Executing PROC_DFF pass (convert process syncs to FFs).
Creating register for signal `\bank_normalization_microprogram_adapter.\transaction_done_o' using process `\bank_normalization_microprogram_adapter.$proc$rtl/bank_normalization_microprogram_adapter.sv:46$34'.
  created $adff cell `$procdff$335' with positive edge clock and positive level reset.
Creating register for signal `\bank_normalization_microprogram_adapter.\state_q' using process `\bank_normalization_microprogram_adapter.$proc$rtl/bank_normalization_microprogram_adapter.sv:46$34'.
  created $adff cell `$procdff$340' with positive edge clock and positive level reset.
Creating register for signal `\bank_normalization_microprogram_adapter.\mode_q' using process `\bank_normalization_microprogram_adapter.$proc$rtl/bank_normalization_microprogram_adapter.sv:46$34'.
  created $adff cell `$procdff$345' with positive edge clock and positive level reset.
Creating register for signal `\bank_normalization_microprogram_adapter.\tag_q' using process `\bank_normalization_microprogram_adapter.$proc$rtl/bank_normalization_microprogram_adapter.sv:46$34'.
  created $adff cell `$procdff$350' with positive edge clock and positive level reset.
Creating register for signal `\bank_normalization_microprogram_adapter.\mean_q' using process `\bank_normalization_microprogram_adapter.$proc$rtl/bank_normalization_microprogram_adapter.sv:46$34'.
  created $adff cell `$procdff$355' with positive edge clock and positive level reset.
Creating register for signal `\bank_normalization_microprogram_adapter.\inv_q' using process `\bank_normalization_microprogram_adapter.$proc$rtl/bank_normalization_microprogram_adapter.sv:46$34'.
  created $adff cell `$procdff$360' with positive edge clock and positive level reset.
Creating register for signal `\bank_normalization_microprogram_adapter.\gamma_q' using process `\bank_normalization_microprogram_adapter.$proc$rtl/bank_normalization_microprogram_adapter.sv:46$34'.
  created $adff cell `$procdff$365' with positive edge clock and positive level reset.
Creating register for signal `\bank_normalization_microprogram_adapter.\beta_q' using process `\bank_normalization_microprogram_adapter.$proc$rtl/bank_normalization_microprogram_adapter.sv:46$34'.
  created $adff cell `$procdff$370' with positive edge clock and positive level reset.
Creating register for signal `\bank_normalization_microprogram_adapter.\step_q' using process `\bank_normalization_microprogram_adapter.$proc$rtl/bank_normalization_microprogram_adapter.sv:46$34'.
  created $adff cell `$procdff$375' with positive edge clock and positive level reset.

3.2.10. Executing PROC_MEMWR pass (convert process memory writes to cells).

3.2.11. Executing PROC_CLEAN pass (remove empty switches from decision trees).
Found and cleaned up 5 empty switches in `\bank_normalization_microprogram_adapter.$proc$rtl/bank_normalization_microprogram_adapter.sv:46$34'.
Removing empty process `bank_normalization_microprogram_adapter.$proc$rtl/bank_normalization_microprogram_adapter.sv:46$34'.
Found and cleaned up 4 empty switches in `\bank_normalization_microprogram_adapter.$proc$rtl/bank_normalization_microprogram_adapter.sv:0$10'.
Removing empty process `bank_normalization_microprogram_adapter.$proc$rtl/bank_normalization_microprogram_adapter.sv:0$10'.
Cleaned up 9 empty switches.

3.2.12. Executing OPT_EXPR pass (perform const folding).
Optimizing module bank_normalization_microprogram_adapter.
<suppressed ~38 debug messages>

3.3. Executing OPT_EXPR pass (perform const folding).
Optimizing module bank_normalization_microprogram_adapter.

3.4. Executing OPT_CLEAN pass (remove unused cells and wires).
Finding unused cells or wires in module \bank_normalization_microprogram_adapter..
Removed 107 unused cells and 223 unused wires.
<suppressed ~108 debug messages>

3.5. Executing CHECK pass (checking for obvious problems).
Checking module bank_normalization_microprogram_adapter...
Found and reported 0 problems.

3.6. Executing OPT pass (performing simple optimizations).

3.6.1. Executing OPT_EXPR pass (perform const folding).
Optimizing module bank_normalization_microprogram_adapter.

3.6.2. Executing OPT_MERGE pass (detect identical cells).
Finding identical cells in module `\bank_normalization_microprogram_adapter'.
<suppressed ~39 debug messages>
Removed a total of 13 cells.

3.6.3. Executing OPT_MUXTREE pass (detect dead branches in mux trees).
Running muxtree optimizer on module \bank_normalization_microprogram_adapter..
  Creating internal representation of mux trees.
  Evaluating internal representation of mux trees.
  Analyzing evaluation results.
    dead port 1/2 on $mux $procmux$245.
    dead port 2/2 on $mux $procmux$305.
Removed 2 multiplexer ports.
<suppressed ~13 debug messages>

3.6.4. Executing OPT_REDUCE pass (consolidate $*mux and $reduce_* inputs).
  Optimizing cells in module \bank_normalization_microprogram_adapter.
Performed a total of 0 changes.

3.6.5. Executing OPT_MERGE pass (detect identical cells).
Finding identical cells in module `\bank_normalization_microprogram_adapter'.
Removed a total of 0 cells.

3.6.6. Executing OPT_DFF pass (perform DFF optimizations).

3.6.7. Executing OPT_CLEAN pass (remove unused cells and wires).
Finding unused cells or wires in module \bank_normalization_microprogram_adapter..
Removed 0 unused cells and 15 unused wires.
<suppressed ~1 debug messages>

3.6.8. Executing OPT_EXPR pass (perform const folding).
Optimizing module bank_normalization_microprogram_adapter.

3.6.9. Rerunning OPT passes. (Maybe there is more to do..)

3.6.10. Executing OPT_MUXTREE pass (detect dead branches in mux trees).
Running muxtree optimizer on module \bank_normalization_microprogram_adapter..
  Creating internal representation of mux trees.
  Evaluating internal representation of mux trees.
  Analyzing evaluation results.
Removed 0 multiplexer ports.
<suppressed ~13 debug messages>

3.6.11. Executing OPT_REDUCE pass (consolidate $*mux and $reduce_* inputs).
  Optimizing cells in module \bank_normalization_microprogram_adapter.
Performed a total of 0 changes.

3.6.12. Executing OPT_MERGE pass (detect identical cells).
Finding identical cells in module `\bank_normalization_microprogram_adapter'.
Removed a total of 0 cells.

3.6.13. Executing OPT_DFF pass (perform DFF optimizations).

3.6.14. Executing OPT_CLEAN pass (remove unused cells and wires).
Finding unused cells or wires in module \bank_normalization_microprogram_adapter..

3.6.15. Executing OPT_EXPR pass (perform const folding).
Optimizing module bank_normalization_microprogram_adapter.

3.6.16. Finished OPT passes. (There is nothing left to do.)

3.7. Executing FSM pass (extract and optimize FSM).

3.7.1. Executing FSM_DETECT pass (finding FSMs in design).
Not marking bank_normalization_microprogram_adapter.state_q as FSM state register:
    Circuit seems to be self-resetting.

3.7.2. Executing FSM_EXTRACT pass (extracting FSM from design).

3.7.3. Executing FSM_OPT pass (simple optimizations of FSMs).

3.7.4. Executing OPT_CLEAN pass (remove unused cells and wires).
Finding unused cells or wires in module \bank_normalization_microprogram_adapter..

3.7.5. Executing FSM_OPT pass (simple optimizations of FSMs).

3.7.6. Executing FSM_RECODE pass (re-assigning FSM state encoding).

3.7.7. Executing FSM_INFO pass (dumping all available information on FSM cells).

3.7.8. Executing FSM_MAP pass (mapping FSMs to basic logic).

3.8. Executing OPT pass (performing simple optimizations).

3.8.1. Executing OPT_EXPR pass (perform const folding).
Optimizing module bank_normalization_microprogram_adapter.

3.8.2. Executing OPT_MERGE pass (detect identical cells).
Finding identical cells in module `\bank_normalization_microprogram_adapter'.
Removed a total of 0 cells.

3.8.3. Executing OPT_MUXTREE pass (detect dead branches in mux trees).
Running muxtree optimizer on module \bank_normalization_microprogram_adapter..
  Creating internal representation of mux trees.
  Evaluating internal representation of mux trees.
  Analyzing evaluation results.
Removed 0 multiplexer ports.
<suppressed ~13 debug messages>

3.8.4. Executing OPT_REDUCE pass (consolidate $*mux and $reduce_* inputs).
  Optimizing cells in module \bank_normalization_microprogram_adapter.
Performed a total of 0 changes.

3.8.5. Executing OPT_MERGE pass (detect identical cells).
Finding identical cells in module `\bank_normalization_microprogram_adapter'.
Removed a total of 0 cells.

3.8.6. Executing OPT_DFF pass (perform DFF optimizations).
Adding EN signal on $procdff$375 ($adff) from module bank_normalization_microprogram_adapter (D = $0\step_q[2:0], Q = \step_q).
Adding EN signal on $procdff$370 ($adff) from module bank_normalization_microprogram_adapter (D = \beta_grf_b_index_i, Q = \beta_q).
Adding EN signal on $procdff$365 ($adff) from module bank_normalization_microprogram_adapter (D = \gamma_grf_b_index_i, Q = \gamma_q).
Adding EN signal on $procdff$360 ($adff) from module bank_normalization_microprogram_adapter (D = \scalar_inv_std_i, Q = \inv_q).
Adding EN signal on $procdff$355 ($adff) from module bank_normalization_microprogram_adapter (D = \scalar_mean_i, Q = \mean_q).
Adding EN signal on $procdff$350 ($adff) from module bank_normalization_microprogram_adapter (D = \scalar_tag_i, Q = \tag_q).
Adding EN signal on $procdff$345 ($adff) from module bank_normalization_microprogram_adapter (D = \scalar_rms_norm_i, Q = \mode_q).
Adding EN signal on $procdff$340 ($adff) from module bank_normalization_microprogram_adapter (D = $0\state_q[1:0], Q = \state_q).

3.8.7. Executing OPT_CLEAN pass (remove unused cells and wires).
Finding unused cells or wires in module \bank_normalization_microprogram_adapter..
Removed 12 unused cells and 12 unused wires.
<suppressed ~13 debug messages>

3.8.8. Executing OPT_EXPR pass (perform const folding).
Optimizing module bank_normalization_microprogram_adapter.
<suppressed ~1 debug messages>

3.8.9. Rerunning OPT passes. (Maybe there is more to do..)

3.8.10. Executing OPT_MUXTREE pass (detect dead branches in mux trees).
Running muxtree optimizer on module \bank_normalization_microprogram_adapter..
  Creating internal representation of mux trees.
  Evaluating internal representation of mux trees.
  Analyzing evaluation results.
Removed 0 multiplexer ports.
<suppressed ~7 debug messages>

3.8.11. Executing OPT_REDUCE pass (consolidate $*mux and $reduce_* inputs).
  Optimizing cells in module \bank_normalization_microprogram_adapter.
Performed a total of 0 changes.

3.8.12. Executing OPT_MERGE pass (detect identical cells).
Finding identical cells in module `\bank_normalization_microprogram_adapter'.
<suppressed ~21 debug messages>
Removed a total of 7 cells.

3.8.13. Executing OPT_DFF pass (perform DFF optimizations).

3.8.14. Executing OPT_CLEAN pass (remove unused cells and wires).
Finding unused cells or wires in module \bank_normalization_microprogram_adapter..
Removed 0 unused cells and 7 unused wires.
<suppressed ~1 debug messages>

3.8.15. Executing OPT_EXPR pass (perform const folding).
Optimizing module bank_normalization_microprogram_adapter.

3.8.16. Rerunning OPT passes. (Maybe there is more to do..)

3.8.17. Executing OPT_MUXTREE pass (detect dead branches in mux trees).
Running muxtree optimizer on module \bank_normalization_microprogram_adapter..
  Creating internal representation of mux trees.
  Evaluating internal representation of mux trees.
  Analyzing evaluation results.
Removed 0 multiplexer ports.
<suppressed ~7 debug messages>

3.8.18. Executing OPT_REDUCE pass (consolidate $*mux and $reduce_* inputs).
  Optimizing cells in module \bank_normalization_microprogram_adapter.
Performed a total of 0 changes.

3.8.19. Executing OPT_MERGE pass (detect identical cells).
Finding identical cells in module `\bank_normalization_microprogram_adapter'.
Removed a total of 0 cells.

3.8.20. Executing OPT_DFF pass (perform DFF optimizations).

3.8.21. Executing OPT_CLEAN pass (remove unused cells and wires).
Finding unused cells or wires in module \bank_normalization_microprogram_adapter..

3.8.22. Executing OPT_EXPR pass (perform const folding).
Optimizing module bank_normalization_microprogram_adapter.

3.8.23. Finished OPT passes. (There is nothing left to do.)

3.9. Executing WREDUCE pass (reducing word size of cells).
Removed top 1 bits (of 2) from port B of cell bank_normalization_microprogram_adapter.$eq$rtl/bank_normalization_microprogram_adapter.sv:26$8 ($eq).
Removed top 1 bits (of 3) from mux cell bank_normalization_microprogram_adapter.$ternary$rtl/bank_normalization_microprogram_adapter.sv:33$20 ($mux).
Removed top 1 bits (of 3) from port B of cell bank_normalization_microprogram_adapter.$eq$rtl/bank_normalization_microprogram_adapter.sv:57$36 ($eq).
Removed top 1 bits (of 2) from port B of cell bank_normalization_microprogram_adapter.$auto$opt_dff.cc:195:make_patterns_logic$382 ($ne).
Removed top 1 bits (of 3) from port B of cell bank_normalization_microprogram_adapter.$procmux$241_CMP0 ($eq).
Removed top 2 bits (of 32) from mux cell bank_normalization_microprogram_adapter.$procmux$240 ($pmux).
Removed top 2 bits (of 3) from port B of cell bank_normalization_microprogram_adapter.$procmux$242_CMP0 ($eq).
Removed top 1 bits (of 2) from port B of cell bank_normalization_microprogram_adapter.$auto$opt_dff.cc:195:make_patterns_logic$380 ($ne).
Removed top 4 bits (of 32) from mux cell bank_normalization_microprogram_adapter.$procmux$303 ($mux).
Removed top 2 bits (of 32) from mux cell bank_normalization_microprogram_adapter.$procmux$314 ($mux).
Removed top 1 bits (of 3) from port B of cell bank_normalization_microprogram_adapter.$auto$opt_dff.cc:195:make_patterns_logic$413 ($ne).
Removed top 4 bits (of 32) from wire bank_normalization_microprogram_adapter.$2\command_o[31:0].
Removed top 2 bits (of 32) from wire bank_normalization_microprogram_adapter.$3\command_o[31:0].
Removed top 1 bits (of 3) from wire bank_normalization_microprogram_adapter.last_step.

3.10. Executing PEEPOPT pass (run peephole optimizers).

3.11. Executing OPT_CLEAN pass (remove unused cells and wires).
Finding unused cells or wires in module \bank_normalization_microprogram_adapter..
Removed 0 unused cells and 3 unused wires.
<suppressed ~1 debug messages>

3.12. Executing ALUMACC pass (create $alu and $macc cells).
Extracting $alu and $macc cells in module bank_normalization_microprogram_adapter:
  creating $macc model for $add$rtl/bank_normalization_microprogram_adapter.sv:57$37 ($add).
  creating $alu model for $macc $add$rtl/bank_normalization_microprogram_adapter.sv:57$37.
  creating $alu cell for $add$rtl/bank_normalization_microprogram_adapter.sv:57$37: $auto$alumacc.cc:495:replace_alu$419
  created 1 $alu and 0 $macc cells.

3.13. Executing SHARE pass (SAT-based resource sharing).

3.14. Executing OPT pass (performing simple optimizations).

3.14.1. Executing OPT_EXPR pass (perform const folding).
Optimizing module bank_normalization_microprogram_adapter.

3.14.2. Executing OPT_MERGE pass (detect identical cells).
Finding identical cells in module `\bank_normalization_microprogram_adapter'.
Removed a total of 0 cells.

3.14.3. Executing OPT_MUXTREE pass (detect dead branches in mux trees).
Running muxtree optimizer on module \bank_normalization_microprogram_adapter..
  Creating internal representation of mux trees.
  Evaluating internal representation of mux trees.
  Analyzing evaluation results.
Removed 0 multiplexer ports.
<suppressed ~7 debug messages>

3.14.4. Executing OPT_REDUCE pass (consolidate $*mux and $reduce_* inputs).
  Optimizing cells in module \bank_normalization_microprogram_adapter.
Performed a total of 0 changes.

3.14.5. Executing OPT_MERGE pass (detect identical cells).
Finding identical cells in module `\bank_normalization_microprogram_adapter'.
Removed a total of 0 cells.

3.14.6. Executing OPT_DFF pass (perform DFF optimizations).

3.14.7. Executing OPT_CLEAN pass (remove unused cells and wires).
Finding unused cells or wires in module \bank_normalization_microprogram_adapter..

3.14.8. Executing OPT_EXPR pass (perform const folding).
Optimizing module bank_normalization_microprogram_adapter.

3.14.9. Finished OPT passes. (There is nothing left to do.)

3.15. Executing MEMORY pass.

3.15.1. Executing OPT_MEM pass (optimize memories).
Performed a total of 0 transformations.

3.15.2. Executing OPT_MEM_PRIORITY pass (removing unnecessary memory write priority relations).
Performed a total of 0 transformations.

3.15.3. Executing OPT_MEM_FEEDBACK pass (finding memory read-to-write feedback paths).

3.15.4. Executing MEMORY_BMUX2ROM pass (converting muxes to ROMs).

3.15.5. Executing MEMORY_DFF pass (merging $dff cells to $memrd).

3.15.6. Executing OPT_CLEAN pass (remove unused cells and wires).
Finding unused cells or wires in module \bank_normalization_microprogram_adapter..

3.15.7. Executing MEMORY_SHARE pass (consolidating $memrd/$memwr cells).

3.15.8. Executing OPT_MEM_WIDEN pass (optimize memories where all ports are wide).
Performed a total of 0 transformations.

3.15.9. Executing OPT_CLEAN pass (remove unused cells and wires).
Finding unused cells or wires in module \bank_normalization_microprogram_adapter..

3.15.10. Executing MEMORY_COLLECT pass (generating $mem cells).

3.16. Executing OPT_CLEAN pass (remove unused cells and wires).
Finding unused cells or wires in module \bank_normalization_microprogram_adapter..

3.17. Executing OPT pass (performing simple optimizations).

3.17.1. Executing OPT_EXPR pass (perform const folding).
Optimizing module bank_normalization_microprogram_adapter.
<suppressed ~11 debug messages>

3.17.2. Executing OPT_MERGE pass (detect identical cells).
Finding identical cells in module `\bank_normalization_microprogram_adapter'.
Removed a total of 0 cells.

3.17.3. Executing OPT_DFF pass (perform DFF optimizations).

3.17.4. Executing OPT_CLEAN pass (remove unused cells and wires).
Finding unused cells or wires in module \bank_normalization_microprogram_adapter..
Removed 0 unused cells and 8 unused wires.
<suppressed ~1 debug messages>

3.17.5. Finished fast OPT passes.

3.18. Executing MEMORY_MAP pass (converting memories to logic and flip-flops).

3.19. Executing OPT pass (performing simple optimizations).

3.19.1. Executing OPT_EXPR pass (perform const folding).
Optimizing module bank_normalization_microprogram_adapter.

3.19.2. Executing OPT_MERGE pass (detect identical cells).
Finding identical cells in module `\bank_normalization_microprogram_adapter'.
Removed a total of 0 cells.

3.19.3. Executing OPT_MUXTREE pass (detect dead branches in mux trees).
Running muxtree optimizer on module \bank_normalization_microprogram_adapter..
  Creating internal representation of mux trees.
  Evaluating internal representation of mux trees.
  Analyzing evaluation results.
Removed 0 multiplexer ports.
<suppressed ~6 debug messages>

3.19.4. Executing OPT_REDUCE pass (consolidate $*mux and $reduce_* inputs).
  Optimizing cells in module \bank_normalization_microprogram_adapter.
    New ctrl vector for $pmux cell $procmux$105: { \scalar_ready_o \srf_write_valid_o }
    Consolidated identical input bits for $pmux cell $procmux$240:
      Old ports: A={ 27'010011001010000000000000100 \beta_q }, B={ 87'011000101100000000000000000000101001001100000000000100000001101001001010000000001000010 \gamma_q }, Y=$3\command_o[31:0]
      New ports: A={ 10'0101001010 \beta_q }, B={ 36'011011000000010110101000011011001001 \gamma_q }, Y={ $3\command_o[31:0] [29:27] $3\command_o[31:0] [24:23] $3\command_o[31:0] [20:19] $3\command_o[31:0] [8] $3\command_o[31:0] [5:4] $3\command_o[31:0] [2:0] }
      New connections: { $3\command_o[31:0] [26:25] $3\command_o[31:0] [22:21] $3\command_o[31:0] [18:9] $3\command_o[31:0] [7:6] $3\command_o[31:0] [3] } = { 1'0 $3\command_o[31:0] [5] 11'01000000000 $3\command_o[31:0] [4] 3'000 }
    Consolidated identical input bits for $mux cell $procmux$303:
      Old ports: A={ 25'0011001010000000000000000 \gamma_q }, B=28'1000101100000000000000000000, Y=$2\command_o[31:0]
      New ports: A={ 2'01 \gamma_q }, B=5'10000, Y={ $2\command_o[31:0] [20:19] $2\command_o[31:0] [2:0] }
      New connections: { $2\command_o[31:0] [27:21] $2\command_o[31:0] [18:3] } = { $2\command_o[31:0] [20] 1'0 $2\command_o[31:0] [19] $2\command_o[31:0] [19] $2\command_o[31:0] [20] 18'010000000000000000 }
    Consolidated identical input bits for $mux cell $ternary$rtl/bank_normalization_microprogram_adapter.sv:33$20:
      Old ports: A=2'11, B=2'01, Y=\last_step
      New ports: A=1'1, B=1'0, Y=\last_step [1]
      New connections: \last_step [0] = 1'1
  Optimizing cells in module \bank_normalization_microprogram_adapter.
    Consolidated identical input bits for $mux cell $procmux$314:
      Old ports: A=$3\command_o[31:0], B={ 2'10 $2\command_o[31:0] }, Y=\command_o [29:0]
      New ports: A={ $3\command_o[31:0] [29:27] $3\command_o[31:0] [5] $3\command_o[31:0] [24:23] $3\command_o[31:0] [20:19] $3\command_o[31:0] [8] $3\command_o[31:0] [5:4] $3\command_o[31:0] [2:0] }, B={ 2'10 $2\command_o[31:0] [20:19] $2\command_o[31:0] [19] $2\command_o[31:0] [20] $2\command_o[31:0] [20:19] 3'000 $2\command_o[31:0] [2:0] }, Y={ \command_o [29:27] \command_o [25:23] \command_o [20:19] \command_o [8] \command_o [5:4] \command_o [2:0] }
      New connections: { \command_o [26] \command_o [22:21] \command_o [18:9] \command_o [7:6] \command_o [3] } = { 12'001000000000 \command_o [4] 3'000 }
  Optimizing cells in module \bank_normalization_microprogram_adapter.
Performed a total of 5 changes.

3.19.5. Executing OPT_MERGE pass (detect identical cells).
Finding identical cells in module `\bank_normalization_microprogram_adapter'.
Removed a total of 0 cells.

3.19.6. Executing OPT_SHARE pass.

3.19.7. Executing OPT_DFF pass (perform DFF optimizations).

3.19.8. Executing OPT_CLEAN pass (remove unused cells and wires).
Finding unused cells or wires in module \bank_normalization_microprogram_adapter..

3.19.9. Executing OPT_EXPR pass (perform const folding).
Optimizing module bank_normalization_microprogram_adapter.
<suppressed ~1 debug messages>

3.19.10. Rerunning OPT passes. (Maybe there is more to do..)

3.19.11. Executing OPT_MUXTREE pass (detect dead branches in mux trees).
Running muxtree optimizer on module \bank_normalization_microprogram_adapter..
  Creating internal representation of mux trees.
  Evaluating internal representation of mux trees.
  Analyzing evaluation results.
Removed 0 multiplexer ports.
<suppressed ~5 debug messages>

3.19.12. Executing OPT_REDUCE pass (consolidate $*mux and $reduce_* inputs).
  Optimizing cells in module \bank_normalization_microprogram_adapter.
Performed a total of 0 changes.

3.19.13. Executing OPT_MERGE pass (detect identical cells).
Finding identical cells in module `\bank_normalization_microprogram_adapter'.
Removed a total of 0 cells.

3.19.14. Executing OPT_SHARE pass.

3.19.15. Executing OPT_DFF pass (perform DFF optimizations).

3.19.16. Executing OPT_CLEAN pass (remove unused cells and wires).
Finding unused cells or wires in module \bank_normalization_microprogram_adapter..

3.19.17. Executing OPT_EXPR pass (perform const folding).
Optimizing module bank_normalization_microprogram_adapter.

3.19.18. Finished OPT passes. (There is nothing left to do.)

3.20. Executing TECHMAP pass (map to technology primitives).

3.20.1. Executing Verilog-2005 frontend: /home/chandler/.local/yosys/usr/bin/../share/yosys/techmap.v
Parsing Verilog input from `/home/chandler/.local/yosys/usr/bin/../share/yosys/techmap.v' to AST representation.
Generating RTLIL representation for module `\_90_simplemap_bool_ops'.
Generating RTLIL representation for module `\_90_simplemap_reduce_ops'.
Generating RTLIL representation for module `\_90_simplemap_logic_ops'.
Generating RTLIL representation for module `\_90_simplemap_compare_ops'.
Generating RTLIL representation for module `\_90_simplemap_various'.
Generating RTLIL representation for module `\_90_simplemap_registers'.
Generating RTLIL representation for module `\_90_shift_ops_shr_shl_sshl_sshr'.
Generating RTLIL representation for module `\_90_shift_shiftx'.
Generating RTLIL representation for module `\_90_fa'.
Generating RTLIL representation for module `\_90_lcu_brent_kung'.
Generating RTLIL representation for module `\_90_alu'.
Generating RTLIL representation for module `\_90_macc'.
Generating RTLIL representation for module `\_90_alumacc'.
Generating RTLIL representation for module `\$__div_mod_u'.
Generating RTLIL representation for module `\$__div_mod_trunc'.
Generating RTLIL representation for module `\_90_div'.
Generating RTLIL representation for module `\_90_mod'.
Generating RTLIL representation for module `\$__div_mod_floor'.
Generating RTLIL representation for module `\_90_divfloor'.
Generating RTLIL representation for module `\_90_modfloor'.
Generating RTLIL representation for module `\_90_pow'.
Generating RTLIL representation for module `\_90_pmux'.
Generating RTLIL representation for module `\_90_demux'.
Generating RTLIL representation for module `\_90_lut'.
Successfully finished Verilog frontend.

3.20.2. Continuing TECHMAP pass.
Using extmapper simplemap for cells of type $logic_not.
Using extmapper simplemap for cells of type $eq.
Using extmapper simplemap for cells of type $not.
Using extmapper simplemap for cells of type $mux.
Using extmapper simplemap for cells of type $and.
Using extmapper simplemap for cells of type $ne.
Using extmapper simplemap for cells of type $reduce_and.
Using template $paramod$3ef7d3dd227da7627a99c5e5a6a4deb817573e39\_90_alu for cells of type $alu.
Using extmapper simplemap for cells of type $adffe.
Using template $paramod$521ce43182eecb9f60c72393a788160d2c356bf5\_90_pmux for cells of type $pmux.
Using extmapper simplemap for cells of type $reduce_bool.
Using template $paramod$22d60a7641dca782b2290912c8e26f3c8b9c52b2\_90_pmux for cells of type $pmux.
Using extmapper simplemap for cells of type $adff.
Using extmapper simplemap for cells of type $reduce_or.
Using extmapper simplemap for cells of type $pos.
Using template $paramod\_90_lcu_brent_kung\WIDTH=32'00000000000000000000000000000011 for cells of type $lcu.
Using extmapper simplemap for cells of type $xor.
Using extmapper simplemap for cells of type $or.
No more expansions possible.
<suppressed ~303 debug messages>

3.21. Executing OPT pass (performing simple optimizations).

3.21.1. Executing OPT_EXPR pass (perform const folding).
Optimizing module bank_normalization_microprogram_adapter.
<suppressed ~116 debug messages>

3.21.2. Executing OPT_MERGE pass (detect identical cells).
Finding identical cells in module `\bank_normalization_microprogram_adapter'.
<suppressed ~36 debug messages>
Removed a total of 12 cells.

3.21.3. Executing OPT_DFF pass (perform DFF optimizations).

3.21.4. Executing OPT_CLEAN pass (remove unused cells and wires).
Finding unused cells or wires in module \bank_normalization_microprogram_adapter..
Removed 2 unused cells and 145 unused wires.
<suppressed ~3 debug messages>

3.21.5. Finished fast OPT passes.

3.22. Executing ABC pass (technology mapping using ABC).

3.22.1. Extracting gate netlist of module `\bank_normalization_microprogram_adapter' to `<abc-temp-dir>/input.blif'..
Extracted 119 gates and 168 wires to a netlist network with 47 inputs and 58 outputs.

3.22.1.1. Executing ABC.
Running ABC command: "<yosys-exe-dir>/yosys-abc" -s -f <abc-temp-dir>/abc.script 2>&1
ABC: ABC command line: "source <abc-temp-dir>/abc.script".
ABC: 
ABC: + read_blif <abc-temp-dir>/input.blif 
ABC: + read_library <abc-temp-dir>/stdcells.genlib 
ABC: + strash 
ABC: + dretime 
ABC: + map 
ABC: + write_blif <abc-temp-dir>/output.blif 

3.22.1.2. Re-integrating ABC results.
ABC RESULTS:               AND cells:        3
ABC RESULTS:            ANDNOT cells:       42
ABC RESULTS:               MUX cells:       28
ABC RESULTS:              NAND cells:        2
ABC RESULTS:               NOR cells:        6
ABC RESULTS:               NOT cells:        9
ABC RESULTS:                OR cells:       12
ABC RESULTS:             ORNOT cells:        6
ABC RESULTS:              XNOR cells:        1
ABC RESULTS:               XOR cells:        1
ABC RESULTS:        internal signals:       63
ABC RESULTS:           input signals:       47
ABC RESULTS:          output signals:       58
Removing temp directory.

3.23. Executing OPT pass (performing simple optimizations).

3.23.1. Executing OPT_EXPR pass (perform const folding).
Optimizing module bank_normalization_microprogram_adapter.
<suppressed ~3 debug messages>

3.23.2. Executing OPT_MERGE pass (detect identical cells).
Finding identical cells in module `\bank_normalization_microprogram_adapter'.
Removed a total of 0 cells.

3.23.3. Executing OPT_DFF pass (perform DFF optimizations).

3.23.4. Executing OPT_CLEAN pass (remove unused cells and wires).
Finding unused cells or wires in module \bank_normalization_microprogram_adapter..
Removed 0 unused cells and 140 unused wires.
<suppressed ~1 debug messages>

3.23.5. Finished fast OPT passes.

3.24. Executing HIERARCHY pass (managing design hierarchy).
Attribute `top' found on module `bank_normalization_microprogram_adapter'. Setting top module to bank_normalization_microprogram_adapter.

3.24.1. Analyzing design hierarchy..
Top module:  \bank_normalization_microprogram_adapter

3.24.2. Analyzing design hierarchy..
Top module:  \bank_normalization_microprogram_adapter
Removed 0 unused modules.

3.25. Printing statistics.

=== bank_normalization_microprogram_adapter ===

   Number of wires:                 89
   Number of wire bits:            521
   Number of public wires:          31
   Number of public wire bits:     460
   Number of ports:                 19
   Number of port bits:            386
   Number of memories:               0
   Number of memory bits:            0
   Number of processes:              0
   Number of cells:                171
     $_ANDNOT_                      42
     $_AND_                          3
     $_DFFE_PN0P_                   60
     $_DFF_PN0_                      1
     $_MUX_                         28
     $_NAND_                         2
     $_NOR_                          6
     $_NOT_                          9
     $_ORNOT_                        6
     $_OR_                          12
     $_XNOR_                         1
     $_XOR_                          1

3.26. Executing CHECK pass (checking for obvious problems).
Checking module bank_normalization_microprogram_adapter...
Found and reported 0 problems.

4. Printing statistics.

=== bank_normalization_microprogram_adapter ===

   Number of wires:                 89
   Number of wire bits:            521
   Number of public wires:          31
   Number of public wire bits:     460
   Number of ports:                 19
   Number of port bits:            386
   Number of memories:               0
   Number of memory bits:            0
   Number of processes:              0
   Number of cells:                171
     $_ANDNOT_                      42
     $_AND_                          3
     $_DFFE_PN0P_                   60
     $_DFF_PN0_                      1
     $_MUX_                         28
     $_NAND_                         2
     $_NOR_                          6
     $_NOT_                          9
     $_ORNOT_                        6
     $_OR_                          12
     $_XNOR_                         1
     $_XOR_                          1

5. Executing CHECK pass (checking for obvious problems).
Checking module bank_normalization_microprogram_adapter...
Found and reported 0 problems.

End of script. Logfile hash: f772863e18, CPU: user 0.13s system 0.02s, MEM: 18.62 MB peak
Yosys 0.52 (git sha1 fee39a3284c90249e1d9684cf6944ffbbcbb8f90)
Time spent: 27% 1x abc (0 sec), 16% 18x opt_clean (0 sec), ...
