
 /----------------------------------------------------------------------------\
 |  yosys -- Yosys Open SYnthesis Suite                                       |
 |  Copyright (C) 2012 - 2025  Claire Xenia Wolf <claire@yosyshq.com>         |
 |  Distributed under an ISC-like license, type "license" to see terms        |
 \----------------------------------------------------------------------------/
 Yosys 0.52 (git sha1 fee39a3284c90249e1d9684cf6944ffbbcbb8f90)

-- Running command `read_verilog -sv rtl/fp16_add.sv rtl/fp16_mul.sv rtl/bank_normalization_apply.sv; hierarchy -check -top bank_normalization_apply; proc; opt; techmap; opt; stat' --

1. Executing Verilog-2005 frontend: rtl/fp16_add.sv
Parsing SystemVerilog input from `rtl/fp16_add.sv' to AST representation.
Generating RTLIL representation for module `\fp16_add'.
Successfully finished Verilog frontend.

2. Executing Verilog-2005 frontend: rtl/fp16_mul.sv
Parsing SystemVerilog input from `rtl/fp16_mul.sv' to AST representation.
Generating RTLIL representation for module `\fp16_mul'.
Successfully finished Verilog frontend.

3. Executing Verilog-2005 frontend: rtl/bank_normalization_apply.sv
Parsing SystemVerilog input from `rtl/bank_normalization_apply.sv' to AST representation.
Generating RTLIL representation for module `\bank_normalization_apply'.
Successfully finished Verilog frontend.

4. Executing HIERARCHY pass (managing design hierarchy).

4.1. Analyzing design hierarchy..
Top module:  \bank_normalization_apply
Used module:     \fp16_add
Used module:     \fp16_mul

4.2. Analyzing design hierarchy..
Top module:  \bank_normalization_apply
Used module:     \fp16_add
Used module:     \fp16_mul
Removed 0 unused modules.

5. Executing PROC pass (convert processes to netlists).

5.1. Executing PROC_CLEAN pass (remove empty switches from decision trees).
Cleaned up 0 empty switches.

5.2. Executing PROC_RMDEAD pass (remove dead branches from decision trees).
Marked 1 switch rules as full_case in process $proc$rtl/bank_normalization_apply.sv:32$239 in module bank_normalization_apply.
Marked 32 switch rules as full_case in process $proc$rtl/fp16_mul.sv:16$143 in module fp16_mul.
Marked 26 switch rules as full_case in process $proc$rtl/fp16_add.sv:28$3 in module fp16_add.
Removed a total of 0 dead cases.

5.3. Executing PROC_PRUNE pass (remove redundant assignments in processes).
Removed 1 redundant assignment.
Promoted 49 assignments to connections.

5.4. Executing PROC_INIT pass (extract init attributes).

5.5. Executing PROC_ARST pass (detect async resets in processes).
Found async reset \rst_ni in `\bank_normalization_apply.$proc$rtl/bank_normalization_apply.sv:32$239'.

5.6. Executing PROC_ROM pass (convert switches to ROMs).
Converted 0 switches.
<suppressed ~63 debug messages>

5.7. Executing PROC_MUX pass (convert decision trees to multiplexers).
Creating decoders for process `\bank_normalization_apply.$proc$rtl/bank_normalization_apply.sv:32$239'.
     1/10: $0\context_error_o[0:0]
     2/10: $0\inv_q[15:0]
     3/10: $0\mean_q[15:0]
     4/10: $0\tag_q[15:0]
     5/10: $0\mode_q[0:0]
     6/10: $0\config_active_q[0:0]
     7/10: $0\result_last_o[0:0]
     8/10: $0\result_data_o[15:0]
     9/10: $0\result_tag_o[15:0]
    10/10: $0\result_valid_o[0:0]
Creating decoders for process `\fp16_mul.$proc$rtl/fp16_mul.sv:16$143'.
     1/68: $7\result_o[15:0]
     2/68: $8\rounded_wide[63:0]
     3/68: $7\round_up[0:0]
     4/68: $7\low_mask[63:0]
     5/68: $6\result_o[15:0]
     6/68: $6\result_exp_field[4:0]
     7/68: $6\exponent[31:0]
     8/68: $7\rounded_wide[63:0]
     9/68: $6\rounded_wide[63:0]
    10/68: $6\round_up[0:0]
    11/68: $6\low_mask[63:0]
    12/68: $5\result_exp_field[4:0]
    13/68: $5\result_o[15:0]
    14/68: $5\exponent[31:0]
    15/68: $5\rounded_wide[63:0]
    16/68: $5\low_mask[63:0]
    17/68: $5\round_up[0:0]
    18/68: $5\shift_amount[31:0]
    19/68: $4\result_o[15:0]
    20/68: $4\exponent[31:0]
    21/68: $4\result_exp_field[4:0]
    22/68: $4\low_mask[63:0]
    23/68: $4\rounded_wide[63:0]
    24/68: $4\shift_amount[31:0]
    25/68: $4\round_up[0:0]
    26/68: $3\result_o[15:0]
    27/68: $3\exponent[31:0]
    28/68: $3\result_exp_field[4:0]
    29/68: $3\low_mask[63:0]
    30/68: $3\rounded_wide[63:0]
    31/68: $3\shift_amount[31:0]
    32/68: $3\round_up[0:0]
    33/68: $2\result_o[15:0]
    34/68: $2\exponent[31:0]
    35/68: $2\result_exp_field[4:0]
    36/68: $2\low_mask[63:0]
    37/68: $2\rounded_wide[63:0]
    38/68: $2\shift_amount[31:0]
    39/68: $2\round_up[0:0]
    40/68: $1\result_o[15:0]
    41/68: $1\exponent[31:0]
    42/68: $1\result_exp_field[4:0]
    43/68: $1\low_mask[63:0]
    44/68: $1\rounded_wide[63:0]
    45/68: $1\shift_amount[31:0]
    46/68: $1\round_up[0:0]
    47/68: $22\msb_index[31:0]
    48/68: $21\msb_index[31:0]
    49/68: $20\msb_index[31:0]
    50/68: $19\msb_index[31:0]
    51/68: $18\msb_index[31:0]
    52/68: $17\msb_index[31:0]
    53/68: $16\msb_index[31:0]
    54/68: $15\msb_index[31:0]
    55/68: $14\msb_index[31:0]
    56/68: $13\msb_index[31:0]
    57/68: $12\msb_index[31:0]
    58/68: $11\msb_index[31:0]
    59/68: $10\msb_index[31:0]
    60/68: $9\msb_index[31:0]
    61/68: $8\msb_index[31:0]
    62/68: $7\msb_index[31:0]
    63/68: $6\msb_index[31:0]
    64/68: $5\msb_index[31:0]
    65/68: $4\msb_index[31:0]
    66/68: $3\msb_index[31:0]
    67/68: $2\msb_index[31:0]
    68/68: $1\msb_index[31:0]
Creating decoders for process `\fp16_add.$proc$rtl/fp16_add.sv:28$3'.
     1/53: $7\result_o[15:0]
     2/53: $6\result_o[15:0]
     3/53: $5\result_o[15:0]
     4/53: $4\result_o[15:0]
     5/53: $3\result_o[15:0]
     6/53: $2\result_o[15:0]
     7/53: $1\result_o[15:0]
     8/53: $16\result_exp[31:0]
     9/53: $1\rounded_sig[11:0]
    10/53: $15\result_exp[31:0]
    11/53: $15\magnitude_ext[13:0]
    12/53: $14\result_exp[31:0]
    13/53: $14\magnitude_ext[13:0]
    14/53: $13\result_exp[31:0]
    15/53: $13\magnitude_ext[13:0]
    16/53: $12\result_exp[31:0]
    17/53: $12\magnitude_ext[13:0]
    18/53: $11\result_exp[31:0]
    19/53: $11\magnitude_ext[13:0]
    20/53: $10\result_exp[31:0]
    21/53: $10\magnitude_ext[13:0]
    22/53: $9\result_exp[31:0]
    23/53: $9\magnitude_ext[13:0]
    24/53: $8\result_exp[31:0]
    25/53: $8\magnitude_ext[13:0]
    26/53: $7\result_exp[31:0]
    27/53: $7\magnitude_ext[13:0]
    28/53: $6\result_exp[31:0]
    29/53: $6\magnitude_ext[13:0]
    30/53: $5\result_exp[31:0]
    31/53: $5\magnitude_ext[13:0]
    32/53: $4\result_exp[31:0]
    33/53: $4\magnitude_ext[13:0]
    34/53: $3\result_exp[31:0]
    35/53: $3\magnitude_ext[13:0]
    36/53: $2\magnitude_ext[13:0] [13:1]
    37/53: $2\result_exp[31:0]
    38/53: $2\magnitude_ext[13:0] [0]
    39/53: $1\result_exp[31:0]
    40/53: $1\magnitude_ext[13:0]
    41/53: $1\add_ext[14:0]
    42/53: $1\normalize_step[31:0]
    43/53: $2\shift_right_sticky$func$rtl/fp16_add.sv:47$2.$result[13:0]$28 [13:1]
    44/53: $2\shift_right_sticky$func$rtl/fp16_add.sv:47$2.$result[13:0]$28 [0]
    45/53: $2\shift_right_sticky$func$rtl/fp16_add.sv:47$2.sticky[0:0]$29
    46/53: $1\shift_right_sticky$func$rtl/fp16_add.sv:47$2.$result[13:0]$25
    47/53: $1\shift_right_sticky$func$rtl/fp16_add.sv:47$2.sticky[0:0]$26
    48/53: $1\small_sig[10:0]
    49/53: $1\large_sig[10:0]
    50/53: $1\small_exp[4:0]
    51/53: $1\large_exp[4:0]
    52/53: $1\small_sign[0:0]
    53/53: $1\large_sign[0:0]

5.8. Executing PROC_DLATCH pass (convert process syncs to latches).
No latch inferred for signal `\fp16_mul.\result_o' from process `\fp16_mul.$proc$rtl/fp16_mul.sv:16$143'.
No latch inferred for signal `\fp16_mul.\round_up' from process `\fp16_mul.$proc$rtl/fp16_mul.sv:16$143'.
No latch inferred for signal `\fp16_mul.\lhs_exp' from process `\fp16_mul.$proc$rtl/fp16_mul.sv:16$143'.
No latch inferred for signal `\fp16_mul.\rhs_exp' from process `\fp16_mul.$proc$rtl/fp16_mul.sv:16$143'.
No latch inferred for signal `\fp16_mul.\lhs_frac' from process `\fp16_mul.$proc$rtl/fp16_mul.sv:16$143'.
No latch inferred for signal `\fp16_mul.\rhs_frac' from process `\fp16_mul.$proc$rtl/fp16_mul.sv:16$143'.
No latch inferred for signal `\fp16_mul.\lhs_sig' from process `\fp16_mul.$proc$rtl/fp16_mul.sv:16$143'.
No latch inferred for signal `\fp16_mul.\rhs_sig' from process `\fp16_mul.$proc$rtl/fp16_mul.sv:16$143'.
No latch inferred for signal `\fp16_mul.\sign' from process `\fp16_mul.$proc$rtl/fp16_mul.sv:16$143'.
No latch inferred for signal `\fp16_mul.\product' from process `\fp16_mul.$proc$rtl/fp16_mul.sv:16$143'.
No latch inferred for signal `\fp16_mul.\magnitude' from process `\fp16_mul.$proc$rtl/fp16_mul.sv:16$143'.
No latch inferred for signal `\fp16_mul.\rounded_wide' from process `\fp16_mul.$proc$rtl/fp16_mul.sv:16$143'.
No latch inferred for signal `\fp16_mul.\low_mask' from process `\fp16_mul.$proc$rtl/fp16_mul.sv:16$143'.
No latch inferred for signal `\fp16_mul.\result_exp_field' from process `\fp16_mul.$proc$rtl/fp16_mul.sv:16$143'.
No latch inferred for signal `\fp16_mul.\lhs_unbiased' from process `\fp16_mul.$proc$rtl/fp16_mul.sv:16$143'.
No latch inferred for signal `\fp16_mul.\rhs_unbiased' from process `\fp16_mul.$proc$rtl/fp16_mul.sv:16$143'.
No latch inferred for signal `\fp16_mul.\exponent' from process `\fp16_mul.$proc$rtl/fp16_mul.sv:16$143'.
No latch inferred for signal `\fp16_mul.\msb_index' from process `\fp16_mul.$proc$rtl/fp16_mul.sv:16$143'.
No latch inferred for signal `\fp16_mul.$fordecl_block$141.bit_index' from process `\fp16_mul.$proc$rtl/fp16_mul.sv:16$143'.
Latch inferred for signal `\fp16_mul.\shift_amount' from process `\fp16_mul.$proc$rtl/fp16_mul.sv:16$143': $auto$proc_dlatch.cc:432:proc_dlatch$1260
No latch inferred for signal `\fp16_add.\result_o' from process `\fp16_add.$proc$rtl/fp16_add.sv:28$3'.
No latch inferred for signal `\fp16_add.\lhs_sign' from process `\fp16_add.$proc$rtl/fp16_add.sv:28$3'.
No latch inferred for signal `\fp16_add.\rhs_sign' from process `\fp16_add.$proc$rtl/fp16_add.sv:28$3'.
No latch inferred for signal `\fp16_add.\large_sign' from process `\fp16_add.$proc$rtl/fp16_add.sv:28$3'.
No latch inferred for signal `\fp16_add.\small_sign' from process `\fp16_add.$proc$rtl/fp16_add.sv:28$3'.
No latch inferred for signal `\fp16_add.\result_sign' from process `\fp16_add.$proc$rtl/fp16_add.sv:28$3'.
No latch inferred for signal `\fp16_add.\round_up' from process `\fp16_add.$proc$rtl/fp16_add.sv:28$3'.
No latch inferred for signal `\fp16_add.\lhs_exp' from process `\fp16_add.$proc$rtl/fp16_add.sv:28$3'.
No latch inferred for signal `\fp16_add.\rhs_exp' from process `\fp16_add.$proc$rtl/fp16_add.sv:28$3'.
No latch inferred for signal `\fp16_add.\large_exp' from process `\fp16_add.$proc$rtl/fp16_add.sv:28$3'.
No latch inferred for signal `\fp16_add.\small_exp' from process `\fp16_add.$proc$rtl/fp16_add.sv:28$3'.
No latch inferred for signal `\fp16_add.\lhs_frac' from process `\fp16_add.$proc$rtl/fp16_add.sv:28$3'.
No latch inferred for signal `\fp16_add.\rhs_frac' from process `\fp16_add.$proc$rtl/fp16_add.sv:28$3'.
No latch inferred for signal `\fp16_add.\lhs_sig' from process `\fp16_add.$proc$rtl/fp16_add.sv:28$3'.
No latch inferred for signal `\fp16_add.\rhs_sig' from process `\fp16_add.$proc$rtl/fp16_add.sv:28$3'.
No latch inferred for signal `\fp16_add.\large_sig' from process `\fp16_add.$proc$rtl/fp16_add.sv:28$3'.
No latch inferred for signal `\fp16_add.\small_sig' from process `\fp16_add.$proc$rtl/fp16_add.sv:28$3'.
No latch inferred for signal `\fp16_add.\large_ext' from process `\fp16_add.$proc$rtl/fp16_add.sv:28$3'.
No latch inferred for signal `\fp16_add.\small_ext' from process `\fp16_add.$proc$rtl/fp16_add.sv:28$3'.
No latch inferred for signal `\fp16_add.\magnitude_ext' from process `\fp16_add.$proc$rtl/fp16_add.sv:28$3'.
No latch inferred for signal `\fp16_add.\add_ext' from process `\fp16_add.$proc$rtl/fp16_add.sv:28$3'.
No latch inferred for signal `\fp16_add.\rounded_sig' from process `\fp16_add.$proc$rtl/fp16_add.sv:28$3'.
No latch inferred for signal `\fp16_add.\result_exp' from process `\fp16_add.$proc$rtl/fp16_add.sv:28$3'.
No latch inferred for signal `\fp16_add.\shift_amount' from process `\fp16_add.$proc$rtl/fp16_add.sv:28$3'.
No latch inferred for signal `\fp16_add.\normalize_step' from process `\fp16_add.$proc$rtl/fp16_add.sv:28$3'.
No latch inferred for signal `\fp16_add.\shift_right_sticky$func$rtl/fp16_add.sv:47$2.$result' from process `\fp16_add.$proc$rtl/fp16_add.sv:28$3'.
No latch inferred for signal `\fp16_add.\shift_right_sticky$func$rtl/fp16_add.sv:47$2.value' from process `\fp16_add.$proc$rtl/fp16_add.sv:28$3'.
No latch inferred for signal `\fp16_add.\shift_right_sticky$func$rtl/fp16_add.sv:47$2.amount' from process `\fp16_add.$proc$rtl/fp16_add.sv:28$3'.
No latch inferred for signal `\fp16_add.\shift_right_sticky$func$rtl/fp16_add.sv:47$2.sticky' from process `\fp16_add.$proc$rtl/fp16_add.sv:28$3'.

5.9. Executing PROC_DFF pass (convert process syncs to FFs).
Creating register for signal `\bank_normalization_apply.\result_valid_o' using process `\bank_normalization_apply.$proc$rtl/bank_normalization_apply.sv:32$239'.
  created $adff cell `$procdff$1265' with positive edge clock and positive level reset.
Creating register for signal `\bank_normalization_apply.\result_tag_o' using process `\bank_normalization_apply.$proc$rtl/bank_normalization_apply.sv:32$239'.
  created $adff cell `$procdff$1270' with positive edge clock and positive level reset.
Creating register for signal `\bank_normalization_apply.\result_data_o' using process `\bank_normalization_apply.$proc$rtl/bank_normalization_apply.sv:32$239'.
  created $adff cell `$procdff$1275' with positive edge clock and positive level reset.
Creating register for signal `\bank_normalization_apply.\result_last_o' using process `\bank_normalization_apply.$proc$rtl/bank_normalization_apply.sv:32$239'.
  created $adff cell `$procdff$1280' with positive edge clock and positive level reset.
Creating register for signal `\bank_normalization_apply.\context_error_o' using process `\bank_normalization_apply.$proc$rtl/bank_normalization_apply.sv:32$239'.
  created $adff cell `$procdff$1285' with positive edge clock and positive level reset.
Creating register for signal `\bank_normalization_apply.\config_active_q' using process `\bank_normalization_apply.$proc$rtl/bank_normalization_apply.sv:32$239'.
  created $adff cell `$procdff$1290' with positive edge clock and positive level reset.
Creating register for signal `\bank_normalization_apply.\mode_q' using process `\bank_normalization_apply.$proc$rtl/bank_normalization_apply.sv:32$239'.
  created $adff cell `$procdff$1295' with positive edge clock and positive level reset.
Creating register for signal `\bank_normalization_apply.\tag_q' using process `\bank_normalization_apply.$proc$rtl/bank_normalization_apply.sv:32$239'.
  created $adff cell `$procdff$1300' with positive edge clock and positive level reset.
Creating register for signal `\bank_normalization_apply.\mean_q' using process `\bank_normalization_apply.$proc$rtl/bank_normalization_apply.sv:32$239'.
  created $adff cell `$procdff$1305' with positive edge clock and positive level reset.
Creating register for signal `\bank_normalization_apply.\inv_q' using process `\bank_normalization_apply.$proc$rtl/bank_normalization_apply.sv:32$239'.
  created $adff cell `$procdff$1310' with positive edge clock and positive level reset.

5.10. Executing PROC_MEMWR pass (convert process memory writes to cells).

5.11. Executing PROC_CLEAN pass (remove empty switches from decision trees).
Found and cleaned up 5 empty switches in `\bank_normalization_apply.$proc$rtl/bank_normalization_apply.sv:32$239'.
Removing empty process `bank_normalization_apply.$proc$rtl/bank_normalization_apply.sv:32$239'.
Found and cleaned up 32 empty switches in `\fp16_mul.$proc$rtl/fp16_mul.sv:16$143'.
Removing empty process `fp16_mul.$proc$rtl/fp16_mul.sv:16$143'.
Found and cleaned up 26 empty switches in `\fp16_add.$proc$rtl/fp16_add.sv:28$3'.
Removing empty process `fp16_add.$proc$rtl/fp16_add.sv:28$3'.
Cleaned up 63 empty switches.

5.12. Executing OPT_EXPR pass (perform const folding).
Optimizing module bank_normalization_apply.
<suppressed ~20 debug messages>
Optimizing module fp16_mul.
<suppressed ~54 debug messages>
Optimizing module fp16_add.
<suppressed ~29 debug messages>

6. Executing OPT pass (performing simple optimizations).

6.1. Executing OPT_EXPR pass (perform const folding).
Optimizing module bank_normalization_apply.
Optimizing module fp16_mul.
Optimizing module fp16_add.

6.2. Executing OPT_MERGE pass (detect identical cells).
Finding identical cells in module `\bank_normalization_apply'.
<suppressed ~33 debug messages>
Finding identical cells in module `\fp16_mul'.
<suppressed ~69 debug messages>
Finding identical cells in module `\fp16_add'.
<suppressed ~30 debug messages>
Removed a total of 44 cells.

6.3. Executing OPT_MUXTREE pass (detect dead branches in mux trees).
Running muxtree optimizer on module \bank_normalization_apply..
  Creating internal representation of mux trees.
  Evaluating internal representation of mux trees.
  Analyzing evaluation results.
Running muxtree optimizer on module \fp16_mul..
  Creating internal representation of mux trees.
  Evaluating internal representation of mux trees.
  Analyzing evaluation results.
    dead port 1/2 on $mux $procmux$783.
    dead port 2/2 on $mux $procmux$783.
    dead port 1/2 on $mux $procmux$777.
    dead port 2/2 on $mux $procmux$777.
    dead port 1/2 on $mux $procmux$774.
    dead port 2/2 on $mux $procmux$774.
    dead port 1/2 on $mux $procmux$771.
    dead port 2/2 on $mux $procmux$771.
    dead port 1/2 on $mux $procmux$768.
    dead port 2/2 on $mux $procmux$768.
    dead port 1/2 on $mux $procmux$762.
    dead port 2/2 on $mux $procmux$762.
    dead port 1/2 on $mux $procmux$759.
    dead port 2/2 on $mux $procmux$759.
    dead port 1/2 on $mux $procmux$750.
    dead port 2/2 on $mux $procmux$750.
    dead port 1/2 on $mux $procmux$747.
    dead port 2/2 on $mux $procmux$747.
    dead port 1/2 on $mux $procmux$744.
    dead port 2/2 on $mux $procmux$744.
    dead port 1/2 on $mux $procmux$741.
    dead port 2/2 on $mux $procmux$741.
    dead port 1/2 on $mux $procmux$738.
    dead port 2/2 on $mux $procmux$738.
    dead port 1/2 on $mux $procmux$735.
    dead port 2/2 on $mux $procmux$735.
    dead port 1/2 on $mux $procmux$732.
    dead port 2/2 on $mux $procmux$732.
    dead port 1/2 on $mux $procmux$729.
    dead port 2/2 on $mux $procmux$729.
    dead port 1/2 on $mux $procmux$726.
    dead port 1/2 on $mux $procmux$720.
    dead port 2/2 on $mux $procmux$720.
    dead port 1/2 on $mux $procmux$717.
    dead port 2/2 on $mux $procmux$717.
    dead port 1/2 on $mux $procmux$714.
    dead port 2/2 on $mux $procmux$714.
    dead port 1/2 on $mux $procmux$702.
    dead port 2/2 on $mux $procmux$702.
    dead port 1/2 on $mux $procmux$699.
    dead port 2/2 on $mux $procmux$699.
    dead port 1/2 on $mux $procmux$696.
    dead port 2/2 on $mux $procmux$696.
    dead port 1/2 on $mux $procmux$693.
    dead port 2/2 on $mux $procmux$693.
    dead port 1/2 on $mux $procmux$690.
    dead port 2/2 on $mux $procmux$690.
    dead port 1/2 on $mux $procmux$687.
    dead port 2/2 on $mux $procmux$687.
    dead port 1/2 on $mux $procmux$684.
    dead port 2/2 on $mux $procmux$684.
    dead port 1/2 on $mux $procmux$681.
    dead port 2/2 on $mux $procmux$681.
    dead port 1/2 on $mux $procmux$678.
    dead port 2/2 on $mux $procmux$678.
    dead port 1/2 on $mux $procmux$675.
    dead port 2/2 on $mux $procmux$675.
    dead port 1/2 on $mux $procmux$672.
    dead port 2/2 on $mux $procmux$672.
    dead port 1/2 on $mux $procmux$669.
    dead port 2/2 on $mux $procmux$669.
    dead port 1/2 on $mux $procmux$666.
    dead port 1/2 on $mux $procmux$663.
    dead port 1/2 on $mux $procmux$657.
    dead port 2/2 on $mux $procmux$657.
    dead port 1/2 on $mux $procmux$654.
    dead port 2/2 on $mux $procmux$654.
    dead port 1/2 on $mux $procmux$651.
    dead port 2/2 on $mux $procmux$651.
    dead port 1/2 on $mux $procmux$648.
    dead port 2/2 on $mux $procmux$648.
    dead port 1/2 on $mux $procmux$633.
    dead port 2/2 on $mux $procmux$633.
    dead port 1/2 on $mux $procmux$630.
    dead port 2/2 on $mux $procmux$630.
    dead port 1/2 on $mux $procmux$627.
    dead port 2/2 on $mux $procmux$627.
    dead port 1/2 on $mux $procmux$624.
    dead port 2/2 on $mux $procmux$624.
    dead port 1/2 on $mux $procmux$621.
    dead port 2/2 on $mux $procmux$621.
    dead port 1/2 on $mux $procmux$618.
    dead port 2/2 on $mux $procmux$618.
    dead port 1/2 on $mux $procmux$615.
    dead port 2/2 on $mux $procmux$615.
    dead port 1/2 on $mux $procmux$612.
    dead port 2/2 on $mux $procmux$612.
    dead port 1/2 on $mux $procmux$609.
    dead port 2/2 on $mux $procmux$609.
    dead port 1/2 on $mux $procmux$606.
    dead port 2/2 on $mux $procmux$606.
    dead port 1/2 on $mux $procmux$603.
    dead port 2/2 on $mux $procmux$603.
    dead port 1/2 on $mux $procmux$600.
    dead port 2/2 on $mux $procmux$600.
    dead port 1/2 on $mux $procmux$597.
    dead port 2/2 on $mux $procmux$597.
    dead port 1/2 on $mux $procmux$594.
    dead port 2/2 on $mux $procmux$594.
    dead port 1/2 on $mux $procmux$591.
    dead port 2/2 on $mux $procmux$591.
    dead port 1/2 on $mux $procmux$588.
    dead port 2/2 on $mux $procmux$588.
    dead port 1/2 on $mux $procmux$585.
    dead port 1/2 on $mux $procmux$582.
    dead port 1/2 on $mux $procmux$579.
    dead port 1/2 on $mux $procmux$558.
    dead port 2/2 on $mux $procmux$558.
    dead port 1/2 on $mux $procmux$555.
    dead port 2/2 on $mux $procmux$555.
    dead port 1/2 on $mux $procmux$552.
    dead port 2/2 on $mux $procmux$552.
    dead port 1/2 on $mux $procmux$549.
    dead port 2/2 on $mux $procmux$549.
    dead port 1/2 on $mux $procmux$546.
    dead port 2/2 on $mux $procmux$546.
    dead port 1/2 on $mux $procmux$543.
    dead port 2/2 on $mux $procmux$543.
    dead port 1/2 on $mux $procmux$540.
    dead port 2/2 on $mux $procmux$540.
    dead port 1/2 on $mux $procmux$537.
    dead port 2/2 on $mux $procmux$537.
    dead port 1/2 on $mux $procmux$534.
    dead port 2/2 on $mux $procmux$534.
    dead port 1/2 on $mux $procmux$531.
    dead port 2/2 on $mux $procmux$531.
    dead port 1/2 on $mux $procmux$528.
    dead port 2/2 on $mux $procmux$528.
    dead port 1/2 on $mux $procmux$525.
    dead port 2/2 on $mux $procmux$525.
    dead port 1/2 on $mux $procmux$522.
    dead port 2/2 on $mux $procmux$522.
    dead port 1/2 on $mux $procmux$519.
    dead port 2/2 on $mux $procmux$519.
    dead port 1/2 on $mux $procmux$516.
    dead port 2/2 on $mux $procmux$516.
    dead port 1/2 on $mux $procmux$513.
    dead port 2/2 on $mux $procmux$513.
    dead port 1/2 on $mux $procmux$510.
    dead port 2/2 on $mux $procmux$510.
    dead port 1/2 on $mux $procmux$507.
    dead port 2/2 on $mux $procmux$507.
    dead port 1/2 on $mux $procmux$504.
    dead port 2/2 on $mux $procmux$504.
    dead port 1/2 on $mux $procmux$501.
    dead port 2/2 on $mux $procmux$501.
    dead port 1/2 on $mux $procmux$498.
    dead port 1/2 on $mux $procmux$495.
    dead port 1/2 on $mux $procmux$492.
    dead port 1/2 on $mux $procmux$489.
    dead port 1/2 on $mux $procmux$483.
    dead port 2/2 on $mux $procmux$483.
    dead port 1/2 on $mux $procmux$480.
    dead port 2/2 on $mux $procmux$480.
    dead port 1/2 on $mux $procmux$477.
    dead port 2/2 on $mux $procmux$477.
    dead port 1/2 on $mux $procmux$474.
    dead port 2/2 on $mux $procmux$474.
    dead port 1/2 on $mux $procmux$471.
    dead port 2/2 on $mux $procmux$471.
    dead port 1/2 on $mux $procmux$468.
    dead port 2/2 on $mux $procmux$468.
    dead port 1/2 on $mux $procmux$465.
    dead port 2/2 on $mux $procmux$465.
    dead port 1/2 on $mux $procmux$462.
    dead port 2/2 on $mux $procmux$462.
    dead port 1/2 on $mux $procmux$459.
    dead port 2/2 on $mux $procmux$459.
    dead port 1/2 on $mux $procmux$456.
    dead port 2/2 on $mux $procmux$456.
    dead port 1/2 on $mux $procmux$454.
    dead port 2/2 on $mux $procmux$454.
    dead port 1/2 on $mux $procmux$450.
    dead port 2/2 on $mux $procmux$450.
    dead port 1/2 on $mux $procmux$447.
    dead port 2/2 on $mux $procmux$447.
    dead port 1/2 on $mux $procmux$444.
    dead port 2/2 on $mux $procmux$444.
    dead port 1/2 on $mux $procmux$441.
    dead port 2/2 on $mux $procmux$441.
    dead port 1/2 on $mux $procmux$438.
    dead port 2/2 on $mux $procmux$438.
    dead port 1/2 on $mux $procmux$436.
    dead port 2/2 on $mux $procmux$436.
    dead port 1/2 on $mux $procmux$414.
    dead port 1/2 on $mux $procmux$411.
    dead port 1/2 on $mux $procmux$408.
    dead port 1/2 on $mux $procmux$405.
    dead port 2/2 on $mux $procmux$402.
    dead port 1/2 on $mux $procmux$378.
    dead port 2/2 on $mux $procmux$378.
    dead port 1/2 on $mux $procmux$375.
    dead port 2/2 on $mux $procmux$375.
    dead port 1/2 on $mux $procmux$372.
    dead port 2/2 on $mux $procmux$372.
    dead port 1/2 on $mux $procmux$369.
    dead port 2/2 on $mux $procmux$369.
    dead port 1/2 on $mux $procmux$366.
    dead port 2/2 on $mux $procmux$366.
    dead port 1/2 on $mux $procmux$364.
    dead port 2/2 on $mux $procmux$364.
    dead port 1/2 on $mux $procmux$360.
    dead port 1/2 on $mux $procmux$357.
    dead port 1/2 on $mux $procmux$354.
    dead port 1/2 on $mux $procmux$351.
    dead port 2/2 on $mux $procmux$348.
    dead port 1/2 on $mux $procmux$342.
    dead port 2/2 on $mux $procmux$342.
    dead port 1/2 on $mux $procmux$339.
    dead port 2/2 on $mux $procmux$339.
    dead port 1/2 on $mux $procmux$336.
    dead port 2/2 on $mux $procmux$336.
    dead port 1/2 on $mux $procmux$333.
    dead port 2/2 on $mux $procmux$333.
    dead port 1/2 on $mux $procmux$330.
    dead port 2/2 on $mux $procmux$330.
    dead port 1/2 on $mux $procmux$327.
    dead port 2/2 on $mux $procmux$327.
    dead port 1/2 on $mux $procmux$324.
    dead port 2/2 on $mux $procmux$324.
    dead port 1/2 on $mux $procmux$321.
    dead port 2/2 on $mux $procmux$321.
    dead port 1/2 on $mux $procmux$318.
    dead port 2/2 on $mux $procmux$318.
    dead port 1/2 on $mux $procmux$315.
    dead port 2/2 on $mux $procmux$315.
    dead port 1/2 on $mux $procmux$312.
    dead port 2/2 on $mux $procmux$312.
    dead port 1/2 on $mux $procmux$309.
    dead port 2/2 on $mux $procmux$309.
    dead port 1/2 on $mux $procmux$288.
    dead port 1/2 on $mux $procmux$285.
    dead port 1/2 on $mux $procmux$282.
    dead port 1/2 on $mux $procmux$279.
    dead port 1/2 on $mux $procmux$276.
Running muxtree optimizer on module \fp16_add..
  Creating internal representation of mux trees.
  Evaluating internal representation of mux trees.
      Replacing known input bits on port A of cell $procmux$938: $add$rtl/fp16_add.sv:69$110_Y -> { 1'0 $add$rtl/fp16_add.sv:69$110_Y [10:0] }
      Replacing known input bits on port B of cell $procmux$938: $shr$rtl/fp16_add.sv:71$111_Y -> { $shr$rtl/fp16_add.sv:71$111_Y [11] 1'1 $shr$rtl/fp16_add.sv:71$111_Y [9:0] }
      Replacing known input bits on port B of cell $procmux$1098: $add$rtl/fp16_add.sv:52$38_Y [14:2] -> { 1'1 $add$rtl/fp16_add.sv:52$38_Y [13:2] }
  Analyzing evaluation results.
    dead port 1/2 on $mux $procmux$950.
    dead port 1/2 on $mux $procmux$944.
    dead port 1/2 on $mux $procmux$929.
    dead port 1/2 on $mux $procmux$923.
    dead port 1/2 on $mux $procmux$920.
    dead port 1/2 on $mux $procmux$914.
    dead port 1/2 on $mux $procmux$911.
    dead port 1/2 on $mux $procmux$908.
    dead port 1/2 on $mux $procmux$902.
    dead port 1/2 on $mux $procmux$899.
    dead port 1/2 on $mux $procmux$896.
    dead port 1/2 on $mux $procmux$893.
    dead port 1/2 on $mux $procmux$887.
    dead port 1/2 on $mux $procmux$884.
    dead port 1/2 on $mux $procmux$881.
    dead port 1/2 on $mux $procmux$878.
    dead port 1/2 on $mux $procmux$875.
    dead port 1/2 on $mux $procmux$869.
    dead port 1/2 on $mux $procmux$866.
    dead port 1/2 on $mux $procmux$863.
    dead port 1/2 on $mux $procmux$860.
    dead port 1/2 on $mux $procmux$857.
    dead port 1/2 on $mux $procmux$854.
    dead port 1/2 on $mux $procmux$1124.
    dead port 2/2 on $mux $procmux$1124.
    dead port 1/2 on $mux $procmux$1121.
    dead port 2/2 on $mux $procmux$1121.
    dead port 1/2 on $mux $procmux$1130.
    dead port 1/2 on $mux $procmux$1136.
    dead port 1/2 on $mux $procmux$1139.
    dead port 2/2 on $mux $procmux$1139.
    dead port 1/2 on $mux $procmux$1142.
    dead port 2/2 on $mux $procmux$1142.
    dead port 1/2 on $mux $procmux$1148.
    dead port 2/2 on $mux $procmux$1148.
    dead port 2/2 on $mux $procmux$1112.
    dead port 2/2 on $mux $procmux$1106.
    dead port 2/2 on $mux $procmux$1100.
Removed 273 multiplexer ports.
<suppressed ~60 debug messages>

6.4. Executing OPT_REDUCE pass (consolidate $*mux and $reduce_* inputs).
  Optimizing cells in module \bank_normalization_apply.
  Optimizing cells in module \fp16_mul.
  Optimizing cells in module \fp16_add.
    New input vector for $reduce_or cell $reduce_or$rtl/fp16_add.sv:10$30: $procmux$1151_Y
  Optimizing cells in module \fp16_add.
Performed a total of 1 changes.

6.5. Executing OPT_MERGE pass (detect identical cells).
Finding identical cells in module `\bank_normalization_apply'.
Finding identical cells in module `\fp16_mul'.
Finding identical cells in module `\fp16_add'.
<suppressed ~12 debug messages>
Removed a total of 4 cells.

6.6. Executing OPT_DFF pass (perform DFF optimizations).
Adding EN signal on $procdff$1305 ($adff) from module bank_normalization_apply (D = \config_mean_i, Q = \mean_q).
Adding EN signal on $procdff$1280 ($adff) from module bank_normalization_apply (D = \element_last_i, Q = \result_last_o).
Adding EN signal on $procdff$1310 ($adff) from module bank_normalization_apply (D = \config_inv_std_i, Q = \inv_q).
Adding EN signal on $procdff$1265 ($adff) from module bank_normalization_apply (D = $procmux$270_Y, Q = \result_valid_o).
Adding EN signal on $procdff$1300 ($adff) from module bank_normalization_apply (D = \config_tag_i, Q = \tag_q).
Adding EN signal on $procdff$1295 ($adff) from module bank_normalization_apply (D = \config_rms_norm_i, Q = \mode_q).
Adding EN signal on $procdff$1270 ($adff) from module bank_normalization_apply (D = \tag_q, Q = \result_tag_o).
Adding EN signal on $procdff$1275 ($adff) from module bank_normalization_apply (D = \shifted, Q = \result_data_o).

6.7. Executing OPT_CLEAN pass (remove unused cells and wires).
Finding unused cells or wires in module \bank_normalization_apply..
Finding unused cells or wires in module \fp16_mul..
Finding unused cells or wires in module \fp16_add..
Removed 27 unused cells and 826 unused wires.
<suppressed ~38 debug messages>

6.8. Executing OPT_EXPR pass (perform const folding).
Optimizing module bank_normalization_apply.
<suppressed ~1 debug messages>
Optimizing module fp16_add.
Optimizing module fp16_mul.

6.9. Rerunning OPT passes. (Maybe there is more to do..)

6.10. Executing OPT_MUXTREE pass (detect dead branches in mux trees).
Running muxtree optimizer on module \bank_normalization_apply..
  Creating internal representation of mux trees.
  Evaluating internal representation of mux trees.
  Analyzing evaluation results.
Running muxtree optimizer on module \fp16_add..
  Creating internal representation of mux trees.
  Evaluating internal representation of mux trees.
  Analyzing evaluation results.
Running muxtree optimizer on module \fp16_mul..
  Creating internal representation of mux trees.
  Evaluating internal representation of mux trees.
  Analyzing evaluation results.
Removed 0 multiplexer ports.
<suppressed ~51 debug messages>

6.11. Executing OPT_REDUCE pass (consolidate $*mux and $reduce_* inputs).
  Optimizing cells in module \bank_normalization_apply.
  Optimizing cells in module \fp16_add.
  Optimizing cells in module \fp16_mul.
Performed a total of 0 changes.

6.12. Executing OPT_MERGE pass (detect identical cells).
Finding identical cells in module `\bank_normalization_apply'.
Finding identical cells in module `\fp16_add'.
Finding identical cells in module `\fp16_mul'.
Removed a total of 0 cells.

6.13. Executing OPT_DFF pass (perform DFF optimizations).

6.14. Executing OPT_CLEAN pass (remove unused cells and wires).
Finding unused cells or wires in module \bank_normalization_apply..
Finding unused cells or wires in module \fp16_add..
Finding unused cells or wires in module \fp16_mul..

6.15. Executing OPT_EXPR pass (perform const folding).
Optimizing module bank_normalization_apply.
Optimizing module fp16_add.
Optimizing module fp16_mul.

6.16. Finished OPT passes. (There is nothing left to do.)

7. Executing TECHMAP pass (map to technology primitives).

7.1. Executing Verilog-2005 frontend: /home/chandler/.local/yosys/usr/bin/../share/yosys/techmap.v
Parsing Verilog input from `/home/chandler/.local/yosys/usr/bin/../share/yosys/techmap.v' to AST representation.
Generating RTLIL representation for module `\_90_simplemap_bool_ops'.
Generating RTLIL representation for module `\_90_simplemap_reduce_ops'.
Generating RTLIL representation for module `\_90_simplemap_logic_ops'.
Generating RTLIL representation for module `\_90_simplemap_compare_ops'.
Generating RTLIL representation for module `\_90_simplemap_various'.
Generating RTLIL representation for module `\_90_simplemap_registers'.
Generating RTLIL representation for module `\_90_shift_ops_shr_shl_sshl_sshr'.
Generating RTLIL representation for module `\_90_shift_shiftx'.
Generating RTLIL representation for module `\_90_fa'.
Generating RTLIL representation for module `\_90_lcu_brent_kung'.
Generating RTLIL representation for module `\_90_alu'.
Generating RTLIL representation for module `\_90_macc'.
Generating RTLIL representation for module `\_90_alumacc'.
Generating RTLIL representation for module `\$__div_mod_u'.
Generating RTLIL representation for module `\$__div_mod_trunc'.
Generating RTLIL representation for module `\_90_div'.
Generating RTLIL representation for module `\_90_mod'.
Generating RTLIL representation for module `\$__div_mod_floor'.
Generating RTLIL representation for module `\_90_divfloor'.
Generating RTLIL representation for module `\_90_modfloor'.
Generating RTLIL representation for module `\_90_pow'.
Generating RTLIL representation for module `\_90_pmux'.
Generating RTLIL representation for module `\_90_demux'.
Generating RTLIL representation for module `\_90_lut'.
Successfully finished Verilog frontend.

7.2. Continuing TECHMAP pass.
Using extmapper simplemap for cells of type $xor.
Using extmapper simplemap for cells of type $reduce_bool.
Running "alumacc" on wrapper $extern:wrap:$mul:A_SIGNED=0:A_WIDTH=11:B_SIGNED=0:B_WIDTH=11:Y_WIDTH=22:394426c56d1a028ba8fdd5469b163e04011def47.
Using template $extern:wrap:$mul:A_SIGNED=0:A_WIDTH=11:B_SIGNED=0:B_WIDTH=11:Y_WIDTH=22:394426c56d1a028ba8fdd5469b163e04011def47 for cells of type $extern:wrap:$mul:A_SIGNED=0:A_WIDTH=11:B_SIGNED=0:B_WIDTH=11:Y_WIDTH=22:394426c56d1a028ba8fdd5469b163e04011def47.
Running "alumacc" on wrapper $extern:wrap:$sub:A_SIGNED=0:A_WIDTH=5:B_SIGNED=0:B_WIDTH=32:Y_WIDTH=32:394426c56d1a028ba8fdd5469b163e04011def47.
Using template $extern:wrap:$sub:A_SIGNED=0:A_WIDTH=5:B_SIGNED=0:B_WIDTH=32:Y_WIDTH=32:394426c56d1a028ba8fdd5469b163e04011def47 for cells of type $extern:wrap:$sub:A_SIGNED=0:A_WIDTH=5:B_SIGNED=0:B_WIDTH=32:Y_WIDTH=32:394426c56d1a028ba8fdd5469b163e04011def47.
Using extmapper simplemap for cells of type $mux.
Running "alumacc" on wrapper $extern:wrap:$sub:A_SIGNED=1:A_WIDTH=32:B_SIGNED=1:B_WIDTH=32:Y_WIDTH=32:394426c56d1a028ba8fdd5469b163e04011def47.
Using template $extern:wrap:$sub:A_SIGNED=1:A_WIDTH=32:B_SIGNED=1:B_WIDTH=32:Y_WIDTH=32:394426c56d1a028ba8fdd5469b163e04011def47 for cells of type $extern:wrap:$sub:A_SIGNED=1:A_WIDTH=32:B_SIGNED=1:B_WIDTH=32:Y_WIDTH=32:394426c56d1a028ba8fdd5469b163e04011def47.
Running "alumacc" on wrapper $extern:wrap:$add:A_SIGNED=1:A_WIDTH=32:B_SIGNED=1:B_WIDTH=32:Y_WIDTH=32:394426c56d1a028ba8fdd5469b163e04011def47.
Using template $extern:wrap:$add:A_SIGNED=1:A_WIDTH=32:B_SIGNED=1:B_WIDTH=32:Y_WIDTH=32:394426c56d1a028ba8fdd5469b163e04011def47 for cells of type $extern:wrap:$add:A_SIGNED=1:A_WIDTH=32:B_SIGNED=1:B_WIDTH=32:Y_WIDTH=32:394426c56d1a028ba8fdd5469b163e04011def47.
Using extmapper simplemap for cells of type $logic_and.
Using extmapper simplemap for cells of type $logic_or.
Using extmapper simplemap for cells of type $eq.
Using extmapper simplemap for cells of type $logic_not.
Running "alumacc" on wrapper $extern:wrap:$ge:A_SIGNED=1:A_WIDTH=32:B_SIGNED=1:B_WIDTH=32:Y_WIDTH=1:394426c56d1a028ba8fdd5469b163e04011def47.
Using template $extern:wrap:$ge:A_SIGNED=1:A_WIDTH=32:B_SIGNED=1:B_WIDTH=32:Y_WIDTH=1:394426c56d1a028ba8fdd5469b163e04011def47 for cells of type $extern:wrap:$ge:A_SIGNED=1:A_WIDTH=32:B_SIGNED=1:B_WIDTH=32:Y_WIDTH=1:394426c56d1a028ba8fdd5469b163e04011def47.
Running "alumacc" on wrapper $extern:wrap:$gt:A_SIGNED=1:A_WIDTH=32:B_SIGNED=1:B_WIDTH=32:Y_WIDTH=1:394426c56d1a028ba8fdd5469b163e04011def47.
Using template $extern:wrap:$gt:A_SIGNED=1:A_WIDTH=32:B_SIGNED=1:B_WIDTH=32:Y_WIDTH=1:394426c56d1a028ba8fdd5469b163e04011def47 for cells of type $extern:wrap:$gt:A_SIGNED=1:A_WIDTH=32:B_SIGNED=1:B_WIDTH=32:Y_WIDTH=1:394426c56d1a028ba8fdd5469b163e04011def47.
Using template $paramod$constmap:53ee095996d0c6f4ac3fd5001b136d5e1c026e8f$paramod$f65eafa5dd6b7187cb333238e30c5a01d76aa221\_90_shift_ops_shr_shl_sshl_sshr for cells of type $shr.
Using template $paramod$constmap:07ce017e42f9b3ec61265190f5db4857479fd78f$paramod$ba4683647da2a9c1dc978a7570c9df540bdc26c1\_90_shift_ops_shr_shl_sshl_sshr for cells of type $shl.
Running "alumacc" on wrapper $extern:wrap:$sub:A_SIGNED=0:A_WIDTH=64:B_SIGNED=0:B_WIDTH=1:Y_WIDTH=64:394426c56d1a028ba8fdd5469b163e04011def47.
Using template $extern:wrap:$sub:A_SIGNED=0:A_WIDTH=64:B_SIGNED=0:B_WIDTH=1:Y_WIDTH=64:394426c56d1a028ba8fdd5469b163e04011def47 for cells of type $extern:wrap:$sub:A_SIGNED=0:A_WIDTH=64:B_SIGNED=0:B_WIDTH=1:Y_WIDTH=64:394426c56d1a028ba8fdd5469b163e04011def47.
Using template $paramod$constmap:89710097e0162faa1c5399b4835bd704c30f89ef$paramod$96a1f97fa9eb3187f2c43482242c53202d0445c9\_90_shift_shiftx for cells of type $shiftx.
Using extmapper simplemap for cells of type $and.
Running "alumacc" on wrapper $extern:wrap:$add:A_SIGNED=0:A_WIDTH=64:B_SIGNED=0:B_WIDTH=1:Y_WIDTH=64:394426c56d1a028ba8fdd5469b163e04011def47.
Using template $extern:wrap:$add:A_SIGNED=0:A_WIDTH=64:B_SIGNED=0:B_WIDTH=1:Y_WIDTH=64:394426c56d1a028ba8fdd5469b163e04011def47 for cells of type $extern:wrap:$add:A_SIGNED=0:A_WIDTH=64:B_SIGNED=0:B_WIDTH=1:Y_WIDTH=64:394426c56d1a028ba8fdd5469b163e04011def47.
Running "alumacc" on wrapper $extern:wrap:$neg:A_SIGNED=0:A_WIDTH=32:Y_WIDTH=32:394426c56d1a028ba8fdd5469b163e04011def47.
Using template $extern:wrap:$neg:A_SIGNED=0:A_WIDTH=32:Y_WIDTH=32:394426c56d1a028ba8fdd5469b163e04011def47 for cells of type $extern:wrap:$neg:A_SIGNED=0:A_WIDTH=32:Y_WIDTH=32:394426c56d1a028ba8fdd5469b163e04011def47.
Analyzing pattern of constant bits for this cell:
  Constant input on bit 22 of port A: 1'0
  Constant input on bit 23 of port A: 1'0
  Constant input on bit 24 of port A: 1'0
  Constant input on bit 25 of port A: 1'0
  Constant input on bit 26 of port A: 1'0
  Constant input on bit 27 of port A: 1'0
  Constant input on bit 28 of port A: 1'0
  Constant input on bit 29 of port A: 1'0
  Constant input on bit 30 of port A: 1'0
  Constant input on bit 31 of port A: 1'0
  Constant input on bit 32 of port A: 1'0
  Constant input on bit 33 of port A: 1'0
  Constant input on bit 34 of port A: 1'0
  Constant input on bit 35 of port A: 1'0
  Constant input on bit 36 of port A: 1'0
  Constant input on bit 37 of port A: 1'0
  Constant input on bit 38 of port A: 1'0
  Constant input on bit 39 of port A: 1'0
  Constant input on bit 40 of port A: 1'0
  Constant input on bit 41 of port A: 1'0
  Constant input on bit 42 of port A: 1'0
  Constant input on bit 43 of port A: 1'0
  Constant input on bit 44 of port A: 1'0
  Constant input on bit 45 of port A: 1'0
  Constant input on bit 46 of port A: 1'0
  Constant input on bit 47 of port A: 1'0
  Constant input on bit 48 of port A: 1'0
  Constant input on bit 49 of port A: 1'0
  Constant input on bit 50 of port A: 1'0
  Constant input on bit 51 of port A: 1'0
  Constant input on bit 52 of port A: 1'0
  Constant input on bit 53 of port A: 1'0
  Constant input on bit 54 of port A: 1'0
  Constant input on bit 55 of port A: 1'0
  Constant input on bit 56 of port A: 1'0
  Constant input on bit 57 of port A: 1'0
  Constant input on bit 58 of port A: 1'0
  Constant input on bit 59 of port A: 1'0
  Constant input on bit 60 of port A: 1'0
  Constant input on bit 61 of port A: 1'0
  Constant input on bit 62 of port A: 1'0
  Constant input on bit 63 of port A: 1'0
Creating constmapped module `$paramod$constmap:53ee095996d0c6f4ac3fd5001b136d5e1c026e8f$paramod$ba4683647da2a9c1dc978a7570c9df540bdc26c1\_90_shift_ops_shr_shl_sshl_sshr'.

7.36. Executing OPT_MUXTREE pass (detect dead branches in mux trees).
Running muxtree optimizer on module $paramod$constmap:53ee095996d0c6f4ac3fd5001b136d5e1c026e8f$paramod$ba4683647da2a9c1dc978a7570c9df540bdc26c1\_90_shift_ops_shr_shl_sshl_sshr..
  Creating internal representation of mux trees.
  No muxes found in this module.
Removed 0 multiplexer ports.
<suppressed ~2931 debug messages>

7.37. Executing OPT_EXPR pass (perform const folding).
Optimizing module $paramod$constmap:53ee095996d0c6f4ac3fd5001b136d5e1c026e8f$paramod$ba4683647da2a9c1dc978a7570c9df540bdc26c1\_90_shift_ops_shr_shl_sshl_sshr.
<suppressed ~643 debug messages>
Removed 0 unused cells and 11 unused wires.
Using template $paramod$constmap:53ee095996d0c6f4ac3fd5001b136d5e1c026e8f$paramod$ba4683647da2a9c1dc978a7570c9df540bdc26c1\_90_shift_ops_shr_shl_sshl_sshr for cells of type $shl.
Running "alumacc" on wrapper $extern:wrap:$ge:A_SIGNED=0:A_WIDTH=64:B_SIGNED=0:B_WIDTH=32:Y_WIDTH=1:394426c56d1a028ba8fdd5469b163e04011def47.
Using template $extern:wrap:$ge:A_SIGNED=0:A_WIDTH=64:B_SIGNED=0:B_WIDTH=32:Y_WIDTH=1:394426c56d1a028ba8fdd5469b163e04011def47 for cells of type $extern:wrap:$ge:A_SIGNED=0:A_WIDTH=64:B_SIGNED=0:B_WIDTH=32:Y_WIDTH=1:394426c56d1a028ba8fdd5469b163e04011def47.
Running "alumacc" on wrapper $extern:wrap:$neg:A_SIGNED=1:A_WIDTH=32:Y_WIDTH=32:394426c56d1a028ba8fdd5469b163e04011def47.
Using template $extern:wrap:$neg:A_SIGNED=1:A_WIDTH=32:Y_WIDTH=32:394426c56d1a028ba8fdd5469b163e04011def47 for cells of type $extern:wrap:$neg:A_SIGNED=1:A_WIDTH=32:Y_WIDTH=32:394426c56d1a028ba8fdd5469b163e04011def47.
Using template $paramod$b0777dc865134c8525a4aa84de8cfa938974cad1\_90_alu for cells of type $alu.
Using extmapper maccmap for cells of type $macc_v2.
  add { \lhs_sig [10] \lhs_i [9:0] } * { \rhs_sig [10] \rhs_i [9:0] } (11x11 bits, unsigned)
Using extmapper simplemap for cells of type $not.
Using template $paramod$2653f68ddb8eab7b1907b4a20767b72a824a7a36\_90_alu for cells of type $alu.
Using extmapper simplemap for cells of type $reduce_and.
Using extmapper simplemap for cells of type $or.
Using template $paramod$54969db7f41ab9ffc93887c2d8e2d7f68e10b42f\_90_alu for cells of type $alu.
Using template $paramod$cc80a4e89b0341cb117f5d28b0e7244620640141\_90_alu for cells of type $alu.
Using template $paramod$c6baa65225090ac0a120feab1b920965244aa496\_90_alu for cells of type $alu.
Using template $paramod$425066d11b1a6f068ec157e714ae99280dc1b91b\_90_alu for cells of type $alu.
Using template $paramod\_90_lcu_brent_kung\WIDTH=32'00000000000000000000000000100000 for cells of type $lcu.
Using extmapper simplemap for cells of type $pos.
Using template $paramod\_90_fa\WIDTH=32'00000000000000000000000000010110 for cells of type $fa.
Using template $paramod$e161c1674351796cd6dd381e70ff05458bfe7755\_90_alu for cells of type $alu.
Using template $paramod\_90_lcu_brent_kung\WIDTH=32'00000000000000000000000001000000 for cells of type $lcu.
Using template $paramod\_90_lcu_brent_kung\WIDTH=32'00000000000000000000000000010110 for cells of type $lcu.
Running "alumacc" on wrapper $extern:wrap:$gt:A_SIGNED=0:A_WIDTH=16:B_SIGNED=0:B_WIDTH=16:Y_WIDTH=1:394426c56d1a028ba8fdd5469b163e04011def47.
Using template $extern:wrap:$gt:A_SIGNED=0:A_WIDTH=16:B_SIGNED=0:B_WIDTH=16:Y_WIDTH=1:394426c56d1a028ba8fdd5469b163e04011def47 for cells of type $extern:wrap:$gt:A_SIGNED=0:A_WIDTH=16:B_SIGNED=0:B_WIDTH=16:Y_WIDTH=1:394426c56d1a028ba8fdd5469b163e04011def47.
Running "alumacc" on wrapper $extern:wrap:$sub:A_SIGNED=0:A_WIDTH=5:B_SIGNED=0:B_WIDTH=5:Y_WIDTH=32:394426c56d1a028ba8fdd5469b163e04011def47.
Using template $extern:wrap:$sub:A_SIGNED=0:A_WIDTH=5:B_SIGNED=0:B_WIDTH=5:Y_WIDTH=32:394426c56d1a028ba8fdd5469b163e04011def47 for cells of type $extern:wrap:$sub:A_SIGNED=0:A_WIDTH=5:B_SIGNED=0:B_WIDTH=5:Y_WIDTH=32:394426c56d1a028ba8fdd5469b163e04011def47.
Running "alumacc" on wrapper $extern:wrap:$le:A_SIGNED=1:A_WIDTH=32:B_SIGNED=1:B_WIDTH=32:Y_WIDTH=1:394426c56d1a028ba8fdd5469b163e04011def47.
Using template $extern:wrap:$le:A_SIGNED=1:A_WIDTH=32:B_SIGNED=1:B_WIDTH=32:Y_WIDTH=1:394426c56d1a028ba8fdd5469b163e04011def47 for cells of type $extern:wrap:$le:A_SIGNED=1:A_WIDTH=32:B_SIGNED=1:B_WIDTH=32:Y_WIDTH=1:394426c56d1a028ba8fdd5469b163e04011def47.
Using template $paramod$constmap:00b624ee35087875db724a0f6654fc741103ec82$paramod$1be94b27a187453affd7cf6c50c402a7a1607665\_90_shift_ops_shr_shl_sshl_sshr for cells of type $shl.
Running "alumacc" on wrapper $extern:wrap:$sub:A_SIGNED=0:A_WIDTH=14:B_SIGNED=0:B_WIDTH=1:Y_WIDTH=14:394426c56d1a028ba8fdd5469b163e04011def47.
Using template $extern:wrap:$sub:A_SIGNED=0:A_WIDTH=14:B_SIGNED=0:B_WIDTH=1:Y_WIDTH=14:394426c56d1a028ba8fdd5469b163e04011def47 for cells of type $extern:wrap:$sub:A_SIGNED=0:A_WIDTH=14:B_SIGNED=0:B_WIDTH=1:Y_WIDTH=14:394426c56d1a028ba8fdd5469b163e04011def47.
Using template $paramod$constmap:71f23406aeeb064ff6658d2cf7d5cd0c73287106$paramod$10d34890fc0a590416fb0bd5f2405603d3bc2a8b\_90_shift_ops_shr_shl_sshl_sshr for cells of type $shr.
Running "alumacc" on wrapper $extern:wrap:$add:A_SIGNED=0:A_WIDTH=15:B_SIGNED=0:B_WIDTH=15:Y_WIDTH=15:394426c56d1a028ba8fdd5469b163e04011def47.
Using template $extern:wrap:$add:A_SIGNED=0:A_WIDTH=15:B_SIGNED=0:B_WIDTH=15:Y_WIDTH=15:394426c56d1a028ba8fdd5469b163e04011def47 for cells of type $extern:wrap:$add:A_SIGNED=0:A_WIDTH=15:B_SIGNED=0:B_WIDTH=15:Y_WIDTH=15:394426c56d1a028ba8fdd5469b163e04011def47.
Running "alumacc" on wrapper $extern:wrap:$sub:A_SIGNED=0:A_WIDTH=14:B_SIGNED=0:B_WIDTH=14:Y_WIDTH=14:394426c56d1a028ba8fdd5469b163e04011def47.
Using template $extern:wrap:$sub:A_SIGNED=0:A_WIDTH=14:B_SIGNED=0:B_WIDTH=14:Y_WIDTH=14:394426c56d1a028ba8fdd5469b163e04011def47 for cells of type $extern:wrap:$sub:A_SIGNED=0:A_WIDTH=14:B_SIGNED=0:B_WIDTH=14:Y_WIDTH=14:394426c56d1a028ba8fdd5469b163e04011def47.
Running "alumacc" on wrapper $extern:wrap:$add:A_SIGNED=0:A_WIDTH=12:B_SIGNED=0:B_WIDTH=1:Y_WIDTH=12:394426c56d1a028ba8fdd5469b163e04011def47.
Using template $extern:wrap:$add:A_SIGNED=0:A_WIDTH=12:B_SIGNED=0:B_WIDTH=1:Y_WIDTH=12:394426c56d1a028ba8fdd5469b163e04011def47 for cells of type $extern:wrap:$add:A_SIGNED=0:A_WIDTH=12:B_SIGNED=0:B_WIDTH=1:Y_WIDTH=12:394426c56d1a028ba8fdd5469b163e04011def47.
Using extmapper simplemap for cells of type $ne.
Using template $paramod$6df0329addda9228fcc2546de2aaf14ad26c98e1\_90_alu for cells of type $alu.
Using template $paramod$3949ff0a43b1bf95139ffc95c5c6cede92f07247\_90_alu for cells of type $alu.
Using template $paramod$1ed7ec530b1ba361931392f2f8504f82ccdfecaa\_90_alu for cells of type $alu.
Using template $paramod$67e8f4b8dba01cd3d8fc718acd02276257d102de\_90_alu for cells of type $alu.
Using template $paramod$091610cd349a68bd5539cffd7126f0d76e9bca00\_90_alu for cells of type $alu.
Using template $paramod$8f780356cb6cdb52f6a744190131b65634639c4e\_90_alu for cells of type $alu.
Using template $paramod\_90_lcu_brent_kung\WIDTH=32'00000000000000000000000000010000 for cells of type $lcu.
Using template $paramod\_90_lcu_brent_kung\WIDTH=32'00000000000000000000000000001110 for cells of type $lcu.
Using template $paramod\_90_lcu_brent_kung\WIDTH=32'00000000000000000000000000001111 for cells of type $lcu.
Using template $paramod\_90_lcu_brent_kung\WIDTH=32'00000000000000000000000000001100 for cells of type $lcu.
Using extmapper simplemap for cells of type $adffe.
Using extmapper simplemap for cells of type $adff.
No more expansions possible.
<suppressed ~12445 debug messages>

8. Executing OPT pass (performing simple optimizations).

8.1. Executing OPT_EXPR pass (perform const folding).
Optimizing module bank_normalization_apply.
<suppressed ~1 debug messages>
Optimizing module fp16_add.
<suppressed ~6313 debug messages>
Optimizing module fp16_mul.
<suppressed ~8558 debug messages>

8.2. Executing OPT_MERGE pass (detect identical cells).
Finding identical cells in module `\bank_normalization_apply'.
Finding identical cells in module `\fp16_add'.
<suppressed ~10167 debug messages>
Finding identical cells in module `\fp16_mul'.
<suppressed ~5127 debug messages>
Removed a total of 5098 cells.

8.3. Executing OPT_MUXTREE pass (detect dead branches in mux trees).
Running muxtree optimizer on module \bank_normalization_apply..
  Creating internal representation of mux trees.
  No muxes found in this module.
Running muxtree optimizer on module \fp16_add..
  Creating internal representation of mux trees.
  No muxes found in this module.
Running muxtree optimizer on module \fp16_mul..
  Creating internal representation of mux trees.
  No muxes found in this module.
Removed 0 multiplexer ports.

8.4. Executing OPT_REDUCE pass (consolidate $*mux and $reduce_* inputs).
  Optimizing cells in module \bank_normalization_apply.
  Optimizing cells in module \fp16_add.
  Optimizing cells in module \fp16_mul.
Performed a total of 0 changes.

8.5. Executing OPT_MERGE pass (detect identical cells).
Finding identical cells in module `\bank_normalization_apply'.
Finding identical cells in module `\fp16_add'.
Finding identical cells in module `\fp16_mul'.
Removed a total of 0 cells.

8.6. Executing OPT_DFF pass (perform DFF optimizations).

8.7. Executing OPT_CLEAN pass (remove unused cells and wires).
Finding unused cells or wires in module \bank_normalization_apply..
Finding unused cells or wires in module \fp16_add..
Finding unused cells or wires in module \fp16_mul..
Removed 3456 unused cells and 9032 unused wires.
<suppressed ~3459 debug messages>

8.8. Executing OPT_EXPR pass (perform const folding).
Optimizing module bank_normalization_apply.
Optimizing module fp16_add.
<suppressed ~31 debug messages>
Optimizing module fp16_mul.
<suppressed ~49 debug messages>

8.9. Rerunning OPT passes. (Maybe there is more to do..)

8.10. Executing OPT_MUXTREE pass (detect dead branches in mux trees).
Running muxtree optimizer on module \bank_normalization_apply..
  Creating internal representation of mux trees.
  No muxes found in this module.
Running muxtree optimizer on module \fp16_add..
  Creating internal representation of mux trees.
  No muxes found in this module.
Running muxtree optimizer on module \fp16_mul..
  Creating internal representation of mux trees.
  No muxes found in this module.
Removed 0 multiplexer ports.

8.11. Executing OPT_REDUCE pass (consolidate $*mux and $reduce_* inputs).
  Optimizing cells in module \bank_normalization_apply.
  Optimizing cells in module \fp16_add.
  Optimizing cells in module \fp16_mul.
Performed a total of 0 changes.

8.12. Executing OPT_MERGE pass (detect identical cells).
Finding identical cells in module `\bank_normalization_apply'.
Finding identical cells in module `\fp16_add'.
<suppressed ~411 debug messages>
Finding identical cells in module `\fp16_mul'.
<suppressed ~33 debug messages>
Removed a total of 148 cells.

8.13. Executing OPT_DFF pass (perform DFF optimizations).

8.14. Executing OPT_CLEAN pass (remove unused cells and wires).
Finding unused cells or wires in module \bank_normalization_apply..
Finding unused cells or wires in module \fp16_add..
Finding unused cells or wires in module \fp16_mul..
Removed 0 unused cells and 70 unused wires.
<suppressed ~2 debug messages>

8.15. Executing OPT_EXPR pass (perform const folding).
Optimizing module bank_normalization_apply.
Optimizing module fp16_add.
Optimizing module fp16_mul.

8.16. Rerunning OPT passes. (Maybe there is more to do..)

8.17. Executing OPT_MUXTREE pass (detect dead branches in mux trees).
Running muxtree optimizer on module \bank_normalization_apply..
  Creating internal representation of mux trees.
  No muxes found in this module.
Running muxtree optimizer on module \fp16_add..
  Creating internal representation of mux trees.
  No muxes found in this module.
Running muxtree optimizer on module \fp16_mul..
  Creating internal representation of mux trees.
  No muxes found in this module.
Removed 0 multiplexer ports.

8.18. Executing OPT_REDUCE pass (consolidate $*mux and $reduce_* inputs).
  Optimizing cells in module \bank_normalization_apply.
  Optimizing cells in module \fp16_add.
  Optimizing cells in module \fp16_mul.
Performed a total of 0 changes.

8.19. Executing OPT_MERGE pass (detect identical cells).
Finding identical cells in module `\bank_normalization_apply'.
Finding identical cells in module `\fp16_add'.
Finding identical cells in module `\fp16_mul'.
Removed a total of 0 cells.

8.20. Executing OPT_DFF pass (perform DFF optimizations).

8.21. Executing OPT_CLEAN pass (remove unused cells and wires).
Finding unused cells or wires in module \bank_normalization_apply..
Finding unused cells or wires in module \fp16_add..
Finding unused cells or wires in module \fp16_mul..

8.22. Executing OPT_EXPR pass (perform const folding).
Optimizing module bank_normalization_apply.
Optimizing module fp16_add.
Optimizing module fp16_mul.

8.23. Finished OPT passes. (There is nothing left to do.)

9. Printing statistics.

=== bank_normalization_apply ===

   Number of wires:                 54
   Number of wire bits:            365
   Number of public wires:          31
   Number of public wire bits:     286
   Number of ports:                 21
   Number of port bits:            156
   Number of memories:               0
   Number of memory bits:            0
   Number of processes:              0
   Number of cells:                171
     $_AND_                          7
     $_DFFE_PN0P_                   83
     $_DFF_PN0_                      2
     $_MUX_                         37
     $_NOT_                          5
     $_OR_                          17
     $_XOR_                         16
     fp16_add                        2
     fp16_mul                        2

=== fp16_add ===

   Number of wires:               1571
   Number of wire bits:           5957
   Number of public wires:          28
   Number of public wire bits:     303
   Number of ports:                  3
   Number of port bits:             48
   Number of memories:               0
   Number of memory bits:            0
   Number of processes:              0
   Number of cells:               4664
     $_AND_                       1338
     $_MUX_                       1464
     $_NOT_                        476
     $_OR_                         863
     $_XOR_                        523

=== fp16_mul ===

   Number of wires:               1272
   Number of wire bits:          14192
   Number of public wires:          15
   Number of public wire bits:     283
   Number of ports:                  3
   Number of port bits:             48
   Number of memories:               0
   Number of memory bits:            0
   Number of processes:              0
   Number of cells:               5641
     $_AND_                       1472
     $_MUX_                       2431
     $_NOT_                        357
     $_OR_                         751
     $_XOR_                        630

=== design hierarchy ===

   bank_normalization_apply          1
     fp16_add                        2
     fp16_mul                        2

   Number of wires:               5740
   Number of wire bits:          40663
   Number of public wires:         117
   Number of public wire bits:    1458
   Number of ports:                 33
   Number of port bits:            348
   Number of memories:               0
   Number of memory bits:            0
   Number of processes:              0
   Number of cells:              20777
     $_AND_                       5627
     $_DFFE_PN0P_                   83
     $_DFF_PN0_                      2
     $_MUX_                       7827
     $_NOT_                       1671
     $_OR_                        3245
     $_XOR_                       2322

End of script. Logfile hash: 9981b6b354, CPU: user 1.73s system 0.07s, MEM: 94.93 MB peak
Yosys 0.52 (git sha1 fee39a3284c90249e1d9684cf6944ffbbcbb8f90)
Time spent: 34% 33x opt_expr (0 sec), 17% 1x techmap (0 sec), ...
