
-- Running command `read_verilog -sv rtl/fp16_add.sv rtl/fp16_mul.sv rtl/bf16_add.sv rtl/bf16_mul.sv rtl/bank_normalization_local_reducer.sv rtl/bank_normalization_apply.sv;  hierarchy -check -top bf16_add; synth -top bf16_add; check -assert; stat; flatten; opt; ltp -noff' --

1. Executing Verilog-2005 frontend: rtl/fp16_add.sv
Parsing SystemVerilog input from `rtl/fp16_add.sv' to AST representation.
Generating RTLIL representation for module `\fp16_add'.
Successfully finished Verilog frontend.

2. Executing Verilog-2005 frontend: rtl/fp16_mul.sv
Parsing SystemVerilog input from `rtl/fp16_mul.sv' to AST representation.
Generating RTLIL representation for module `\fp16_mul'.
Successfully finished Verilog frontend.

3. Executing Verilog-2005 frontend: rtl/bf16_add.sv
Parsing SystemVerilog input from `rtl/bf16_add.sv' to AST representation.
Generating RTLIL representation for module `\bf16_add'.
Successfully finished Verilog frontend.

4. Executing Verilog-2005 frontend: rtl/bf16_mul.sv
Parsing SystemVerilog input from `rtl/bf16_mul.sv' to AST representation.
Generating RTLIL representation for module `\bf16_mul'.
Successfully finished Verilog frontend.

5. Executing Verilog-2005 frontend: rtl/bank_normalization_local_reducer.sv
Parsing SystemVerilog input from `rtl/bank_normalization_local_reducer.sv' to AST representation.
Generating RTLIL representation for module `\bank_normalization_local_reducer'.
Successfully finished Verilog frontend.

6. Executing Verilog-2005 frontend: rtl/bank_normalization_apply.sv
Parsing SystemVerilog input from `rtl/bank_normalization_apply.sv' to AST representation.
Generating RTLIL representation for module `\bank_normalization_apply'.
Successfully finished Verilog frontend.

7. Executing HIERARCHY pass (managing design hierarchy).

7.1. Analyzing design hierarchy..
Top module:  \bf16_add

7.2. Analyzing design hierarchy..
Top module:  \bf16_add
Removing unused module `\bank_normalization_apply'.
Removing unused module `\bank_normalization_local_reducer'.
Removing unused module `\bf16_mul'.
Removing unused module `\fp16_mul'.
Removing unused module `\fp16_add'.
Removed 5 unused modules.

8. Executing SYNTH pass.

8.1. Executing HIERARCHY pass (managing design hierarchy).

8.1.1. Analyzing design hierarchy..
Top module:  \bf16_add

8.1.2. Analyzing design hierarchy..
Top module:  \bf16_add
Removed 0 unused modules.

8.2. Executing PROC pass (convert processes to netlists).

8.2.1. Executing PROC_CLEAN pass (remove empty switches from decision trees).
Cleaned up 0 empty switches.

8.2.2. Executing PROC_RMDEAD pass (remove dead branches from decision trees).
Marked 23 switch rules as full_case in process $proc$rtl/bf16_add.sv:29$229 in module bf16_add.
Removed a total of 0 dead cases.

8.2.3. Executing PROC_PRUNE pass (remove redundant assignments in processes).
Removed 0 redundant assignments.
Promoted 29 assignments to connections.

8.2.4. Executing PROC_INIT pass (extract init attributes).

8.2.5. Executing PROC_ARST pass (detect async resets in processes).

8.2.6. Executing PROC_ROM pass (convert switches to ROMs).
Converted 0 switches.
<suppressed ~23 debug messages>

8.2.7. Executing PROC_MUX pass (convert decision trees to multiplexers).
Creating decoders for process `\bf16_add.$proc$rtl/bf16_add.sv:29$229'.
     1/47: $7\result_o[15:0]
     2/47: $6\result_o[15:0]
     3/47: $5\result_o[15:0]
     4/47: $4\result_o[15:0]
     5/47: $3\result_o[15:0]
     6/47: $2\result_o[15:0]
     7/47: $1\result_o[15:0]
     8/47: $13\result_exp[31:0]
     9/47: $1\rounded_sig[8:0]
    10/47: $12\result_exp[31:0]
    11/47: $12\magnitude_ext[10:0]
    12/47: $11\result_exp[31:0]
    13/47: $11\magnitude_ext[10:0]
    14/47: $10\result_exp[31:0]
    15/47: $10\magnitude_ext[10:0]
    16/47: $9\result_exp[31:0]
    17/47: $9\magnitude_ext[10:0]
    18/47: $8\result_exp[31:0]
    19/47: $8\magnitude_ext[10:0]
    20/47: $7\result_exp[31:0]
    21/47: $7\magnitude_ext[10:0]
    22/47: $6\result_exp[31:0]
    23/47: $6\magnitude_ext[10:0]
    24/47: $5\result_exp[31:0]
    25/47: $5\magnitude_ext[10:0]
    26/47: $4\result_exp[31:0]
    27/47: $4\magnitude_ext[10:0]
    28/47: $3\result_exp[31:0]
    29/47: $3\magnitude_ext[10:0]
    30/47: $2\magnitude_ext[10:0] [10:1]
    31/47: $2\result_exp[31:0]
    32/47: $2\magnitude_ext[10:0] [0]
    33/47: $1\result_exp[31:0]
    34/47: $1\magnitude_ext[10:0]
    35/47: $1\add_ext[11:0]
    36/47: $1\normalize_step[31:0]
    37/47: $2\shift_right_sticky$func$rtl/bf16_add.sv:48$228.$result[10:0]$254 [10:1]
    38/47: $2\shift_right_sticky$func$rtl/bf16_add.sv:48$228.$result[10:0]$254 [0]
    39/47: $2\shift_right_sticky$func$rtl/bf16_add.sv:48$228.sticky[0:0]$255
    40/47: $1\shift_right_sticky$func$rtl/bf16_add.sv:48$228.$result[10:0]$251
    41/47: $1\shift_right_sticky$func$rtl/bf16_add.sv:48$228.sticky[0:0]$252
    42/47: $1\small_sig[7:0]
    43/47: $1\large_sig[7:0]
    44/47: $1\small_exp[7:0]
    45/47: $1\large_exp[7:0]
    46/47: $1\small_sign[0:0]
    47/47: $1\large_sign[0:0]

8.2.8. Executing PROC_DLATCH pass (convert process syncs to latches).
No latch inferred for signal `\bf16_add.\result_o' from process `\bf16_add.$proc$rtl/bf16_add.sv:29$229'.
No latch inferred for signal `\bf16_add.\lhs_sign' from process `\bf16_add.$proc$rtl/bf16_add.sv:29$229'.
No latch inferred for signal `\bf16_add.\rhs_sign' from process `\bf16_add.$proc$rtl/bf16_add.sv:29$229'.
No latch inferred for signal `\bf16_add.\large_sign' from process `\bf16_add.$proc$rtl/bf16_add.sv:29$229'.
No latch inferred for signal `\bf16_add.\small_sign' from process `\bf16_add.$proc$rtl/bf16_add.sv:29$229'.
No latch inferred for signal `\bf16_add.\result_sign' from process `\bf16_add.$proc$rtl/bf16_add.sv:29$229'.
No latch inferred for signal `\bf16_add.\round_up' from process `\bf16_add.$proc$rtl/bf16_add.sv:29$229'.
No latch inferred for signal `\bf16_add.\lhs_exp' from process `\bf16_add.$proc$rtl/bf16_add.sv:29$229'.
No latch inferred for signal `\bf16_add.\rhs_exp' from process `\bf16_add.$proc$rtl/bf16_add.sv:29$229'.
No latch inferred for signal `\bf16_add.\large_exp' from process `\bf16_add.$proc$rtl/bf16_add.sv:29$229'.
No latch inferred for signal `\bf16_add.\small_exp' from process `\bf16_add.$proc$rtl/bf16_add.sv:29$229'.
No latch inferred for signal `\bf16_add.\lhs_frac' from process `\bf16_add.$proc$rtl/bf16_add.sv:29$229'.
No latch inferred for signal `\bf16_add.\rhs_frac' from process `\bf16_add.$proc$rtl/bf16_add.sv:29$229'.
No latch inferred for signal `\bf16_add.\lhs_sig' from process `\bf16_add.$proc$rtl/bf16_add.sv:29$229'.
No latch inferred for signal `\bf16_add.\rhs_sig' from process `\bf16_add.$proc$rtl/bf16_add.sv:29$229'.
No latch inferred for signal `\bf16_add.\large_sig' from process `\bf16_add.$proc$rtl/bf16_add.sv:29$229'.
No latch inferred for signal `\bf16_add.\small_sig' from process `\bf16_add.$proc$rtl/bf16_add.sv:29$229'.
No latch inferred for signal `\bf16_add.\large_ext' from process `\bf16_add.$proc$rtl/bf16_add.sv:29$229'.
No latch inferred for signal `\bf16_add.\small_ext' from process `\bf16_add.$proc$rtl/bf16_add.sv:29$229'.
No latch inferred for signal `\bf16_add.\magnitude_ext' from process `\bf16_add.$proc$rtl/bf16_add.sv:29$229'.
No latch inferred for signal `\bf16_add.\add_ext' from process `\bf16_add.$proc$rtl/bf16_add.sv:29$229'.
No latch inferred for signal `\bf16_add.\rounded_sig' from process `\bf16_add.$proc$rtl/bf16_add.sv:29$229'.
No latch inferred for signal `\bf16_add.\result_exp' from process `\bf16_add.$proc$rtl/bf16_add.sv:29$229'.
No latch inferred for signal `\bf16_add.\shift_amount' from process `\bf16_add.$proc$rtl/bf16_add.sv:29$229'.
No latch inferred for signal `\bf16_add.\normalize_step' from process `\bf16_add.$proc$rtl/bf16_add.sv:29$229'.
No latch inferred for signal `\bf16_add.\shift_right_sticky$func$rtl/bf16_add.sv:48$228.$result' from process `\bf16_add.$proc$rtl/bf16_add.sv:29$229'.
No latch inferred for signal `\bf16_add.\shift_right_sticky$func$rtl/bf16_add.sv:48$228.value' from process `\bf16_add.$proc$rtl/bf16_add.sv:29$229'.
No latch inferred for signal `\bf16_add.\shift_right_sticky$func$rtl/bf16_add.sv:48$228.amount' from process `\bf16_add.$proc$rtl/bf16_add.sv:29$229'.
No latch inferred for signal `\bf16_add.\shift_right_sticky$func$rtl/bf16_add.sv:48$228.sticky' from process `\bf16_add.$proc$rtl/bf16_add.sv:29$229'.

8.2.9. Executing PROC_DFF pass (convert process syncs to FFs).

8.2.10. Executing PROC_MEMWR pass (convert process memory writes to cells).

8.2.11. Executing PROC_CLEAN pass (remove empty switches from decision trees).
Found and cleaned up 23 empty switches in `\bf16_add.$proc$rtl/bf16_add.sv:29$229'.
Removing empty process `bf16_add.$proc$rtl/bf16_add.sv:29$229'.
Cleaned up 23 empty switches.

8.2.12. Executing OPT_EXPR pass (perform const folding).
Optimizing module bf16_add.
<suppressed ~26 debug messages>

8.3. Executing OPT_EXPR pass (perform const folding).
Optimizing module bf16_add.

8.4. Executing OPT_CLEAN pass (remove unused cells and wires).
Finding unused cells or wires in module \bf16_add..
Removed 5 unused cells and 203 unused wires.
<suppressed ~8 debug messages>

8.5. Executing CHECK pass (checking for obvious problems).
Checking module bf16_add...
Found and reported 0 problems.

8.6. Executing OPT pass (performing simple optimizations).

8.6.1. Executing OPT_EXPR pass (perform const folding).
Optimizing module bf16_add.

8.6.2. Executing OPT_MERGE pass (detect identical cells).
Finding identical cells in module `\bf16_add'.
<suppressed ~30 debug messages>
Removed a total of 10 cells.

8.6.3. Executing OPT_MUXTREE pass (detect dead branches in mux trees).
Running muxtree optimizer on module \bf16_add..
  Creating internal representation of mux trees.
  Evaluating internal representation of mux trees.
      Replacing known input bits on port A of cell $procmux$565: $add$rtl/bf16_add.sv:70$321_Y -> { 1'0 $add$rtl/bf16_add.sv:70$321_Y [7:0] }
      Replacing known input bits on port B of cell $procmux$565: { 1'0 $add$rtl/bf16_add.sv:70$321_Y [8:1] } -> { 2'01 $add$rtl/bf16_add.sv:70$321_Y [7:1] }
      Replacing known input bits on port B of cell $procmux$689: $add$rtl/bf16_add.sv:53$264_Y [11:2] -> { 1'1 $add$rtl/bf16_add.sv:53$264_Y [10:2] }
  Analyzing evaluation results.
    dead port 1/2 on $mux $procmux$481.
    dead port 1/2 on $mux $procmux$484.
    dead port 1/2 on $mux $procmux$487.
    dead port 1/2 on $mux $procmux$490.
    dead port 1/2 on $mux $procmux$493.
    dead port 1/2 on $mux $procmux$496.
    dead port 1/2 on $mux $procmux$502.
    dead port 1/2 on $mux $procmux$505.
    dead port 1/2 on $mux $procmux$508.
    dead port 1/2 on $mux $procmux$511.
    dead port 1/2 on $mux $procmux$514.
    dead port 1/2 on $mux $procmux$520.
    dead port 1/2 on $mux $procmux$523.
    dead port 1/2 on $mux $procmux$526.
    dead port 1/2 on $mux $procmux$529.
    dead port 1/2 on $mux $procmux$535.
    dead port 1/2 on $mux $procmux$538.
    dead port 1/2 on $mux $procmux$541.
    dead port 1/2 on $mux $procmux$547.
    dead port 1/2 on $mux $procmux$550.
    dead port 1/2 on $mux $procmux$556.
    dead port 1/2 on $mux $procmux$571.
    dead port 1/2 on $mux $procmux$577.
    dead port 2/2 on $mux $procmux$691.
    dead port 2/2 on $mux $procmux$697.
    dead port 2/2 on $mux $procmux$703.
    dead port 1/2 on $mux $procmux$721.
    dead port 1/2 on $mux $procmux$727.
Removed 28 multiplexer ports.
<suppressed ~32 debug messages>

8.6.4. Executing OPT_REDUCE pass (consolidate $*mux and $reduce_* inputs).
  Optimizing cells in module \bf16_add.
    New input vector for $reduce_or cell $reduce_or$rtl/bf16_add.sv:11$256: \small_sig
  Optimizing cells in module \bf16_add.
Performed a total of 1 changes.

8.6.5. Executing OPT_MERGE pass (detect identical cells).
Finding identical cells in module `\bf16_add'.
<suppressed ~12 debug messages>
Removed a total of 4 cells.

8.6.6. Executing OPT_DFF pass (perform DFF optimizations).

8.6.7. Executing OPT_CLEAN pass (remove unused cells and wires).
Finding unused cells or wires in module \bf16_add..
Removed 0 unused cells and 42 unused wires.
<suppressed ~1 debug messages>

8.6.8. Executing OPT_EXPR pass (perform const folding).
Optimizing module bf16_add.

8.6.9. Rerunning OPT passes. (Maybe there is more to do..)

8.6.10. Executing OPT_MUXTREE pass (detect dead branches in mux trees).
Running muxtree optimizer on module \bf16_add..
  Creating internal representation of mux trees.
  Evaluating internal representation of mux trees.
  Analyzing evaluation results.
Removed 0 multiplexer ports.
<suppressed ~32 debug messages>

8.6.11. Executing OPT_REDUCE pass (consolidate $*mux and $reduce_* inputs).
  Optimizing cells in module \bf16_add.
Performed a total of 0 changes.

8.6.12. Executing OPT_MERGE pass (detect identical cells).
Finding identical cells in module `\bf16_add'.
Removed a total of 0 cells.

8.6.13. Executing OPT_DFF pass (perform DFF optimizations).

8.6.14. Executing OPT_CLEAN pass (remove unused cells and wires).
Finding unused cells or wires in module \bf16_add..

8.6.15. Executing OPT_EXPR pass (perform const folding).
Optimizing module bf16_add.

8.6.16. Finished OPT passes. (There is nothing left to do.)

8.7. Executing FSM pass (extract and optimize FSM).

8.7.1. Executing FSM_DETECT pass (finding FSMs in design).

8.7.2. Executing FSM_EXTRACT pass (extracting FSM from design).

8.7.3. Executing FSM_OPT pass (simple optimizations of FSMs).

8.7.4. Executing OPT_CLEAN pass (remove unused cells and wires).
Finding unused cells or wires in module \bf16_add..

8.7.5. Executing FSM_OPT pass (simple optimizations of FSMs).

8.7.6. Executing FSM_RECODE pass (re-assigning FSM state encoding).

8.7.7. Executing FSM_INFO pass (dumping all available information on FSM cells).

8.7.8. Executing FSM_MAP pass (mapping FSMs to basic logic).

8.8. Executing OPT pass (performing simple optimizations).

8.8.1. Executing OPT_EXPR pass (perform const folding).
Optimizing module bf16_add.

8.8.2. Executing OPT_MERGE pass (detect identical cells).
Finding identical cells in module `\bf16_add'.
Removed a total of 0 cells.

8.8.3. Executing OPT_MUXTREE pass (detect dead branches in mux trees).
Running muxtree optimizer on module \bf16_add..
  Creating internal representation of mux trees.
  Evaluating internal representation of mux trees.
  Analyzing evaluation results.
Removed 0 multiplexer ports.
<suppressed ~32 debug messages>

8.8.4. Executing OPT_REDUCE pass (consolidate $*mux and $reduce_* inputs).
  Optimizing cells in module \bf16_add.
Performed a total of 0 changes.

8.8.5. Executing OPT_MERGE pass (detect identical cells).
Finding identical cells in module `\bf16_add'.
Removed a total of 0 cells.

8.8.6. Executing OPT_DFF pass (perform DFF optimizations).

8.8.7. Executing OPT_CLEAN pass (remove unused cells and wires).
Finding unused cells or wires in module \bf16_add..

8.8.8. Executing OPT_EXPR pass (perform const folding).
Optimizing module bf16_add.

8.8.9. Finished OPT passes. (There is nothing left to do.)

8.9. Executing WREDUCE pass (reducing word size of cells).
Removed top 1 bits (of 9) from mux cell bf16_add.$procmux$565 ($mux).
Removed top 1 bits (of 16) from mux cell bf16_add.$procmux$478 ($mux).
Removed top 23 bits (of 32) from port Y of cell bf16_add.$sub$rtl/bf16_add.sv:47$249 ($sub).
Removed top 23 bits (of 32) from port A of cell bf16_add.$le$rtl/bf16_add.sv:10$250 ($le).
Removed top 31 bits (of 32) from port B of cell bf16_add.$le$rtl/bf16_add.sv:10$250 ($le).
Removed top 23 bits (of 32) from port A of cell bf16_add.$ge$rtl/bf16_add.sv:11$253 ($ge).
Removed top 27 bits (of 32) from port B of cell bf16_add.$ge$rtl/bf16_add.sv:11$253 ($ge).
Removed top 10 bits (of 11) from port A of cell bf16_add.$shl$rtl/bf16_add.sv:13$257 ($shl).
Removed top 1 bits (of 12) from port A of cell bf16_add.$add$rtl/bf16_add.sv:53$264 ($add).
Removed top 1 bits (of 12) from port B of cell bf16_add.$add$rtl/bf16_add.sv:53$264 ($add).
Removed top 23 bits (of 32) from port A of cell bf16_add.$add$rtl/bf16_add.sv:57$266 ($add).
Removed top 30 bits (of 32) from port B of cell bf16_add.$add$rtl/bf16_add.sv:57$266 ($add).
Converting cell bf16_add.$add$rtl/bf16_add.sv:57$266 ($add) from signed to unsigned.
Removed top 22 bits (of 32) from port Y of cell bf16_add.$add$rtl/bf16_add.sv:57$266 ($add).
Removed top 1 bits (of 9) from port A of cell bf16_add.$add$rtl/bf16_add.sv:57$266 ($add).
Removed top 1 bits (of 2) from port B of cell bf16_add.$add$rtl/bf16_add.sv:57$266 ($add).
Removed top 1 bits (of 10) from port Y of cell bf16_add.$add$rtl/bf16_add.sv:57$266 ($add).
Removed top 23 bits (of 32) from port A of cell bf16_add.$gt$rtl/bf16_add.sv:63$269 ($gt).
Removed top 30 bits (of 32) from port B of cell bf16_add.$gt$rtl/bf16_add.sv:63$269 ($gt).
Converting cell bf16_add.$gt$rtl/bf16_add.sv:63$269 ($gt) from signed to unsigned.
Removed top 1 bits (of 9) from port A of cell bf16_add.$gt$rtl/bf16_add.sv:63$269 ($gt).
Removed top 1 bits (of 2) from port B of cell bf16_add.$gt$rtl/bf16_add.sv:63$269 ($gt).
Removed top 23 bits (of 32) from port A of cell bf16_add.$sub$rtl/bf16_add.sv:65$272 ($sub).
Removed top 30 bits (of 32) from port B of cell bf16_add.$sub$rtl/bf16_add.sv:65$272 ($sub).
Converting cell bf16_add.$sub$rtl/bf16_add.sv:65$272 ($sub) from signed to unsigned.
Removed top 22 bits (of 32) from port Y of cell bf16_add.$sub$rtl/bf16_add.sv:65$272 ($sub).
Removed top 1 bits (of 9) from port A of cell bf16_add.$sub$rtl/bf16_add.sv:65$272 ($sub).
Removed top 1 bits (of 2) from port B of cell bf16_add.$sub$rtl/bf16_add.sv:65$272 ($sub).
Removed top 1 bits (of 10) from port Y of cell bf16_add.$sub$rtl/bf16_add.sv:65$272 ($sub).
Removed top 30 bits (of 32) from port B of cell bf16_add.$gt$rtl/bf16_add.sv:63$274 ($gt).
Removed top 30 bits (of 32) from port B of cell bf16_add.$sub$rtl/bf16_add.sv:65$277 ($sub).
Removed top 30 bits (of 32) from port B of cell bf16_add.$gt$rtl/bf16_add.sv:63$279 ($gt).
Removed top 30 bits (of 32) from port B of cell bf16_add.$sub$rtl/bf16_add.sv:65$282 ($sub).
Removed top 30 bits (of 32) from port B of cell bf16_add.$gt$rtl/bf16_add.sv:63$284 ($gt).
Removed top 30 bits (of 32) from port B of cell bf16_add.$sub$rtl/bf16_add.sv:65$287 ($sub).
Removed top 30 bits (of 32) from port B of cell bf16_add.$gt$rtl/bf16_add.sv:63$289 ($gt).
Removed top 30 bits (of 32) from port B of cell bf16_add.$sub$rtl/bf16_add.sv:65$292 ($sub).
Removed top 30 bits (of 32) from port B of cell bf16_add.$gt$rtl/bf16_add.sv:63$294 ($gt).
Removed top 30 bits (of 32) from port B of cell bf16_add.$sub$rtl/bf16_add.sv:65$297 ($sub).
Removed top 30 bits (of 32) from port B of cell bf16_add.$gt$rtl/bf16_add.sv:63$299 ($gt).
Removed top 30 bits (of 32) from port B of cell bf16_add.$sub$rtl/bf16_add.sv:65$302 ($sub).
Removed top 30 bits (of 32) from port B of cell bf16_add.$gt$rtl/bf16_add.sv:63$304 ($gt).
Removed top 30 bits (of 32) from port B of cell bf16_add.$sub$rtl/bf16_add.sv:65$307 ($sub).
Removed top 30 bits (of 32) from port B of cell bf16_add.$gt$rtl/bf16_add.sv:63$309 ($gt).
Removed top 30 bits (of 32) from port B of cell bf16_add.$sub$rtl/bf16_add.sv:65$312 ($sub).
Removed top 30 bits (of 32) from port B of cell bf16_add.$gt$rtl/bf16_add.sv:63$314 ($gt).
Removed top 30 bits (of 32) from port B of cell bf16_add.$sub$rtl/bf16_add.sv:65$317 ($sub).
Removed top 1 bits (of 9) from port A of cell bf16_add.$add$rtl/bf16_add.sv:70$321 ($add).
Removed top 30 bits (of 32) from port B of cell bf16_add.$add$rtl/bf16_add.sv:73$323 ($add).
Removed top 23 bits (of 32) from port B of cell bf16_add.$ge$rtl/bf16_add.sv:86$348 ($ge).
Removed top 30 bits (of 32) from port B of cell bf16_add.$le$rtl/bf16_add.sv:87$349 ($le).
Removed top 1 bits (of 16) from mux cell bf16_add.$procmux$499 ($mux).
Removed top 23 bits (of 32) from wire bf16_add.$add$rtl/bf16_add.sv:57$266_Y.
Removed top 1 bits (of 9) from wire bf16_add.rounded_sig.

8.10. Executing PEEPOPT pass (run peephole optimizers).

8.11. Executing OPT_CLEAN pass (remove unused cells and wires).
Finding unused cells or wires in module \bf16_add..
Removed 0 unused cells and 2 unused wires.
<suppressed ~1 debug messages>

8.12. Executing ALUMACC pass (create $alu and $macc cells).
Extracting $alu and $macc cells in module bf16_add:
  creating $macc model for $add$rtl/bf16_add.sv:53$264 ($add).
  creating $macc model for $add$rtl/bf16_add.sv:57$266 ($add).
  creating $macc model for $add$rtl/bf16_add.sv:70$321 ($add).
  creating $macc model for $add$rtl/bf16_add.sv:73$323 ($add).
  creating $macc model for $sub$rtl/bf16_add.sv:13$258 ($sub).
  creating $macc model for $sub$rtl/bf16_add.sv:47$249 ($sub).
  creating $macc model for $sub$rtl/bf16_add.sv:60$267 ($sub).
  creating $macc model for $sub$rtl/bf16_add.sv:65$272 ($sub).
  creating $macc model for $sub$rtl/bf16_add.sv:65$277 ($sub).
  creating $macc model for $sub$rtl/bf16_add.sv:65$282 ($sub).
  creating $macc model for $sub$rtl/bf16_add.sv:65$287 ($sub).
  creating $macc model for $sub$rtl/bf16_add.sv:65$292 ($sub).
  creating $macc model for $sub$rtl/bf16_add.sv:65$297 ($sub).
  creating $macc model for $sub$rtl/bf16_add.sv:65$302 ($sub).
  creating $macc model for $sub$rtl/bf16_add.sv:65$307 ($sub).
  creating $macc model for $sub$rtl/bf16_add.sv:65$312 ($sub).
  creating $macc model for $sub$rtl/bf16_add.sv:65$317 ($sub).
  creating $alu model for $macc $sub$rtl/bf16_add.sv:65$317.
  creating $alu model for $macc $sub$rtl/bf16_add.sv:65$312.
  creating $alu model for $macc $sub$rtl/bf16_add.sv:65$307.
  creating $alu model for $macc $sub$rtl/bf16_add.sv:65$302.
  creating $alu model for $macc $sub$rtl/bf16_add.sv:65$297.
  creating $alu model for $macc $sub$rtl/bf16_add.sv:65$292.
  creating $alu model for $macc $sub$rtl/bf16_add.sv:65$287.
  creating $alu model for $macc $sub$rtl/bf16_add.sv:65$282.
  creating $alu model for $macc $sub$rtl/bf16_add.sv:65$277.
  creating $alu model for $macc $sub$rtl/bf16_add.sv:65$272.
  creating $alu model for $macc $sub$rtl/bf16_add.sv:60$267.
  creating $alu model for $macc $sub$rtl/bf16_add.sv:47$249.
  creating $alu model for $macc $sub$rtl/bf16_add.sv:13$258.
  creating $alu model for $macc $add$rtl/bf16_add.sv:73$323.
  creating $alu model for $macc $add$rtl/bf16_add.sv:70$321.
  creating $alu model for $macc $add$rtl/bf16_add.sv:57$266.
  creating $alu model for $macc $add$rtl/bf16_add.sv:53$264.
  creating $alu model for $ge$rtl/bf16_add.sv:11$253 ($ge): new $alu
  creating $alu model for $ge$rtl/bf16_add.sv:86$348 ($ge): new $alu
  creating $alu model for $gt$rtl/bf16_add.sv:39$244 ($gt): new $alu
  creating $alu model for $gt$rtl/bf16_add.sv:63$269 ($gt): merged with $sub$rtl/bf16_add.sv:65$272.
  creating $alu model for $gt$rtl/bf16_add.sv:63$274 ($gt): merged with $sub$rtl/bf16_add.sv:65$277.
  creating $alu model for $gt$rtl/bf16_add.sv:63$279 ($gt): merged with $sub$rtl/bf16_add.sv:65$282.
  creating $alu model for $gt$rtl/bf16_add.sv:63$284 ($gt): merged with $sub$rtl/bf16_add.sv:65$287.
  creating $alu model for $gt$rtl/bf16_add.sv:63$289 ($gt): merged with $sub$rtl/bf16_add.sv:65$292.
  creating $alu model for $gt$rtl/bf16_add.sv:63$294 ($gt): merged with $sub$rtl/bf16_add.sv:65$297.
  creating $alu model for $gt$rtl/bf16_add.sv:63$299 ($gt): merged with $sub$rtl/bf16_add.sv:65$302.
  creating $alu model for $gt$rtl/bf16_add.sv:63$304 ($gt): merged with $sub$rtl/bf16_add.sv:65$307.
  creating $alu model for $gt$rtl/bf16_add.sv:63$309 ($gt): merged with $sub$rtl/bf16_add.sv:65$312.
  creating $alu model for $gt$rtl/bf16_add.sv:63$314 ($gt): merged with $sub$rtl/bf16_add.sv:65$317.
  creating $alu model for $le$rtl/bf16_add.sv:10$250 ($le): new $alu
  creating $alu model for $le$rtl/bf16_add.sv:87$349 ($le): new $alu
  creating $alu cell for $le$rtl/bf16_add.sv:87$349: $auto$alumacc.cc:495:replace_alu$766
  creating $alu cell for $le$rtl/bf16_add.sv:10$250: $auto$alumacc.cc:495:replace_alu$777
  creating $alu cell for $gt$rtl/bf16_add.sv:39$244: $auto$alumacc.cc:495:replace_alu$788
  creating $alu cell for $ge$rtl/bf16_add.sv:86$348: $auto$alumacc.cc:495:replace_alu$799
  creating $alu cell for $ge$rtl/bf16_add.sv:11$253: $auto$alumacc.cc:495:replace_alu$814
  creating $alu cell for $add$rtl/bf16_add.sv:53$264: $auto$alumacc.cc:495:replace_alu$829
  creating $alu cell for $add$rtl/bf16_add.sv:57$266: $auto$alumacc.cc:495:replace_alu$832
  creating $alu cell for $add$rtl/bf16_add.sv:70$321: $auto$alumacc.cc:495:replace_alu$835
  creating $alu cell for $add$rtl/bf16_add.sv:73$323: $auto$alumacc.cc:495:replace_alu$838
  creating $alu cell for $sub$rtl/bf16_add.sv:13$258: $auto$alumacc.cc:495:replace_alu$841
  creating $alu cell for $sub$rtl/bf16_add.sv:47$249: $auto$alumacc.cc:495:replace_alu$844
  creating $alu cell for $sub$rtl/bf16_add.sv:60$267: $auto$alumacc.cc:495:replace_alu$847
  creating $alu cell for $sub$rtl/bf16_add.sv:65$272, $gt$rtl/bf16_add.sv:63$269: $auto$alumacc.cc:495:replace_alu$850
  creating $alu cell for $sub$rtl/bf16_add.sv:65$277, $gt$rtl/bf16_add.sv:63$274: $auto$alumacc.cc:495:replace_alu$861
  creating $alu cell for $sub$rtl/bf16_add.sv:65$282, $gt$rtl/bf16_add.sv:63$279: $auto$alumacc.cc:495:replace_alu$874
  creating $alu cell for $sub$rtl/bf16_add.sv:65$287, $gt$rtl/bf16_add.sv:63$284: $auto$alumacc.cc:495:replace_alu$887
  creating $alu cell for $sub$rtl/bf16_add.sv:65$292, $gt$rtl/bf16_add.sv:63$289: $auto$alumacc.cc:495:replace_alu$900
  creating $alu cell for $sub$rtl/bf16_add.sv:65$297, $gt$rtl/bf16_add.sv:63$294: $auto$alumacc.cc:495:replace_alu$913
  creating $alu cell for $sub$rtl/bf16_add.sv:65$302, $gt$rtl/bf16_add.sv:63$299: $auto$alumacc.cc:495:replace_alu$926
  creating $alu cell for $sub$rtl/bf16_add.sv:65$307, $gt$rtl/bf16_add.sv:63$304: $auto$alumacc.cc:495:replace_alu$939
  creating $alu cell for $sub$rtl/bf16_add.sv:65$312, $gt$rtl/bf16_add.sv:63$309: $auto$alumacc.cc:495:replace_alu$952
  creating $alu cell for $sub$rtl/bf16_add.sv:65$317, $gt$rtl/bf16_add.sv:63$314: $auto$alumacc.cc:495:replace_alu$965
  created 22 $alu and 0 $macc cells.

8.13. Executing SHARE pass (SAT-based resource sharing).
Found 2 cells in module bf16_add that may be considered for resource sharing.
  Analyzing resource sharing options for $shr$rtl/bf16_add.sv:14$261 ($shr):
    Found 4 activation_patterns using ctrl signal { $logic_and$rtl/bf16_add.sv:87$351_Y $eq$rtl/bf16_add.sv:85$347_Y $logic_and$rtl/bf16_add.sv:82$345_Y $logic_or$rtl/bf16_add.sv:76$336_Y $eq$rtl/bf16_add.sv:77$327_Y $eq$rtl/bf16_add.sv:76$324_Y $auto$rtlil.cc:2783:ReduceOr$828 $auto$rtlil.cc:2783:ReduceOr$813 $auto$rtlil.cc:2783:ReduceOr$787 }.
    No candidates found.
  Analyzing resource sharing options for $shl$rtl/bf16_add.sv:13$257 ($shl):
    Found 4 activation_patterns using ctrl signal { $logic_and$rtl/bf16_add.sv:87$351_Y $eq$rtl/bf16_add.sv:85$347_Y $logic_and$rtl/bf16_add.sv:82$345_Y $logic_or$rtl/bf16_add.sv:76$336_Y $eq$rtl/bf16_add.sv:77$327_Y $eq$rtl/bf16_add.sv:76$324_Y $auto$rtlil.cc:2783:ReduceOr$828 $auto$rtlil.cc:2783:ReduceOr$813 $auto$rtlil.cc:2783:ReduceOr$787 }.
    No candidates found.

8.14. Executing OPT pass (performing simple optimizations).

8.14.1. Executing OPT_EXPR pass (perform const folding).
Optimizing module bf16_add.
<suppressed ~9 debug messages>

8.14.2. Executing OPT_MERGE pass (detect identical cells).
Finding identical cells in module `\bf16_add'.
Removed a total of 0 cells.

8.14.3. Executing OPT_MUXTREE pass (detect dead branches in mux trees).
Running muxtree optimizer on module \bf16_add..
  Creating internal representation of mux trees.
  Evaluating internal representation of mux trees.
  Analyzing evaluation results.
Removed 0 multiplexer ports.
<suppressed ~32 debug messages>

8.14.4. Executing OPT_REDUCE pass (consolidate $*mux and $reduce_* inputs).
  Optimizing cells in module \bf16_add.
Performed a total of 0 changes.

8.14.5. Executing OPT_MERGE pass (detect identical cells).
Finding identical cells in module `\bf16_add'.
Removed a total of 0 cells.

8.14.6. Executing OPT_DFF pass (perform DFF optimizations).

8.14.7. Executing OPT_CLEAN pass (remove unused cells and wires).
Finding unused cells or wires in module \bf16_add..
Removed 1 unused cells and 21 unused wires.
<suppressed ~3 debug messages>

8.14.8. Executing OPT_EXPR pass (perform const folding).
Optimizing module bf16_add.

8.14.9. Rerunning OPT passes. (Maybe there is more to do..)

8.14.10. Executing OPT_MUXTREE pass (detect dead branches in mux trees).
Running muxtree optimizer on module \bf16_add..
  Creating internal representation of mux trees.
  Evaluating internal representation of mux trees.
  Analyzing evaluation results.
Removed 0 multiplexer ports.
<suppressed ~32 debug messages>

8.14.11. Executing OPT_REDUCE pass (consolidate $*mux and $reduce_* inputs).
  Optimizing cells in module \bf16_add.
Performed a total of 0 changes.

8.14.12. Executing OPT_MERGE pass (detect identical cells).
Finding identical cells in module `\bf16_add'.
Removed a total of 0 cells.

8.14.13. Executing OPT_DFF pass (perform DFF optimizations).

8.14.14. Executing OPT_CLEAN pass (remove unused cells and wires).
Finding unused cells or wires in module \bf16_add..

8.14.15. Executing OPT_EXPR pass (perform const folding).
Optimizing module bf16_add.

8.14.16. Finished OPT passes. (There is nothing left to do.)

8.15. Executing MEMORY pass.

8.15.1. Executing OPT_MEM pass (optimize memories).
Performed a total of 0 transformations.

8.15.2. Executing OPT_MEM_PRIORITY pass (removing unnecessary memory write priority relations).
Performed a total of 0 transformations.

8.15.3. Executing OPT_MEM_FEEDBACK pass (finding memory read-to-write feedback paths).

8.15.4. Executing MEMORY_BMUX2ROM pass (converting muxes to ROMs).

8.15.5. Executing MEMORY_DFF pass (merging $dff cells to $memrd).

8.15.6. Executing OPT_CLEAN pass (remove unused cells and wires).
Finding unused cells or wires in module \bf16_add..

8.15.7. Executing MEMORY_SHARE pass (consolidating $memrd/$memwr cells).

8.15.8. Executing OPT_MEM_WIDEN pass (optimize memories where all ports are wide).
Performed a total of 0 transformations.

8.15.9. Executing OPT_CLEAN pass (remove unused cells and wires).
Finding unused cells or wires in module \bf16_add..

8.15.10. Executing MEMORY_COLLECT pass (generating $mem cells).

8.16. Executing OPT_CLEAN pass (remove unused cells and wires).
Finding unused cells or wires in module \bf16_add..

8.17. Executing OPT pass (performing simple optimizations).

8.17.1. Executing OPT_EXPR pass (perform const folding).
Optimizing module bf16_add.
<suppressed ~28 debug messages>

8.17.2. Executing OPT_MERGE pass (detect identical cells).
Finding identical cells in module `\bf16_add'.
Removed a total of 0 cells.

8.17.3. Executing OPT_DFF pass (perform DFF optimizations).

8.17.4. Executing OPT_CLEAN pass (remove unused cells and wires).
Finding unused cells or wires in module \bf16_add..
Removed 0 unused cells and 20 unused wires.
<suppressed ~1 debug messages>

8.17.5. Finished fast OPT passes.

8.18. Executing MEMORY_MAP pass (converting memories to logic and flip-flops).

8.19. Executing OPT pass (performing simple optimizations).

8.19.1. Executing OPT_EXPR pass (perform const folding).
Optimizing module bf16_add.

8.19.2. Executing OPT_MERGE pass (detect identical cells).
Finding identical cells in module `\bf16_add'.
Removed a total of 0 cells.

8.19.3. Executing OPT_MUXTREE pass (detect dead branches in mux trees).
Running muxtree optimizer on module \bf16_add..
  Creating internal representation of mux trees.
  Evaluating internal representation of mux trees.
  Analyzing evaluation results.
Removed 0 multiplexer ports.
<suppressed ~32 debug messages>

8.19.4. Executing OPT_REDUCE pass (consolidate $*mux and $reduce_* inputs).
  Optimizing cells in module \bf16_add.
    Consolidated identical input bits for $mux cell $procmux$478:
      Old ports: A={ \result_exp [7:0] \rounded_sig [6:0] }, B={ 8'00000000 \rounded_sig [6:0] }, Y=$7\result_o[15:0] [14:0]
      New ports: A=\result_exp [7:0], B=8'00000000, Y=$7\result_o[15:0] [14:7]
      New connections: $7\result_o[15:0] [6:0] = \rounded_sig [6:0]
    Consolidated identical input bits for $mux cell $procmux$676:
      Old ports: A={ 24'000000000000000000000000 \large_exp }, B={ $sub$rtl/bf16_add.sv:65$272_Y [31] $sub$rtl/bf16_add.sv:65$272_Y [31] $sub$rtl/bf16_add.sv:65$272_Y [31] $sub$rtl/bf16_add.sv:65$272_Y [31] $sub$rtl/bf16_add.sv:65$272_Y [31] $sub$rtl/bf16_add.sv:65$272_Y [31] $sub$rtl/bf16_add.sv:65$272_Y [31] $sub$rtl/bf16_add.sv:65$272_Y [31] $sub$rtl/bf16_add.sv:65$272_Y [31] $sub$rtl/bf16_add.sv:65$272_Y [31] $sub$rtl/bf16_add.sv:65$272_Y [31] $sub$rtl/bf16_add.sv:65$272_Y [31] $sub$rtl/bf16_add.sv:65$272_Y [31] $sub$rtl/bf16_add.sv:65$272_Y [31] $sub$rtl/bf16_add.sv:65$272_Y [31] $sub$rtl/bf16_add.sv:65$272_Y [31] $sub$rtl/bf16_add.sv:65$272_Y [31] $sub$rtl/bf16_add.sv:65$272_Y [31] $sub$rtl/bf16_add.sv:65$272_Y [31] $sub$rtl/bf16_add.sv:65$272_Y [31] $sub$rtl/bf16_add.sv:65$272_Y [31] $sub$rtl/bf16_add.sv:65$272_Y [31] $sub$rtl/bf16_add.sv:65$272_Y [31] $sub$rtl/bf16_add.sv:65$272_Y [31] $sub$rtl/bf16_add.sv:65$272_Y [7:0] }, Y=$3\result_exp[31:0]
      New ports: A={ 1'0 \large_exp }, B={ $sub$rtl/bf16_add.sv:65$272_Y [31] $sub$rtl/bf16_add.sv:65$272_Y [7:0] }, Y=$3\result_exp[31:0] [8:0]
      New connections: $3\result_exp[31:0] [31:9] = { $3\result_exp[31:0] [8] $3\result_exp[31:0] [8] $3\result_exp[31:0] [8] $3\result_exp[31:0] [8] $3\result_exp[31:0] [8] $3\result_exp[31:0] [8] $3\result_exp[31:0] [8] $3\result_exp[31:0] [8] $3\result_exp[31:0] [8] $3\result_exp[31:0] [8] $3\result_exp[31:0] [8] $3\result_exp[31:0] [8] $3\result_exp[31:0] [8] $3\result_exp[31:0] [8] $3\result_exp[31:0] [8] $3\result_exp[31:0] [8] $3\result_exp[31:0] [8] $3\result_exp[31:0] [8] $3\result_exp[31:0] [8] $3\result_exp[31:0] [8] $3\result_exp[31:0] [8] $3\result_exp[31:0] [8] $3\result_exp[31:0] [8] }
    Consolidated identical input bits for $mux cell $procmux$695:
      Old ports: A={ 24'000000000000000000000000 \large_exp }, B={ 23'00000000000000000000000 $add$rtl/bf16_add.sv:57$266_Y }, Y=$2\result_exp[31:0]
      New ports: A={ 1'0 \large_exp }, B=$add$rtl/bf16_add.sv:57$266_Y, Y=$2\result_exp[31:0] [8:0]
      New connections: $2\result_exp[31:0] [31:9] = 23'00000000000000000000000
  Optimizing cells in module \bf16_add.
Performed a total of 3 changes.

8.19.5. Executing OPT_MERGE pass (detect identical cells).
Finding identical cells in module `\bf16_add'.
Removed a total of 0 cells.

8.19.6. Executing OPT_SHARE pass.

8.19.7. Executing OPT_DFF pass (perform DFF optimizations).

8.19.8. Executing OPT_CLEAN pass (remove unused cells and wires).
Finding unused cells or wires in module \bf16_add..

8.19.9. Executing OPT_EXPR pass (perform const folding).
Optimizing module bf16_add.

8.19.10. Rerunning OPT passes. (Maybe there is more to do..)

8.19.11. Executing OPT_MUXTREE pass (detect dead branches in mux trees).
Running muxtree optimizer on module \bf16_add..
  Creating internal representation of mux trees.
  Evaluating internal representation of mux trees.
  Analyzing evaluation results.
Removed 0 multiplexer ports.
<suppressed ~32 debug messages>

8.19.12. Executing OPT_REDUCE pass (consolidate $*mux and $reduce_* inputs).
  Optimizing cells in module \bf16_add.
Performed a total of 0 changes.

8.19.13. Executing OPT_MERGE pass (detect identical cells).
Finding identical cells in module `\bf16_add'.
Removed a total of 0 cells.

8.19.14. Executing OPT_SHARE pass.

8.19.15. Executing OPT_DFF pass (perform DFF optimizations).

8.19.16. Executing OPT_CLEAN pass (remove unused cells and wires).
Finding unused cells or wires in module \bf16_add..

8.19.17. Executing OPT_EXPR pass (perform const folding).
Optimizing module bf16_add.

8.19.18. Finished OPT passes. (There is nothing left to do.)

8.20. Executing TECHMAP pass (map to technology primitives).

8.20.1. Executing Verilog-2005 frontend: /home/chandler/.local/yosys/usr/bin/../share/yosys/techmap.v
Parsing Verilog input from `/home/chandler/.local/yosys/usr/bin/../share/yosys/techmap.v' to AST representation.
Generating RTLIL representation for module `\_90_simplemap_bool_ops'.
Generating RTLIL representation for module `\_90_simplemap_reduce_ops'.
Generating RTLIL representation for module `\_90_simplemap_logic_ops'.
Generating RTLIL representation for module `\_90_simplemap_compare_ops'.
Generating RTLIL representation for module `\_90_simplemap_various'.
Generating RTLIL representation for module `\_90_simplemap_registers'.
Generating RTLIL representation for module `\_90_shift_ops_shr_shl_sshl_sshr'.
Generating RTLIL representation for module `\_90_shift_shiftx'.
Generating RTLIL representation for module `\_90_fa'.
Generating RTLIL representation for module `\_90_lcu_brent_kung'.
Generating RTLIL representation for module `\_90_alu'.
Generating RTLIL representation for module `\_90_macc'.
Generating RTLIL representation for module `\_90_alumacc'.
Generating RTLIL representation for module `\$__div_mod_u'.
Generating RTLIL representation for module `\$__div_mod_trunc'.
Generating RTLIL representation for module `\_90_div'.
Generating RTLIL representation for module `\_90_mod'.
Generating RTLIL representation for module `\$__div_mod_floor'.
Generating RTLIL representation for module `\_90_divfloor'.
Generating RTLIL representation for module `\_90_modfloor'.
Generating RTLIL representation for module `\_90_pow'.
Generating RTLIL representation for module `\_90_pmux'.
Generating RTLIL representation for module `\_90_demux'.
Generating RTLIL representation for module `\_90_lut'.
Successfully finished Verilog frontend.

8.20.2. Continuing TECHMAP pass.
Using extmapper simplemap for cells of type $mux.
Using extmapper simplemap for cells of type $xor.
Using extmapper simplemap for cells of type $reduce_and.
Using extmapper simplemap for cells of type $or.
Using extmapper simplemap for cells of type $not.
Using extmapper simplemap for cells of type $reduce_or.
Using extmapper simplemap for cells of type $and.
Using extmapper simplemap for cells of type $reduce_bool.
Using extmapper simplemap for cells of type $logic_not.
Using template $paramod$251dce7c157e9048c4b59aa3ffe9da5b787c11e7\_90_alu for cells of type $alu.
Using template $paramod$ec32b97001540459632a2df9accd677d3703ea0f\_90_alu for cells of type $alu.
Using template $paramod$6df0329addda9228fcc2546de2aaf14ad26c98e1\_90_alu for cells of type $alu.
Using template $paramod$4ccbe221165818e15f326ddee3d1183c7924e12f\_90_alu for cells of type $alu.
Using template $paramod$constmap:5ccdfee0b4be02ba8f5f1ce4c449fa079017456b$paramod$66af0d2250ad95090ce44b97e1cb8464d31d497e\_90_shift_ops_shr_shl_sshl_sshr for cells of type $shl.
Using template $paramod$constmap:1164aef926cc910c3821e273b79066b36941cb0d$paramod$75afcd7873048b1a9588986549b0bab77b21b3a6\_90_shift_ops_shr_shl_sshl_sshr for cells of type $shr.
Using extmapper simplemap for cells of type $eq.
Using template $paramod$a2af9b43308e3114c3b5dd3f4dc3329b2387395d\_90_alu for cells of type $alu.
Using template $paramod$19189243523493d505a4933d1bad417c570ea8a6\_90_alu for cells of type $alu.
Using template $paramod$050f15daba5036a0512adf25d3c6631f629623f7\_90_alu for cells of type $alu.
Using extmapper simplemap for cells of type $logic_and.
Using extmapper simplemap for cells of type $logic_or.
Using template $paramod$6412f7f13655de512a17af2c71a87b50b4a57324\_90_alu for cells of type $alu.
Using template $paramod$d4fbf181fbf74ad2c33c84c81168c20bdbe88f93\_90_alu for cells of type $alu.
Using extmapper simplemap for cells of type $ne.
Using template $paramod$a4f91f6caa7ebd83dab5e4c7113d46a247ccb174\_90_alu for cells of type $alu.
Using template $paramod\_90_lcu_brent_kung\WIDTH=32'00000000000000000000000000100000 for cells of type $lcu.
Using extmapper simplemap for cells of type $pos.
Using template $paramod\_90_lcu_brent_kung\WIDTH=32'00000000000000000000000000001011 for cells of type $lcu.
Using template $paramod\_90_lcu_brent_kung\WIDTH=32'00000000000000000000000000010000 for cells of type $lcu.
Using template $paramod\_90_lcu_brent_kung\WIDTH=32'00000000000000000000000000001001 for cells of type $lcu.
No more expansions possible.
<suppressed ~3699 debug messages>

8.21. Executing OPT pass (performing simple optimizations).

8.21.1. Executing OPT_EXPR pass (perform const folding).
Optimizing module bf16_add.
<suppressed ~2126 debug messages>

8.21.2. Executing OPT_MERGE pass (detect identical cells).
Finding identical cells in module `\bf16_add'.
<suppressed ~1563 debug messages>
Removed a total of 521 cells.

8.21.3. Executing OPT_DFF pass (perform DFF optimizations).

8.21.4. Executing OPT_CLEAN pass (remove unused cells and wires).
Finding unused cells or wires in module \bf16_add..
Removed 260 unused cells and 1585 unused wires.
<suppressed ~261 debug messages>

8.21.5. Finished fast OPT passes.

8.22. Executing ABC pass (technology mapping using ABC).

8.22.1. Extracting gate netlist of module `\bf16_add' to `<abc-temp-dir>/input.blif'..
Extracted 3429 gates and 3463 wires to a netlist network with 32 inputs and 16 outputs.

8.22.1.1. Executing ABC.
Running ABC command: "<yosys-exe-dir>/yosys-abc" -s -f <abc-temp-dir>/abc.script 2>&1
ABC: ABC command line: "source <abc-temp-dir>/abc.script".
ABC: 
ABC: + read_blif <abc-temp-dir>/input.blif 
ABC: + read_library <abc-temp-dir>/stdcells.genlib 
ABC: + strash 
ABC: + dretime 
ABC: + map 
ABC: + write_blif <abc-temp-dir>/output.blif 

8.22.1.2. Re-integrating ABC results.
ABC RESULTS:               AND cells:       67
ABC RESULTS:            ANDNOT cells:      954
ABC RESULTS:               MUX cells:      513
ABC RESULTS:              NAND cells:       45
ABC RESULTS:               NOR cells:      158
ABC RESULTS:               NOT cells:      156
ABC RESULTS:                OR cells:      282
ABC RESULTS:             ORNOT cells:      153
ABC RESULTS:              XNOR cells:      122
ABC RESULTS:               XOR cells:      282
ABC RESULTS:        internal signals:     3415
ABC RESULTS:           input signals:       32
ABC RESULTS:          output signals:       16
Removing temp directory.

8.23. Executing OPT pass (performing simple optimizations).

8.23.1. Executing OPT_EXPR pass (perform const folding).
Optimizing module bf16_add.
<suppressed ~13 debug messages>

8.23.2. Executing OPT_MERGE pass (detect identical cells).
Finding identical cells in module `\bf16_add'.
<suppressed ~528 debug messages>
Removed a total of 176 cells.

8.23.3. Executing OPT_DFF pass (perform DFF optimizations).

8.23.4. Executing OPT_CLEAN pass (remove unused cells and wires).
Finding unused cells or wires in module \bf16_add..
Removed 0 unused cells and 1487 unused wires.
<suppressed ~12 debug messages>

8.23.5. Finished fast OPT passes.

8.24. Executing HIERARCHY pass (managing design hierarchy).
Attribute `top' found on module `bf16_add'. Setting top module to bf16_add.

8.24.1. Analyzing design hierarchy..
Top module:  \bf16_add

8.24.2. Analyzing design hierarchy..
Top module:  \bf16_add
Removed 0 unused modules.

8.25. Printing statistics.

=== bf16_add ===

   Number of wires:               2557
   Number of wire bits:           2731
   Number of public wires:          17
   Number of public wire bits:     191
   Number of ports:                  3
   Number of port bits:             48
   Number of memories:               0
   Number of memory bits:            0
   Number of processes:              0
   Number of cells:               2556
     $_ANDNOT_                     861
     $_AND_                         60
     $_MUX_                        499
     $_NAND_                        45
     $_NOR_                        157
     $_NOT_                        149
     $_ORNOT_                      149
     $_OR_                         255
     $_XNOR_                       115
     $_XOR_                        266

8.26. Executing CHECK pass (checking for obvious problems).
Checking module bf16_add...
Found and reported 0 problems.

9. Executing CHECK pass (checking for obvious problems).
Checking module bf16_add...
Found and reported 0 problems.

10. Printing statistics.

=== bf16_add ===

   Number of wires:               2557
   Number of wire bits:           2731
   Number of public wires:          17
   Number of public wire bits:     191
   Number of ports:                  3
   Number of port bits:             48
   Number of memories:               0
   Number of memory bits:            0
   Number of processes:              0
   Number of cells:               2556
     $_ANDNOT_                     861
     $_AND_                         60
     $_MUX_                        499
     $_NAND_                        45
     $_NOR_                        157
     $_NOT_                        149
     $_ORNOT_                      149
     $_OR_                         255
     $_XNOR_                       115
     $_XOR_                        266

11. Executing FLATTEN pass (flatten design).

12. Executing OPT pass (performing simple optimizations).

12.1. Executing OPT_EXPR pass (perform const folding).
Optimizing module bf16_add.

12.2. Executing OPT_MERGE pass (detect identical cells).
Finding identical cells in module `\bf16_add'.
Removed a total of 0 cells.

12.3. Executing OPT_MUXTREE pass (detect dead branches in mux trees).
Running muxtree optimizer on module \bf16_add..
  Creating internal representation of mux trees.
  No muxes found in this module.
Removed 0 multiplexer ports.

12.4. Executing OPT_REDUCE pass (consolidate $*mux and $reduce_* inputs).
  Optimizing cells in module \bf16_add.
Performed a total of 0 changes.

12.5. Executing OPT_MERGE pass (detect identical cells).
Finding identical cells in module `\bf16_add'.
Removed a total of 0 cells.

12.6. Executing OPT_DFF pass (perform DFF optimizations).

12.7. Executing OPT_CLEAN pass (remove unused cells and wires).
Finding unused cells or wires in module \bf16_add..

12.8. Executing OPT_EXPR pass (perform const folding).
Optimizing module bf16_add.

12.9. Finished OPT passes. (There is nothing left to do.)

13. Executing LTP pass (find longest path).

Longest topological path in bf16_add (length=197):
    0: \rhs_i [14]
    1: $abc$8532$new_n53 (via $abc$8532$auto$blifparse.cc:396:parse_blif$8537)
    2: $abc$8532$new_n54 (via $abc$8532$auto$blifparse.cc:396:parse_blif$8538)
    3: $abc$8532$new_n55 (via $abc$8532$auto$blifparse.cc:396:parse_blif$8539)
    4: $abc$8532$new_n104 (via $abc$8532$auto$blifparse.cc:396:parse_blif$8588)
    5: $abc$8532$new_n106 (via $abc$8532$auto$blifparse.cc:396:parse_blif$8590)
    6: $abc$8532$new_n107 (via $abc$8532$auto$blifparse.cc:396:parse_blif$8591)
    7: $abc$8532$new_n108 (via $abc$8532$auto$blifparse.cc:396:parse_blif$8592)
    8: $abc$8532$new_n109 (via $abc$8532$auto$blifparse.cc:396:parse_blif$8593)
    9: $abc$8532$new_n110 (via $abc$8532$auto$blifparse.cc:396:parse_blif$8594)
   10: $abc$8532$new_n111 (via $abc$8532$auto$blifparse.cc:396:parse_blif$8595)
   11: $abc$8532$new_n112 (via $abc$8532$auto$blifparse.cc:396:parse_blif$8596)
   12: $abc$8532$new_n151 (via $abc$8532$auto$blifparse.cc:396:parse_blif$8635)
   13: $abc$8532$new_n157 (via $abc$8532$auto$blifparse.cc:396:parse_blif$8641)
   14: $abc$8532$new_n204 (via $abc$8532$auto$blifparse.cc:396:parse_blif$8688)
   15: $abc$8532$new_n205 (via $abc$8532$auto$blifparse.cc:396:parse_blif$8689)
   16: $abc$8532$new_n206 (via $abc$8532$auto$blifparse.cc:396:parse_blif$8690)
   17: $abc$8532$new_n207 (via $abc$8532$auto$blifparse.cc:396:parse_blif$8691)
   18: $abc$8532$new_n208 (via $abc$8532$auto$blifparse.cc:396:parse_blif$8692)
   19: $abc$8532$new_n209 (via $abc$8532$auto$blifparse.cc:396:parse_blif$8693)
   20: $abc$8532$new_n215 (via $abc$8532$auto$blifparse.cc:396:parse_blif$8699)
   21: $abc$8532$new_n216 (via $abc$8532$auto$blifparse.cc:396:parse_blif$8700)
   22: $abc$8532$new_n219 (via $abc$8532$auto$blifparse.cc:396:parse_blif$8703)
   23: $abc$8532$new_n220 (via $abc$8532$auto$blifparse.cc:396:parse_blif$8704)
   24: $abc$8532$new_n221 (via $abc$8532$auto$blifparse.cc:396:parse_blif$8705)
   25: $abc$8532$new_n260 (via $abc$8532$auto$blifparse.cc:396:parse_blif$8744)
   26: $abc$8532$new_n261 (via $abc$8532$auto$blifparse.cc:396:parse_blif$8745)
   27: $abc$8532$new_n262 (via $abc$8532$auto$blifparse.cc:396:parse_blif$8746)
   28: $abc$8532$new_n438 (via $abc$8532$auto$blifparse.cc:396:parse_blif$8922)
   29: $abc$8532$new_n447 (via $abc$8532$auto$blifparse.cc:396:parse_blif$8931)
   30: $abc$8532$new_n448 (via $abc$8532$auto$blifparse.cc:396:parse_blif$8932)
   31: $abc$8532$new_n449 (via $abc$8532$auto$blifparse.cc:396:parse_blif$8933)
   32: $abc$8532$new_n450 (via $abc$8532$auto$blifparse.cc:396:parse_blif$8934)
   33: $abc$8532$new_n451 (via $abc$8532$auto$blifparse.cc:396:parse_blif$8935)
   34: $abc$8532$new_n460 (via $abc$8532$auto$blifparse.cc:396:parse_blif$8944)
   35: $abc$8532$new_n461 (via $abc$8532$auto$blifparse.cc:396:parse_blif$8945)
   36: $abc$8532$new_n496 (via $abc$8532$auto$blifparse.cc:396:parse_blif$8980)
   37: $abc$8532$new_n497 (via $abc$8532$auto$blifparse.cc:396:parse_blif$8981)
   38: $abc$8532$new_n510 (via $abc$8532$auto$blifparse.cc:396:parse_blif$8994)
   39: $abc$8532$new_n511 (via $abc$8532$auto$blifparse.cc:396:parse_blif$8995)
   40: $abc$8532$new_n512 (via $abc$8532$auto$blifparse.cc:396:parse_blif$8996)
   41: $abc$8532$new_n513 (via $abc$8532$auto$blifparse.cc:396:parse_blif$8997)
   42: $abc$8532$new_n514 (via $abc$8532$auto$blifparse.cc:396:parse_blif$8998)
   43: $abc$8532$new_n515 (via $abc$8532$auto$blifparse.cc:396:parse_blif$8999)
   44: $abc$8532$new_n516 (via $abc$8532$auto$blifparse.cc:396:parse_blif$9000)
   45: $abc$8532$new_n517 (via $abc$8532$auto$blifparse.cc:396:parse_blif$9001)
   46: $abc$8532$new_n525 (via $abc$8532$auto$blifparse.cc:396:parse_blif$9009)
   47: $abc$8532$new_n526 (via $abc$8532$auto$blifparse.cc:396:parse_blif$9010)
   48: $abc$8532$new_n527 (via $abc$8532$auto$blifparse.cc:396:parse_blif$9011)
   49: $abc$8532$new_n536 (via $abc$8532$auto$blifparse.cc:396:parse_blif$9020)
   50: $abc$8532$new_n537 (via $abc$8532$auto$blifparse.cc:396:parse_blif$9021)
   51: $abc$8532$new_n538 (via $abc$8532$auto$blifparse.cc:396:parse_blif$9022)
   52: $abc$8532$new_n539 (via $abc$8532$auto$blifparse.cc:396:parse_blif$9023)
   53: $abc$8532$new_n540 (via $abc$8532$auto$blifparse.cc:396:parse_blif$9024)
   54: $abc$8532$new_n541 (via $abc$8532$auto$blifparse.cc:396:parse_blif$9025)
   55: $abc$8532$new_n542 (via $abc$8532$auto$blifparse.cc:396:parse_blif$9026)
   56: $abc$8532$new_n561 (via $abc$8532$auto$blifparse.cc:396:parse_blif$9045)
   57: $abc$8532$new_n609 (via $abc$8532$auto$blifparse.cc:396:parse_blif$9093)
   58: $abc$8532$new_n610 (via $abc$8532$auto$blifparse.cc:396:parse_blif$9094)
   59: $abc$8532$new_n611 (via $abc$8532$auto$blifparse.cc:396:parse_blif$9095)
   60: $abc$8532$new_n612 (via $abc$8532$auto$blifparse.cc:396:parse_blif$9096)
   61: $abc$8532$new_n613 (via $abc$8532$auto$blifparse.cc:396:parse_blif$9097)
   62: $abc$8532$new_n614 (via $abc$8532$auto$blifparse.cc:396:parse_blif$9098)
   63: $abc$8532$new_n615 (via $abc$8532$auto$blifparse.cc:396:parse_blif$9099)
   64: $abc$8532$new_n620 (via $abc$8532$auto$blifparse.cc:396:parse_blif$9104)
   65: $abc$8532$new_n621 (via $abc$8532$auto$blifparse.cc:396:parse_blif$9105)
   66: $abc$8532$new_n666 (via $abc$8532$auto$blifparse.cc:396:parse_blif$9148)
   67: $abc$8532$new_n667 (via $abc$8532$auto$blifparse.cc:396:parse_blif$9149)
   68: $abc$8532$new_n668 (via $abc$8532$auto$blifparse.cc:396:parse_blif$9150)
   69: $abc$8532$new_n669 (via $abc$8532$auto$blifparse.cc:396:parse_blif$9151)
   70: $abc$8532$new_n670 (via $abc$8532$auto$blifparse.cc:396:parse_blif$9152)
   71: $abc$8532$new_n671 (via $abc$8532$auto$blifparse.cc:396:parse_blif$9153)
   72: $abc$8532$new_n672 (via $abc$8532$auto$blifparse.cc:396:parse_blif$9154)
   73: $abc$8532$new_n673 (via $abc$8532$auto$blifparse.cc:396:parse_blif$9155)
   74: $abc$8532$new_n674 (via $abc$8532$auto$blifparse.cc:396:parse_blif$9156)
   75: $abc$8532$new_n675 (via $abc$8532$auto$blifparse.cc:396:parse_blif$9157)
   76: $abc$8532$new_n690 (via $abc$8532$auto$blifparse.cc:396:parse_blif$9172)
   77: $abc$8532$new_n696 (via $abc$8532$auto$blifparse.cc:396:parse_blif$9178)
   78: $abc$8532$new_n697 (via $abc$8532$auto$blifparse.cc:396:parse_blif$9179)
   79: $abc$8532$new_n889 (via $abc$8532$auto$blifparse.cc:396:parse_blif$9371)
   80: $abc$8532$new_n890 (via $abc$8532$auto$blifparse.cc:396:parse_blif$9372)
   81: $abc$8532$new_n891 (via $abc$8532$auto$blifparse.cc:396:parse_blif$9373)
   82: $abc$8532$new_n892 (via $abc$8532$auto$blifparse.cc:396:parse_blif$9374)
   83: $abc$8532$new_n893 (via $abc$8532$auto$blifparse.cc:396:parse_blif$9375)
   84: $abc$8532$new_n894 (via $abc$8532$auto$blifparse.cc:396:parse_blif$9376)
   85: $abc$8532$new_n895 (via $abc$8532$auto$blifparse.cc:396:parse_blif$9377)
   86: $abc$8532$new_n896 (via $abc$8532$auto$blifparse.cc:396:parse_blif$9378)
   87: $abc$8532$new_n899 (via $abc$8532$auto$blifparse.cc:396:parse_blif$9381)
   88: $abc$8532$new_n900 (via $abc$8532$auto$blifparse.cc:396:parse_blif$9382)
   89: $abc$8532$new_n901 (via $abc$8532$auto$blifparse.cc:396:parse_blif$9383)
   90: $abc$8532$new_n902 (via $abc$8532$auto$blifparse.cc:396:parse_blif$9384)
   91: $abc$8532$new_n903 (via $abc$8532$auto$blifparse.cc:396:parse_blif$9385)
   92: $abc$8532$new_n904 (via $abc$8532$auto$blifparse.cc:396:parse_blif$9386)
   93: $abc$8532$new_n905 (via $abc$8532$auto$blifparse.cc:396:parse_blif$9387)
   94: $abc$8532$new_n919 (via $abc$8532$auto$blifparse.cc:396:parse_blif$9401)
   95: $abc$8532$new_n920 (via $abc$8532$auto$blifparse.cc:396:parse_blif$9402)
   96: $abc$8532$new_n923 (via $abc$8532$auto$blifparse.cc:396:parse_blif$9405)
   97: $abc$8532$new_n934 (via $abc$8532$auto$blifparse.cc:396:parse_blif$9416)
   98: $abc$8532$new_n956 (via $abc$8532$auto$blifparse.cc:396:parse_blif$9438)
   99: $abc$8532$new_n1003 (via $abc$8532$auto$blifparse.cc:396:parse_blif$9485)
  100: $abc$8532$new_n1091 (via $abc$8532$auto$blifparse.cc:396:parse_blif$9573)
  101: $abc$8532$new_n1092 (via $abc$8532$auto$blifparse.cc:396:parse_blif$9574)
  102: $abc$8532$new_n1100 (via $abc$8532$auto$blifparse.cc:396:parse_blif$9582)
  103: $abc$8532$new_n1106 (via $abc$8532$auto$blifparse.cc:396:parse_blif$9588)
  104: $abc$8532$new_n1107 (via $abc$8532$auto$blifparse.cc:396:parse_blif$9589)
  105: $abc$8532$new_n1280 (via $abc$8532$auto$blifparse.cc:396:parse_blif$9762)
  106: $abc$8532$new_n1281 (via $abc$8532$auto$blifparse.cc:396:parse_blif$9763)
  107: $abc$8532$new_n1282 (via $abc$8532$auto$blifparse.cc:396:parse_blif$9764)
  108: $abc$8532$new_n1283 (via $abc$8532$auto$blifparse.cc:396:parse_blif$9765)
  109: $abc$8532$new_n1284 (via $abc$8532$auto$blifparse.cc:396:parse_blif$9766)
  110: $abc$8532$new_n1285 (via $abc$8532$auto$blifparse.cc:396:parse_blif$9767)
  111: $abc$8532$new_n1286 (via $abc$8532$auto$blifparse.cc:396:parse_blif$9768)
  112: $abc$8532$new_n1287 (via $abc$8532$auto$blifparse.cc:396:parse_blif$9769)
  113: $abc$8532$new_n1290 (via $abc$8532$auto$blifparse.cc:396:parse_blif$9772)
  114: $abc$8532$new_n1291 (via $abc$8532$auto$blifparse.cc:396:parse_blif$9773)
  115: $abc$8532$new_n1292 (via $abc$8532$auto$blifparse.cc:396:parse_blif$9774)
  116: $abc$8532$new_n1293 (via $abc$8532$auto$blifparse.cc:396:parse_blif$9775)
  117: $abc$8532$new_n1294 (via $abc$8532$auto$blifparse.cc:396:parse_blif$9776)
  118: $abc$8532$new_n1295 (via $abc$8532$auto$blifparse.cc:396:parse_blif$9777)
  119: $abc$8532$new_n1296 (via $abc$8532$auto$blifparse.cc:396:parse_blif$9778)
  120: $abc$8532$new_n1312 (via $abc$8532$auto$blifparse.cc:396:parse_blif$9794)
  121: $abc$8532$new_n1313 (via $abc$8532$auto$blifparse.cc:396:parse_blif$9795)
  122: $abc$8532$new_n1316 (via $abc$8532$auto$blifparse.cc:396:parse_blif$9798)
  123: $abc$8532$new_n1327 (via $abc$8532$auto$blifparse.cc:396:parse_blif$9809)
  124: $abc$8532$new_n1349 (via $abc$8532$auto$blifparse.cc:396:parse_blif$9831)
  125: $abc$8532$new_n1396 (via $abc$8532$auto$blifparse.cc:396:parse_blif$9878)
  126: $abc$8532$new_n1484 (via $abc$8532$auto$blifparse.cc:396:parse_blif$9966)
  127: $abc$8532$new_n1485 (via $abc$8532$auto$blifparse.cc:396:parse_blif$9967)
  128: $abc$8532$new_n1493 (via $abc$8532$auto$blifparse.cc:396:parse_blif$9975)
  129: $abc$8532$new_n1499 (via $abc$8532$auto$blifparse.cc:396:parse_blif$9981)
  130: $abc$8532$new_n1500 (via $abc$8532$auto$blifparse.cc:396:parse_blif$9982)
  131: $abc$8532$new_n1676 (via $abc$8532$auto$blifparse.cc:396:parse_blif$10158)
  132: $abc$8532$new_n1677 (via $abc$8532$auto$blifparse.cc:396:parse_blif$10159)
  133: $abc$8532$new_n1678 (via $abc$8532$auto$blifparse.cc:396:parse_blif$10160)
  134: $abc$8532$new_n1679 (via $abc$8532$auto$blifparse.cc:396:parse_blif$10161)
  135: $abc$8532$new_n1680 (via $abc$8532$auto$blifparse.cc:396:parse_blif$10162)
  136: $abc$8532$new_n1681 (via $abc$8532$auto$blifparse.cc:396:parse_blif$10163)
  137: $abc$8532$new_n1682 (via $abc$8532$auto$blifparse.cc:396:parse_blif$10164)
  138: $abc$8532$new_n1683 (via $abc$8532$auto$blifparse.cc:396:parse_blif$10165)
  139: $abc$8532$new_n1686 (via $abc$8532$auto$blifparse.cc:396:parse_blif$10168)
  140: $abc$8532$new_n1687 (via $abc$8532$auto$blifparse.cc:396:parse_blif$10169)
  141: $abc$8532$new_n1688 (via $abc$8532$auto$blifparse.cc:396:parse_blif$10170)
  142: $abc$8532$new_n1689 (via $abc$8532$auto$blifparse.cc:396:parse_blif$10171)
  143: $abc$8532$new_n1690 (via $abc$8532$auto$blifparse.cc:396:parse_blif$10172)
  144: $abc$8532$new_n1691 (via $abc$8532$auto$blifparse.cc:396:parse_blif$10173)
  145: $abc$8532$new_n1692 (via $abc$8532$auto$blifparse.cc:396:parse_blif$10174)
  146: $abc$8532$new_n1710 (via $abc$8532$auto$blifparse.cc:396:parse_blif$10192)
  147: $abc$8532$new_n1711 (via $abc$8532$auto$blifparse.cc:396:parse_blif$10193)
  148: $abc$8532$new_n1714 (via $abc$8532$auto$blifparse.cc:396:parse_blif$10196)
  149: $abc$8532$new_n1725 (via $abc$8532$auto$blifparse.cc:396:parse_blif$10207)
  150: $abc$8532$new_n1747 (via $abc$8532$auto$blifparse.cc:396:parse_blif$10229)
  151: $abc$8532$new_n1796 (via $abc$8532$auto$blifparse.cc:396:parse_blif$10278)
  152: $abc$8532$new_n1886 (via $abc$8532$auto$blifparse.cc:396:parse_blif$10368)
  153: $abc$8532$new_n1887 (via $abc$8532$auto$blifparse.cc:396:parse_blif$10369)
  154: $abc$8532$new_n1895 (via $abc$8532$auto$blifparse.cc:396:parse_blif$10377)
  155: $abc$8532$new_n1901 (via $abc$8532$auto$blifparse.cc:396:parse_blif$10383)
  156: $abc$8532$new_n1902 (via $abc$8532$auto$blifparse.cc:396:parse_blif$10384)
  157: $abc$8532$new_n2077 (via $abc$8532$auto$blifparse.cc:396:parse_blif$10559)
  158: $abc$8532$new_n2078 (via $abc$8532$auto$blifparse.cc:396:parse_blif$10560)
  159: $abc$8532$new_n2079 (via $abc$8532$auto$blifparse.cc:396:parse_blif$10561)
  160: $abc$8532$new_n2080 (via $abc$8532$auto$blifparse.cc:396:parse_blif$10562)
  161: $abc$8532$new_n2081 (via $abc$8532$auto$blifparse.cc:396:parse_blif$10563)
  162: $abc$8532$new_n2082 (via $abc$8532$auto$blifparse.cc:396:parse_blif$10564)
  163: $abc$8532$new_n2083 (via $abc$8532$auto$blifparse.cc:396:parse_blif$10565)
  164: $abc$8532$new_n2084 (via $abc$8532$auto$blifparse.cc:396:parse_blif$10566)
  165: $abc$8532$new_n2263 (via $abc$8532$auto$blifparse.cc:396:parse_blif$10745)
  166: $abc$8532$new_n2264 (via $abc$8532$auto$blifparse.cc:396:parse_blif$10746)
  167: $abc$8532$new_n2265 (via $abc$8532$auto$blifparse.cc:396:parse_blif$10747)
  168: $abc$8532$new_n2266 (via $abc$8532$auto$blifparse.cc:396:parse_blif$10748)
  169: $abc$8532$new_n2267 (via $abc$8532$auto$blifparse.cc:396:parse_blif$10749)
  170: $abc$8532$new_n2268 (via $abc$8532$auto$blifparse.cc:396:parse_blif$10750)
  171: $abc$8532$new_n2269 (via $abc$8532$auto$blifparse.cc:396:parse_blif$10751)
  172: $abc$8532$new_n2270 (via $abc$8532$auto$blifparse.cc:396:parse_blif$10752)
  173: $abc$8532$new_n2274 (via $abc$8532$auto$blifparse.cc:396:parse_blif$10756)
  174: $abc$8532$new_n2283 (via $abc$8532$auto$blifparse.cc:396:parse_blif$10765)
  175: $abc$8532$new_n2303 (via $abc$8532$auto$blifparse.cc:396:parse_blif$10785)
  176: $abc$8532$new_n2415 (via $abc$8532$auto$blifparse.cc:396:parse_blif$10897)
  177: $abc$8532$new_n2433 (via $abc$8532$auto$blifparse.cc:396:parse_blif$10915)
  178: $abc$8532$new_n2434 (via $abc$8532$auto$blifparse.cc:396:parse_blif$10916)
  179: $abc$8532$new_n2435 (via $abc$8532$auto$blifparse.cc:396:parse_blif$10917)
  180: $abc$8532$new_n2436 (via $abc$8532$auto$blifparse.cc:396:parse_blif$10918)
  181: $abc$8532$new_n2439 (via $abc$8532$auto$blifparse.cc:396:parse_blif$10921)
  182: $abc$8532$new_n2556 (via $abc$8532$auto$blifparse.cc:396:parse_blif$11038)
  183: $abc$8532$new_n2557 (via $abc$8532$auto$blifparse.cc:396:parse_blif$11039)
  184: $abc$8532$new_n2558 (via $abc$8532$auto$blifparse.cc:396:parse_blif$11040)
  185: $abc$8532$new_n2559 (via $abc$8532$auto$blifparse.cc:396:parse_blif$11041)
  186: $abc$8532$new_n2571 (via $abc$8532$auto$blifparse.cc:396:parse_blif$11053)
  187: $abc$8532$new_n2723 (via $abc$8532$auto$blifparse.cc:396:parse_blif$11195)
  188: $abc$8532$new_n2731 (via $abc$8532$auto$blifparse.cc:396:parse_blif$11196)
  189: $abc$8532$new_n2732 (via $abc$8532$auto$blifparse.cc:396:parse_blif$11197)
  190: $abc$8532$new_n2734 (via $abc$8532$auto$blifparse.cc:396:parse_blif$11199)
  191: $abc$8532$new_n2784 (via $abc$8532$auto$blifparse.cc:396:parse_blif$11249)
  192: $abc$8532$new_n2785 (via $abc$8532$auto$blifparse.cc:396:parse_blif$11250)
  193: $abc$8532$new_n2786 (via $abc$8532$auto$blifparse.cc:396:parse_blif$11251)
  194: $abc$8532$new_n2787 (via $abc$8532$auto$blifparse.cc:396:parse_blif$11252)
  195: $abc$8532$new_n2788 (via $abc$8532$auto$blifparse.cc:396:parse_blif$11253)
  196: $abc$8532$new_n2789 (via $abc$8532$auto$blifparse.cc:396:parse_blif$11254)
  197: \result_o [14] (via $abc$8532$auto$blifparse.cc:396:parse_blif$11255)

End of script. Logfile hash: 073d9a96ba, CPU: user 0.44s system 0.03s, MEM: 36.29 MB peak
Yosys 0.52 (git sha1 fee39a3284c90249e1d9684cf6944ffbbcbb8f90)
Time spent: 35% 1x abc (0 sec), 15% 30x opt_expr (0 sec), ...
