
 /----------------------------------------------------------------------------\
 |  yosys -- Yosys Open SYnthesis Suite                                       |
 |  Copyright (C) 2012 - 2025  Claire Xenia Wolf <claire@yosyshq.com>         |
 |  Distributed under an ISC-like license, type "license" to see terms        |
 \----------------------------------------------------------------------------/
 Yosys 0.52 (git sha1 fee39a3284c90249e1d9684cf6944ffbbcbb8f90)

-- Running command `read_verilog -sv -I. rtl/fp16_rsqrt_lut256.sv; hierarchy -check -top fp16_rsqrt_lut256; proc; opt; memory; opt; techmap; opt; stat' --

1. Executing Verilog-2005 frontend: rtl/fp16_rsqrt_lut256.sv
Parsing SystemVerilog input from `rtl/fp16_rsqrt_lut256.sv' to AST representation.
Generating RTLIL representation for module `\fp16_rsqrt_lut256'.
Successfully finished Verilog frontend.

2. Executing HIERARCHY pass (managing design hierarchy).

2.1. Analyzing design hierarchy..
Top module:  \fp16_rsqrt_lut256

2.2. Analyzing design hierarchy..
Top module:  \fp16_rsqrt_lut256
Removed 0 unused modules.

3. Executing PROC pass (convert processes to netlists).

3.1. Executing PROC_CLEAN pass (remove empty switches from decision trees).
Cleaned up 0 empty switches.

3.2. Executing PROC_RMDEAD pass (remove dead branches from decision trees).
Removed 1 dead cases from process $proc$rtl/fp16_rsqrt_lut256.sv:73$6 in module fp16_rsqrt_lut256.
Marked 19 switch rules as full_case in process $proc$rtl/fp16_rsqrt_lut256.sv:73$6 in module fp16_rsqrt_lut256.
Removed a total of 1 dead cases.

3.3. Executing PROC_PRUNE pass (remove redundant assignments in processes).
Removed 0 redundant assignments.
Promoted 15 assignments to connections.

3.4. Executing PROC_INIT pass (extract init attributes).

3.5. Executing PROC_ARST pass (detect async resets in processes).
Found async reset \rst_ni in `\fp16_rsqrt_lut256.$proc$rtl/fp16_rsqrt_lut256.sv:73$6'.

3.6. Executing PROC_ROM pass (convert switches to ROMs).
Converted 1 switch.
<suppressed ~17 debug messages>

3.7. Executing PROC_MUX pass (convert decision trees to multiplexers).
Creating decoders for process `\fp16_rsqrt_lut256.$proc$rtl/fp16_rsqrt_lut256.sv:73$6'.
     1/97: $7\approximate_rsqrt$func$rtl/fp16_rsqrt_lut256.sv:79$3.lut_value[15:0]$151
     2/97: $7\approximate_rsqrt$func$rtl/fp16_rsqrt_lut256.sv:79$3.even_exponent[7:0]$147
     3/97: $7\approximate_rsqrt$func$rtl/fp16_rsqrt_lut256.sv:79$3.adjusted_mantissa[11:0]$146
     4/97: $17\approximate_rsqrt$func$rtl/fp16_rsqrt_lut256.sv:79$3.leading_one[31:0]$142
     5/97: $16\approximate_rsqrt$func$rtl/fp16_rsqrt_lut256.sv:79$3.leading_one[31:0]$139
     6/97: $15\approximate_rsqrt$func$rtl/fp16_rsqrt_lut256.sv:79$3.leading_one[31:0]$136
     7/97: $14\approximate_rsqrt$func$rtl/fp16_rsqrt_lut256.sv:79$3.leading_one[31:0]$133
     8/97: $13\approximate_rsqrt$func$rtl/fp16_rsqrt_lut256.sv:79$3.leading_one[31:0]$130
     9/97: $12\approximate_rsqrt$func$rtl/fp16_rsqrt_lut256.sv:79$3.leading_one[31:0]$127
    10/97: $11\approximate_rsqrt$func$rtl/fp16_rsqrt_lut256.sv:79$3.leading_one[31:0]$124
    11/97: $10\approximate_rsqrt$func$rtl/fp16_rsqrt_lut256.sv:79$3.leading_one[31:0]$121
    12/97: $9\approximate_rsqrt$func$rtl/fp16_rsqrt_lut256.sv:79$3.leading_one[31:0]$118
    13/97: $8\approximate_rsqrt$func$rtl/fp16_rsqrt_lut256.sv:79$3.leading_one[31:0]$115
    14/97: $7\approximate_rsqrt$func$rtl/fp16_rsqrt_lut256.sv:79$3.unbiased_exponent[7:0]$109
    15/97: $7\approximate_rsqrt$func$rtl/fp16_rsqrt_lut256.sv:79$3.normalized_mantissa[10:0]$108
    16/97: $7\approximate_rsqrt$func$rtl/fp16_rsqrt_lut256.sv:79$3.$fordecl_block$1.bit_index[31:0]$111
    17/97: $7\approximate_rsqrt$func$rtl/fp16_rsqrt_lut256.sv:79$3.leading_one[31:0]$110
    18/97: $6\approximate_rsqrt$func$rtl/fp16_rsqrt_lut256.sv:79$3.$result[15:0]$96
    19/97: $6\approximate_rsqrt$func$rtl/fp16_rsqrt_lut256.sv:79$3.$fordecl_block$1.bit_index[31:0]$106
    20/97: $6\approximate_rsqrt$func$rtl/fp16_rsqrt_lut256.sv:79$3.leading_one[31:0]$105
    21/97: $6\approximate_rsqrt$func$rtl/fp16_rsqrt_lut256.sv:79$3.lut_value[15:0]$104
    22/97: $6\approximate_rsqrt$func$rtl/fp16_rsqrt_lut256.sv:79$3.index[7:0]$103
    23/97: $6\approximate_rsqrt$func$rtl/fp16_rsqrt_lut256.sv:79$3.delta[11:0]$102
    24/97: $6\approximate_rsqrt$func$rtl/fp16_rsqrt_lut256.sv:79$3.output_exponent[8:0]$101
    25/97: $6\approximate_rsqrt$func$rtl/fp16_rsqrt_lut256.sv:79$3.even_exponent[7:0]$100
    26/97: $6\approximate_rsqrt$func$rtl/fp16_rsqrt_lut256.sv:79$3.unbiased_exponent[7:0]$99
    27/97: $6\approximate_rsqrt$func$rtl/fp16_rsqrt_lut256.sv:79$3.adjusted_mantissa[11:0]$98
    28/97: $6\approximate_rsqrt$func$rtl/fp16_rsqrt_lut256.sv:79$3.normalized_mantissa[10:0]$97
    29/97: $5\approximate_rsqrt$func$rtl/fp16_rsqrt_lut256.sv:79$3.$result[15:0]$80
    30/97: $5\approximate_rsqrt$func$rtl/fp16_rsqrt_lut256.sv:79$3.$fordecl_block$1.bit_index[31:0]$90
    31/97: $5\approximate_rsqrt$func$rtl/fp16_rsqrt_lut256.sv:79$3.leading_one[31:0]$89
    32/97: $5\approximate_rsqrt$func$rtl/fp16_rsqrt_lut256.sv:79$3.lut_value[15:0]$88
    33/97: $5\approximate_rsqrt$func$rtl/fp16_rsqrt_lut256.sv:79$3.index[7:0]$87
    34/97: $5\approximate_rsqrt$func$rtl/fp16_rsqrt_lut256.sv:79$3.delta[11:0]$86
    35/97: $5\approximate_rsqrt$func$rtl/fp16_rsqrt_lut256.sv:79$3.output_exponent[8:0]$85
    36/97: $5\approximate_rsqrt$func$rtl/fp16_rsqrt_lut256.sv:79$3.even_exponent[7:0]$84
    37/97: $5\approximate_rsqrt$func$rtl/fp16_rsqrt_lut256.sv:79$3.unbiased_exponent[7:0]$83
    38/97: $5\approximate_rsqrt$func$rtl/fp16_rsqrt_lut256.sv:79$3.adjusted_mantissa[11:0]$82
    39/97: $5\approximate_rsqrt$func$rtl/fp16_rsqrt_lut256.sv:79$3.normalized_mantissa[10:0]$81
    40/97: $4\approximate_rsqrt$func$rtl/fp16_rsqrt_lut256.sv:79$3.$result[15:0]$68
    41/97: $4\approximate_rsqrt$func$rtl/fp16_rsqrt_lut256.sv:79$3.$fordecl_block$1.bit_index[31:0]$78
    42/97: $4\approximate_rsqrt$func$rtl/fp16_rsqrt_lut256.sv:79$3.leading_one[31:0]$77
    43/97: $4\approximate_rsqrt$func$rtl/fp16_rsqrt_lut256.sv:79$3.lut_value[15:0]$76
    44/97: $4\approximate_rsqrt$func$rtl/fp16_rsqrt_lut256.sv:79$3.index[7:0]$75
    45/97: $4\approximate_rsqrt$func$rtl/fp16_rsqrt_lut256.sv:79$3.delta[11:0]$74
    46/97: $4\approximate_rsqrt$func$rtl/fp16_rsqrt_lut256.sv:79$3.output_exponent[8:0]$73
    47/97: $4\approximate_rsqrt$func$rtl/fp16_rsqrt_lut256.sv:79$3.even_exponent[7:0]$72
    48/97: $4\approximate_rsqrt$func$rtl/fp16_rsqrt_lut256.sv:79$3.unbiased_exponent[7:0]$71
    49/97: $4\approximate_rsqrt$func$rtl/fp16_rsqrt_lut256.sv:79$3.adjusted_mantissa[11:0]$70
    50/97: $4\approximate_rsqrt$func$rtl/fp16_rsqrt_lut256.sv:79$3.normalized_mantissa[10:0]$69
    51/97: $3\approximate_rsqrt$func$rtl/fp16_rsqrt_lut256.sv:79$3.$fordecl_block$1.bit_index[31:0]$67
    52/97: $3\approximate_rsqrt$func$rtl/fp16_rsqrt_lut256.sv:79$3.leading_one[31:0]$66
    53/97: $3\approximate_rsqrt$func$rtl/fp16_rsqrt_lut256.sv:79$3.lut_value[15:0]$65
    54/97: $3\approximate_rsqrt$func$rtl/fp16_rsqrt_lut256.sv:79$3.index[7:0]$64
    55/97: $3\approximate_rsqrt$func$rtl/fp16_rsqrt_lut256.sv:79$3.delta[11:0]$63
    56/97: $3\approximate_rsqrt$func$rtl/fp16_rsqrt_lut256.sv:79$3.output_exponent[8:0]$62
    57/97: $3\approximate_rsqrt$func$rtl/fp16_rsqrt_lut256.sv:79$3.even_exponent[7:0]$61
    58/97: $3\approximate_rsqrt$func$rtl/fp16_rsqrt_lut256.sv:79$3.unbiased_exponent[7:0]$60
    59/97: $3\approximate_rsqrt$func$rtl/fp16_rsqrt_lut256.sv:79$3.adjusted_mantissa[11:0]$59
    60/97: $3\approximate_rsqrt$func$rtl/fp16_rsqrt_lut256.sv:79$3.normalized_mantissa[10:0]$58
    61/97: $3\approximate_rsqrt$func$rtl/fp16_rsqrt_lut256.sv:79$3.$result[15:0]$53
    62/97: $3\approximate_rsqrt$func$rtl/fp16_rsqrt_lut256.sv:79$3.fraction[9:0]$57
    63/97: $3\approximate_rsqrt$func$rtl/fp16_rsqrt_lut256.sv:79$3.exponent[4:0]$56
    64/97: $3\approximate_rsqrt$func$rtl/fp16_rsqrt_lut256.sv:79$3.sign[0:0]$55
    65/97: $3\approximate_rsqrt$func$rtl/fp16_rsqrt_lut256.sv:79$3.value[15:0]$54
    66/97: $2\approximate_rsqrt$func$rtl/fp16_rsqrt_lut256.sv:79$3.$fordecl_block$1.bit_index[31:0]$52
    67/97: $2\approximate_rsqrt$func$rtl/fp16_rsqrt_lut256.sv:79$3.leading_one[31:0]$51
    68/97: $2\approximate_rsqrt$func$rtl/fp16_rsqrt_lut256.sv:79$3.lut_value[15:0]$50
    69/97: $2\approximate_rsqrt$func$rtl/fp16_rsqrt_lut256.sv:79$3.index[7:0]$49
    70/97: $2\approximate_rsqrt$func$rtl/fp16_rsqrt_lut256.sv:79$3.delta[11:0]$48
    71/97: $2\approximate_rsqrt$func$rtl/fp16_rsqrt_lut256.sv:79$3.output_exponent[8:0]$47
    72/97: $2\approximate_rsqrt$func$rtl/fp16_rsqrt_lut256.sv:79$3.even_exponent[7:0]$46
    73/97: $2\approximate_rsqrt$func$rtl/fp16_rsqrt_lut256.sv:79$3.unbiased_exponent[7:0]$45
    74/97: $2\approximate_rsqrt$func$rtl/fp16_rsqrt_lut256.sv:79$3.adjusted_mantissa[11:0]$44
    75/97: $2\approximate_rsqrt$func$rtl/fp16_rsqrt_lut256.sv:79$3.normalized_mantissa[10:0]$43
    76/97: $2\approximate_rsqrt$func$rtl/fp16_rsqrt_lut256.sv:79$3.fraction[9:0]$42
    77/97: $2\approximate_rsqrt$func$rtl/fp16_rsqrt_lut256.sv:79$3.exponent[4:0]$41
    78/97: $2\approximate_rsqrt$func$rtl/fp16_rsqrt_lut256.sv:79$3.sign[0:0]$40
    79/97: $2\approximate_rsqrt$func$rtl/fp16_rsqrt_lut256.sv:79$3.value[15:0]$39
    80/97: $2\approximate_rsqrt$func$rtl/fp16_rsqrt_lut256.sv:79$3.$result[15:0]$38
    81/97: $1\approximate_rsqrt$func$rtl/fp16_rsqrt_lut256.sv:79$3.$fordecl_block$1.bit_index[31:0]$37
    82/97: $1\approximate_rsqrt$func$rtl/fp16_rsqrt_lut256.sv:79$3.leading_one[31:0]$36
    83/97: $1\approximate_rsqrt$func$rtl/fp16_rsqrt_lut256.sv:79$3.lut_value[15:0]$35
    84/97: $1\approximate_rsqrt$func$rtl/fp16_rsqrt_lut256.sv:79$3.index[7:0]$34
    85/97: $1\approximate_rsqrt$func$rtl/fp16_rsqrt_lut256.sv:79$3.delta[11:0]$33
    86/97: $1\approximate_rsqrt$func$rtl/fp16_rsqrt_lut256.sv:79$3.output_exponent[8:0]$32
    87/97: $1\approximate_rsqrt$func$rtl/fp16_rsqrt_lut256.sv:79$3.even_exponent[7:0]$31
    88/97: $1\approximate_rsqrt$func$rtl/fp16_rsqrt_lut256.sv:79$3.unbiased_exponent[7:0]$30
    89/97: $1\approximate_rsqrt$func$rtl/fp16_rsqrt_lut256.sv:79$3.adjusted_mantissa[11:0]$29
    90/97: $1\approximate_rsqrt$func$rtl/fp16_rsqrt_lut256.sv:79$3.normalized_mantissa[10:0]$28
    91/97: $1\approximate_rsqrt$func$rtl/fp16_rsqrt_lut256.sv:79$3.fraction[9:0]$27
    92/97: $1\approximate_rsqrt$func$rtl/fp16_rsqrt_lut256.sv:79$3.exponent[4:0]$26
    93/97: $1\approximate_rsqrt$func$rtl/fp16_rsqrt_lut256.sv:79$3.sign[0:0]$25
    94/97: $1\approximate_rsqrt$func$rtl/fp16_rsqrt_lut256.sv:79$3.value[15:0]$24
    95/97: $1\approximate_rsqrt$func$rtl/fp16_rsqrt_lut256.sv:79$3.$result[15:0]$23
    96/97: $0\output_data_o[15:0]
    97/97: $0\output_valid_o[0:0]

3.8. Executing PROC_DLATCH pass (convert process syncs to latches).

3.9. Executing PROC_DFF pass (convert process syncs to FFs).
Creating register for signal `\fp16_rsqrt_lut256.\output_valid_o' using process `\fp16_rsqrt_lut256.$proc$rtl/fp16_rsqrt_lut256.sv:73$6'.
  created $adff cell `$procdff$1036' with positive edge clock and positive level reset.
Creating register for signal `\fp16_rsqrt_lut256.\output_data_o' using process `\fp16_rsqrt_lut256.$proc$rtl/fp16_rsqrt_lut256.sv:73$6'.
  created $adff cell `$procdff$1041' with positive edge clock and positive level reset.
Creating register for signal `\fp16_rsqrt_lut256.\approximate_rsqrt$func$rtl/fp16_rsqrt_lut256.sv:79$3.$result' using process `\fp16_rsqrt_lut256.$proc$rtl/fp16_rsqrt_lut256.sv:73$6'.
  created $adff cell `$procdff$1046' with positive edge clock and positive level reset.
Creating register for signal `\fp16_rsqrt_lut256.\approximate_rsqrt$func$rtl/fp16_rsqrt_lut256.sv:79$3.value' using process `\fp16_rsqrt_lut256.$proc$rtl/fp16_rsqrt_lut256.sv:73$6'.
  created $adff cell `$procdff$1051' with positive edge clock and positive level reset.
Creating register for signal `\fp16_rsqrt_lut256.\approximate_rsqrt$func$rtl/fp16_rsqrt_lut256.sv:79$3.sign' using process `\fp16_rsqrt_lut256.$proc$rtl/fp16_rsqrt_lut256.sv:73$6'.
  created $adff cell `$procdff$1056' with positive edge clock and positive level reset.
Creating register for signal `\fp16_rsqrt_lut256.\approximate_rsqrt$func$rtl/fp16_rsqrt_lut256.sv:79$3.exponent' using process `\fp16_rsqrt_lut256.$proc$rtl/fp16_rsqrt_lut256.sv:73$6'.
  created $adff cell `$procdff$1061' with positive edge clock and positive level reset.
Creating register for signal `\fp16_rsqrt_lut256.\approximate_rsqrt$func$rtl/fp16_rsqrt_lut256.sv:79$3.fraction' using process `\fp16_rsqrt_lut256.$proc$rtl/fp16_rsqrt_lut256.sv:73$6'.
  created $adff cell `$procdff$1066' with positive edge clock and positive level reset.
Creating register for signal `\fp16_rsqrt_lut256.\approximate_rsqrt$func$rtl/fp16_rsqrt_lut256.sv:79$3.normalized_mantissa' using process `\fp16_rsqrt_lut256.$proc$rtl/fp16_rsqrt_lut256.sv:73$6'.
  created $adff cell `$procdff$1071' with positive edge clock and positive level reset.
Creating register for signal `\fp16_rsqrt_lut256.\approximate_rsqrt$func$rtl/fp16_rsqrt_lut256.sv:79$3.adjusted_mantissa' using process `\fp16_rsqrt_lut256.$proc$rtl/fp16_rsqrt_lut256.sv:73$6'.
  created $adff cell `$procdff$1076' with positive edge clock and positive level reset.
Creating register for signal `\fp16_rsqrt_lut256.\approximate_rsqrt$func$rtl/fp16_rsqrt_lut256.sv:79$3.unbiased_exponent' using process `\fp16_rsqrt_lut256.$proc$rtl/fp16_rsqrt_lut256.sv:73$6'.
  created $adff cell `$procdff$1081' with positive edge clock and positive level reset.
Creating register for signal `\fp16_rsqrt_lut256.\approximate_rsqrt$func$rtl/fp16_rsqrt_lut256.sv:79$3.even_exponent' using process `\fp16_rsqrt_lut256.$proc$rtl/fp16_rsqrt_lut256.sv:73$6'.
  created $adff cell `$procdff$1086' with positive edge clock and positive level reset.
Creating register for signal `\fp16_rsqrt_lut256.\approximate_rsqrt$func$rtl/fp16_rsqrt_lut256.sv:79$3.output_exponent' using process `\fp16_rsqrt_lut256.$proc$rtl/fp16_rsqrt_lut256.sv:73$6'.
  created $adff cell `$procdff$1091' with positive edge clock and positive level reset.
Creating register for signal `\fp16_rsqrt_lut256.\approximate_rsqrt$func$rtl/fp16_rsqrt_lut256.sv:79$3.delta' using process `\fp16_rsqrt_lut256.$proc$rtl/fp16_rsqrt_lut256.sv:73$6'.
  created $adff cell `$procdff$1096' with positive edge clock and positive level reset.
Creating register for signal `\fp16_rsqrt_lut256.\approximate_rsqrt$func$rtl/fp16_rsqrt_lut256.sv:79$3.index' using process `\fp16_rsqrt_lut256.$proc$rtl/fp16_rsqrt_lut256.sv:73$6'.
  created $adff cell `$procdff$1101' with positive edge clock and positive level reset.
Creating register for signal `\fp16_rsqrt_lut256.\approximate_rsqrt$func$rtl/fp16_rsqrt_lut256.sv:79$3.lut_value' using process `\fp16_rsqrt_lut256.$proc$rtl/fp16_rsqrt_lut256.sv:73$6'.
  created $adff cell `$procdff$1106' with positive edge clock and positive level reset.
Creating register for signal `\fp16_rsqrt_lut256.\approximate_rsqrt$func$rtl/fp16_rsqrt_lut256.sv:79$3.leading_one' using process `\fp16_rsqrt_lut256.$proc$rtl/fp16_rsqrt_lut256.sv:73$6'.
  created $adff cell `$procdff$1111' with positive edge clock and positive level reset.
Creating register for signal `\fp16_rsqrt_lut256.\approximate_rsqrt$func$rtl/fp16_rsqrt_lut256.sv:79$3.$fordecl_block$1.bit_index' using process `\fp16_rsqrt_lut256.$proc$rtl/fp16_rsqrt_lut256.sv:73$6'.
  created $dff cell `$procdff$1118' with positive edge clock.

3.10. Executing PROC_MEMWR pass (convert process memory writes to cells).

3.11. Executing PROC_CLEAN pass (remove empty switches from decision trees).
Found and cleaned up 18 empty switches in `\fp16_rsqrt_lut256.$proc$rtl/fp16_rsqrt_lut256.sv:73$6'.
Removing empty process `fp16_rsqrt_lut256.$proc$rtl/fp16_rsqrt_lut256.sv:73$6'.
Cleaned up 18 empty switches.

3.12. Executing OPT_EXPR pass (perform const folding).
Optimizing module fp16_rsqrt_lut256.
<suppressed ~41 debug messages>

4. Executing OPT pass (performing simple optimizations).

4.1. Executing OPT_EXPR pass (perform const folding).
Optimizing module fp16_rsqrt_lut256.

4.2. Executing OPT_MERGE pass (detect identical cells).
Finding identical cells in module `\fp16_rsqrt_lut256'.
<suppressed ~66 debug messages>
Removed a total of 22 cells.

4.3. Executing OPT_MUXTREE pass (detect dead branches in mux trees).
Running muxtree optimizer on module \fp16_rsqrt_lut256..
  Creating internal representation of mux trees.
  Evaluating internal representation of mux trees.
      Replacing known input bits on port A of cell $procmux$177: $7\approximate_rsqrt$func$rtl/fp16_rsqrt_lut256.sv:79$3.unbiased_exponent[7:0]$109 -> { $7\approximate_rsqrt$func$rtl/fp16_rsqrt_lut256.sv:79$3.unbiased_exponent[7:0]$109 [7:1] 1'0 }
  Analyzing evaluation results.
    dead port 1/2 on $mux $procmux$1021.
    dead port 2/2 on $mux $procmux$1021.
    dead port 1/2 on $mux $procmux$1018.
    dead port 2/2 on $mux $procmux$1018.
    dead port 1/2 on $mux $procmux$1015.
    dead port 2/2 on $mux $procmux$1015.
    dead port 1/2 on $mux $procmux$1012.
    dead port 2/2 on $mux $procmux$1012.
    dead port 1/2 on $mux $procmux$1009.
    dead port 2/2 on $mux $procmux$1009.
    dead port 1/2 on $mux $procmux$1006.
    dead port 2/2 on $mux $procmux$1006.
    dead port 1/2 on $mux $procmux$1003.
    dead port 2/2 on $mux $procmux$1003.
    dead port 1/2 on $mux $procmux$1000.
    dead port 2/2 on $mux $procmux$1000.
    dead port 1/2 on $mux $procmux$997.
    dead port 2/2 on $mux $procmux$997.
    dead port 1/2 on $mux $procmux$994.
    dead port 2/2 on $mux $procmux$994.
    dead port 1/2 on $mux $procmux$991.
    dead port 2/2 on $mux $procmux$991.
    dead port 1/2 on $mux $procmux$988.
    dead port 2/2 on $mux $procmux$988.
    dead port 1/2 on $mux $procmux$985.
    dead port 2/2 on $mux $procmux$985.
    dead port 1/2 on $mux $procmux$982.
    dead port 2/2 on $mux $procmux$982.
    dead port 1/2 on $mux $procmux$976.
    dead port 2/2 on $mux $procmux$976.
    dead port 1/2 on $mux $procmux$974.
    dead port 2/2 on $mux $procmux$974.
    dead port 1/2 on $mux $procmux$970.
    dead port 2/2 on $mux $procmux$970.
    dead port 1/2 on $mux $procmux$968.
    dead port 2/2 on $mux $procmux$968.
    dead port 1/2 on $mux $procmux$964.
    dead port 2/2 on $mux $procmux$964.
    dead port 1/2 on $mux $procmux$962.
    dead port 2/2 on $mux $procmux$962.
    dead port 1/2 on $mux $procmux$958.
    dead port 2/2 on $mux $procmux$958.
    dead port 1/2 on $mux $procmux$956.
    dead port 2/2 on $mux $procmux$956.
    dead port 1/2 on $mux $procmux$952.
    dead port 2/2 on $mux $procmux$952.
    dead port 1/2 on $mux $procmux$950.
    dead port 2/2 on $mux $procmux$950.
    dead port 1/2 on $mux $procmux$946.
    dead port 2/2 on $mux $procmux$946.
    dead port 1/2 on $mux $procmux$944.
    dead port 2/2 on $mux $procmux$944.
    dead port 1/2 on $mux $procmux$940.
    dead port 2/2 on $mux $procmux$940.
    dead port 1/2 on $mux $procmux$938.
    dead port 2/2 on $mux $procmux$938.
    dead port 1/2 on $mux $procmux$934.
    dead port 2/2 on $mux $procmux$934.
    dead port 1/2 on $mux $procmux$932.
    dead port 2/2 on $mux $procmux$932.
    dead port 1/2 on $mux $procmux$928.
    dead port 2/2 on $mux $procmux$928.
    dead port 1/2 on $mux $procmux$926.
    dead port 2/2 on $mux $procmux$926.
    dead port 1/2 on $mux $procmux$922.
    dead port 2/2 on $mux $procmux$922.
    dead port 1/2 on $mux $procmux$920.
    dead port 2/2 on $mux $procmux$920.
    dead port 1/2 on $mux $procmux$916.
    dead port 2/2 on $mux $procmux$916.
    dead port 1/2 on $mux $procmux$914.
    dead port 2/2 on $mux $procmux$914.
    dead port 1/2 on $mux $procmux$910.
    dead port 2/2 on $mux $procmux$910.
    dead port 1/2 on $mux $procmux$908.
    dead port 2/2 on $mux $procmux$908.
    dead port 1/2 on $mux $procmux$904.
    dead port 2/2 on $mux $procmux$904.
    dead port 1/2 on $mux $procmux$902.
    dead port 2/2 on $mux $procmux$902.
    dead port 1/2 on $mux $procmux$898.
    dead port 2/2 on $mux $procmux$898.
    dead port 1/2 on $mux $procmux$896.
    dead port 2/2 on $mux $procmux$896.
    dead port 2/2 on $mux $procmux$892.
    dead port 1/2 on $mux $procmux$886.
    dead port 2/2 on $mux $procmux$886.
    dead port 1/2 on $mux $procmux$884.
    dead port 2/2 on $mux $procmux$884.
    dead port 1/2 on $mux $procmux$882.
    dead port 2/2 on $mux $procmux$882.
    dead port 1/2 on $mux $procmux$877.
    dead port 2/2 on $mux $procmux$877.
    dead port 1/2 on $mux $procmux$875.
    dead port 2/2 on $mux $procmux$875.
    dead port 1/2 on $mux $procmux$873.
    dead port 2/2 on $mux $procmux$873.
    dead port 1/2 on $mux $procmux$868.
    dead port 2/2 on $mux $procmux$868.
    dead port 1/2 on $mux $procmux$866.
    dead port 2/2 on $mux $procmux$866.
    dead port 1/2 on $mux $procmux$864.
    dead port 2/2 on $mux $procmux$864.
    dead port 1/2 on $mux $procmux$859.
    dead port 2/2 on $mux $procmux$859.
    dead port 1/2 on $mux $procmux$857.
    dead port 2/2 on $mux $procmux$857.
    dead port 1/2 on $mux $procmux$855.
    dead port 2/2 on $mux $procmux$855.
    dead port 1/2 on $mux $procmux$850.
    dead port 2/2 on $mux $procmux$850.
    dead port 1/2 on $mux $procmux$848.
    dead port 2/2 on $mux $procmux$848.
    dead port 1/2 on $mux $procmux$846.
    dead port 2/2 on $mux $procmux$846.
    dead port 1/2 on $mux $procmux$841.
    dead port 2/2 on $mux $procmux$841.
    dead port 1/2 on $mux $procmux$839.
    dead port 2/2 on $mux $procmux$839.
    dead port 1/2 on $mux $procmux$837.
    dead port 2/2 on $mux $procmux$837.
    dead port 1/2 on $mux $procmux$832.
    dead port 2/2 on $mux $procmux$832.
    dead port 1/2 on $mux $procmux$830.
    dead port 2/2 on $mux $procmux$830.
    dead port 1/2 on $mux $procmux$828.
    dead port 2/2 on $mux $procmux$828.
    dead port 1/2 on $mux $procmux$823.
    dead port 2/2 on $mux $procmux$823.
    dead port 1/2 on $mux $procmux$821.
    dead port 2/2 on $mux $procmux$821.
    dead port 1/2 on $mux $procmux$819.
    dead port 2/2 on $mux $procmux$819.
    dead port 1/2 on $mux $procmux$814.
    dead port 2/2 on $mux $procmux$814.
    dead port 1/2 on $mux $procmux$812.
    dead port 2/2 on $mux $procmux$812.
    dead port 1/2 on $mux $procmux$810.
    dead port 2/2 on $mux $procmux$810.
    dead port 2/2 on $mux $procmux$805.
    dead port 2/2 on $mux $procmux$803.
    dead port 2/2 on $mux $procmux$796.
    dead port 2/2 on $mux $procmux$794.
    dead port 1/2 on $mux $procmux$787.
    dead port 2/2 on $mux $procmux$787.
    dead port 1/2 on $mux $procmux$785.
    dead port 2/2 on $mux $procmux$785.
    dead port 1/2 on $mux $procmux$783.
    dead port 2/2 on $mux $procmux$783.
    dead port 1/2 on $mux $procmux$780.
    dead port 2/2 on $mux $procmux$780.
    dead port 1/2 on $mux $procmux$775.
    dead port 2/2 on $mux $procmux$775.
    dead port 1/2 on $mux $procmux$773.
    dead port 2/2 on $mux $procmux$773.
    dead port 1/2 on $mux $procmux$771.
    dead port 2/2 on $mux $procmux$771.
    dead port 1/2 on $mux $procmux$768.
    dead port 2/2 on $mux $procmux$768.
    dead port 1/2 on $mux $procmux$763.
    dead port 2/2 on $mux $procmux$763.
    dead port 1/2 on $mux $procmux$761.
    dead port 2/2 on $mux $procmux$761.
    dead port 1/2 on $mux $procmux$759.
    dead port 2/2 on $mux $procmux$759.
    dead port 1/2 on $mux $procmux$756.
    dead port 2/2 on $mux $procmux$756.
    dead port 1/2 on $mux $procmux$751.
    dead port 2/2 on $mux $procmux$751.
    dead port 1/2 on $mux $procmux$749.
    dead port 2/2 on $mux $procmux$749.
    dead port 1/2 on $mux $procmux$747.
    dead port 2/2 on $mux $procmux$747.
    dead port 1/2 on $mux $procmux$744.
    dead port 2/2 on $mux $procmux$744.
    dead port 1/2 on $mux $procmux$739.
    dead port 2/2 on $mux $procmux$739.
    dead port 1/2 on $mux $procmux$737.
    dead port 2/2 on $mux $procmux$737.
    dead port 1/2 on $mux $procmux$735.
    dead port 2/2 on $mux $procmux$735.
    dead port 1/2 on $mux $procmux$732.
    dead port 2/2 on $mux $procmux$732.
    dead port 1/2 on $mux $procmux$727.
    dead port 2/2 on $mux $procmux$727.
    dead port 1/2 on $mux $procmux$725.
    dead port 2/2 on $mux $procmux$725.
    dead port 1/2 on $mux $procmux$723.
    dead port 2/2 on $mux $procmux$723.
    dead port 1/2 on $mux $procmux$720.
    dead port 2/2 on $mux $procmux$720.
    dead port 1/2 on $mux $procmux$715.
    dead port 2/2 on $mux $procmux$715.
    dead port 1/2 on $mux $procmux$713.
    dead port 2/2 on $mux $procmux$713.
    dead port 1/2 on $mux $procmux$711.
    dead port 2/2 on $mux $procmux$711.
    dead port 1/2 on $mux $procmux$708.
    dead port 2/2 on $mux $procmux$708.
    dead port 1/2 on $mux $procmux$703.
    dead port 2/2 on $mux $procmux$703.
    dead port 1/2 on $mux $procmux$701.
    dead port 2/2 on $mux $procmux$701.
    dead port 1/2 on $mux $procmux$699.
    dead port 2/2 on $mux $procmux$699.
    dead port 1/2 on $mux $procmux$696.
    dead port 2/2 on $mux $procmux$696.
    dead port 1/2 on $mux $procmux$691.
    dead port 2/2 on $mux $procmux$691.
    dead port 1/2 on $mux $procmux$689.
    dead port 2/2 on $mux $procmux$689.
    dead port 1/2 on $mux $procmux$687.
    dead port 2/2 on $mux $procmux$687.
    dead port 1/2 on $mux $procmux$684.
    dead port 2/2 on $mux $procmux$684.
    dead port 2/2 on $mux $procmux$679.
    dead port 2/2 on $mux $procmux$677.
    dead port 1/2 on $mux $procmux$675.
    dead port 2/2 on $mux $procmux$667.
    dead port 2/2 on $mux $procmux$665.
    dead port 1/2 on $mux $procmux$663.
    dead port 1/2 on $mux $procmux$655.
    dead port 2/2 on $mux $procmux$655.
    dead port 1/2 on $mux $procmux$653.
    dead port 2/2 on $mux $procmux$653.
    dead port 1/2 on $mux $procmux$651.
    dead port 2/2 on $mux $procmux$651.
    dead port 1/2 on $mux $procmux$648.
    dead port 2/2 on $mux $procmux$648.
    dead port 1/2 on $mux $procmux$645.
    dead port 2/2 on $mux $procmux$645.
    dead port 1/2 on $mux $procmux$640.
    dead port 2/2 on $mux $procmux$640.
    dead port 1/2 on $mux $procmux$638.
    dead port 2/2 on $mux $procmux$638.
    dead port 1/2 on $mux $procmux$636.
    dead port 2/2 on $mux $procmux$636.
    dead port 1/2 on $mux $procmux$633.
    dead port 2/2 on $mux $procmux$633.
    dead port 1/2 on $mux $procmux$630.
    dead port 2/2 on $mux $procmux$630.
    dead port 1/2 on $mux $procmux$625.
    dead port 2/2 on $mux $procmux$625.
    dead port 1/2 on $mux $procmux$623.
    dead port 2/2 on $mux $procmux$623.
    dead port 1/2 on $mux $procmux$621.
    dead port 2/2 on $mux $procmux$621.
    dead port 1/2 on $mux $procmux$618.
    dead port 2/2 on $mux $procmux$618.
    dead port 1/2 on $mux $procmux$615.
    dead port 2/2 on $mux $procmux$615.
    dead port 1/2 on $mux $procmux$610.
    dead port 2/2 on $mux $procmux$610.
    dead port 1/2 on $mux $procmux$608.
    dead port 2/2 on $mux $procmux$608.
    dead port 1/2 on $mux $procmux$606.
    dead port 2/2 on $mux $procmux$606.
    dead port 1/2 on $mux $procmux$603.
    dead port 2/2 on $mux $procmux$603.
    dead port 1/2 on $mux $procmux$600.
    dead port 2/2 on $mux $procmux$600.
    dead port 1/2 on $mux $procmux$595.
    dead port 2/2 on $mux $procmux$595.
    dead port 1/2 on $mux $procmux$593.
    dead port 2/2 on $mux $procmux$593.
    dead port 1/2 on $mux $procmux$591.
    dead port 2/2 on $mux $procmux$591.
    dead port 1/2 on $mux $procmux$588.
    dead port 2/2 on $mux $procmux$588.
    dead port 1/2 on $mux $procmux$585.
    dead port 2/2 on $mux $procmux$585.
    dead port 1/2 on $mux $procmux$580.
    dead port 2/2 on $mux $procmux$580.
    dead port 1/2 on $mux $procmux$578.
    dead port 2/2 on $mux $procmux$578.
    dead port 1/2 on $mux $procmux$576.
    dead port 2/2 on $mux $procmux$576.
    dead port 1/2 on $mux $procmux$573.
    dead port 2/2 on $mux $procmux$573.
    dead port 1/2 on $mux $procmux$570.
    dead port 2/2 on $mux $procmux$570.
    dead port 1/2 on $mux $procmux$565.
    dead port 2/2 on $mux $procmux$565.
    dead port 1/2 on $mux $procmux$563.
    dead port 2/2 on $mux $procmux$563.
    dead port 1/2 on $mux $procmux$561.
    dead port 2/2 on $mux $procmux$561.
    dead port 1/2 on $mux $procmux$558.
    dead port 2/2 on $mux $procmux$558.
    dead port 1/2 on $mux $procmux$555.
    dead port 2/2 on $mux $procmux$555.
    dead port 1/2 on $mux $procmux$550.
    dead port 2/2 on $mux $procmux$550.
    dead port 1/2 on $mux $procmux$548.
    dead port 2/2 on $mux $procmux$548.
    dead port 1/2 on $mux $procmux$546.
    dead port 2/2 on $mux $procmux$546.
    dead port 1/2 on $mux $procmux$543.
    dead port 2/2 on $mux $procmux$543.
    dead port 1/2 on $mux $procmux$540.
    dead port 2/2 on $mux $procmux$540.
    dead port 1/2 on $mux $procmux$535.
    dead port 2/2 on $mux $procmux$535.
    dead port 1/2 on $mux $procmux$533.
    dead port 2/2 on $mux $procmux$533.
    dead port 1/2 on $mux $procmux$531.
    dead port 2/2 on $mux $procmux$531.
    dead port 1/2 on $mux $procmux$528.
    dead port 2/2 on $mux $procmux$528.
    dead port 1/2 on $mux $procmux$525.
    dead port 2/2 on $mux $procmux$525.
    dead port 2/2 on $mux $procmux$520.
    dead port 2/2 on $mux $procmux$518.
    dead port 1/2 on $mux $procmux$516.
    dead port 1/2 on $mux $procmux$513.
    dead port 2/2 on $mux $procmux$505.
    dead port 2/2 on $mux $procmux$503.
    dead port 1/2 on $mux $procmux$501.
    dead port 1/2 on $mux $procmux$498.
    dead port 1/2 on $mux $procmux$490.
    dead port 2/2 on $mux $procmux$490.
    dead port 1/2 on $mux $procmux$488.
    dead port 2/2 on $mux $procmux$488.
    dead port 1/2 on $mux $procmux$486.
    dead port 2/2 on $mux $procmux$486.
    dead port 1/2 on $mux $procmux$483.
    dead port 2/2 on $mux $procmux$483.
    dead port 1/2 on $mux $procmux$480.
    dead port 2/2 on $mux $procmux$480.
    dead port 1/2 on $mux $procmux$477.
    dead port 2/2 on $mux $procmux$477.
    dead port 2/2 on $mux $procmux$472.
    dead port 2/2 on $mux $procmux$470.
    dead port 1/2 on $mux $procmux$468.
    dead port 1/2 on $mux $procmux$465.
    dead port 1/2 on $mux $procmux$462.
    dead port 2/2 on $mux $procmux$454.
    dead port 2/2 on $mux $procmux$452.
    dead port 1/2 on $mux $procmux$450.
    dead port 1/2 on $mux $procmux$447.
    dead port 1/2 on $mux $procmux$444.
Removed 341 multiplexer ports.
<suppressed ~19 debug messages>

4.4. Executing OPT_REDUCE pass (consolidate $*mux and $reduce_* inputs).
  Optimizing cells in module \fp16_rsqrt_lut256.
Performed a total of 0 changes.

4.5. Executing OPT_MERGE pass (detect identical cells).
Finding identical cells in module `\fp16_rsqrt_lut256'.
Removed a total of 0 cells.

4.6. Executing OPT_DFF pass (perform DFF optimizations).
Adding EN signal on $procdff$1118 ($dff) from module fp16_rsqrt_lut256 (D = $3\approximate_rsqrt$func$rtl/fp16_rsqrt_lut256.sv:79$3.$fordecl_block$1.bit_index[31:0]$67, Q = \approximate_rsqrt$func$rtl/fp16_rsqrt_lut256.sv:79$3.$fordecl_block$1.bit_index).
Adding EN signal on $procdff$1041 ($adff) from module fp16_rsqrt_lut256 (D = $4\approximate_rsqrt$func$rtl/fp16_rsqrt_lut256.sv:79$3.$result[15:0]$68, Q = \output_data_o).
Adding EN signal on $procdff$1036 ($adff) from module fp16_rsqrt_lut256 (D = \input_valid_i, Q = \output_valid_o).
Setting constant 1-bit at position 0 on $procdff$1111 ($adff) from module fp16_rsqrt_lut256.
Setting constant 1-bit at position 1 on $procdff$1111 ($adff) from module fp16_rsqrt_lut256.
Setting constant 1-bit at position 2 on $procdff$1111 ($adff) from module fp16_rsqrt_lut256.
Setting constant 1-bit at position 3 on $procdff$1111 ($adff) from module fp16_rsqrt_lut256.
Setting constant 1-bit at position 4 on $procdff$1111 ($adff) from module fp16_rsqrt_lut256.
Setting constant 1-bit at position 5 on $procdff$1111 ($adff) from module fp16_rsqrt_lut256.
Setting constant 1-bit at position 6 on $procdff$1111 ($adff) from module fp16_rsqrt_lut256.
Setting constant 1-bit at position 7 on $procdff$1111 ($adff) from module fp16_rsqrt_lut256.
Setting constant 1-bit at position 8 on $procdff$1111 ($adff) from module fp16_rsqrt_lut256.
Setting constant 1-bit at position 9 on $procdff$1111 ($adff) from module fp16_rsqrt_lut256.
Setting constant 1-bit at position 10 on $procdff$1111 ($adff) from module fp16_rsqrt_lut256.
Setting constant 1-bit at position 11 on $procdff$1111 ($adff) from module fp16_rsqrt_lut256.
Setting constant 1-bit at position 12 on $procdff$1111 ($adff) from module fp16_rsqrt_lut256.
Setting constant 1-bit at position 13 on $procdff$1111 ($adff) from module fp16_rsqrt_lut256.
Setting constant 1-bit at position 14 on $procdff$1111 ($adff) from module fp16_rsqrt_lut256.
Setting constant 1-bit at position 15 on $procdff$1111 ($adff) from module fp16_rsqrt_lut256.
Setting constant 1-bit at position 16 on $procdff$1111 ($adff) from module fp16_rsqrt_lut256.
Setting constant 1-bit at position 17 on $procdff$1111 ($adff) from module fp16_rsqrt_lut256.
Setting constant 1-bit at position 18 on $procdff$1111 ($adff) from module fp16_rsqrt_lut256.
Setting constant 1-bit at position 19 on $procdff$1111 ($adff) from module fp16_rsqrt_lut256.
Setting constant 1-bit at position 20 on $procdff$1111 ($adff) from module fp16_rsqrt_lut256.
Setting constant 1-bit at position 21 on $procdff$1111 ($adff) from module fp16_rsqrt_lut256.
Setting constant 1-bit at position 22 on $procdff$1111 ($adff) from module fp16_rsqrt_lut256.
Setting constant 1-bit at position 23 on $procdff$1111 ($adff) from module fp16_rsqrt_lut256.
Setting constant 1-bit at position 24 on $procdff$1111 ($adff) from module fp16_rsqrt_lut256.
Setting constant 1-bit at position 25 on $procdff$1111 ($adff) from module fp16_rsqrt_lut256.
Setting constant 1-bit at position 26 on $procdff$1111 ($adff) from module fp16_rsqrt_lut256.
Setting constant 1-bit at position 27 on $procdff$1111 ($adff) from module fp16_rsqrt_lut256.
Setting constant 1-bit at position 28 on $procdff$1111 ($adff) from module fp16_rsqrt_lut256.
Setting constant 1-bit at position 29 on $procdff$1111 ($adff) from module fp16_rsqrt_lut256.
Setting constant 1-bit at position 30 on $procdff$1111 ($adff) from module fp16_rsqrt_lut256.
Setting constant 1-bit at position 31 on $procdff$1111 ($adff) from module fp16_rsqrt_lut256.
Setting constant 1-bit at position 0 on $procdff$1056 ($adff) from module fp16_rsqrt_lut256.
Setting constant 1-bit at position 0 on $procdff$1106 ($adff) from module fp16_rsqrt_lut256.
Setting constant 1-bit at position 1 on $procdff$1106 ($adff) from module fp16_rsqrt_lut256.
Setting constant 1-bit at position 2 on $procdff$1106 ($adff) from module fp16_rsqrt_lut256.
Setting constant 1-bit at position 3 on $procdff$1106 ($adff) from module fp16_rsqrt_lut256.
Setting constant 1-bit at position 4 on $procdff$1106 ($adff) from module fp16_rsqrt_lut256.
Setting constant 1-bit at position 5 on $procdff$1106 ($adff) from module fp16_rsqrt_lut256.
Setting constant 1-bit at position 6 on $procdff$1106 ($adff) from module fp16_rsqrt_lut256.
Setting constant 1-bit at position 7 on $procdff$1106 ($adff) from module fp16_rsqrt_lut256.
Setting constant 1-bit at position 8 on $procdff$1106 ($adff) from module fp16_rsqrt_lut256.
Setting constant 1-bit at position 9 on $procdff$1106 ($adff) from module fp16_rsqrt_lut256.
Setting constant 1-bit at position 10 on $procdff$1106 ($adff) from module fp16_rsqrt_lut256.
Setting constant 1-bit at position 11 on $procdff$1106 ($adff) from module fp16_rsqrt_lut256.
Setting constant 1-bit at position 12 on $procdff$1106 ($adff) from module fp16_rsqrt_lut256.
Setting constant 1-bit at position 13 on $procdff$1106 ($adff) from module fp16_rsqrt_lut256.
Setting constant 1-bit at position 14 on $procdff$1106 ($adff) from module fp16_rsqrt_lut256.
Setting constant 1-bit at position 15 on $procdff$1106 ($adff) from module fp16_rsqrt_lut256.
Setting constant 1-bit at position 0 on $procdff$1081 ($adff) from module fp16_rsqrt_lut256.
Setting constant 1-bit at position 1 on $procdff$1081 ($adff) from module fp16_rsqrt_lut256.
Setting constant 1-bit at position 2 on $procdff$1081 ($adff) from module fp16_rsqrt_lut256.
Setting constant 1-bit at position 3 on $procdff$1081 ($adff) from module fp16_rsqrt_lut256.
Setting constant 1-bit at position 4 on $procdff$1081 ($adff) from module fp16_rsqrt_lut256.
Setting constant 1-bit at position 5 on $procdff$1081 ($adff) from module fp16_rsqrt_lut256.
Setting constant 1-bit at position 6 on $procdff$1081 ($adff) from module fp16_rsqrt_lut256.
Setting constant 1-bit at position 7 on $procdff$1081 ($adff) from module fp16_rsqrt_lut256.
Setting constant 1-bit at position 0 on $procdff$1096 ($adff) from module fp16_rsqrt_lut256.
Setting constant 1-bit at position 1 on $procdff$1096 ($adff) from module fp16_rsqrt_lut256.
Setting constant 1-bit at position 2 on $procdff$1096 ($adff) from module fp16_rsqrt_lut256.
Setting constant 1-bit at position 3 on $procdff$1096 ($adff) from module fp16_rsqrt_lut256.
Setting constant 1-bit at position 4 on $procdff$1096 ($adff) from module fp16_rsqrt_lut256.
Setting constant 1-bit at position 5 on $procdff$1096 ($adff) from module fp16_rsqrt_lut256.
Setting constant 1-bit at position 6 on $procdff$1096 ($adff) from module fp16_rsqrt_lut256.
Setting constant 1-bit at position 7 on $procdff$1096 ($adff) from module fp16_rsqrt_lut256.
Setting constant 1-bit at position 8 on $procdff$1096 ($adff) from module fp16_rsqrt_lut256.
Setting constant 1-bit at position 9 on $procdff$1096 ($adff) from module fp16_rsqrt_lut256.
Setting constant 1-bit at position 10 on $procdff$1096 ($adff) from module fp16_rsqrt_lut256.
Setting constant 1-bit at position 11 on $procdff$1096 ($adff) from module fp16_rsqrt_lut256.
Setting constant 1-bit at position 0 on $procdff$1061 ($adff) from module fp16_rsqrt_lut256.
Setting constant 1-bit at position 1 on $procdff$1061 ($adff) from module fp16_rsqrt_lut256.
Setting constant 1-bit at position 2 on $procdff$1061 ($adff) from module fp16_rsqrt_lut256.
Setting constant 1-bit at position 3 on $procdff$1061 ($adff) from module fp16_rsqrt_lut256.
Setting constant 1-bit at position 4 on $procdff$1061 ($adff) from module fp16_rsqrt_lut256.
Setting constant 1-bit at position 0 on $procdff$1071 ($adff) from module fp16_rsqrt_lut256.
Setting constant 1-bit at position 1 on $procdff$1071 ($adff) from module fp16_rsqrt_lut256.
Setting constant 1-bit at position 2 on $procdff$1071 ($adff) from module fp16_rsqrt_lut256.
Setting constant 1-bit at position 3 on $procdff$1071 ($adff) from module fp16_rsqrt_lut256.
Setting constant 1-bit at position 4 on $procdff$1071 ($adff) from module fp16_rsqrt_lut256.
Setting constant 1-bit at position 5 on $procdff$1071 ($adff) from module fp16_rsqrt_lut256.
Setting constant 1-bit at position 6 on $procdff$1071 ($adff) from module fp16_rsqrt_lut256.
Setting constant 1-bit at position 7 on $procdff$1071 ($adff) from module fp16_rsqrt_lut256.
Setting constant 1-bit at position 8 on $procdff$1071 ($adff) from module fp16_rsqrt_lut256.
Setting constant 1-bit at position 9 on $procdff$1071 ($adff) from module fp16_rsqrt_lut256.
Setting constant 1-bit at position 10 on $procdff$1071 ($adff) from module fp16_rsqrt_lut256.
Setting constant 1-bit at position 0 on $procdff$1066 ($adff) from module fp16_rsqrt_lut256.
Setting constant 1-bit at position 1 on $procdff$1066 ($adff) from module fp16_rsqrt_lut256.
Setting constant 1-bit at position 2 on $procdff$1066 ($adff) from module fp16_rsqrt_lut256.
Setting constant 1-bit at position 3 on $procdff$1066 ($adff) from module fp16_rsqrt_lut256.
Setting constant 1-bit at position 4 on $procdff$1066 ($adff) from module fp16_rsqrt_lut256.
Setting constant 1-bit at position 5 on $procdff$1066 ($adff) from module fp16_rsqrt_lut256.
Setting constant 1-bit at position 6 on $procdff$1066 ($adff) from module fp16_rsqrt_lut256.
Setting constant 1-bit at position 7 on $procdff$1066 ($adff) from module fp16_rsqrt_lut256.
Setting constant 1-bit at position 8 on $procdff$1066 ($adff) from module fp16_rsqrt_lut256.
Setting constant 1-bit at position 9 on $procdff$1066 ($adff) from module fp16_rsqrt_lut256.
Setting constant 1-bit at position 0 on $procdff$1091 ($adff) from module fp16_rsqrt_lut256.
Setting constant 1-bit at position 1 on $procdff$1091 ($adff) from module fp16_rsqrt_lut256.
Setting constant 1-bit at position 2 on $procdff$1091 ($adff) from module fp16_rsqrt_lut256.
Setting constant 1-bit at position 3 on $procdff$1091 ($adff) from module fp16_rsqrt_lut256.
Setting constant 1-bit at position 4 on $procdff$1091 ($adff) from module fp16_rsqrt_lut256.
Setting constant 1-bit at position 5 on $procdff$1091 ($adff) from module fp16_rsqrt_lut256.
Setting constant 1-bit at position 6 on $procdff$1091 ($adff) from module fp16_rsqrt_lut256.
Setting constant 1-bit at position 7 on $procdff$1091 ($adff) from module fp16_rsqrt_lut256.
Setting constant 1-bit at position 8 on $procdff$1091 ($adff) from module fp16_rsqrt_lut256.

4.7. Executing OPT_CLEAN pass (remove unused cells and wires).
Finding unused cells or wires in module \fp16_rsqrt_lut256..
Removed 14 unused cells and 641 unused wires.
<suppressed ~15 debug messages>

4.8. Executing OPT_EXPR pass (perform const folding).
Optimizing module fp16_rsqrt_lut256.

4.9. Rerunning OPT passes. (Maybe there is more to do..)

4.10. Executing OPT_MUXTREE pass (detect dead branches in mux trees).
Running muxtree optimizer on module \fp16_rsqrt_lut256..
  Creating internal representation of mux trees.
  Evaluating internal representation of mux trees.
  Analyzing evaluation results.
Removed 0 multiplexer ports.
<suppressed ~15 debug messages>

4.11. Executing OPT_REDUCE pass (consolidate $*mux and $reduce_* inputs).
  Optimizing cells in module \fp16_rsqrt_lut256.
Performed a total of 0 changes.

4.12. Executing OPT_MERGE pass (detect identical cells).
Finding identical cells in module `\fp16_rsqrt_lut256'.
Removed a total of 0 cells.

4.13. Executing OPT_DFF pass (perform DFF optimizations).

4.14. Executing OPT_CLEAN pass (remove unused cells and wires).
Finding unused cells or wires in module \fp16_rsqrt_lut256..

4.15. Executing OPT_EXPR pass (perform const folding).
Optimizing module fp16_rsqrt_lut256.

4.16. Finished OPT passes. (There is nothing left to do.)

5. Executing MEMORY pass.

5.1. Executing OPT_MEM pass (optimize memories).
fp16_rsqrt_lut256.$auto$proc_rom.cc:155:do_switch$155: removing const-0 lane 10
fp16_rsqrt_lut256.$auto$proc_rom.cc:155:do_switch$155: removing const-1 lane 11
fp16_rsqrt_lut256.$auto$proc_rom.cc:155:do_switch$155: removing const-1 lane 12
fp16_rsqrt_lut256.$auto$proc_rom.cc:155:do_switch$155: removing const-1 lane 13
fp16_rsqrt_lut256.$auto$proc_rom.cc:155:do_switch$155: removing const-0 lane 14
fp16_rsqrt_lut256.$auto$proc_rom.cc:155:do_switch$155: removing const-0 lane 15
Performed a total of 1 transformations.

5.2. Executing OPT_MEM_PRIORITY pass (removing unnecessary memory write priority relations).
Performed a total of 0 transformations.

5.3. Executing OPT_MEM_FEEDBACK pass (finding memory read-to-write feedback paths).

5.4. Executing MEMORY_BMUX2ROM pass (converting muxes to ROMs).

5.5. Executing MEMORY_DFF pass (merging $dff cells to $memrd).
Checking read port `$auto$proc_rom.cc:155:do_switch$155'[0] in module `\fp16_rsqrt_lut256': FF found, but with a mux select that doesn't seem to correspond to transparency logic.
Checking read port address `$auto$proc_rom.cc:155:do_switch$155'[0] in module `\fp16_rsqrt_lut256': no address FF found.

5.6. Executing OPT_CLEAN pass (remove unused cells and wires).
Finding unused cells or wires in module \fp16_rsqrt_lut256..

5.7. Executing MEMORY_SHARE pass (consolidating $memrd/$memwr cells).

5.8. Executing OPT_MEM_WIDEN pass (optimize memories where all ports are wide).
Performed a total of 0 transformations.

5.9. Executing OPT_CLEAN pass (remove unused cells and wires).
Finding unused cells or wires in module \fp16_rsqrt_lut256..

5.10. Executing MEMORY_COLLECT pass (generating $mem cells).

5.11. Executing MEMORY_MAP pass (converting memories to logic and flip-flops).
Mapping memory $auto$proc_rom.cc:155:do_switch$155 in module \fp16_rsqrt_lut256:
  created 256 $dff cells and 0 static cells of width 10.
  read interface: 0 $dff and 255 $mux cells.
  write interface: 0 write mux blocks.

6. Executing OPT pass (performing simple optimizations).

6.1. Executing OPT_EXPR pass (perform const folding).
Optimizing module fp16_rsqrt_lut256.

6.2. Executing OPT_MERGE pass (detect identical cells).
Finding identical cells in module `\fp16_rsqrt_lut256'.
Removed a total of 0 cells.

6.3. Executing OPT_MUXTREE pass (detect dead branches in mux trees).
Running muxtree optimizer on module \fp16_rsqrt_lut256..
  Creating internal representation of mux trees.
  Evaluating internal representation of mux trees.
  Analyzing evaluation results.
Removed 0 multiplexer ports.
<suppressed ~15 debug messages>

6.4. Executing OPT_REDUCE pass (consolidate $*mux and $reduce_* inputs).
  Optimizing cells in module \fp16_rsqrt_lut256.
Performed a total of 0 changes.

6.5. Executing OPT_MERGE pass (detect identical cells).
Finding identical cells in module `\fp16_rsqrt_lut256'.
Removed a total of 0 cells.

6.6. Executing OPT_DFF pass (perform DFF optimizations).

6.7. Executing OPT_CLEAN pass (remove unused cells and wires).
Finding unused cells or wires in module \fp16_rsqrt_lut256..
Removed 0 unused cells and 256 unused wires.
<suppressed ~1 debug messages>

6.8. Executing OPT_EXPR pass (perform const folding).
Optimizing module fp16_rsqrt_lut256.

6.9. Rerunning OPT passes. (Maybe there is more to do..)

6.10. Executing OPT_MUXTREE pass (detect dead branches in mux trees).
Running muxtree optimizer on module \fp16_rsqrt_lut256..
  Creating internal representation of mux trees.
  Evaluating internal representation of mux trees.
  Analyzing evaluation results.
Removed 0 multiplexer ports.
<suppressed ~15 debug messages>

6.11. Executing OPT_REDUCE pass (consolidate $*mux and $reduce_* inputs).
  Optimizing cells in module \fp16_rsqrt_lut256.
Performed a total of 0 changes.

6.12. Executing OPT_MERGE pass (detect identical cells).
Finding identical cells in module `\fp16_rsqrt_lut256'.
Removed a total of 0 cells.

6.13. Executing OPT_DFF pass (perform DFF optimizations).

6.14. Executing OPT_CLEAN pass (remove unused cells and wires).
Finding unused cells or wires in module \fp16_rsqrt_lut256..

6.15. Executing OPT_EXPR pass (perform const folding).
Optimizing module fp16_rsqrt_lut256.

6.16. Finished OPT passes. (There is nothing left to do.)

7. Executing TECHMAP pass (map to technology primitives).

7.1. Executing Verilog-2005 frontend: /home/chandler/.local/yosys/usr/bin/../share/yosys/techmap.v
Parsing Verilog input from `/home/chandler/.local/yosys/usr/bin/../share/yosys/techmap.v' to AST representation.
Generating RTLIL representation for module `\_90_simplemap_bool_ops'.
Generating RTLIL representation for module `\_90_simplemap_reduce_ops'.
Generating RTLIL representation for module `\_90_simplemap_logic_ops'.
Generating RTLIL representation for module `\_90_simplemap_compare_ops'.
Generating RTLIL representation for module `\_90_simplemap_various'.
Generating RTLIL representation for module `\_90_simplemap_registers'.
Generating RTLIL representation for module `\_90_shift_ops_shr_shl_sshl_sshr'.
Generating RTLIL representation for module `\_90_shift_shiftx'.
Generating RTLIL representation for module `\_90_fa'.
Generating RTLIL representation for module `\_90_lcu_brent_kung'.
Generating RTLIL representation for module `\_90_alu'.
Generating RTLIL representation for module `\_90_macc'.
Generating RTLIL representation for module `\_90_alumacc'.
Generating RTLIL representation for module `\$__div_mod_u'.
Generating RTLIL representation for module `\$__div_mod_trunc'.
Generating RTLIL representation for module `\_90_div'.
Generating RTLIL representation for module `\_90_mod'.
Generating RTLIL representation for module `\$__div_mod_floor'.
Generating RTLIL representation for module `\_90_divfloor'.
Generating RTLIL representation for module `\_90_modfloor'.
Generating RTLIL representation for module `\_90_pow'.
Generating RTLIL representation for module `\_90_pmux'.
Generating RTLIL representation for module `\_90_demux'.
Generating RTLIL representation for module `\_90_lut'.
Successfully finished Verilog frontend.

7.2. Continuing TECHMAP pass.
Using extmapper simplemap for cells of type $mux.
Using extmapper simplemap for cells of type $logic_not.
Using extmapper simplemap for cells of type $logic_or.
Using extmapper simplemap for cells of type $eq.
Using extmapper simplemap for cells of type $logic_and.
Using extmapper simplemap for cells of type $reduce_bool.
Running "alumacc" on wrapper $extern:wrap:$sub:A_SIGNED=1:A_WIDTH=8:B_SIGNED=1:B_WIDTH=8:Y_WIDTH=8:394426c56d1a028ba8fdd5469b163e04011def47.
Using template $extern:wrap:$sub:A_SIGNED=1:A_WIDTH=8:B_SIGNED=1:B_WIDTH=8:Y_WIDTH=8:394426c56d1a028ba8fdd5469b163e04011def47 for cells of type $extern:wrap:$sub:A_SIGNED=1:A_WIDTH=8:B_SIGNED=1:B_WIDTH=8:Y_WIDTH=8:394426c56d1a028ba8fdd5469b163e04011def47.
Running "alumacc" on wrapper $extern:wrap:$lt:A_SIGNED=1:A_WIDTH=32:B_SIGNED=1:B_WIDTH=32:Y_WIDTH=1:394426c56d1a028ba8fdd5469b163e04011def47.
Using template $extern:wrap:$lt:A_SIGNED=1:A_WIDTH=32:B_SIGNED=1:B_WIDTH=32:Y_WIDTH=1:394426c56d1a028ba8fdd5469b163e04011def47 for cells of type $extern:wrap:$lt:A_SIGNED=1:A_WIDTH=32:B_SIGNED=1:B_WIDTH=32:Y_WIDTH=1:394426c56d1a028ba8fdd5469b163e04011def47.
Running "alumacc" on wrapper $extern:wrap:$sub:A_SIGNED=1:A_WIDTH=32:B_SIGNED=1:B_WIDTH=32:Y_WIDTH=32:394426c56d1a028ba8fdd5469b163e04011def47.
Using template $extern:wrap:$sub:A_SIGNED=1:A_WIDTH=32:B_SIGNED=1:B_WIDTH=32:Y_WIDTH=32:394426c56d1a028ba8fdd5469b163e04011def47 for cells of type $extern:wrap:$sub:A_SIGNED=1:A_WIDTH=32:B_SIGNED=1:B_WIDTH=32:Y_WIDTH=32:394426c56d1a028ba8fdd5469b163e04011def47.
Using template $paramod$constmap:c594f40a2bce2acff1b7fca1643e146f5615a115$paramod$9dde649ff560b28dd961974225eea1bc02b72047\_90_shift_ops_shr_shl_sshl_sshr for cells of type $shl.
Running "alumacc" on wrapper $extern:wrap:$sub:A_SIGNED=1:A_WIDTH=8:B_SIGNED=1:B_WIDTH=32:Y_WIDTH=32:394426c56d1a028ba8fdd5469b163e04011def47.
Using template $extern:wrap:$sub:A_SIGNED=1:A_WIDTH=8:B_SIGNED=1:B_WIDTH=32:Y_WIDTH=32:394426c56d1a028ba8fdd5469b163e04011def47 for cells of type $extern:wrap:$sub:A_SIGNED=1:A_WIDTH=8:B_SIGNED=1:B_WIDTH=32:Y_WIDTH=32:394426c56d1a028ba8fdd5469b163e04011def47.
Running "alumacc" on wrapper $extern:wrap:$sub:A_SIGNED=0:A_WIDTH=12:B_SIGNED=0:B_WIDTH=12:Y_WIDTH=12:394426c56d1a028ba8fdd5469b163e04011def47.
Using template $extern:wrap:$sub:A_SIGNED=0:A_WIDTH=12:B_SIGNED=0:B_WIDTH=12:Y_WIDTH=12:394426c56d1a028ba8fdd5469b163e04011def47 for cells of type $extern:wrap:$sub:A_SIGNED=0:A_WIDTH=12:B_SIGNED=0:B_WIDTH=12:Y_WIDTH=12:394426c56d1a028ba8fdd5469b163e04011def47.
Using template $paramod$dc6f880019a6bd7fa92cb40fac86c31d8bbc92e4\_90_div for cells of type $div.
Running "alumacc" on wrapper $extern:wrap:$sub:A_SIGNED=1:A_WIDTH=9:B_SIGNED=1:B_WIDTH=9:Y_WIDTH=9:394426c56d1a028ba8fdd5469b163e04011def47.
Using template $extern:wrap:$sub:A_SIGNED=1:A_WIDTH=9:B_SIGNED=1:B_WIDTH=9:Y_WIDTH=9:394426c56d1a028ba8fdd5469b163e04011def47 for cells of type $extern:wrap:$sub:A_SIGNED=1:A_WIDTH=9:B_SIGNED=1:B_WIDTH=9:Y_WIDTH=9:394426c56d1a028ba8fdd5469b163e04011def47.
Using extmapper simplemap for cells of type $reduce_and.
Using extmapper simplemap for cells of type $adffe.
Using template $paramod$08c2d337fba0d8fba53e35b89be96dd105931d9e\_90_alu for cells of type $alu.
Using extmapper simplemap for cells of type $xor.
Using template $paramod$2653f68ddb8eab7b1907b4a20767b72a824a7a36\_90_alu for cells of type $alu.
Using template $paramod$8fdcfe020be5e507ba05385ffd706e02b549d39d\_90_alu for cells of type $alu.
Using template $paramod$ee3d784672cdb1cb32d9a801a3af776716f16b74\_90_alu for cells of type $alu.
Using template $paramod$dc6f880019a6bd7fa92cb40fac86c31d8bbc92e4\$__div_mod_trunc for cells of type $__div_mod_trunc.
Using template $paramod$a7ecfa730f7b429cdd2d19291637694b0937162d\_90_alu for cells of type $alu.
Using extmapper simplemap for cells of type $and.
Using template $paramod\_90_lcu_brent_kung\WIDTH=32'00000000000000000000000000001000 for cells of type $lcu.
Using extmapper simplemap for cells of type $pos.
Using extmapper simplemap for cells of type $not.
Using template $paramod\_90_lcu_brent_kung\WIDTH=32'00000000000000000000000000100000 for cells of type $lcu.
Using template $paramod\_90_lcu_brent_kung\WIDTH=32'00000000000000000000000000001100 for cells of type $lcu.
Running "alumacc" on wrapper $extern:wrap:$neg:Y_WIDTH=32:A_WIDTH=32:A_SIGNED=0:394426c56d1a028ba8fdd5469b163e04011def47.
Using template $extern:wrap:$neg:Y_WIDTH=32:A_WIDTH=32:A_SIGNED=0:394426c56d1a028ba8fdd5469b163e04011def47 for cells of type $extern:wrap:$neg:Y_WIDTH=32:A_WIDTH=32:A_SIGNED=0:394426c56d1a028ba8fdd5469b163e04011def47.
Using extmapper simplemap for cells of type $ne.
Using template $paramod\$__div_mod_u\WIDTH=32'00000000000000000000000000100000 for cells of type $__div_mod_u.
Using template $paramod\_90_lcu_brent_kung\WIDTH=32'00000000000000000000000000001001 for cells of type $lcu.
Using extmapper simplemap for cells of type $or.
Using template $paramod$c6baa65225090ac0a120feab1b920965244aa496\_90_alu for cells of type $alu.
Running "alumacc" on wrapper $extern:wrap:$sub:Y_WIDTH=32:B_WIDTH=32:A_WIDTH=32:B_SIGNED=0:A_SIGNED=0:394426c56d1a028ba8fdd5469b163e04011def47.
Using template $extern:wrap:$sub:Y_WIDTH=32:B_WIDTH=32:A_WIDTH=32:B_SIGNED=0:A_SIGNED=0:394426c56d1a028ba8fdd5469b163e04011def47 for cells of type $extern:wrap:$sub:Y_WIDTH=32:B_WIDTH=32:A_WIDTH=32:B_SIGNED=0:A_SIGNED=0:394426c56d1a028ba8fdd5469b163e04011def47.
Running "alumacc" on wrapper $extern:wrap:$ge:Y_WIDTH=1:B_WIDTH=32:A_WIDTH=32:B_SIGNED=0:A_SIGNED=0:394426c56d1a028ba8fdd5469b163e04011def47.
Using template $extern:wrap:$ge:Y_WIDTH=1:B_WIDTH=32:A_WIDTH=32:B_SIGNED=0:A_SIGNED=0:394426c56d1a028ba8fdd5469b163e04011def47 for cells of type $extern:wrap:$ge:Y_WIDTH=1:B_WIDTH=32:A_WIDTH=32:B_SIGNED=0:A_SIGNED=0:394426c56d1a028ba8fdd5469b163e04011def47.
Running "alumacc" on wrapper $extern:wrap:$sub:Y_WIDTH=33:B_WIDTH=33:A_WIDTH=32:B_SIGNED=0:A_SIGNED=0:394426c56d1a028ba8fdd5469b163e04011def47.
Using template $extern:wrap:$sub:Y_WIDTH=33:B_WIDTH=33:A_WIDTH=32:B_SIGNED=0:A_SIGNED=0:394426c56d1a028ba8fdd5469b163e04011def47 for cells of type $extern:wrap:$sub:Y_WIDTH=33:B_WIDTH=33:A_WIDTH=32:B_SIGNED=0:A_SIGNED=0:394426c56d1a028ba8fdd5469b163e04011def47.
Running "alumacc" on wrapper $extern:wrap:$ge:Y_WIDTH=1:B_WIDTH=33:A_WIDTH=32:B_SIGNED=0:A_SIGNED=0:394426c56d1a028ba8fdd5469b163e04011def47.
Using template $extern:wrap:$ge:Y_WIDTH=1:B_WIDTH=33:A_WIDTH=32:B_SIGNED=0:A_SIGNED=0:394426c56d1a028ba8fdd5469b163e04011def47 for cells of type $extern:wrap:$ge:Y_WIDTH=1:B_WIDTH=33:A_WIDTH=32:B_SIGNED=0:A_SIGNED=0:394426c56d1a028ba8fdd5469b163e04011def47.
Running "alumacc" on wrapper $extern:wrap:$sub:Y_WIDTH=34:B_WIDTH=34:A_WIDTH=32:B_SIGNED=0:A_SIGNED=0:394426c56d1a028ba8fdd5469b163e04011def47.
Using template $extern:wrap:$sub:Y_WIDTH=34:B_WIDTH=34:A_WIDTH=32:B_SIGNED=0:A_SIGNED=0:394426c56d1a028ba8fdd5469b163e04011def47 for cells of type $extern:wrap:$sub:Y_WIDTH=34:B_WIDTH=34:A_WIDTH=32:B_SIGNED=0:A_SIGNED=0:394426c56d1a028ba8fdd5469b163e04011def47.
Running "alumacc" on wrapper $extern:wrap:$ge:Y_WIDTH=1:B_WIDTH=34:A_WIDTH=32:B_SIGNED=0:A_SIGNED=0:394426c56d1a028ba8fdd5469b163e04011def47.
Using template $extern:wrap:$ge:Y_WIDTH=1:B_WIDTH=34:A_WIDTH=32:B_SIGNED=0:A_SIGNED=0:394426c56d1a028ba8fdd5469b163e04011def47 for cells of type $extern:wrap:$ge:Y_WIDTH=1:B_WIDTH=34:A_WIDTH=32:B_SIGNED=0:A_SIGNED=0:394426c56d1a028ba8fdd5469b163e04011def47.
Running "alumacc" on wrapper $extern:wrap:$sub:Y_WIDTH=35:B_WIDTH=35:A_WIDTH=32:B_SIGNED=0:A_SIGNED=0:394426c56d1a028ba8fdd5469b163e04011def47.
Using template $extern:wrap:$sub:Y_WIDTH=35:B_WIDTH=35:A_WIDTH=32:B_SIGNED=0:A_SIGNED=0:394426c56d1a028ba8fdd5469b163e04011def47 for cells of type $extern:wrap:$sub:Y_WIDTH=35:B_WIDTH=35:A_WIDTH=32:B_SIGNED=0:A_SIGNED=0:394426c56d1a028ba8fdd5469b163e04011def47.
Running "alumacc" on wrapper $extern:wrap:$ge:Y_WIDTH=1:B_WIDTH=35:A_WIDTH=32:B_SIGNED=0:A_SIGNED=0:394426c56d1a028ba8fdd5469b163e04011def47.
Using template $extern:wrap:$ge:Y_WIDTH=1:B_WIDTH=35:A_WIDTH=32:B_SIGNED=0:A_SIGNED=0:394426c56d1a028ba8fdd5469b163e04011def47 for cells of type $extern:wrap:$ge:Y_WIDTH=1:B_WIDTH=35:A_WIDTH=32:B_SIGNED=0:A_SIGNED=0:394426c56d1a028ba8fdd5469b163e04011def47.
Running "alumacc" on wrapper $extern:wrap:$sub:Y_WIDTH=36:B_WIDTH=36:A_WIDTH=32:B_SIGNED=0:A_SIGNED=0:394426c56d1a028ba8fdd5469b163e04011def47.
Using template $extern:wrap:$sub:Y_WIDTH=36:B_WIDTH=36:A_WIDTH=32:B_SIGNED=0:A_SIGNED=0:394426c56d1a028ba8fdd5469b163e04011def47 for cells of type $extern:wrap:$sub:Y_WIDTH=36:B_WIDTH=36:A_WIDTH=32:B_SIGNED=0:A_SIGNED=0:394426c56d1a028ba8fdd5469b163e04011def47.
Running "alumacc" on wrapper $extern:wrap:$ge:Y_WIDTH=1:B_WIDTH=36:A_WIDTH=32:B_SIGNED=0:A_SIGNED=0:394426c56d1a028ba8fdd5469b163e04011def47.
Using template $extern:wrap:$ge:Y_WIDTH=1:B_WIDTH=36:A_WIDTH=32:B_SIGNED=0:A_SIGNED=0:394426c56d1a028ba8fdd5469b163e04011def47 for cells of type $extern:wrap:$ge:Y_WIDTH=1:B_WIDTH=36:A_WIDTH=32:B_SIGNED=0:A_SIGNED=0:394426c56d1a028ba8fdd5469b163e04011def47.
Running "alumacc" on wrapper $extern:wrap:$sub:Y_WIDTH=37:B_WIDTH=37:A_WIDTH=32:B_SIGNED=0:A_SIGNED=0:394426c56d1a028ba8fdd5469b163e04011def47.
Using template $extern:wrap:$sub:Y_WIDTH=37:B_WIDTH=37:A_WIDTH=32:B_SIGNED=0:A_SIGNED=0:394426c56d1a028ba8fdd5469b163e04011def47 for cells of type $extern:wrap:$sub:Y_WIDTH=37:B_WIDTH=37:A_WIDTH=32:B_SIGNED=0:A_SIGNED=0:394426c56d1a028ba8fdd5469b163e04011def47.
Running "alumacc" on wrapper $extern:wrap:$ge:Y_WIDTH=1:B_WIDTH=37:A_WIDTH=32:B_SIGNED=0:A_SIGNED=0:394426c56d1a028ba8fdd5469b163e04011def47.
Using template $extern:wrap:$ge:Y_WIDTH=1:B_WIDTH=37:A_WIDTH=32:B_SIGNED=0:A_SIGNED=0:394426c56d1a028ba8fdd5469b163e04011def47 for cells of type $extern:wrap:$ge:Y_WIDTH=1:B_WIDTH=37:A_WIDTH=32:B_SIGNED=0:A_SIGNED=0:394426c56d1a028ba8fdd5469b163e04011def47.
Running "alumacc" on wrapper $extern:wrap:$sub:Y_WIDTH=38:B_WIDTH=38:A_WIDTH=32:B_SIGNED=0:A_SIGNED=0:394426c56d1a028ba8fdd5469b163e04011def47.
Using template $extern:wrap:$sub:Y_WIDTH=38:B_WIDTH=38:A_WIDTH=32:B_SIGNED=0:A_SIGNED=0:394426c56d1a028ba8fdd5469b163e04011def47 for cells of type $extern:wrap:$sub:Y_WIDTH=38:B_WIDTH=38:A_WIDTH=32:B_SIGNED=0:A_SIGNED=0:394426c56d1a028ba8fdd5469b163e04011def47.
Running "alumacc" on wrapper $extern:wrap:$ge:Y_WIDTH=1:B_WIDTH=38:A_WIDTH=32:B_SIGNED=0:A_SIGNED=0:394426c56d1a028ba8fdd5469b163e04011def47.
Using template $extern:wrap:$ge:Y_WIDTH=1:B_WIDTH=38:A_WIDTH=32:B_SIGNED=0:A_SIGNED=0:394426c56d1a028ba8fdd5469b163e04011def47 for cells of type $extern:wrap:$ge:Y_WIDTH=1:B_WIDTH=38:A_WIDTH=32:B_SIGNED=0:A_SIGNED=0:394426c56d1a028ba8fdd5469b163e04011def47.
Running "alumacc" on wrapper $extern:wrap:$sub:Y_WIDTH=39:B_WIDTH=39:A_WIDTH=32:B_SIGNED=0:A_SIGNED=0:394426c56d1a028ba8fdd5469b163e04011def47.
Using template $extern:wrap:$sub:Y_WIDTH=39:B_WIDTH=39:A_WIDTH=32:B_SIGNED=0:A_SIGNED=0:394426c56d1a028ba8fdd5469b163e04011def47 for cells of type $extern:wrap:$sub:Y_WIDTH=39:B_WIDTH=39:A_WIDTH=32:B_SIGNED=0:A_SIGNED=0:394426c56d1a028ba8fdd5469b163e04011def47.
Running "alumacc" on wrapper $extern:wrap:$ge:Y_WIDTH=1:B_WIDTH=39:A_WIDTH=32:B_SIGNED=0:A_SIGNED=0:394426c56d1a028ba8fdd5469b163e04011def47.
Using template $extern:wrap:$ge:Y_WIDTH=1:B_WIDTH=39:A_WIDTH=32:B_SIGNED=0:A_SIGNED=0:394426c56d1a028ba8fdd5469b163e04011def47 for cells of type $extern:wrap:$ge:Y_WIDTH=1:B_WIDTH=39:A_WIDTH=32:B_SIGNED=0:A_SIGNED=0:394426c56d1a028ba8fdd5469b163e04011def47.
Running "alumacc" on wrapper $extern:wrap:$sub:Y_WIDTH=40:B_WIDTH=40:A_WIDTH=32:B_SIGNED=0:A_SIGNED=0:394426c56d1a028ba8fdd5469b163e04011def47.
Using template $extern:wrap:$sub:Y_WIDTH=40:B_WIDTH=40:A_WIDTH=32:B_SIGNED=0:A_SIGNED=0:394426c56d1a028ba8fdd5469b163e04011def47 for cells of type $extern:wrap:$sub:Y_WIDTH=40:B_WIDTH=40:A_WIDTH=32:B_SIGNED=0:A_SIGNED=0:394426c56d1a028ba8fdd5469b163e04011def47.
Running "alumacc" on wrapper $extern:wrap:$ge:Y_WIDTH=1:B_WIDTH=40:A_WIDTH=32:B_SIGNED=0:A_SIGNED=0:394426c56d1a028ba8fdd5469b163e04011def47.
Using template $extern:wrap:$ge:Y_WIDTH=1:B_WIDTH=40:A_WIDTH=32:B_SIGNED=0:A_SIGNED=0:394426c56d1a028ba8fdd5469b163e04011def47 for cells of type $extern:wrap:$ge:Y_WIDTH=1:B_WIDTH=40:A_WIDTH=32:B_SIGNED=0:A_SIGNED=0:394426c56d1a028ba8fdd5469b163e04011def47.
Running "alumacc" on wrapper $extern:wrap:$sub:Y_WIDTH=41:B_WIDTH=41:A_WIDTH=32:B_SIGNED=0:A_SIGNED=0:394426c56d1a028ba8fdd5469b163e04011def47.
Using template $extern:wrap:$sub:Y_WIDTH=41:B_WIDTH=41:A_WIDTH=32:B_SIGNED=0:A_SIGNED=0:394426c56d1a028ba8fdd5469b163e04011def47 for cells of type $extern:wrap:$sub:Y_WIDTH=41:B_WIDTH=41:A_WIDTH=32:B_SIGNED=0:A_SIGNED=0:394426c56d1a028ba8fdd5469b163e04011def47.
Running "alumacc" on wrapper $extern:wrap:$ge:Y_WIDTH=1:B_WIDTH=41:A_WIDTH=32:B_SIGNED=0:A_SIGNED=0:394426c56d1a028ba8fdd5469b163e04011def47.
Using template $extern:wrap:$ge:Y_WIDTH=1:B_WIDTH=41:A_WIDTH=32:B_SIGNED=0:A_SIGNED=0:394426c56d1a028ba8fdd5469b163e04011def47 for cells of type $extern:wrap:$ge:Y_WIDTH=1:B_WIDTH=41:A_WIDTH=32:B_SIGNED=0:A_SIGNED=0:394426c56d1a028ba8fdd5469b163e04011def47.
Running "alumacc" on wrapper $extern:wrap:$sub:Y_WIDTH=42:B_WIDTH=42:A_WIDTH=32:B_SIGNED=0:A_SIGNED=0:394426c56d1a028ba8fdd5469b163e04011def47.
Using template $extern:wrap:$sub:Y_WIDTH=42:B_WIDTH=42:A_WIDTH=32:B_SIGNED=0:A_SIGNED=0:394426c56d1a028ba8fdd5469b163e04011def47 for cells of type $extern:wrap:$sub:Y_WIDTH=42:B_WIDTH=42:A_WIDTH=32:B_SIGNED=0:A_SIGNED=0:394426c56d1a028ba8fdd5469b163e04011def47.
Running "alumacc" on wrapper $extern:wrap:$ge:Y_WIDTH=1:B_WIDTH=42:A_WIDTH=32:B_SIGNED=0:A_SIGNED=0:394426c56d1a028ba8fdd5469b163e04011def47.
Using template $extern:wrap:$ge:Y_WIDTH=1:B_WIDTH=42:A_WIDTH=32:B_SIGNED=0:A_SIGNED=0:394426c56d1a028ba8fdd5469b163e04011def47 for cells of type $extern:wrap:$ge:Y_WIDTH=1:B_WIDTH=42:A_WIDTH=32:B_SIGNED=0:A_SIGNED=0:394426c56d1a028ba8fdd5469b163e04011def47.
Running "alumacc" on wrapper $extern:wrap:$sub:Y_WIDTH=43:B_WIDTH=43:A_WIDTH=32:B_SIGNED=0:A_SIGNED=0:394426c56d1a028ba8fdd5469b163e04011def47.
Using template $extern:wrap:$sub:Y_WIDTH=43:B_WIDTH=43:A_WIDTH=32:B_SIGNED=0:A_SIGNED=0:394426c56d1a028ba8fdd5469b163e04011def47 for cells of type $extern:wrap:$sub:Y_WIDTH=43:B_WIDTH=43:A_WIDTH=32:B_SIGNED=0:A_SIGNED=0:394426c56d1a028ba8fdd5469b163e04011def47.
Running "alumacc" on wrapper $extern:wrap:$ge:Y_WIDTH=1:B_WIDTH=43:A_WIDTH=32:B_SIGNED=0:A_SIGNED=0:394426c56d1a028ba8fdd5469b163e04011def47.
Using template $extern:wrap:$ge:Y_WIDTH=1:B_WIDTH=43:A_WIDTH=32:B_SIGNED=0:A_SIGNED=0:394426c56d1a028ba8fdd5469b163e04011def47 for cells of type $extern:wrap:$ge:Y_WIDTH=1:B_WIDTH=43:A_WIDTH=32:B_SIGNED=0:A_SIGNED=0:394426c56d1a028ba8fdd5469b163e04011def47.
Running "alumacc" on wrapper $extern:wrap:$sub:Y_WIDTH=44:B_WIDTH=44:A_WIDTH=32:B_SIGNED=0:A_SIGNED=0:394426c56d1a028ba8fdd5469b163e04011def47.
Using template $extern:wrap:$sub:Y_WIDTH=44:B_WIDTH=44:A_WIDTH=32:B_SIGNED=0:A_SIGNED=0:394426c56d1a028ba8fdd5469b163e04011def47 for cells of type $extern:wrap:$sub:Y_WIDTH=44:B_WIDTH=44:A_WIDTH=32:B_SIGNED=0:A_SIGNED=0:394426c56d1a028ba8fdd5469b163e04011def47.
Running "alumacc" on wrapper $extern:wrap:$ge:Y_WIDTH=1:B_WIDTH=44:A_WIDTH=32:B_SIGNED=0:A_SIGNED=0:394426c56d1a028ba8fdd5469b163e04011def47.
Using template $extern:wrap:$ge:Y_WIDTH=1:B_WIDTH=44:A_WIDTH=32:B_SIGNED=0:A_SIGNED=0:394426c56d1a028ba8fdd5469b163e04011def47 for cells of type $extern:wrap:$ge:Y_WIDTH=1:B_WIDTH=44:A_WIDTH=32:B_SIGNED=0:A_SIGNED=0:394426c56d1a028ba8fdd5469b163e04011def47.
Running "alumacc" on wrapper $extern:wrap:$sub:Y_WIDTH=45:B_WIDTH=45:A_WIDTH=32:B_SIGNED=0:A_SIGNED=0:394426c56d1a028ba8fdd5469b163e04011def47.
Using template $extern:wrap:$sub:Y_WIDTH=45:B_WIDTH=45:A_WIDTH=32:B_SIGNED=0:A_SIGNED=0:394426c56d1a028ba8fdd5469b163e04011def47 for cells of type $extern:wrap:$sub:Y_WIDTH=45:B_WIDTH=45:A_WIDTH=32:B_SIGNED=0:A_SIGNED=0:394426c56d1a028ba8fdd5469b163e04011def47.
Running "alumacc" on wrapper $extern:wrap:$ge:Y_WIDTH=1:B_WIDTH=45:A_WIDTH=32:B_SIGNED=0:A_SIGNED=0:394426c56d1a028ba8fdd5469b163e04011def47.
Using template $extern:wrap:$ge:Y_WIDTH=1:B_WIDTH=45:A_WIDTH=32:B_SIGNED=0:A_SIGNED=0:394426c56d1a028ba8fdd5469b163e04011def47 for cells of type $extern:wrap:$ge:Y_WIDTH=1:B_WIDTH=45:A_WIDTH=32:B_SIGNED=0:A_SIGNED=0:394426c56d1a028ba8fdd5469b163e04011def47.
Running "alumacc" on wrapper $extern:wrap:$sub:Y_WIDTH=46:B_WIDTH=46:A_WIDTH=32:B_SIGNED=0:A_SIGNED=0:394426c56d1a028ba8fdd5469b163e04011def47.
Using template $extern:wrap:$sub:Y_WIDTH=46:B_WIDTH=46:A_WIDTH=32:B_SIGNED=0:A_SIGNED=0:394426c56d1a028ba8fdd5469b163e04011def47 for cells of type $extern:wrap:$sub:Y_WIDTH=46:B_WIDTH=46:A_WIDTH=32:B_SIGNED=0:A_SIGNED=0:394426c56d1a028ba8fdd5469b163e04011def47.
Running "alumacc" on wrapper $extern:wrap:$ge:Y_WIDTH=1:B_WIDTH=46:A_WIDTH=32:B_SIGNED=0:A_SIGNED=0:394426c56d1a028ba8fdd5469b163e04011def47.
Using template $extern:wrap:$ge:Y_WIDTH=1:B_WIDTH=46:A_WIDTH=32:B_SIGNED=0:A_SIGNED=0:394426c56d1a028ba8fdd5469b163e04011def47 for cells of type $extern:wrap:$ge:Y_WIDTH=1:B_WIDTH=46:A_WIDTH=32:B_SIGNED=0:A_SIGNED=0:394426c56d1a028ba8fdd5469b163e04011def47.
Running "alumacc" on wrapper $extern:wrap:$sub:Y_WIDTH=47:B_WIDTH=47:A_WIDTH=32:B_SIGNED=0:A_SIGNED=0:394426c56d1a028ba8fdd5469b163e04011def47.
Using template $extern:wrap:$sub:Y_WIDTH=47:B_WIDTH=47:A_WIDTH=32:B_SIGNED=0:A_SIGNED=0:394426c56d1a028ba8fdd5469b163e04011def47 for cells of type $extern:wrap:$sub:Y_WIDTH=47:B_WIDTH=47:A_WIDTH=32:B_SIGNED=0:A_SIGNED=0:394426c56d1a028ba8fdd5469b163e04011def47.
Running "alumacc" on wrapper $extern:wrap:$ge:Y_WIDTH=1:B_WIDTH=47:A_WIDTH=32:B_SIGNED=0:A_SIGNED=0:394426c56d1a028ba8fdd5469b163e04011def47.
Using template $extern:wrap:$ge:Y_WIDTH=1:B_WIDTH=47:A_WIDTH=32:B_SIGNED=0:A_SIGNED=0:394426c56d1a028ba8fdd5469b163e04011def47 for cells of type $extern:wrap:$ge:Y_WIDTH=1:B_WIDTH=47:A_WIDTH=32:B_SIGNED=0:A_SIGNED=0:394426c56d1a028ba8fdd5469b163e04011def47.
Running "alumacc" on wrapper $extern:wrap:$sub:Y_WIDTH=48:B_WIDTH=48:A_WIDTH=32:B_SIGNED=0:A_SIGNED=0:394426c56d1a028ba8fdd5469b163e04011def47.
Using template $extern:wrap:$sub:Y_WIDTH=48:B_WIDTH=48:A_WIDTH=32:B_SIGNED=0:A_SIGNED=0:394426c56d1a028ba8fdd5469b163e04011def47 for cells of type $extern:wrap:$sub:Y_WIDTH=48:B_WIDTH=48:A_WIDTH=32:B_SIGNED=0:A_SIGNED=0:394426c56d1a028ba8fdd5469b163e04011def47.
Running "alumacc" on wrapper $extern:wrap:$ge:Y_WIDTH=1:B_WIDTH=48:A_WIDTH=32:B_SIGNED=0:A_SIGNED=0:394426c56d1a028ba8fdd5469b163e04011def47.
Using template $extern:wrap:$ge:Y_WIDTH=1:B_WIDTH=48:A_WIDTH=32:B_SIGNED=0:A_SIGNED=0:394426c56d1a028ba8fdd5469b163e04011def47 for cells of type $extern:wrap:$ge:Y_WIDTH=1:B_WIDTH=48:A_WIDTH=32:B_SIGNED=0:A_SIGNED=0:394426c56d1a028ba8fdd5469b163e04011def47.
Running "alumacc" on wrapper $extern:wrap:$sub:Y_WIDTH=49:B_WIDTH=49:A_WIDTH=32:B_SIGNED=0:A_SIGNED=0:394426c56d1a028ba8fdd5469b163e04011def47.
Using template $extern:wrap:$sub:Y_WIDTH=49:B_WIDTH=49:A_WIDTH=32:B_SIGNED=0:A_SIGNED=0:394426c56d1a028ba8fdd5469b163e04011def47 for cells of type $extern:wrap:$sub:Y_WIDTH=49:B_WIDTH=49:A_WIDTH=32:B_SIGNED=0:A_SIGNED=0:394426c56d1a028ba8fdd5469b163e04011def47.
Running "alumacc" on wrapper $extern:wrap:$ge:Y_WIDTH=1:B_WIDTH=49:A_WIDTH=32:B_SIGNED=0:A_SIGNED=0:394426c56d1a028ba8fdd5469b163e04011def47.
Using template $extern:wrap:$ge:Y_WIDTH=1:B_WIDTH=49:A_WIDTH=32:B_SIGNED=0:A_SIGNED=0:394426c56d1a028ba8fdd5469b163e04011def47 for cells of type $extern:wrap:$ge:Y_WIDTH=1:B_WIDTH=49:A_WIDTH=32:B_SIGNED=0:A_SIGNED=0:394426c56d1a028ba8fdd5469b163e04011def47.
Running "alumacc" on wrapper $extern:wrap:$sub:Y_WIDTH=50:B_WIDTH=50:A_WIDTH=32:B_SIGNED=0:A_SIGNED=0:394426c56d1a028ba8fdd5469b163e04011def47.
Using template $extern:wrap:$sub:Y_WIDTH=50:B_WIDTH=50:A_WIDTH=32:B_SIGNED=0:A_SIGNED=0:394426c56d1a028ba8fdd5469b163e04011def47 for cells of type $extern:wrap:$sub:Y_WIDTH=50:B_WIDTH=50:A_WIDTH=32:B_SIGNED=0:A_SIGNED=0:394426c56d1a028ba8fdd5469b163e04011def47.
Running "alumacc" on wrapper $extern:wrap:$ge:Y_WIDTH=1:B_WIDTH=50:A_WIDTH=32:B_SIGNED=0:A_SIGNED=0:394426c56d1a028ba8fdd5469b163e04011def47.
Using template $extern:wrap:$ge:Y_WIDTH=1:B_WIDTH=50:A_WIDTH=32:B_SIGNED=0:A_SIGNED=0:394426c56d1a028ba8fdd5469b163e04011def47 for cells of type $extern:wrap:$ge:Y_WIDTH=1:B_WIDTH=50:A_WIDTH=32:B_SIGNED=0:A_SIGNED=0:394426c56d1a028ba8fdd5469b163e04011def47.
Running "alumacc" on wrapper $extern:wrap:$sub:Y_WIDTH=51:B_WIDTH=51:A_WIDTH=32:B_SIGNED=0:A_SIGNED=0:394426c56d1a028ba8fdd5469b163e04011def47.
Using template $extern:wrap:$sub:Y_WIDTH=51:B_WIDTH=51:A_WIDTH=32:B_SIGNED=0:A_SIGNED=0:394426c56d1a028ba8fdd5469b163e04011def47 for cells of type $extern:wrap:$sub:Y_WIDTH=51:B_WIDTH=51:A_WIDTH=32:B_SIGNED=0:A_SIGNED=0:394426c56d1a028ba8fdd5469b163e04011def47.
Running "alumacc" on wrapper $extern:wrap:$ge:Y_WIDTH=1:B_WIDTH=51:A_WIDTH=32:B_SIGNED=0:A_SIGNED=0:394426c56d1a028ba8fdd5469b163e04011def47.
Using template $extern:wrap:$ge:Y_WIDTH=1:B_WIDTH=51:A_WIDTH=32:B_SIGNED=0:A_SIGNED=0:394426c56d1a028ba8fdd5469b163e04011def47 for cells of type $extern:wrap:$ge:Y_WIDTH=1:B_WIDTH=51:A_WIDTH=32:B_SIGNED=0:A_SIGNED=0:394426c56d1a028ba8fdd5469b163e04011def47.
Running "alumacc" on wrapper $extern:wrap:$sub:Y_WIDTH=52:B_WIDTH=52:A_WIDTH=32:B_SIGNED=0:A_SIGNED=0:394426c56d1a028ba8fdd5469b163e04011def47.
Using template $extern:wrap:$sub:Y_WIDTH=52:B_WIDTH=52:A_WIDTH=32:B_SIGNED=0:A_SIGNED=0:394426c56d1a028ba8fdd5469b163e04011def47 for cells of type $extern:wrap:$sub:Y_WIDTH=52:B_WIDTH=52:A_WIDTH=32:B_SIGNED=0:A_SIGNED=0:394426c56d1a028ba8fdd5469b163e04011def47.
Running "alumacc" on wrapper $extern:wrap:$ge:Y_WIDTH=1:B_WIDTH=52:A_WIDTH=32:B_SIGNED=0:A_SIGNED=0:394426c56d1a028ba8fdd5469b163e04011def47.
Using template $extern:wrap:$ge:Y_WIDTH=1:B_WIDTH=52:A_WIDTH=32:B_SIGNED=0:A_SIGNED=0:394426c56d1a028ba8fdd5469b163e04011def47 for cells of type $extern:wrap:$ge:Y_WIDTH=1:B_WIDTH=52:A_WIDTH=32:B_SIGNED=0:A_SIGNED=0:394426c56d1a028ba8fdd5469b163e04011def47.
Running "alumacc" on wrapper $extern:wrap:$sub:Y_WIDTH=53:B_WIDTH=53:A_WIDTH=32:B_SIGNED=0:A_SIGNED=0:394426c56d1a028ba8fdd5469b163e04011def47.
Using template $extern:wrap:$sub:Y_WIDTH=53:B_WIDTH=53:A_WIDTH=32:B_SIGNED=0:A_SIGNED=0:394426c56d1a028ba8fdd5469b163e04011def47 for cells of type $extern:wrap:$sub:Y_WIDTH=53:B_WIDTH=53:A_WIDTH=32:B_SIGNED=0:A_SIGNED=0:394426c56d1a028ba8fdd5469b163e04011def47.
Running "alumacc" on wrapper $extern:wrap:$ge:Y_WIDTH=1:B_WIDTH=53:A_WIDTH=32:B_SIGNED=0:A_SIGNED=0:394426c56d1a028ba8fdd5469b163e04011def47.
Using template $extern:wrap:$ge:Y_WIDTH=1:B_WIDTH=53:A_WIDTH=32:B_SIGNED=0:A_SIGNED=0:394426c56d1a028ba8fdd5469b163e04011def47 for cells of type $extern:wrap:$ge:Y_WIDTH=1:B_WIDTH=53:A_WIDTH=32:B_SIGNED=0:A_SIGNED=0:394426c56d1a028ba8fdd5469b163e04011def47.
Running "alumacc" on wrapper $extern:wrap:$sub:Y_WIDTH=54:B_WIDTH=54:A_WIDTH=32:B_SIGNED=0:A_SIGNED=0:394426c56d1a028ba8fdd5469b163e04011def47.
Using template $extern:wrap:$sub:Y_WIDTH=54:B_WIDTH=54:A_WIDTH=32:B_SIGNED=0:A_SIGNED=0:394426c56d1a028ba8fdd5469b163e04011def47 for cells of type $extern:wrap:$sub:Y_WIDTH=54:B_WIDTH=54:A_WIDTH=32:B_SIGNED=0:A_SIGNED=0:394426c56d1a028ba8fdd5469b163e04011def47.
Running "alumacc" on wrapper $extern:wrap:$ge:Y_WIDTH=1:B_WIDTH=54:A_WIDTH=32:B_SIGNED=0:A_SIGNED=0:394426c56d1a028ba8fdd5469b163e04011def47.
Using template $extern:wrap:$ge:Y_WIDTH=1:B_WIDTH=54:A_WIDTH=32:B_SIGNED=0:A_SIGNED=0:394426c56d1a028ba8fdd5469b163e04011def47 for cells of type $extern:wrap:$ge:Y_WIDTH=1:B_WIDTH=54:A_WIDTH=32:B_SIGNED=0:A_SIGNED=0:394426c56d1a028ba8fdd5469b163e04011def47.
Running "alumacc" on wrapper $extern:wrap:$sub:Y_WIDTH=55:B_WIDTH=55:A_WIDTH=32:B_SIGNED=0:A_SIGNED=0:394426c56d1a028ba8fdd5469b163e04011def47.
Using template $extern:wrap:$sub:Y_WIDTH=55:B_WIDTH=55:A_WIDTH=32:B_SIGNED=0:A_SIGNED=0:394426c56d1a028ba8fdd5469b163e04011def47 for cells of type $extern:wrap:$sub:Y_WIDTH=55:B_WIDTH=55:A_WIDTH=32:B_SIGNED=0:A_SIGNED=0:394426c56d1a028ba8fdd5469b163e04011def47.
Running "alumacc" on wrapper $extern:wrap:$ge:Y_WIDTH=1:B_WIDTH=55:A_WIDTH=32:B_SIGNED=0:A_SIGNED=0:394426c56d1a028ba8fdd5469b163e04011def47.
Using template $extern:wrap:$ge:Y_WIDTH=1:B_WIDTH=55:A_WIDTH=32:B_SIGNED=0:A_SIGNED=0:394426c56d1a028ba8fdd5469b163e04011def47 for cells of type $extern:wrap:$ge:Y_WIDTH=1:B_WIDTH=55:A_WIDTH=32:B_SIGNED=0:A_SIGNED=0:394426c56d1a028ba8fdd5469b163e04011def47.
Running "alumacc" on wrapper $extern:wrap:$sub:Y_WIDTH=56:B_WIDTH=56:A_WIDTH=32:B_SIGNED=0:A_SIGNED=0:394426c56d1a028ba8fdd5469b163e04011def47.
Using template $extern:wrap:$sub:Y_WIDTH=56:B_WIDTH=56:A_WIDTH=32:B_SIGNED=0:A_SIGNED=0:394426c56d1a028ba8fdd5469b163e04011def47 for cells of type $extern:wrap:$sub:Y_WIDTH=56:B_WIDTH=56:A_WIDTH=32:B_SIGNED=0:A_SIGNED=0:394426c56d1a028ba8fdd5469b163e04011def47.
Running "alumacc" on wrapper $extern:wrap:$ge:Y_WIDTH=1:B_WIDTH=56:A_WIDTH=32:B_SIGNED=0:A_SIGNED=0:394426c56d1a028ba8fdd5469b163e04011def47.
Using template $extern:wrap:$ge:Y_WIDTH=1:B_WIDTH=56:A_WIDTH=32:B_SIGNED=0:A_SIGNED=0:394426c56d1a028ba8fdd5469b163e04011def47 for cells of type $extern:wrap:$ge:Y_WIDTH=1:B_WIDTH=56:A_WIDTH=32:B_SIGNED=0:A_SIGNED=0:394426c56d1a028ba8fdd5469b163e04011def47.
Running "alumacc" on wrapper $extern:wrap:$sub:Y_WIDTH=57:B_WIDTH=57:A_WIDTH=32:B_SIGNED=0:A_SIGNED=0:394426c56d1a028ba8fdd5469b163e04011def47.
Using template $extern:wrap:$sub:Y_WIDTH=57:B_WIDTH=57:A_WIDTH=32:B_SIGNED=0:A_SIGNED=0:394426c56d1a028ba8fdd5469b163e04011def47 for cells of type $extern:wrap:$sub:Y_WIDTH=57:B_WIDTH=57:A_WIDTH=32:B_SIGNED=0:A_SIGNED=0:394426c56d1a028ba8fdd5469b163e04011def47.
Running "alumacc" on wrapper $extern:wrap:$ge:Y_WIDTH=1:B_WIDTH=57:A_WIDTH=32:B_SIGNED=0:A_SIGNED=0:394426c56d1a028ba8fdd5469b163e04011def47.
Using template $extern:wrap:$ge:Y_WIDTH=1:B_WIDTH=57:A_WIDTH=32:B_SIGNED=0:A_SIGNED=0:394426c56d1a028ba8fdd5469b163e04011def47 for cells of type $extern:wrap:$ge:Y_WIDTH=1:B_WIDTH=57:A_WIDTH=32:B_SIGNED=0:A_SIGNED=0:394426c56d1a028ba8fdd5469b163e04011def47.
Running "alumacc" on wrapper $extern:wrap:$sub:Y_WIDTH=58:B_WIDTH=58:A_WIDTH=32:B_SIGNED=0:A_SIGNED=0:394426c56d1a028ba8fdd5469b163e04011def47.
Using template $extern:wrap:$sub:Y_WIDTH=58:B_WIDTH=58:A_WIDTH=32:B_SIGNED=0:A_SIGNED=0:394426c56d1a028ba8fdd5469b163e04011def47 for cells of type $extern:wrap:$sub:Y_WIDTH=58:B_WIDTH=58:A_WIDTH=32:B_SIGNED=0:A_SIGNED=0:394426c56d1a028ba8fdd5469b163e04011def47.
Running "alumacc" on wrapper $extern:wrap:$ge:Y_WIDTH=1:B_WIDTH=58:A_WIDTH=32:B_SIGNED=0:A_SIGNED=0:394426c56d1a028ba8fdd5469b163e04011def47.
Using template $extern:wrap:$ge:Y_WIDTH=1:B_WIDTH=58:A_WIDTH=32:B_SIGNED=0:A_SIGNED=0:394426c56d1a028ba8fdd5469b163e04011def47 for cells of type $extern:wrap:$ge:Y_WIDTH=1:B_WIDTH=58:A_WIDTH=32:B_SIGNED=0:A_SIGNED=0:394426c56d1a028ba8fdd5469b163e04011def47.
Running "alumacc" on wrapper $extern:wrap:$sub:Y_WIDTH=59:B_WIDTH=59:A_WIDTH=32:B_SIGNED=0:A_SIGNED=0:394426c56d1a028ba8fdd5469b163e04011def47.
Using template $extern:wrap:$sub:Y_WIDTH=59:B_WIDTH=59:A_WIDTH=32:B_SIGNED=0:A_SIGNED=0:394426c56d1a028ba8fdd5469b163e04011def47 for cells of type $extern:wrap:$sub:Y_WIDTH=59:B_WIDTH=59:A_WIDTH=32:B_SIGNED=0:A_SIGNED=0:394426c56d1a028ba8fdd5469b163e04011def47.
Running "alumacc" on wrapper $extern:wrap:$ge:Y_WIDTH=1:B_WIDTH=59:A_WIDTH=32:B_SIGNED=0:A_SIGNED=0:394426c56d1a028ba8fdd5469b163e04011def47.
Using template $extern:wrap:$ge:Y_WIDTH=1:B_WIDTH=59:A_WIDTH=32:B_SIGNED=0:A_SIGNED=0:394426c56d1a028ba8fdd5469b163e04011def47 for cells of type $extern:wrap:$ge:Y_WIDTH=1:B_WIDTH=59:A_WIDTH=32:B_SIGNED=0:A_SIGNED=0:394426c56d1a028ba8fdd5469b163e04011def47.
Running "alumacc" on wrapper $extern:wrap:$sub:Y_WIDTH=60:B_WIDTH=60:A_WIDTH=32:B_SIGNED=0:A_SIGNED=0:394426c56d1a028ba8fdd5469b163e04011def47.
Using template $extern:wrap:$sub:Y_WIDTH=60:B_WIDTH=60:A_WIDTH=32:B_SIGNED=0:A_SIGNED=0:394426c56d1a028ba8fdd5469b163e04011def47 for cells of type $extern:wrap:$sub:Y_WIDTH=60:B_WIDTH=60:A_WIDTH=32:B_SIGNED=0:A_SIGNED=0:394426c56d1a028ba8fdd5469b163e04011def47.
Running "alumacc" on wrapper $extern:wrap:$ge:Y_WIDTH=1:B_WIDTH=60:A_WIDTH=32:B_SIGNED=0:A_SIGNED=0:394426c56d1a028ba8fdd5469b163e04011def47.
Using template $extern:wrap:$ge:Y_WIDTH=1:B_WIDTH=60:A_WIDTH=32:B_SIGNED=0:A_SIGNED=0:394426c56d1a028ba8fdd5469b163e04011def47 for cells of type $extern:wrap:$ge:Y_WIDTH=1:B_WIDTH=60:A_WIDTH=32:B_SIGNED=0:A_SIGNED=0:394426c56d1a028ba8fdd5469b163e04011def47.
Running "alumacc" on wrapper $extern:wrap:$sub:Y_WIDTH=61:B_WIDTH=61:A_WIDTH=32:B_SIGNED=0:A_SIGNED=0:394426c56d1a028ba8fdd5469b163e04011def47.
Using template $extern:wrap:$sub:Y_WIDTH=61:B_WIDTH=61:A_WIDTH=32:B_SIGNED=0:A_SIGNED=0:394426c56d1a028ba8fdd5469b163e04011def47 for cells of type $extern:wrap:$sub:Y_WIDTH=61:B_WIDTH=61:A_WIDTH=32:B_SIGNED=0:A_SIGNED=0:394426c56d1a028ba8fdd5469b163e04011def47.
Running "alumacc" on wrapper $extern:wrap:$ge:Y_WIDTH=1:B_WIDTH=61:A_WIDTH=32:B_SIGNED=0:A_SIGNED=0:394426c56d1a028ba8fdd5469b163e04011def47.
Using template $extern:wrap:$ge:Y_WIDTH=1:B_WIDTH=61:A_WIDTH=32:B_SIGNED=0:A_SIGNED=0:394426c56d1a028ba8fdd5469b163e04011def47 for cells of type $extern:wrap:$ge:Y_WIDTH=1:B_WIDTH=61:A_WIDTH=32:B_SIGNED=0:A_SIGNED=0:394426c56d1a028ba8fdd5469b163e04011def47.
Running "alumacc" on wrapper $extern:wrap:$sub:Y_WIDTH=62:B_WIDTH=62:A_WIDTH=32:B_SIGNED=0:A_SIGNED=0:394426c56d1a028ba8fdd5469b163e04011def47.
Using template $extern:wrap:$sub:Y_WIDTH=62:B_WIDTH=62:A_WIDTH=32:B_SIGNED=0:A_SIGNED=0:394426c56d1a028ba8fdd5469b163e04011def47 for cells of type $extern:wrap:$sub:Y_WIDTH=62:B_WIDTH=62:A_WIDTH=32:B_SIGNED=0:A_SIGNED=0:394426c56d1a028ba8fdd5469b163e04011def47.
Running "alumacc" on wrapper $extern:wrap:$ge:Y_WIDTH=1:B_WIDTH=62:A_WIDTH=32:B_SIGNED=0:A_SIGNED=0:394426c56d1a028ba8fdd5469b163e04011def47.
Using template $extern:wrap:$ge:Y_WIDTH=1:B_WIDTH=62:A_WIDTH=32:B_SIGNED=0:A_SIGNED=0:394426c56d1a028ba8fdd5469b163e04011def47 for cells of type $extern:wrap:$ge:Y_WIDTH=1:B_WIDTH=62:A_WIDTH=32:B_SIGNED=0:A_SIGNED=0:394426c56d1a028ba8fdd5469b163e04011def47.
Running "alumacc" on wrapper $extern:wrap:$sub:Y_WIDTH=63:B_WIDTH=63:A_WIDTH=32:B_SIGNED=0:A_SIGNED=0:394426c56d1a028ba8fdd5469b163e04011def47.
Using template $extern:wrap:$sub:Y_WIDTH=63:B_WIDTH=63:A_WIDTH=32:B_SIGNED=0:A_SIGNED=0:394426c56d1a028ba8fdd5469b163e04011def47 for cells of type $extern:wrap:$sub:Y_WIDTH=63:B_WIDTH=63:A_WIDTH=32:B_SIGNED=0:A_SIGNED=0:394426c56d1a028ba8fdd5469b163e04011def47.
Running "alumacc" on wrapper $extern:wrap:$ge:Y_WIDTH=1:B_WIDTH=63:A_WIDTH=32:B_SIGNED=0:A_SIGNED=0:394426c56d1a028ba8fdd5469b163e04011def47.
Using template $extern:wrap:$ge:Y_WIDTH=1:B_WIDTH=63:A_WIDTH=32:B_SIGNED=0:A_SIGNED=0:394426c56d1a028ba8fdd5469b163e04011def47 for cells of type $extern:wrap:$ge:Y_WIDTH=1:B_WIDTH=63:A_WIDTH=32:B_SIGNED=0:A_SIGNED=0:394426c56d1a028ba8fdd5469b163e04011def47.
Using template $paramod$fbc7873bff55778c0b3173955b7e4bce1d9d6834\_90_alu for cells of type $alu.
Using template $paramod$789c344356a154d2afc7b832b41d1067dbc946ba\_90_alu for cells of type $alu.
Using template $paramod$e39069e3f4ee35c1eea86993bd74689959babaab\_90_alu for cells of type $alu.
Using template $paramod$d7aca3dc44b07ff19908fb1a3b606577588c15f1\_90_alu for cells of type $alu.
Using template $paramod$f9e3a3c4b84f99cb56fad07743ec44ad55b11c8b\_90_alu for cells of type $alu.
Using template $paramod$dd5ba471f7dcf35707f23b88cfd15b9582f97277\_90_alu for cells of type $alu.
Using template $paramod$b7531bc0616f8d4cdd8159edd2237c9ddbb2ce01\_90_alu for cells of type $alu.
Using template $paramod$ff8ba121d2f8e85b775c9f35ef677a1a276e7e1b\_90_alu for cells of type $alu.
Using template $paramod$9a66d4bebbc4fab84566caffef9f094a1a467389\_90_alu for cells of type $alu.
Using template $paramod$57bc309a5d8a948cec8981d26d896ee1cbf54d58\_90_alu for cells of type $alu.
Using template $paramod$f94cfdb8ad389f4fc4515bcb65bccd7e2d189e95\_90_alu for cells of type $alu.
Using template $paramod$2a25669ccd39fe7c0fbfb2a4d17416fc78667f00\_90_alu for cells of type $alu.
Using template $paramod$d9397dfdf5f7cf5715aebc9527845402880218a0\_90_alu for cells of type $alu.
Using template $paramod$acc477ace2583cc2ee0cf651c72a385d2bbbe9f1\_90_alu for cells of type $alu.
Using template $paramod$415abdcadc251df4f0f033b62b8f3296b8461b4e\_90_alu for cells of type $alu.
Using template $paramod$6573c1c269218f299badf6e04ca86aa37fdb352c\_90_alu for cells of type $alu.
Using template $paramod$6a21b72c9c0b32e81b169c7e08a4d8b9c462448f\_90_alu for cells of type $alu.
Using template $paramod$324e0706ebb77f1915b22f4a136962ec3fd1d7ff\_90_alu for cells of type $alu.
Using template $paramod$461fc931d630cb01bec1fea87f37fbcc53f6f6a4\_90_alu for cells of type $alu.
Using template $paramod$fe074227b1c5fbaa1ea56076182c29dbcf3a782a\_90_alu for cells of type $alu.
Using template $paramod$85502450775e62e9c6a2fe29020b3433d4335647\_90_alu for cells of type $alu.
Using template $paramod$e32c921f95fe0e2350204f4ecefc9e296355521b\_90_alu for cells of type $alu.
Using template $paramod$05d913fba320393c7e943e625bef3af776153b60\_90_alu for cells of type $alu.
Using template $paramod$8e07e2c0a3efc148d2f3714f3901076678774ed1\_90_alu for cells of type $alu.
Using template $paramod$5b7e592b3c2951af6800b7fd597f66a79b72b91c\_90_alu for cells of type $alu.
Using template $paramod$90182783100594e2dd636a282c4723cfc9adaedd\_90_alu for cells of type $alu.
Using template $paramod$851c5c9b30913ea2deae68e3ca9e9c4e649723bc\_90_alu for cells of type $alu.
Using template $paramod$1445aacdb5f2a1ef9fedf1373097ffa45438211d\_90_alu for cells of type $alu.
Using template $paramod$7add42b712fe5bbbba521e93062103d6bf78a453\_90_alu for cells of type $alu.
Using template $paramod$b6f86f6a0c43c26b22ee55f51e05d5951f0e6562\_90_alu for cells of type $alu.
Using template $paramod$044fdceace8c449ec99f900b42120ac005ff4065\_90_alu for cells of type $alu.
Using template $paramod$b6b58933bcf3c8b9e3e5de18c2637bd0e12c7c47\_90_alu for cells of type $alu.
Using template $paramod\_90_lcu_brent_kung\WIDTH=32'00000000000000000000000000100001 for cells of type $lcu.
Using template $paramod\_90_lcu_brent_kung\WIDTH=32'00000000000000000000000000100010 for cells of type $lcu.
Using template $paramod\_90_lcu_brent_kung\WIDTH=32'00000000000000000000000000100011 for cells of type $lcu.
Using template $paramod\_90_lcu_brent_kung\WIDTH=32'00000000000000000000000000100100 for cells of type $lcu.
Using template $paramod\_90_lcu_brent_kung\WIDTH=32'00000000000000000000000000100101 for cells of type $lcu.
Using template $paramod\_90_lcu_brent_kung\WIDTH=32'00000000000000000000000000100110 for cells of type $lcu.
Using template $paramod\_90_lcu_brent_kung\WIDTH=32'00000000000000000000000000100111 for cells of type $lcu.
Using template $paramod\_90_lcu_brent_kung\WIDTH=32'00000000000000000000000000101000 for cells of type $lcu.
Using template $paramod\_90_lcu_brent_kung\WIDTH=32'00000000000000000000000000101001 for cells of type $lcu.
Using template $paramod\_90_lcu_brent_kung\WIDTH=32'00000000000000000000000000101010 for cells of type $lcu.
Using template $paramod\_90_lcu_brent_kung\WIDTH=32'00000000000000000000000000101011 for cells of type $lcu.
Using template $paramod\_90_lcu_brent_kung\WIDTH=32'00000000000000000000000000101100 for cells of type $lcu.
Using template $paramod\_90_lcu_brent_kung\WIDTH=32'00000000000000000000000000101101 for cells of type $lcu.
Using template $paramod\_90_lcu_brent_kung\WIDTH=32'00000000000000000000000000101110 for cells of type $lcu.
Using template $paramod\_90_lcu_brent_kung\WIDTH=32'00000000000000000000000000101111 for cells of type $lcu.
Using template $paramod\_90_lcu_brent_kung\WIDTH=32'00000000000000000000000000110000 for cells of type $lcu.
Using template $paramod\_90_lcu_brent_kung\WIDTH=32'00000000000000000000000000110001 for cells of type $lcu.
Using template $paramod\_90_lcu_brent_kung\WIDTH=32'00000000000000000000000000110010 for cells of type $lcu.
Using template $paramod\_90_lcu_brent_kung\WIDTH=32'00000000000000000000000000110011 for cells of type $lcu.
Using template $paramod\_90_lcu_brent_kung\WIDTH=32'00000000000000000000000000110100 for cells of type $lcu.
Using template $paramod\_90_lcu_brent_kung\WIDTH=32'00000000000000000000000000110101 for cells of type $lcu.
Using template $paramod\_90_lcu_brent_kung\WIDTH=32'00000000000000000000000000110110 for cells of type $lcu.
Using template $paramod\_90_lcu_brent_kung\WIDTH=32'00000000000000000000000000110111 for cells of type $lcu.
Using template $paramod\_90_lcu_brent_kung\WIDTH=32'00000000000000000000000000111000 for cells of type $lcu.
Using template $paramod\_90_lcu_brent_kung\WIDTH=32'00000000000000000000000000111001 for cells of type $lcu.
Using template $paramod\_90_lcu_brent_kung\WIDTH=32'00000000000000000000000000111010 for cells of type $lcu.
Using template $paramod\_90_lcu_brent_kung\WIDTH=32'00000000000000000000000000111011 for cells of type $lcu.
Using template $paramod\_90_lcu_brent_kung\WIDTH=32'00000000000000000000000000111100 for cells of type $lcu.
Using template $paramod\_90_lcu_brent_kung\WIDTH=32'00000000000000000000000000111101 for cells of type $lcu.
Using template $paramod\_90_lcu_brent_kung\WIDTH=32'00000000000000000000000000111110 for cells of type $lcu.
Using template $paramod\_90_lcu_brent_kung\WIDTH=32'00000000000000000000000000111111 for cells of type $lcu.
No more expansions possible.
<suppressed ~24725 debug messages>

8. Executing OPT pass (performing simple optimizations).

8.1. Executing OPT_EXPR pass (perform const folding).
Optimizing module fp16_rsqrt_lut256.
<suppressed ~33156 debug messages>

8.2. Executing OPT_MERGE pass (detect identical cells).
Finding identical cells in module `\fp16_rsqrt_lut256'.
<suppressed ~27288 debug messages>
Removed a total of 9096 cells.

8.3. Executing OPT_MUXTREE pass (detect dead branches in mux trees).
Running muxtree optimizer on module \fp16_rsqrt_lut256..
  Creating internal representation of mux trees.
  No muxes found in this module.
Removed 0 multiplexer ports.

8.4. Executing OPT_REDUCE pass (consolidate $*mux and $reduce_* inputs).
  Optimizing cells in module \fp16_rsqrt_lut256.
Performed a total of 0 changes.

8.5. Executing OPT_MERGE pass (detect identical cells).
Finding identical cells in module `\fp16_rsqrt_lut256'.
Removed a total of 0 cells.

8.6. Executing OPT_DFF pass (perform DFF optimizations).
Setting constant 0-bit at position 0 on $auto$ff.cc:266:slice$7370 ($_DFFE_PN0P_) from module fp16_rsqrt_lut256.

8.7. Executing OPT_CLEAN pass (remove unused cells and wires).
Finding unused cells or wires in module \fp16_rsqrt_lut256..
Removed 1186 unused cells and 18413 unused wires.
<suppressed ~1187 debug messages>

8.8. Executing OPT_EXPR pass (perform const folding).
Optimizing module fp16_rsqrt_lut256.
<suppressed ~130 debug messages>

8.9. Rerunning OPT passes. (Maybe there is more to do..)

8.10. Executing OPT_MUXTREE pass (detect dead branches in mux trees).
Running muxtree optimizer on module \fp16_rsqrt_lut256..
  Creating internal representation of mux trees.
  No muxes found in this module.
Removed 0 multiplexer ports.

8.11. Executing OPT_REDUCE pass (consolidate $*mux and $reduce_* inputs).
  Optimizing cells in module \fp16_rsqrt_lut256.
Performed a total of 0 changes.

8.12. Executing OPT_MERGE pass (detect identical cells).
Finding identical cells in module `\fp16_rsqrt_lut256'.
<suppressed ~417 debug messages>
Removed a total of 139 cells.

8.13. Executing OPT_DFF pass (perform DFF optimizations).

8.14. Executing OPT_CLEAN pass (remove unused cells and wires).
Finding unused cells or wires in module \fp16_rsqrt_lut256..
Removed 0 unused cells and 154 unused wires.
<suppressed ~1 debug messages>

8.15. Executing OPT_EXPR pass (perform const folding).
Optimizing module fp16_rsqrt_lut256.
<suppressed ~5 debug messages>

8.16. Rerunning OPT passes. (Maybe there is more to do..)

8.17. Executing OPT_MUXTREE pass (detect dead branches in mux trees).
Running muxtree optimizer on module \fp16_rsqrt_lut256..
  Creating internal representation of mux trees.
  No muxes found in this module.
Removed 0 multiplexer ports.

8.18. Executing OPT_REDUCE pass (consolidate $*mux and $reduce_* inputs).
  Optimizing cells in module \fp16_rsqrt_lut256.
Performed a total of 0 changes.

8.19. Executing OPT_MERGE pass (detect identical cells).
Finding identical cells in module `\fp16_rsqrt_lut256'.
Removed a total of 0 cells.

8.20. Executing OPT_DFF pass (perform DFF optimizations).

8.21. Executing OPT_CLEAN pass (remove unused cells and wires).
Finding unused cells or wires in module \fp16_rsqrt_lut256..

8.22. Executing OPT_EXPR pass (perform const folding).
Optimizing module fp16_rsqrt_lut256.

8.23. Finished OPT passes. (There is nothing left to do.)

9. Printing statistics.

=== fp16_rsqrt_lut256 ===

   Number of wires:               1021
   Number of wire bits:           7862
   Number of public wires:          21
   Number of public wire bits:     186
   Number of ports:                  8
   Number of port bits:             38
   Number of memories:               0
   Number of memory bits:            0
   Number of processes:              0
   Number of cells:               2885
     $_AND_                        715
     $_DFFE_PN0P_                   16
     $_MUX_                       1121
     $_NOT_                        270
     $_OR_                         506
     $_XOR_                        257

End of script. Logfile hash: ea35b70c59, CPU: user 2.84s system 0.18s, MEM: 160.02 MB peak
Yosys 0.52 (git sha1 fee39a3284c90249e1d9684cf6944ffbbcbb8f90)
Time spent: 28% 1x techmap (0 sec), 26% 83x opt_expr (0 sec), ...
