
-- Executing script file `verification/groot_normalization/full_normalization_top.ys' --

1. Executing Verilog-2005 frontend: rtl/pim_command_decoder.sv
Parsing SystemVerilog input from `rtl/pim_command_decoder.sv' to AST representation.
Generating RTLIL representation for module `\pim_command_decoder'.
Successfully finished Verilog frontend.

2. Executing Verilog-2005 frontend: rtl/fp16_add.sv
Parsing SystemVerilog input from `rtl/fp16_add.sv' to AST representation.
Generating RTLIL representation for module `\fp16_add'.
Successfully finished Verilog frontend.

3. Executing Verilog-2005 frontend: rtl/fp16_mul.sv
Parsing SystemVerilog input from `rtl/fp16_mul.sv' to AST representation.
Generating RTLIL representation for module `\fp16_mul'.
Successfully finished Verilog frontend.

4. Executing Verilog-2005 frontend: rtl/fp16_vector_add.sv
Parsing SystemVerilog input from `rtl/fp16_vector_add.sv' to AST representation.
Generating RTLIL representation for module `\fp16_vector_add'.
Successfully finished Verilog frontend.

5. Executing Verilog-2005 frontend: rtl/pim_vector_alu.sv
Parsing SystemVerilog input from `rtl/pim_vector_alu.sv' to AST representation.
Generating RTLIL representation for module `\pim_vector_alu'.
Successfully finished Verilog frontend.

6. Executing Verilog-2005 frontend: rtl/pim_crf.sv
Parsing SystemVerilog input from `rtl/pim_crf.sv' to AST representation.
Generating RTLIL representation for module `\pim_crf'.
Warning: Replacing memory \memory with list of registers. See rtl/pim_crf.sv:53
Successfully finished Verilog frontend.

7. Executing Verilog-2005 frontend: rtl/dram_bank_array_model.sv
Parsing SystemVerilog input from `rtl/dram_bank_array_model.sv' to AST representation.
Generating RTLIL representation for module `\dram_bank_array_model'.
Warning: Replacing memory \memory with list of registers. See rtl/dram_bank_array_model.sv:172
Successfully finished Verilog frontend.

8. Executing Verilog-2005 frontend: rtl/bank_pim_core.sv
Parsing SystemVerilog input from `rtl/bank_pim_core.sv' to AST representation.
Generating RTLIL representation for module `\bank_pim_core'.
Warning: Replacing memory \grf_a with list of registers. See rtl/bank_pim_core.sv:124
Warning: Replacing memory \grf_b with list of registers. See rtl/bank_pim_core.sv:123
Successfully finished Verilog frontend.

9. Executing Verilog-2005 frontend: rtl/bank_side_pim_subsystem.sv
Parsing SystemVerilog input from `rtl/bank_side_pim_subsystem.sv' to AST representation.
Generating RTLIL representation for module `\bank_side_pim_subsystem'.
Successfully finished Verilog frontend.

10. Executing Verilog-2005 frontend: rtl/logic_die_link_arbiter.sv
Parsing SystemVerilog input from `rtl/logic_die_link_arbiter.sv' to AST representation.
Generating RTLIL representation for module `\logic_die_link_arbiter'.
Successfully finished Verilog frontend.

11. Executing Verilog-2005 frontend: rtl/channel_tsv_interconnect.sv
Parsing SystemVerilog input from `rtl/channel_tsv_interconnect.sv' to AST representation.
Generating RTLIL representation for module `\channel_tsv_interconnect'.
Successfully finished Verilog frontend.

12. Executing Verilog-2005 frontend: rtl/logic_epoch_barrier.sv
Parsing SystemVerilog input from `rtl/logic_epoch_barrier.sv' to AST representation.
Generating RTLIL representation for module `\logic_epoch_barrier'.
Successfully finished Verilog frontend.

13. Executing Verilog-2005 frontend: rtl/logic_shared_buffer.sv
Parsing SystemVerilog input from `rtl/logic_shared_buffer.sv' to AST representation.
Generating RTLIL representation for module `\logic_shared_buffer'.
Warning: Replacing memory \memory with list of registers. See rtl/logic_shared_buffer.sv:37
Successfully finished Verilog frontend.

14. Executing Verilog-2005 frontend: rtl/logic_pcu.sv
Parsing SystemVerilog input from `rtl/logic_pcu.sv' to AST representation.
Generating RTLIL representation for module `\logic_pcu'.
Successfully finished Verilog frontend.

15. Executing Verilog-2005 frontend: rtl/logic_pcu_scheduler.sv
Parsing SystemVerilog input from `rtl/logic_pcu_scheduler.sv' to AST representation.
Generating RTLIL representation for module `\logic_pcu_scheduler'.
Successfully finished Verilog frontend.

16. Executing Verilog-2005 frontend: rtl/logic_command_coalescer.sv
Parsing SystemVerilog input from `rtl/logic_command_coalescer.sv' to AST representation.
Generating RTLIL representation for module `\logic_command_coalescer'.
Warning: Replacing memory \expected_q with list of registers. See rtl/logic_command_coalescer.sv:85
Warning: Replacing memory \command_q with list of registers. See rtl/logic_command_coalescer.sv:84
Warning: Replacing memory \signature_q with list of registers. See rtl/logic_command_coalescer.sv:83
Warning: Replacing memory \ordinal_q with list of registers. See rtl/logic_command_coalescer.sv:82
Warning: Replacing memory \epoch_q with list of registers. See rtl/logic_command_coalescer.sv:81
Warning: Replacing memory \mask_q with list of registers. See rtl/logic_command_coalescer.sv:78
Successfully finished Verilog frontend.

17. Executing Verilog-2005 frontend: rtl/logic_operand_context_buffer.sv
Parsing SystemVerilog input from `rtl/logic_operand_context_buffer.sv' to AST representation.
Generating RTLIL representation for module `\logic_operand_context_buffer'.
Warning: Replacing memory \accum_q with list of registers. See rtl/logic_operand_context_buffer.sv:54
Warning: Replacing memory \src2_q with list of registers. See rtl/logic_operand_context_buffer.sv:53
Warning: Replacing memory \src1_q with list of registers. See rtl/logic_operand_context_buffer.sv:52
Warning: Replacing memory \src0_q with list of registers. See rtl/logic_operand_context_buffer.sv:51
Warning: Replacing memory \precision_q with list of registers. See rtl/logic_operand_context_buffer.sv:50
Warning: Replacing memory \tag_q with list of registers. See rtl/logic_operand_context_buffer.sv:49
Successfully finished Verilog frontend.

18. Executing Verilog-2005 frontend: rtl/cross_channel_reduction_network.sv
Parsing SystemVerilog input from `rtl/cross_channel_reduction_network.sv' to AST representation.
Generating RTLIL representation for module `\cross_channel_reduction_network'.
Successfully finished Verilog frontend.

19. Executing Verilog-2005 frontend: rtl/logic_result_router.sv
Parsing SystemVerilog input from `rtl/logic_result_router.sv' to AST representation.
Generating RTLIL representation for module `\logic_result_router'.
Successfully finished Verilog frontend.

20. Executing Verilog-2005 frontend: rtl/logic_die_pim_top.sv
Parsing SystemVerilog input from `rtl/logic_die_pim_top.sv' to AST representation.
Generating RTLIL representation for module `\logic_die_pim_top'.
Successfully finished Verilog frontend.

21. Executing Verilog-2005 frontend: rtl/fp16_rsqrt_lut256.sv
Parsing SystemVerilog input from `rtl/fp16_rsqrt_lut256.sv' to AST representation.
Generating RTLIL representation for module `\fp16_rsqrt_lut256'.
Successfully finished Verilog frontend.

22. Executing Verilog-2005 frontend: rtl/logic_normalization_scalar_engine.sv
Parsing SystemVerilog input from `rtl/logic_normalization_scalar_engine.sv' to AST representation.
Generating RTLIL representation for module `\logic_normalization_scalar_engine'.
Successfully finished Verilog frontend.

23. Executing Verilog-2005 frontend: rtl/logic_normalization_reduction_engine.sv
Parsing SystemVerilog input from `rtl/logic_normalization_reduction_engine.sv' to AST representation.
Generating RTLIL representation for module `\logic_normalization_reduction_engine'.
Successfully finished Verilog frontend.

24. Executing Verilog-2005 frontend: rtl/full_pim_system_top.sv
Parsing SystemVerilog input from `rtl/full_pim_system_top.sv' to AST representation.
Generating RTLIL representation for module `\full_pim_system_top'.
Successfully finished Verilog frontend.
Parameter \CHANNELS = 1
Parameter \BANKS = 1
Parameter \PIM_BLOCKS = 1
Parameter \PCUS = 1
Parameter \ROWS = 2
Parameter \COLS = 2
Parameter \DATA_WIDTH = 16
Parameter \CRF_DEPTH = 2

25. Executing AST frontend in derive mode using pre-parsed AST for module `\full_pim_system_top'.
Parameter \CHANNELS = 1
Parameter \BANKS = 1
Parameter \PIM_BLOCKS = 1
Parameter \PCUS = 1
Parameter \ROWS = 2
Parameter \COLS = 2
Parameter \DATA_WIDTH = 16
Parameter \CRF_DEPTH = 2
Generating RTLIL representation for module `$paramod$db98dbe5b1c0d193743843379f82aca89685084d\full_pim_system_top'.

26. Executing HIERARCHY pass (managing design hierarchy).

26.1. Analyzing design hierarchy..
Top module:  \full_pim_system_top
Used module:     \logic_die_link_arbiter
Used module:     \logic_die_pim_top
Used module:         \cross_channel_reduction_network
Used module:             \fp16_vector_add
Used module:                 \fp16_add
Used module:         \logic_pcu_scheduler
Used module:             \logic_pcu
Used module:                 \pim_vector_alu
Used module:                     \fp16_mul
Used module:         \logic_operand_context_buffer
Used module:         \logic_shared_buffer
Used module:         \logic_epoch_barrier
Used module:         \logic_command_coalescer
Used module:     \channel_tsv_interconnect
Used module:     \logic_result_router
Used module:     \logic_normalization_reduction_engine
Used module:         \logic_normalization_scalar_engine
Used module:             \fp16_rsqrt_lut256
Used module:     \bank_side_pim_subsystem
Used module:         \bank_pim_core
Used module:             \pim_command_decoder
Used module:         \pim_crf
Used module:         \dram_bank_array_model
Parameter \DATA_WIDTH = 256

26.2. Executing AST frontend in derive mode using pre-parsed AST for module `\pim_vector_alu'.
Parameter \DATA_WIDTH = 256
Generating RTLIL representation for module `$paramod\pim_vector_alu\DATA_WIDTH=32'00000000000000000000000100000000'.
Parameter \DATA_WIDTH = 256
Parameter \KEY_WIDTH = 32

26.3. Executing AST frontend in derive mode using pre-parsed AST for module `\bank_pim_core'.
Parameter \DATA_WIDTH = 256
Parameter \KEY_WIDTH = 32
Generating RTLIL representation for module `$paramod$0173170335c8e8bebcbd70c23aec370f5341a683\bank_pim_core'.
Warning: Replacing memory \grf_a with list of registers. See rtl/bank_pim_core.sv:124
Warning: Replacing memory \grf_b with list of registers. See rtl/bank_pim_core.sv:123
Parameter \DATA_WIDTH = 256
Parameter \KEY_WIDTH = 32
Found cached RTLIL representation for module `$paramod$0173170335c8e8bebcbd70c23aec370f5341a683\bank_pim_core'.
Parameter \DATA_WIDTH = 256
Parameter \KEY_WIDTH = 32
Found cached RTLIL representation for module `$paramod$0173170335c8e8bebcbd70c23aec370f5341a683\bank_pim_core'.
Parameter \DATA_WIDTH = 256
Parameter \KEY_WIDTH = 32
Found cached RTLIL representation for module `$paramod$0173170335c8e8bebcbd70c23aec370f5341a683\bank_pim_core'.
Parameter \DATA_WIDTH = 256
Parameter \KEY_WIDTH = 32
Found cached RTLIL representation for module `$paramod$0173170335c8e8bebcbd70c23aec370f5341a683\bank_pim_core'.
Parameter \DATA_WIDTH = 256
Parameter \KEY_WIDTH = 32
Found cached RTLIL representation for module `$paramod$0173170335c8e8bebcbd70c23aec370f5341a683\bank_pim_core'.
Parameter \DATA_WIDTH = 256
Parameter \KEY_WIDTH = 32
Found cached RTLIL representation for module `$paramod$0173170335c8e8bebcbd70c23aec370f5341a683\bank_pim_core'.
Parameter \DATA_WIDTH = 256
Parameter \KEY_WIDTH = 32
Found cached RTLIL representation for module `$paramod$0173170335c8e8bebcbd70c23aec370f5341a683\bank_pim_core'.
Parameter \DEPTH = 32

26.4. Executing AST frontend in derive mode using pre-parsed AST for module `\pim_crf'.
Parameter \DEPTH = 32
Generating RTLIL representation for module `$paramod\pim_crf\DEPTH=32'00000000000000000000000000100000'.
Warning: Replacing memory \memory with list of registers. See rtl/pim_crf.sv:53
Parameter \BANKS = 16
Parameter \ROWS = 32
Parameter \COLS = 8
Parameter \DATA_WIDTH = 256
Parameter \PIM_READ_PORTS = 16

26.5. Executing AST frontend in derive mode using pre-parsed AST for module `\dram_bank_array_model'.
Parameter \BANKS = 16
Parameter \ROWS = 32
Parameter \COLS = 8
Parameter \DATA_WIDTH = 256
Parameter \PIM_READ_PORTS = 16
Generating RTLIL representation for module `$paramod$7f1e781518b42735fa691e74eb2e35b90a74e2e1\dram_bank_array_model'.
Warning: Replacing memory \memory with list of registers. See rtl/dram_bank_array_model.sv:172
Parameter \DATA_WIDTH = 256
Found cached RTLIL representation for module `$paramod\pim_vector_alu\DATA_WIDTH=32'00000000000000000000000100000000'.
Parameter \DATA_WIDTH = 256
Parameter \TAG_WIDTH = 64
Parameter \LATENCY = 2

26.6. Executing AST frontend in derive mode using pre-parsed AST for module `\logic_pcu'.
Parameter \DATA_WIDTH = 256
Parameter \TAG_WIDTH = 64
Parameter \LATENCY = 2
Generating RTLIL representation for module `$paramod$8df5c849c2588b798e9d030949a27f4e3d201c9f\logic_pcu'.
Parameter \DATA_WIDTH = 256
Parameter \TAG_WIDTH = 64
Parameter \LATENCY = 2
Found cached RTLIL representation for module `$paramod$8df5c849c2588b798e9d030949a27f4e3d201c9f\logic_pcu'.
Parameter \DATA_WIDTH = 256
Parameter \TAG_WIDTH = 64
Parameter \LATENCY = 2
Found cached RTLIL representation for module `$paramod$8df5c849c2588b798e9d030949a27f4e3d201c9f\logic_pcu'.
Parameter \DATA_WIDTH = 256
Parameter \TAG_WIDTH = 64
Parameter \LATENCY = 2
Found cached RTLIL representation for module `$paramod$8df5c849c2588b798e9d030949a27f4e3d201c9f\logic_pcu'.
Parameter \DATA_WIDTH = 256
Parameter \TAG_WIDTH = 64
Parameter \LATENCY = 2
Found cached RTLIL representation for module `$paramod$8df5c849c2588b798e9d030949a27f4e3d201c9f\logic_pcu'.
Parameter \DATA_WIDTH = 256
Parameter \TAG_WIDTH = 64
Parameter \LATENCY = 2
Found cached RTLIL representation for module `$paramod$8df5c849c2588b798e9d030949a27f4e3d201c9f\logic_pcu'.
Parameter \DATA_WIDTH = 256
Parameter \TAG_WIDTH = 64
Parameter \LATENCY = 2
Found cached RTLIL representation for module `$paramod$8df5c849c2588b798e9d030949a27f4e3d201c9f\logic_pcu'.
Parameter \DATA_WIDTH = 256
Parameter \TAG_WIDTH = 64
Parameter \LATENCY = 2
Found cached RTLIL representation for module `$paramod$8df5c849c2588b798e9d030949a27f4e3d201c9f\logic_pcu'.
Parameter \DATA_WIDTH = 256
Parameter \TAG_WIDTH = 64
Parameter \LATENCY = 2
Found cached RTLIL representation for module `$paramod$8df5c849c2588b798e9d030949a27f4e3d201c9f\logic_pcu'.
Parameter \DATA_WIDTH = 256
Parameter \TAG_WIDTH = 64
Parameter \LATENCY = 2
Found cached RTLIL representation for module `$paramod$8df5c849c2588b798e9d030949a27f4e3d201c9f\logic_pcu'.
Parameter \DATA_WIDTH = 256
Parameter \TAG_WIDTH = 64
Parameter \LATENCY = 2
Found cached RTLIL representation for module `$paramod$8df5c849c2588b798e9d030949a27f4e3d201c9f\logic_pcu'.
Parameter \DATA_WIDTH = 256
Parameter \TAG_WIDTH = 64
Parameter \LATENCY = 2
Found cached RTLIL representation for module `$paramod$8df5c849c2588b798e9d030949a27f4e3d201c9f\logic_pcu'.
Parameter \DATA_WIDTH = 256
Parameter \TAG_WIDTH = 64
Parameter \LATENCY = 2
Found cached RTLIL representation for module `$paramod$8df5c849c2588b798e9d030949a27f4e3d201c9f\logic_pcu'.
Parameter \DATA_WIDTH = 256
Parameter \TAG_WIDTH = 64
Parameter \LATENCY = 2
Found cached RTLIL representation for module `$paramod$8df5c849c2588b798e9d030949a27f4e3d201c9f\logic_pcu'.
Parameter \DATA_WIDTH = 256
Parameter \TAG_WIDTH = 64
Parameter \LATENCY = 2
Found cached RTLIL representation for module `$paramod$8df5c849c2588b798e9d030949a27f4e3d201c9f\logic_pcu'.
Parameter \DATA_WIDTH = 256
Parameter \TAG_WIDTH = 64
Parameter \LATENCY = 2
Found cached RTLIL representation for module `$paramod$8df5c849c2588b798e9d030949a27f4e3d201c9f\logic_pcu'.
Parameter \LANES = 16

26.7. Executing AST frontend in derive mode using pre-parsed AST for module `\fp16_vector_add'.
Parameter \LANES = 16
Generating RTLIL representation for module `$paramod\fp16_vector_add\LANES=32'00000000000000000000000000010000'.
Parameter \LANES = 16
Found cached RTLIL representation for module `$paramod\fp16_vector_add\LANES=32'00000000000000000000000000010000'.
Parameter \LANES = 16
Found cached RTLIL representation for module `$paramod\fp16_vector_add\LANES=32'00000000000000000000000000010000'.
Parameter \LANES = 16
Found cached RTLIL representation for module `$paramod\fp16_vector_add\LANES=32'00000000000000000000000000010000'.
Parameter \LANES = 16
Found cached RTLIL representation for module `$paramod\fp16_vector_add\LANES=32'00000000000000000000000000010000'.
Parameter \LANES = 16
Found cached RTLIL representation for module `$paramod\fp16_vector_add\LANES=32'00000000000000000000000000010000'.
Parameter \LANES = 16
Found cached RTLIL representation for module `$paramod\fp16_vector_add\LANES=32'00000000000000000000000000010000'.
Parameter \LANES = 16
Found cached RTLIL representation for module `$paramod\fp16_vector_add\LANES=32'00000000000000000000000000010000'.
Parameter \LANES = 16
Found cached RTLIL representation for module `$paramod\fp16_vector_add\LANES=32'00000000000000000000000000010000'.
Parameter \LANES = 16
Found cached RTLIL representation for module `$paramod\fp16_vector_add\LANES=32'00000000000000000000000000010000'.
Parameter \LANES = 16
Found cached RTLIL representation for module `$paramod\fp16_vector_add\LANES=32'00000000000000000000000000010000'.
Parameter \LANES = 16
Found cached RTLIL representation for module `$paramod\fp16_vector_add\LANES=32'00000000000000000000000000010000'.
Parameter \LANES = 16
Found cached RTLIL representation for module `$paramod\fp16_vector_add\LANES=32'00000000000000000000000000010000'.
Parameter \LANES = 16
Found cached RTLIL representation for module `$paramod\fp16_vector_add\LANES=32'00000000000000000000000000010000'.
Parameter \LANES = 16
Found cached RTLIL representation for module `$paramod\fp16_vector_add\LANES=32'00000000000000000000000000010000'.
Parameter \LANES = 16
Found cached RTLIL representation for module `$paramod\fp16_vector_add\LANES=32'00000000000000000000000000010000'.
Parameter \CHANNELS = 64
Parameter \PORTS = 16
Parameter \DATA_WIDTH = 256
Parameter \KEY_WIDTH = 64

26.8. Executing AST frontend in derive mode using pre-parsed AST for module `\cross_channel_reduction_network'.
Parameter \CHANNELS = 64
Parameter \PORTS = 16
Parameter \DATA_WIDTH = 256
Parameter \KEY_WIDTH = 64
Generating RTLIL representation for module `$paramod$967636fc275e85cb3cee218b4f566deea71e0f8b\cross_channel_reduction_network'.
Parameter \PCUS = 16
Parameter \ISSUE_PORTS = 16
Parameter \DATA_WIDTH = 256
Parameter \TAG_WIDTH = 70
Parameter \LATENCY = 2

26.9. Executing AST frontend in derive mode using pre-parsed AST for module `\logic_pcu_scheduler'.
Parameter \PCUS = 16
Parameter \ISSUE_PORTS = 16
Parameter \DATA_WIDTH = 256
Parameter \TAG_WIDTH = 70
Parameter \LATENCY = 2
Generating RTLIL representation for module `$paramod$60842b71a64cf55c7b2253e2b3c62844e770a631\logic_pcu_scheduler'.
Parameter \CHANNELS = 64
Parameter \DATA_WIDTH = 256
Parameter \TAG_WIDTH = 64

26.10. Executing AST frontend in derive mode using pre-parsed AST for module `\logic_operand_context_buffer'.
Parameter \CHANNELS = 64
Parameter \DATA_WIDTH = 256
Parameter \TAG_WIDTH = 64
Generating RTLIL representation for module `$paramod$8892d770deed9d55c2fbb9e42be648281ca47082\logic_operand_context_buffer'.
Warning: Replacing memory \accum_q with list of registers. See rtl/logic_operand_context_buffer.sv:54
Warning: Replacing memory \src2_q with list of registers. See rtl/logic_operand_context_buffer.sv:53
Warning: Replacing memory \src1_q with list of registers. See rtl/logic_operand_context_buffer.sv:52
Warning: Replacing memory \src0_q with list of registers. See rtl/logic_operand_context_buffer.sv:51
Warning: Replacing memory \precision_q with list of registers. See rtl/logic_operand_context_buffer.sv:50
Warning: Replacing memory \tag_q with list of registers. See rtl/logic_operand_context_buffer.sv:49
Parameter \DATA_WIDTH = 256
Parameter \BYTES = 65536

26.11. Executing AST frontend in derive mode using pre-parsed AST for module `\logic_shared_buffer'.
Parameter \DATA_WIDTH = 256
Parameter \BYTES = 65536
Generating RTLIL representation for module `$paramod$a5cdb8f15b66887d1fd8536d46a0dc5ad96ef1fa\logic_shared_buffer'.
Warning: Replacing memory \memory with list of registers. See rtl/logic_shared_buffer.sv:37
Parameter \CHANNELS = 64
Parameter \EPOCH_WIDTH = 16

26.12. Executing AST frontend in derive mode using pre-parsed AST for module `\logic_epoch_barrier'.
Parameter \CHANNELS = 64
Parameter \EPOCH_WIDTH = 16
Generating RTLIL representation for module `$paramod$bd1b89e712fe4e650bd6086085d8ccf47060cb19\logic_epoch_barrier'.
Parameter \CHANNELS = 64

26.13. Executing AST frontend in derive mode using pre-parsed AST for module `\logic_command_coalescer'.
Parameter \CHANNELS = 64
Generating RTLIL representation for module `$paramod\logic_command_coalescer\CHANNELS=32'00000000000000000000000001000000'.
Warning: Replacing memory \expected_q with list of registers. See rtl/logic_command_coalescer.sv:85
Warning: Replacing memory \command_q with list of registers. See rtl/logic_command_coalescer.sv:84
Warning: Replacing memory \signature_q with list of registers. See rtl/logic_command_coalescer.sv:83
Warning: Replacing memory \ordinal_q with list of registers. See rtl/logic_command_coalescer.sv:82
Warning: Replacing memory \epoch_q with list of registers. See rtl/logic_command_coalescer.sv:81
Warning: Replacing memory \mask_q with list of registers. See rtl/logic_command_coalescer.sv:78
Parameter \TAG_WIDTH = 16

26.14. Executing AST frontend in derive mode using pre-parsed AST for module `\logic_normalization_scalar_engine'.
Parameter \TAG_WIDTH = 16
Generating RTLIL representation for module `$paramod\logic_normalization_scalar_engine\TAG_WIDTH=32'00000000000000000000000000010000'.
Parameter \INPUTS = 1
Parameter \KEY_WIDTH = 32
Parameter \DATA_WIDTH = 16
Parameter \INDEX_WIDTH = 1

26.15. Executing AST frontend in derive mode using pre-parsed AST for module `\logic_die_link_arbiter'.
Parameter \INPUTS = 1
Parameter \KEY_WIDTH = 32
Parameter \DATA_WIDTH = 16
Parameter \INDEX_WIDTH = 1
Generating RTLIL representation for module `$paramod$8561ce8c4209784b03f61c3da9af23bb9fae896a\logic_die_link_arbiter'.
Parameter \CHANNELS = 1
Parameter \PCUS = 1
Parameter \DATA_WIDTH = 16
Parameter \TAG_WIDTH = 64
Parameter \WEIGHT_BUFFER_BYTES = 65536

26.16. Executing AST frontend in derive mode using pre-parsed AST for module `\logic_die_pim_top'.
Parameter \CHANNELS = 1
Parameter \PCUS = 1
Parameter \DATA_WIDTH = 16
Parameter \TAG_WIDTH = 64
Parameter \WEIGHT_BUFFER_BYTES = 65536
Generating RTLIL representation for module `$paramod$31b58d7b5bfdf55cddd0c2789bc2ede7eb7de067\logic_die_pim_top'.
Parameter \CHANNELS = 1
Parameter \LANES = 2
Parameter \DATA_WIDTH = 16
Parameter \KEY_WIDTH = 32

26.17. Executing AST frontend in derive mode using pre-parsed AST for module `\channel_tsv_interconnect'.
Parameter \CHANNELS = 1
Parameter \LANES = 2
Parameter \DATA_WIDTH = 16
Parameter \KEY_WIDTH = 32
Generating RTLIL representation for module `$paramod$3da37a96703b50610107715ffe5bba2dba9336fc\channel_tsv_interconnect'.
Parameter \KEY_WIDTH = 64
Parameter \DATA_WIDTH = 16

26.18. Executing AST frontend in derive mode using pre-parsed AST for module `\logic_result_router'.
Parameter \KEY_WIDTH = 64
Parameter \DATA_WIDTH = 16
Generating RTLIL representation for module `$paramod$e75d1d40aa5510c506b0f91fa3b1dd6947b98d5e\logic_result_router'.
Parameter \BANKS = 1
Parameter \TAG_WIDTH = 64

26.19. Executing AST frontend in derive mode using pre-parsed AST for module `\logic_normalization_reduction_engine'.
Parameter \BANKS = 1
Parameter \TAG_WIDTH = 64
Generating RTLIL representation for module `$paramod$020a09ec174a91eafba3fe3791ee43a5c1fd2dcf\logic_normalization_reduction_engine'.
Parameter \BANKS = 1
Parameter \PIM_BLOCKS = 1
Parameter \ROWS = 2
Parameter \COLS = 2
Parameter \DATA_WIDTH = 16
Parameter \KEY_WIDTH = 32
Parameter \CRF_DEPTH = 2

26.20. Executing AST frontend in derive mode using pre-parsed AST for module `\bank_side_pim_subsystem'.
Parameter \BANKS = 1
Parameter \PIM_BLOCKS = 1
Parameter \ROWS = 2
Parameter \COLS = 2
Parameter \DATA_WIDTH = 16
Parameter \KEY_WIDTH = 32
Parameter \CRF_DEPTH = 2
Generating RTLIL representation for module `$paramod$edfab9654da56983021d5c64dca199e0241df6af\bank_side_pim_subsystem'.
Parameter \INPUTS = 1
Parameter \KEY_WIDTH = 32
Parameter \DATA_WIDTH = 16

26.21. Executing AST frontend in derive mode using pre-parsed AST for module `\logic_die_link_arbiter'.
Parameter \INPUTS = 1
Parameter \KEY_WIDTH = 32
Parameter \DATA_WIDTH = 16
Generating RTLIL representation for module `$paramod$5af3aa70cb83a39f84f22bfd3fa32a07f7888ccc\logic_die_link_arbiter'.
Reprocessing module full_pim_system_top because instantiated module $paramod$8561ce8c4209784b03f61c3da9af23bb9fae896a\logic_die_link_arbiter has become available.
Generating RTLIL representation for module `$paramod$db98dbe5b1c0d193743843379f82aca89685084d\full_pim_system_top'.

26.22. Analyzing design hierarchy..
Top module:  $paramod$db98dbe5b1c0d193743843379f82aca89685084d\full_pim_system_top
Used module:     \logic_die_link_arbiter
Used module:     \bank_side_pim_subsystem
Used module:         $paramod$0173170335c8e8bebcbd70c23aec370f5341a683\bank_pim_core
Used module:             \pim_vector_alu
Used module:                 \fp16_add
Used module:                 \fp16_mul
Used module:             \pim_command_decoder
Used module:         $paramod\pim_crf\DEPTH=32'00000000000000000000000000100000
Used module:         $paramod$7f1e781518b42735fa691e74eb2e35b90a74e2e1\dram_bank_array_model
Used module:     \logic_normalization_reduction_engine
Used module:         $paramod\logic_normalization_scalar_engine\TAG_WIDTH=32'00000000000000000000000000010000
Used module:             \fp16_rsqrt_lut256
Used module:     \logic_result_router
Used module:     \channel_tsv_interconnect
Used module:     \logic_die_pim_top
Used module:         $paramod$967636fc275e85cb3cee218b4f566deea71e0f8b\cross_channel_reduction_network
Used module:             \fp16_vector_add
Used module:         $paramod$60842b71a64cf55c7b2253e2b3c62844e770a631\logic_pcu_scheduler
Used module:             \logic_pcu
Used module:                 $paramod\pim_vector_alu\DATA_WIDTH=32'00000000000000000000000100000000
Used module:         $paramod$8892d770deed9d55c2fbb9e42be648281ca47082\logic_operand_context_buffer
Used module:         $paramod$a5cdb8f15b66887d1fd8536d46a0dc5ad96ef1fa\logic_shared_buffer
Used module:         $paramod$bd1b89e712fe4e650bd6086085d8ccf47060cb19\logic_epoch_barrier
Used module:         $paramod\logic_command_coalescer\CHANNELS=32'00000000000000000000000001000000
Parameter \DATA_WIDTH = 256
Found cached RTLIL representation for module `$paramod\pim_vector_alu\DATA_WIDTH=32'00000000000000000000000100000000'.
Parameter \LANES = 16
Found cached RTLIL representation for module `$paramod\fp16_vector_add\LANES=32'00000000000000000000000000010000'.
Parameter \LANES = 16
Found cached RTLIL representation for module `$paramod\fp16_vector_add\LANES=32'00000000000000000000000000010000'.
Parameter \LANES = 16
Found cached RTLIL representation for module `$paramod\fp16_vector_add\LANES=32'00000000000000000000000000010000'.
Parameter \LANES = 16
Found cached RTLIL representation for module `$paramod\fp16_vector_add\LANES=32'00000000000000000000000000010000'.
Parameter \LANES = 16
Found cached RTLIL representation for module `$paramod\fp16_vector_add\LANES=32'00000000000000000000000000010000'.
Parameter \LANES = 16
Found cached RTLIL representation for module `$paramod\fp16_vector_add\LANES=32'00000000000000000000000000010000'.
Parameter \LANES = 16
Found cached RTLIL representation for module `$paramod\fp16_vector_add\LANES=32'00000000000000000000000000010000'.
Parameter \LANES = 16
Found cached RTLIL representation for module `$paramod\fp16_vector_add\LANES=32'00000000000000000000000000010000'.
Parameter \LANES = 16
Found cached RTLIL representation for module `$paramod\fp16_vector_add\LANES=32'00000000000000000000000000010000'.
Parameter \LANES = 16
Found cached RTLIL representation for module `$paramod\fp16_vector_add\LANES=32'00000000000000000000000000010000'.
Parameter \LANES = 16
Found cached RTLIL representation for module `$paramod\fp16_vector_add\LANES=32'00000000000000000000000000010000'.
Parameter \LANES = 16
Found cached RTLIL representation for module `$paramod\fp16_vector_add\LANES=32'00000000000000000000000000010000'.
Parameter \LANES = 16
Found cached RTLIL representation for module `$paramod\fp16_vector_add\LANES=32'00000000000000000000000000010000'.
Parameter \LANES = 16
Found cached RTLIL representation for module `$paramod\fp16_vector_add\LANES=32'00000000000000000000000000010000'.
Parameter \LANES = 16
Found cached RTLIL representation for module `$paramod\fp16_vector_add\LANES=32'00000000000000000000000000010000'.
Parameter \LANES = 16
Found cached RTLIL representation for module `$paramod\fp16_vector_add\LANES=32'00000000000000000000000000010000'.
Parameter \DATA_WIDTH = 256
Parameter \TAG_WIDTH = 70
Parameter \LATENCY = 2

26.23. Executing AST frontend in derive mode using pre-parsed AST for module `\logic_pcu'.
Parameter \DATA_WIDTH = 256
Parameter \TAG_WIDTH = 70
Parameter \LATENCY = 2
Generating RTLIL representation for module `$paramod$ba9264e8cf235005be4f552b922b0265c511bc6f\logic_pcu'.
Parameter \DATA_WIDTH = 256
Parameter \TAG_WIDTH = 70
Parameter \LATENCY = 2
Found cached RTLIL representation for module `$paramod$ba9264e8cf235005be4f552b922b0265c511bc6f\logic_pcu'.
Parameter \DATA_WIDTH = 256
Parameter \TAG_WIDTH = 70
Parameter \LATENCY = 2
Found cached RTLIL representation for module `$paramod$ba9264e8cf235005be4f552b922b0265c511bc6f\logic_pcu'.
Parameter \DATA_WIDTH = 256
Parameter \TAG_WIDTH = 70
Parameter \LATENCY = 2
Found cached RTLIL representation for module `$paramod$ba9264e8cf235005be4f552b922b0265c511bc6f\logic_pcu'.
Parameter \DATA_WIDTH = 256
Parameter \TAG_WIDTH = 70
Parameter \LATENCY = 2
Found cached RTLIL representation for module `$paramod$ba9264e8cf235005be4f552b922b0265c511bc6f\logic_pcu'.
Parameter \DATA_WIDTH = 256
Parameter \TAG_WIDTH = 70
Parameter \LATENCY = 2
Found cached RTLIL representation for module `$paramod$ba9264e8cf235005be4f552b922b0265c511bc6f\logic_pcu'.
Parameter \DATA_WIDTH = 256
Parameter \TAG_WIDTH = 70
Parameter \LATENCY = 2
Found cached RTLIL representation for module `$paramod$ba9264e8cf235005be4f552b922b0265c511bc6f\logic_pcu'.
Parameter \DATA_WIDTH = 256
Parameter \TAG_WIDTH = 70
Parameter \LATENCY = 2
Found cached RTLIL representation for module `$paramod$ba9264e8cf235005be4f552b922b0265c511bc6f\logic_pcu'.
Parameter \DATA_WIDTH = 256
Parameter \TAG_WIDTH = 70
Parameter \LATENCY = 2
Found cached RTLIL representation for module `$paramod$ba9264e8cf235005be4f552b922b0265c511bc6f\logic_pcu'.
Parameter \DATA_WIDTH = 256
Parameter \TAG_WIDTH = 70
Parameter \LATENCY = 2
Found cached RTLIL representation for module `$paramod$ba9264e8cf235005be4f552b922b0265c511bc6f\logic_pcu'.
Parameter \DATA_WIDTH = 256
Parameter \TAG_WIDTH = 70
Parameter \LATENCY = 2
Found cached RTLIL representation for module `$paramod$ba9264e8cf235005be4f552b922b0265c511bc6f\logic_pcu'.
Parameter \DATA_WIDTH = 256
Parameter \TAG_WIDTH = 70
Parameter \LATENCY = 2
Found cached RTLIL representation for module `$paramod$ba9264e8cf235005be4f552b922b0265c511bc6f\logic_pcu'.
Parameter \DATA_WIDTH = 256
Parameter \TAG_WIDTH = 70
Parameter \LATENCY = 2
Found cached RTLIL representation for module `$paramod$ba9264e8cf235005be4f552b922b0265c511bc6f\logic_pcu'.
Parameter \DATA_WIDTH = 256
Parameter \TAG_WIDTH = 70
Parameter \LATENCY = 2
Found cached RTLIL representation for module `$paramod$ba9264e8cf235005be4f552b922b0265c511bc6f\logic_pcu'.
Parameter \DATA_WIDTH = 256
Parameter \TAG_WIDTH = 70
Parameter \LATENCY = 2
Found cached RTLIL representation for module `$paramod$ba9264e8cf235005be4f552b922b0265c511bc6f\logic_pcu'.
Parameter \DATA_WIDTH = 256
Parameter \TAG_WIDTH = 70
Parameter \LATENCY = 2
Found cached RTLIL representation for module `$paramod$ba9264e8cf235005be4f552b922b0265c511bc6f\logic_pcu'.
Parameter \INPUTS = 1
Parameter \KEY_WIDTH = 32
Parameter \DATA_WIDTH = 16
Found cached RTLIL representation for module `$paramod$5af3aa70cb83a39f84f22bfd3fa32a07f7888ccc\logic_die_link_arbiter'.
Parameter \BANKS = 1
Parameter \PIM_BLOCKS = 1
Parameter \ROWS = 2
Parameter \COLS = 2
Parameter \DATA_WIDTH = 16
Parameter \KEY_WIDTH = 32
Parameter \CRF_DEPTH = 2
Found cached RTLIL representation for module `$paramod$edfab9654da56983021d5c64dca199e0241df6af\bank_side_pim_subsystem'.
Parameter \BANKS = 1
Parameter \TAG_WIDTH = 64
Found cached RTLIL representation for module `$paramod$020a09ec174a91eafba3fe3791ee43a5c1fd2dcf\logic_normalization_reduction_engine'.
Parameter \KEY_WIDTH = 64
Parameter \DATA_WIDTH = 16
Found cached RTLIL representation for module `$paramod$e75d1d40aa5510c506b0f91fa3b1dd6947b98d5e\logic_result_router'.
Parameter \CHANNELS = 1
Parameter \LANES = 2
Parameter \DATA_WIDTH = 16
Parameter \KEY_WIDTH = 32
Found cached RTLIL representation for module `$paramod$3da37a96703b50610107715ffe5bba2dba9336fc\channel_tsv_interconnect'.
Parameter \CHANNELS = 1
Parameter \PCUS = 1
Parameter \DATA_WIDTH = 16
Parameter \TAG_WIDTH = 64
Parameter \WEIGHT_BUFFER_BYTES = 65536
Found cached RTLIL representation for module `$paramod$31b58d7b5bfdf55cddd0c2789bc2ede7eb7de067\logic_die_pim_top'.
Parameter \INPUTS = 1
Parameter \KEY_WIDTH = 32
Parameter \DATA_WIDTH = 16
Parameter \INDEX_WIDTH = 1
Found cached RTLIL representation for module `$paramod$8561ce8c4209784b03f61c3da9af23bb9fae896a\logic_die_link_arbiter'.

26.24. Analyzing design hierarchy..
Top module:  $paramod$db98dbe5b1c0d193743843379f82aca89685084d\full_pim_system_top
Used module:     $paramod$5af3aa70cb83a39f84f22bfd3fa32a07f7888ccc\logic_die_link_arbiter
Used module:     $paramod$edfab9654da56983021d5c64dca199e0241df6af\bank_side_pim_subsystem
Used module:         \bank_pim_core
Used module:             $paramod\pim_vector_alu\DATA_WIDTH=32'00000000000000000000000100000000
Used module:                 \fp16_add
Used module:                 \fp16_mul
Used module:             \pim_command_decoder
Used module:         \pim_crf
Used module:         \dram_bank_array_model
Used module:     $paramod$020a09ec174a91eafba3fe3791ee43a5c1fd2dcf\logic_normalization_reduction_engine
Used module:         \logic_normalization_scalar_engine
Used module:             \fp16_rsqrt_lut256
Used module:     $paramod$e75d1d40aa5510c506b0f91fa3b1dd6947b98d5e\logic_result_router
Used module:     $paramod$3da37a96703b50610107715ffe5bba2dba9336fc\channel_tsv_interconnect
Used module:     $paramod$31b58d7b5bfdf55cddd0c2789bc2ede7eb7de067\logic_die_pim_top
Used module:         \cross_channel_reduction_network
Used module:             $paramod\fp16_vector_add\LANES=32'00000000000000000000000000010000
Used module:         \logic_pcu_scheduler
Used module:             $paramod$8df5c849c2588b798e9d030949a27f4e3d201c9f\logic_pcu
Used module:                 \pim_vector_alu
Used module:         \logic_operand_context_buffer
Used module:         \logic_shared_buffer
Used module:         \logic_epoch_barrier
Used module:         \logic_command_coalescer
Used module:     $paramod$8561ce8c4209784b03f61c3da9af23bb9fae896a\logic_die_link_arbiter
Parameter \DATA_WIDTH = 256
Found cached RTLIL representation for module `$paramod\pim_vector_alu\DATA_WIDTH=32'00000000000000000000000100000000'.
Parameter \CHANNELS = 1
Parameter \PORTS = 1
Parameter \DATA_WIDTH = 16
Parameter \KEY_WIDTH = 64

26.25. Executing AST frontend in derive mode using pre-parsed AST for module `\cross_channel_reduction_network'.
Parameter \CHANNELS = 1
Parameter \PORTS = 1
Parameter \DATA_WIDTH = 16
Parameter \KEY_WIDTH = 64
Generating RTLIL representation for module `$paramod$ad5d657a4795afe2018b20e9cb7761c016f26fd8\cross_channel_reduction_network'.
Parameter \PCUS = 1
Parameter \ISSUE_PORTS = 1
Parameter \DATA_WIDTH = 16
Parameter \TAG_WIDTH = 65
Parameter \LATENCY = 2

26.26. Executing AST frontend in derive mode using pre-parsed AST for module `\logic_pcu_scheduler'.
Parameter \PCUS = 1
Parameter \ISSUE_PORTS = 1
Parameter \DATA_WIDTH = 16
Parameter \TAG_WIDTH = 65
Parameter \LATENCY = 2
Generating RTLIL representation for module `$paramod$b6ed69b3667d90b531d60ada0b8ecfc38bcdf041\logic_pcu_scheduler'.
Parameter \CHANNELS = 1
Parameter \DATA_WIDTH = 16
Parameter \TAG_WIDTH = 64

26.27. Executing AST frontend in derive mode using pre-parsed AST for module `\logic_operand_context_buffer'.
Parameter \CHANNELS = 1
Parameter \DATA_WIDTH = 16
Parameter \TAG_WIDTH = 64
Generating RTLIL representation for module `$paramod$e2122496c836f66e82fe6acb8c5d6be1a2f40053\logic_operand_context_buffer'.
Warning: Replacing memory \accum_q with list of registers. See rtl/logic_operand_context_buffer.sv:54
Warning: Replacing memory \src2_q with list of registers. See rtl/logic_operand_context_buffer.sv:53
Warning: Replacing memory \src1_q with list of registers. See rtl/logic_operand_context_buffer.sv:52
Warning: Replacing memory \src0_q with list of registers. See rtl/logic_operand_context_buffer.sv:51
Warning: Replacing memory \precision_q with list of registers. See rtl/logic_operand_context_buffer.sv:50
Warning: Replacing memory \tag_q with list of registers. See rtl/logic_operand_context_buffer.sv:49
Parameter \DATA_WIDTH = 16
Parameter \BYTES = 65536

26.28. Executing AST frontend in derive mode using pre-parsed AST for module `\logic_shared_buffer'.
Parameter \DATA_WIDTH = 16
Parameter \BYTES = 65536
Generating RTLIL representation for module `$paramod$9c76c783ccc00e300636883ea2a157b6d159c01b\logic_shared_buffer'.
Warning: Replacing memory \memory with list of registers. See rtl/logic_shared_buffer.sv:37
Parameter \CHANNELS = 1
Parameter \EPOCH_WIDTH = 16

26.29. Executing AST frontend in derive mode using pre-parsed AST for module `\logic_epoch_barrier'.
Parameter \CHANNELS = 1
Parameter \EPOCH_WIDTH = 16
Generating RTLIL representation for module `$paramod$71d47b5ce33143519e8cc5af0c2167f71d3a6413\logic_epoch_barrier'.
Parameter \CHANNELS = 1

26.30. Executing AST frontend in derive mode using pre-parsed AST for module `\logic_command_coalescer'.
Parameter \CHANNELS = 1
Generating RTLIL representation for module `$paramod\logic_command_coalescer\CHANNELS=32'00000000000000000000000000000001'.
Warning: Replacing memory \expected_q with list of registers. See rtl/logic_command_coalescer.sv:85
Warning: Replacing memory \command_q with list of registers. See rtl/logic_command_coalescer.sv:84
Warning: Replacing memory \signature_q with list of registers. See rtl/logic_command_coalescer.sv:83
Warning: Replacing memory \ordinal_q with list of registers. See rtl/logic_command_coalescer.sv:82
Warning: Replacing memory \epoch_q with list of registers. See rtl/logic_command_coalescer.sv:81
Warning: Replacing memory \mask_q with list of registers. See rtl/logic_command_coalescer.sv:78
Parameter \TAG_WIDTH = 64

26.31. Executing AST frontend in derive mode using pre-parsed AST for module `\logic_normalization_scalar_engine'.
Parameter \TAG_WIDTH = 64
Generating RTLIL representation for module `$paramod\logic_normalization_scalar_engine\TAG_WIDTH=32'00000000000000000000000001000000'.
Parameter \DATA_WIDTH = 16
Parameter \KEY_WIDTH = 32

26.32. Executing AST frontend in derive mode using pre-parsed AST for module `\bank_pim_core'.
Parameter \DATA_WIDTH = 16
Parameter \KEY_WIDTH = 32
Generating RTLIL representation for module `$paramod$4f71396eede93dc2105d68c262aac327633e4f66\bank_pim_core'.
Warning: Replacing memory \grf_a with list of registers. See rtl/bank_pim_core.sv:124
Warning: Replacing memory \grf_b with list of registers. See rtl/bank_pim_core.sv:123
Parameter \DEPTH = 2

26.33. Executing AST frontend in derive mode using pre-parsed AST for module `\pim_crf'.
Parameter \DEPTH = 2
Generating RTLIL representation for module `$paramod\pim_crf\DEPTH=32'00000000000000000000000000000010'.
Warning: Replacing memory \memory with list of registers. See rtl/pim_crf.sv:53
Parameter \BANKS = 1
Parameter \ROWS = 2
Parameter \COLS = 2
Parameter \DATA_WIDTH = 16
Parameter \PIM_READ_PORTS = 2

26.34. Executing AST frontend in derive mode using pre-parsed AST for module `\dram_bank_array_model'.
Parameter \BANKS = 1
Parameter \ROWS = 2
Parameter \COLS = 2
Parameter \DATA_WIDTH = 16
Parameter \PIM_READ_PORTS = 2
Generating RTLIL representation for module `$paramod$dff206017380a72cd936ba49edb342f444f5d147\dram_bank_array_model'.
Warning: Replacing memory \memory with list of registers. See rtl/dram_bank_array_model.sv:172

26.35. Analyzing design hierarchy..
Top module:  $paramod$db98dbe5b1c0d193743843379f82aca89685084d\full_pim_system_top
Used module:     $paramod$5af3aa70cb83a39f84f22bfd3fa32a07f7888ccc\logic_die_link_arbiter
Used module:     $paramod$edfab9654da56983021d5c64dca199e0241df6af\bank_side_pim_subsystem
Used module:         $paramod$4f71396eede93dc2105d68c262aac327633e4f66\bank_pim_core
Used module:             \pim_vector_alu
Used module:                 \fp16_add
Used module:                 \fp16_mul
Used module:             \pim_command_decoder
Used module:         $paramod\pim_crf\DEPTH=32'00000000000000000000000000000010
Used module:         $paramod$dff206017380a72cd936ba49edb342f444f5d147\dram_bank_array_model
Used module:     $paramod$020a09ec174a91eafba3fe3791ee43a5c1fd2dcf\logic_normalization_reduction_engine
Used module:         $paramod\logic_normalization_scalar_engine\TAG_WIDTH=32'00000000000000000000000001000000
Used module:             \fp16_rsqrt_lut256
Used module:     $paramod$e75d1d40aa5510c506b0f91fa3b1dd6947b98d5e\logic_result_router
Used module:     $paramod$3da37a96703b50610107715ffe5bba2dba9336fc\channel_tsv_interconnect
Used module:     $paramod$31b58d7b5bfdf55cddd0c2789bc2ede7eb7de067\logic_die_pim_top
Used module:         $paramod$ad5d657a4795afe2018b20e9cb7761c016f26fd8\cross_channel_reduction_network
Used module:             \fp16_vector_add
Used module:         $paramod$b6ed69b3667d90b531d60ada0b8ecfc38bcdf041\logic_pcu_scheduler
Used module:             \logic_pcu
Used module:                 $paramod\pim_vector_alu\DATA_WIDTH=32'00000000000000000000000100000000
Used module:         $paramod$e2122496c836f66e82fe6acb8c5d6be1a2f40053\logic_operand_context_buffer
Used module:         $paramod$9c76c783ccc00e300636883ea2a157b6d159c01b\logic_shared_buffer
Used module:         $paramod$71d47b5ce33143519e8cc5af0c2167f71d3a6413\logic_epoch_barrier
Used module:         $paramod\logic_command_coalescer\CHANNELS=32'00000000000000000000000000000001
Used module:     $paramod$8561ce8c4209784b03f61c3da9af23bb9fae896a\logic_die_link_arbiter
Parameter \LANES = 1

26.36. Executing AST frontend in derive mode using pre-parsed AST for module `\fp16_vector_add'.
Parameter \LANES = 1
Generating RTLIL representation for module `$paramod\fp16_vector_add\LANES=32'00000000000000000000000000000001'.
Parameter \DATA_WIDTH = 16
Parameter \TAG_WIDTH = 65
Parameter \LATENCY = 2

26.37. Executing AST frontend in derive mode using pre-parsed AST for module `\logic_pcu'.
Parameter \DATA_WIDTH = 16
Parameter \TAG_WIDTH = 65
Parameter \LATENCY = 2
Generating RTLIL representation for module `$paramod$2a1f6da2cdb64d7e632283afe02f3a8a1121a354\logic_pcu'.
Parameter \DATA_WIDTH = 16

26.38. Executing AST frontend in derive mode using pre-parsed AST for module `\pim_vector_alu'.
Parameter \DATA_WIDTH = 16
Generating RTLIL representation for module `$paramod\pim_vector_alu\DATA_WIDTH=32'00000000000000000000000000010000'.

26.39. Analyzing design hierarchy..
Top module:  $paramod$db98dbe5b1c0d193743843379f82aca89685084d\full_pim_system_top
Used module:     $paramod$5af3aa70cb83a39f84f22bfd3fa32a07f7888ccc\logic_die_link_arbiter
Used module:     $paramod$edfab9654da56983021d5c64dca199e0241df6af\bank_side_pim_subsystem
Used module:         $paramod$4f71396eede93dc2105d68c262aac327633e4f66\bank_pim_core
Used module:             $paramod\pim_vector_alu\DATA_WIDTH=32'00000000000000000000000000010000
Used module:                 \fp16_add
Used module:                 \fp16_mul
Used module:             \pim_command_decoder
Used module:         $paramod\pim_crf\DEPTH=32'00000000000000000000000000000010
Used module:         $paramod$dff206017380a72cd936ba49edb342f444f5d147\dram_bank_array_model
Used module:     $paramod$020a09ec174a91eafba3fe3791ee43a5c1fd2dcf\logic_normalization_reduction_engine
Used module:         $paramod\logic_normalization_scalar_engine\TAG_WIDTH=32'00000000000000000000000001000000
Used module:             \fp16_rsqrt_lut256
Used module:     $paramod$e75d1d40aa5510c506b0f91fa3b1dd6947b98d5e\logic_result_router
Used module:     $paramod$3da37a96703b50610107715ffe5bba2dba9336fc\channel_tsv_interconnect
Used module:     $paramod$31b58d7b5bfdf55cddd0c2789bc2ede7eb7de067\logic_die_pim_top
Used module:         $paramod$ad5d657a4795afe2018b20e9cb7761c016f26fd8\cross_channel_reduction_network
Used module:             $paramod\fp16_vector_add\LANES=32'00000000000000000000000000000001
Used module:         $paramod$b6ed69b3667d90b531d60ada0b8ecfc38bcdf041\logic_pcu_scheduler
Used module:             $paramod$2a1f6da2cdb64d7e632283afe02f3a8a1121a354\logic_pcu
Used module:                 \pim_vector_alu
Used module:         $paramod$e2122496c836f66e82fe6acb8c5d6be1a2f40053\logic_operand_context_buffer
Used module:         $paramod$9c76c783ccc00e300636883ea2a157b6d159c01b\logic_shared_buffer
Used module:         $paramod$71d47b5ce33143519e8cc5af0c2167f71d3a6413\logic_epoch_barrier
Used module:         $paramod\logic_command_coalescer\CHANNELS=32'00000000000000000000000000000001
Used module:     $paramod$8561ce8c4209784b03f61c3da9af23bb9fae896a\logic_die_link_arbiter
Parameter \DATA_WIDTH = 16
Found cached RTLIL representation for module `$paramod\pim_vector_alu\DATA_WIDTH=32'00000000000000000000000000010000'.

26.40. Analyzing design hierarchy..
Top module:  $paramod$db98dbe5b1c0d193743843379f82aca89685084d\full_pim_system_top
Used module:     $paramod$5af3aa70cb83a39f84f22bfd3fa32a07f7888ccc\logic_die_link_arbiter
Used module:     $paramod$edfab9654da56983021d5c64dca199e0241df6af\bank_side_pim_subsystem
Used module:         $paramod$4f71396eede93dc2105d68c262aac327633e4f66\bank_pim_core
Used module:             $paramod\pim_vector_alu\DATA_WIDTH=32'00000000000000000000000000010000
Used module:                 \fp16_add
Used module:                 \fp16_mul
Used module:             \pim_command_decoder
Used module:         $paramod\pim_crf\DEPTH=32'00000000000000000000000000000010
Used module:         $paramod$dff206017380a72cd936ba49edb342f444f5d147\dram_bank_array_model
Used module:     $paramod$020a09ec174a91eafba3fe3791ee43a5c1fd2dcf\logic_normalization_reduction_engine
Used module:         $paramod\logic_normalization_scalar_engine\TAG_WIDTH=32'00000000000000000000000001000000
Used module:             \fp16_rsqrt_lut256
Used module:     $paramod$e75d1d40aa5510c506b0f91fa3b1dd6947b98d5e\logic_result_router
Used module:     $paramod$3da37a96703b50610107715ffe5bba2dba9336fc\channel_tsv_interconnect
Used module:     $paramod$31b58d7b5bfdf55cddd0c2789bc2ede7eb7de067\logic_die_pim_top
Used module:         $paramod$ad5d657a4795afe2018b20e9cb7761c016f26fd8\cross_channel_reduction_network
Used module:             $paramod\fp16_vector_add\LANES=32'00000000000000000000000000000001
Used module:         $paramod$b6ed69b3667d90b531d60ada0b8ecfc38bcdf041\logic_pcu_scheduler
Used module:             $paramod$2a1f6da2cdb64d7e632283afe02f3a8a1121a354\logic_pcu
Used module:         $paramod$e2122496c836f66e82fe6acb8c5d6be1a2f40053\logic_operand_context_buffer
Used module:         $paramod$9c76c783ccc00e300636883ea2a157b6d159c01b\logic_shared_buffer
Used module:         $paramod$71d47b5ce33143519e8cc5af0c2167f71d3a6413\logic_epoch_barrier
Used module:         $paramod\logic_command_coalescer\CHANNELS=32'00000000000000000000000000000001
Used module:     $paramod$8561ce8c4209784b03f61c3da9af23bb9fae896a\logic_die_link_arbiter

26.41. Analyzing design hierarchy..
Top module:  $paramod$db98dbe5b1c0d193743843379f82aca89685084d\full_pim_system_top
Used module:     $paramod$5af3aa70cb83a39f84f22bfd3fa32a07f7888ccc\logic_die_link_arbiter
Used module:     $paramod$edfab9654da56983021d5c64dca199e0241df6af\bank_side_pim_subsystem
Used module:         $paramod$4f71396eede93dc2105d68c262aac327633e4f66\bank_pim_core
Used module:             $paramod\pim_vector_alu\DATA_WIDTH=32'00000000000000000000000000010000
Used module:                 \fp16_add
Used module:                 \fp16_mul
Used module:             \pim_command_decoder
Used module:         $paramod\pim_crf\DEPTH=32'00000000000000000000000000000010
Used module:         $paramod$dff206017380a72cd936ba49edb342f444f5d147\dram_bank_array_model
Used module:     $paramod$020a09ec174a91eafba3fe3791ee43a5c1fd2dcf\logic_normalization_reduction_engine
Used module:         $paramod\logic_normalization_scalar_engine\TAG_WIDTH=32'00000000000000000000000001000000
Used module:             \fp16_rsqrt_lut256
Used module:     $paramod$e75d1d40aa5510c506b0f91fa3b1dd6947b98d5e\logic_result_router
Used module:     $paramod$3da37a96703b50610107715ffe5bba2dba9336fc\channel_tsv_interconnect
Used module:     $paramod$31b58d7b5bfdf55cddd0c2789bc2ede7eb7de067\logic_die_pim_top
Used module:         $paramod$ad5d657a4795afe2018b20e9cb7761c016f26fd8\cross_channel_reduction_network
Used module:             $paramod\fp16_vector_add\LANES=32'00000000000000000000000000000001
Used module:         $paramod$b6ed69b3667d90b531d60ada0b8ecfc38bcdf041\logic_pcu_scheduler
Used module:             $paramod$2a1f6da2cdb64d7e632283afe02f3a8a1121a354\logic_pcu
Used module:         $paramod$e2122496c836f66e82fe6acb8c5d6be1a2f40053\logic_operand_context_buffer
Used module:         $paramod$9c76c783ccc00e300636883ea2a157b6d159c01b\logic_shared_buffer
Used module:         $paramod$71d47b5ce33143519e8cc5af0c2167f71d3a6413\logic_epoch_barrier
Used module:         $paramod\logic_command_coalescer\CHANNELS=32'00000000000000000000000000000001
Used module:     $paramod$8561ce8c4209784b03f61c3da9af23bb9fae896a\logic_die_link_arbiter
Removing unused module `$paramod$ba9264e8cf235005be4f552b922b0265c511bc6f\logic_pcu'.
Removing unused module `$paramod\logic_normalization_scalar_engine\TAG_WIDTH=32'00000000000000000000000000010000'.
Removing unused module `$paramod\logic_command_coalescer\CHANNELS=32'00000000000000000000000001000000'.
Removing unused module `$paramod$bd1b89e712fe4e650bd6086085d8ccf47060cb19\logic_epoch_barrier'.
Removing unused module `$paramod$a5cdb8f15b66887d1fd8536d46a0dc5ad96ef1fa\logic_shared_buffer'.
Removing unused module `$paramod$8892d770deed9d55c2fbb9e42be648281ca47082\logic_operand_context_buffer'.
Removing unused module `$paramod$60842b71a64cf55c7b2253e2b3c62844e770a631\logic_pcu_scheduler'.
Removing unused module `$paramod$967636fc275e85cb3cee218b4f566deea71e0f8b\cross_channel_reduction_network'.
Removing unused module `$paramod\fp16_vector_add\LANES=32'00000000000000000000000000010000'.
Removing unused module `$paramod$8df5c849c2588b798e9d030949a27f4e3d201c9f\logic_pcu'.
Removing unused module `$paramod$7f1e781518b42735fa691e74eb2e35b90a74e2e1\dram_bank_array_model'.
Removing unused module `$paramod\pim_crf\DEPTH=32'00000000000000000000000000100000'.
Removing unused module `$paramod$0173170335c8e8bebcbd70c23aec370f5341a683\bank_pim_core'.
Removing unused module `$paramod\pim_vector_alu\DATA_WIDTH=32'00000000000000000000000100000000'.
Removing unused module `\logic_normalization_reduction_engine'.
Removing unused module `\logic_normalization_scalar_engine'.
Removing unused module `\logic_die_pim_top'.
Removing unused module `\logic_result_router'.
Removing unused module `\cross_channel_reduction_network'.
Removing unused module `\logic_operand_context_buffer'.
Removing unused module `\logic_command_coalescer'.
Removing unused module `\logic_pcu_scheduler'.
Removing unused module `\logic_pcu'.
Removing unused module `\logic_shared_buffer'.
Removing unused module `\logic_epoch_barrier'.
Removing unused module `\channel_tsv_interconnect'.
Removing unused module `\logic_die_link_arbiter'.
Removing unused module `\bank_side_pim_subsystem'.
Removing unused module `\bank_pim_core'.
Removing unused module `\dram_bank_array_model'.
Removing unused module `\pim_crf'.
Removing unused module `\pim_vector_alu'.
Removing unused module `\fp16_vector_add'.
Removed 33 unused modules.

27. Executing CHECK pass (checking for obvious problems).
Checking module $paramod\pim_vector_alu\DATA_WIDTH=32'00000000000000000000000000010000...
Checking module $paramod$5af3aa70cb83a39f84f22bfd3fa32a07f7888ccc\logic_die_link_arbiter...
Checking module $paramod$db98dbe5b1c0d193743843379f82aca89685084d\full_pim_system_top...
Checking module $paramod$edfab9654da56983021d5c64dca199e0241df6af\bank_side_pim_subsystem...
Checking module fp16_rsqrt_lut256...
Checking module $paramod$020a09ec174a91eafba3fe3791ee43a5c1fd2dcf\logic_normalization_reduction_engine...
Checking module $paramod$e75d1d40aa5510c506b0f91fa3b1dd6947b98d5e\logic_result_router...
Checking module $paramod$3da37a96703b50610107715ffe5bba2dba9336fc\channel_tsv_interconnect...
Checking module $paramod$31b58d7b5bfdf55cddd0c2789bc2ede7eb7de067\logic_die_pim_top...
Checking module $paramod$8561ce8c4209784b03f61c3da9af23bb9fae896a\logic_die_link_arbiter...
Checking module $paramod$2a1f6da2cdb64d7e632283afe02f3a8a1121a354\logic_pcu...
Checking module $paramod\fp16_vector_add\LANES=32'00000000000000000000000000000001...
Checking module $paramod$dff206017380a72cd936ba49edb342f444f5d147\dram_bank_array_model...
Checking module $paramod\pim_crf\DEPTH=32'00000000000000000000000000000010...
Checking module $paramod$4f71396eede93dc2105d68c262aac327633e4f66\bank_pim_core...
Checking module $paramod\logic_normalization_scalar_engine\TAG_WIDTH=32'00000000000000000000000001000000...
Checking module $paramod\logic_command_coalescer\CHANNELS=32'00000000000000000000000000000001...
Checking module $paramod$71d47b5ce33143519e8cc5af0c2167f71d3a6413\logic_epoch_barrier...
Checking module $paramod$9c76c783ccc00e300636883ea2a157b6d159c01b\logic_shared_buffer...
Checking module $paramod$e2122496c836f66e82fe6acb8c5d6be1a2f40053\logic_operand_context_buffer...
Checking module $paramod$b6ed69b3667d90b531d60ada0b8ecfc38bcdf041\logic_pcu_scheduler...
Checking module $paramod$ad5d657a4795afe2018b20e9cb7761c016f26fd8\cross_channel_reduction_network...
Checking module fp16_mul...
Checking module fp16_add...
Checking module pim_command_decoder...
Found and reported 0 problems.

28. Printing statistics.

=== $paramod\pim_vector_alu\DATA_WIDTH=32'00000000000000000000000000010000 ===

   Number of wires:                 25
   Number of wire bits:            347
   Number of public wires:          10
   Number of public wire bits:     134
   Number of ports:                  7
   Number of port bits:             86
   Number of memories:               0
   Number of memory bits:            0
   Number of processes:              2
   Number of cells:                  8
     $eq                             5
     $mux                            1
     fp16_add                        1
     fp16_mul                        1

=== $paramod$5af3aa70cb83a39f84f22bfd3fa32a07f7888ccc\logic_die_link_arbiter ===

   Number of wires:                 98
   Number of wire bits:           1056
   Number of public wires:          29
   Number of public wire bits:     275
   Number of ports:                 13
   Number of port bits:            105
   Number of memories:               0
   Number of memory bits:            0
   Number of processes:              2
   Number of cells:                 31
     $add                            4
     $and                            2
     $eq                             1
     $ge                             1
     $logic_and                      5
     $logic_not                      4
     $mul                            2
     $mux                            1
     $neg                            2
     $not                            1
     $or                             1
     $shift                          2
     $shiftx                         4
     $sub                            1

=== $paramod$db98dbe5b1c0d193743843379f82aca89685084d\full_pim_system_top ===

   Number of wires:                161
   Number of wire bits:           1538
   Number of public wires:         140
   Number of public wire bits:    1347
   Number of ports:                105
   Number of port bits:           1084
   Number of memories:               0
   Number of memory bits:            0
   Number of processes:              0
   Number of cells:                 27
     $logic_and                      2
     $logic_not                      1
     $logic_or                       7
     $mul                            4
     $mux                            1
     $paramod$020a09ec174a91eafba3fe3791ee43a5c1fd2dcf\logic_normalization_reduction_engine      1
     $paramod$31b58d7b5bfdf55cddd0c2789bc2ede7eb7de067\logic_die_pim_top      1
     $paramod$3da37a96703b50610107715ffe5bba2dba9336fc\channel_tsv_interconnect      1
     $paramod$5af3aa70cb83a39f84f22bfd3fa32a07f7888ccc\logic_die_link_arbiter      1
     $paramod$8561ce8c4209784b03f61c3da9af23bb9fae896a\logic_die_link_arbiter      1
     $paramod$e75d1d40aa5510c506b0f91fa3b1dd6947b98d5e\logic_result_router      1
     $paramod$edfab9654da56983021d5c64dca199e0241df6af\bank_side_pim_subsystem      1
     $reduce_or                      1
     $shiftx                         4

=== $paramod$edfab9654da56983021d5c64dca199e0241df6af\bank_side_pim_subsystem ===

   Number of wires:                 76
   Number of wire bits:            362
   Number of public wires:          65
   Number of public wire bits:     351
   Number of ports:                 40
   Number of port bits:            219
   Number of memories:               0
   Number of memory bits:            0
   Number of processes:              0
   Number of cells:                 15
     $eq                             2
     $logic_and                      4
     $logic_not                      2
     $logic_or                       1
     $or                             1
     $paramod$4f71396eede93dc2105d68c262aac327633e4f66\bank_pim_core      1
     $paramod$dff206017380a72cd936ba49edb342f444f5d147\dram_bank_array_model      1
     $paramod\pim_crf\DEPTH=32'00000000000000000000000000000010      1
     $reduce_and                     1
     pim_command_decoder             1

=== fp16_rsqrt_lut256 ===

   Number of wires:                174
   Number of wire bits:           2188
   Number of public wires:          23
   Number of public wire bits:     234
   Number of ports:                  8
   Number of port bits:             38
   Number of memories:               0
   Number of memory bits:            0
   Number of processes:              1
   Number of cells:                 39
     $div                            1
     $eq                             4
     $logic_and                     11
     $logic_not                      2
     $logic_or                       1
     $lt                            10
     $mux                            1
     $ne                             1
     $shl                            1
     $sshr                           1
     $sub                            6

=== $paramod$020a09ec174a91eafba3fe3791ee43a5c1fd2dcf\logic_normalization_reduction_engine ===

   Number of wires:                 81
   Number of wire bits:            636
   Number of public wires:          39
   Number of public wire bits:     471
   Number of ports:                 24
   Number of port bits:            303
   Number of memories:               0
   Number of memory bits:            0
   Number of processes:              1
   Number of cells:                 32
     $eq                             4
     $logic_and                     13
     $logic_not                      6
     $or                             1
     $paramod\logic_normalization_scalar_engine\TAG_WIDTH=32'00000000000000000000000001000000      1
     $shiftx                         4
     $shl                            1
     fp16_add                        2

=== $paramod$e75d1d40aa5510c506b0f91fa3b1dd6947b98d5e\logic_result_router ===

   Number of wires:                 24
   Number of wire bits:            414
   Number of public wires:          13
   Number of public wire bits:     247
   Number of ports:                 13
   Number of port bits:            247
   Number of memories:               0
   Number of memory bits:            0
   Number of processes:              1
   Number of cells:                  4
     $logic_and                      2
     $logic_not                      1
     $mux                            1

=== $paramod$3da37a96703b50610107715ffe5bba2dba9336fc\channel_tsv_interconnect ===

   Number of wires:                198
   Number of wire bits:           2502
   Number of public wires:          18
   Number of public wire bits:     259
   Number of ports:                 11
   Number of port bits:            154
   Number of memories:               0
   Number of memory bits:            0
   Number of processes:              2
   Number of cells:                 83
     $add                            4
     $and                            6
     $eq                             2
     $logic_and                      8
     $logic_not                     11
     $mod                            2
     $mul                            4
     $mux                            2
     $neg                           12
     $not                            6
     $or                             6
     $shift                         12
     $shiftx                         8

=== $paramod$31b58d7b5bfdf55cddd0c2789bc2ede7eb7de067\logic_die_pim_top ===

   Number of wires:                218
   Number of wire bits:           2349
   Number of public wires:         110
   Number of public wire bits:    1266
   Number of ports:                 59
   Number of port bits:            542
   Number of memories:               0
   Number of memory bits:            0
   Number of processes:              3
   Number of cells:                 55
     $and                            5
     $eq                             6
     $logic_and                     19
     $logic_not                      5
     $logic_or                       4
     $ne                             1
     $neg                            2
     $not                            3
     $or                             1
     $paramod$71d47b5ce33143519e8cc5af0c2167f71d3a6413\logic_epoch_barrier      1
     $paramod$9c76c783ccc00e300636883ea2a157b6d159c01b\logic_shared_buffer      1
     $paramod$ad5d657a4795afe2018b20e9cb7761c016f26fd8\cross_channel_reduction_network      1
     $paramod$b6ed69b3667d90b531d60ada0b8ecfc38bcdf041\logic_pcu_scheduler      1
     $paramod$e2122496c836f66e82fe6acb8c5d6be1a2f40053\logic_operand_context_buffer      1
     $paramod\logic_command_coalescer\CHANNELS=32'00000000000000000000000000000001      1
     $pos                            1
     $shift                          2

=== $paramod$8561ce8c4209784b03f61c3da9af23bb9fae896a\logic_die_link_arbiter ===

   Number of wires:                 98
   Number of wire bits:           1056
   Number of public wires:          29
   Number of public wire bits:     275
   Number of ports:                 13
   Number of port bits:            105
   Number of memories:               0
   Number of memory bits:            0
   Number of processes:              2
   Number of cells:                 31
     $add                            4
     $and                            2
     $eq                             1
     $ge                             1
     $logic_and                      5
     $logic_not                      4
     $mul                            2
     $mux                            1
     $neg                            2
     $not                            1
     $or                             1
     $shift                          2
     $shiftx                         4
     $sub                            1

=== $paramod$2a1f6da2cdb64d7e632283afe02f3a8a1121a354\logic_pcu ===

   Number of wires:                 31
   Number of wire bits:            699
   Number of public wires:          20
   Number of public wire bits:     403
   Number of ports:                 15
   Number of port bits:            222
   Number of memories:               0
   Number of memory bits:            0
   Number of processes:              1
   Number of cells:                  5
     $logic_and                      1
     $logic_not                      2
     $logic_or                       1
     $paramod\pim_vector_alu\DATA_WIDTH=32'00000000000000000000000000010000      1

=== $paramod\fp16_vector_add\LANES=32'00000000000000000000000000000001 ===

   Number of wires:                  3
   Number of wire bits:             48
   Number of public wires:           3
   Number of public wire bits:      48
   Number of ports:                  3
   Number of port bits:             48
   Number of memories:               0
   Number of memory bits:            0
   Number of processes:              0
   Number of cells:                  1
     fp16_add                        1

=== $paramod$dff206017380a72cd936ba49edb342f444f5d147\dram_bank_array_model ===

   Number of wires:                393
   Number of wire bits:           4507
   Number of public wires:          41
   Number of public wire bits:     368
   Number of ports:                 20
   Number of port bits:             89
   Number of memories:               0
   Number of memory bits:            0
   Number of processes:              2
   Number of cells:                195
     $add                           19
     $and                            6
     $eq                             8
     $ge                            11
     $gt                             2
     $logic_and                     37
     $logic_not                     19
     $logic_or                       3
     $mul                           20
     $ne                             9
     $neg                           12
     $not                            6
     $or                             6
     $reduce_or                      1
     $shift                         12
     $shiftx                        17
     $sub                            7

=== $paramod\pim_crf\DEPTH=32'00000000000000000000000000000010 ===

   Number of wires:                229
   Number of wire bits:           2935
   Number of public wires:          26
   Number of public wire bits:     205
   Number of ports:                 13
   Number of port bits:             75
   Number of memories:               0
   Number of memory bits:            0
   Number of processes:              5
   Number of cells:                 52
     $add                            5
     $eq                            10
     $le                             2
     $logic_and                      6
     $logic_not                      5
     $logic_or                      10
     $ne                             8
     $sub                            6

=== $paramod$4f71396eede93dc2105d68c262aac327633e4f66\bank_pim_core ===

   Number of wires:                349
   Number of wire bits:           4654
   Number of public wires:          99
   Number of public wire bits:    1207
   Number of ports:                 24
   Number of port bits:            200
   Number of memories:               0
   Number of memory bits:            0
   Number of processes:              2
   Number of cells:                 62
     $add                           11
     $eq                             8
     $logic_and                      9
     $logic_not                      3
     $logic_or                       6
     $mod                            6
     $mul                            8
     $mux                            1
     $paramod\pim_vector_alu\DATA_WIDTH=32'00000000000000000000000000010000      1
     $shiftx                         8
     pim_command_decoder             1

=== $paramod\logic_normalization_scalar_engine\TAG_WIDTH=32'00000000000000000000000001000000 ===

   Number of wires:                 78
   Number of wire bits:            832
   Number of public wires:          38
   Number of public wire bits:     514
   Number of ports:                 17
   Number of port bits:            233
   Number of memories:               0
   Number of memory bits:            0
   Number of processes:              1
   Number of cells:                 31
     $eq                             3
     $logic_and                      9
     $logic_not                      5
     $logic_or                       2
     $mux                            3
     $not                            1
     $reduce_or                      2
     fp16_add                        2
     fp16_mul                        3
     fp16_rsqrt_lut256               1

=== $paramod\logic_command_coalescer\CHANNELS=32'00000000000000000000000000000001 ===

   Number of wires:               7250
   Number of wire bits:          39137
   Number of public wires:         795
   Number of public wire bits:   12907
   Number of ports:                 20
   Number of port bits:            211
   Number of memories:               0
   Number of memory bits:            0
   Number of processes:              2
   Number of cells:               2983
     $add                          128
     $and                          130
     $eq                           512
     $logic_and                    904
     $logic_not                    516
     $logic_or                       3
     $mux                            5
     $ne                             2
     $neg                          260
     $not                          130
     $or                           130
     $shift                        260
     $shiftx                         2
     $shl                            1

=== $paramod$71d47b5ce33143519e8cc5af0c2167f71d3a6413\logic_epoch_barrier ===

   Number of wires:                 55
   Number of wire bits:            117
   Number of public wires:          19
   Number of public wire bits:      64
   Number of ports:                 14
   Number of port bits:             44
   Number of memories:               0
   Number of memory bits:            0
   Number of processes:              1
   Number of cells:                 22
     $and                            1
     $eq                             1
     $logic_and                      8
     $logic_not                      4
     $neg                            2
     $not                            1
     $or                             1
     $shift                          2
     $shiftx                         2

=== $paramod$9c76c783ccc00e300636883ea2a157b6d159c01b\logic_shared_buffer ===

   Number of wires:              65599
   Number of wire bits:         1049303
   Number of public wires:       32786
   Number of public wire bits:  524395
   Number of ports:                 17
   Number of port bits:            106
   Number of memories:               0
   Number of memory bits:            0
   Number of processes:              1
   Number of cells:                  8
     $eq                             1
     $logic_and                      4
     $logic_not                      2
     $logic_or                       1

=== $paramod$e2122496c836f66e82fe6acb8c5d6be1a2f40053\logic_operand_context_buffer ===

   Number of wires:                109
   Number of wire bits:           1103
   Number of public wires:          28
   Number of public wire bits:     400
   Number of ports:                 21
   Number of port bits:            269
   Number of memories:               0
   Number of memory bits:            0
   Number of processes:              1
   Number of cells:                 18
     $and                            3
     $logic_and                      1
     $logic_not                      2
     $logic_or                       1
     $neg                            2
     $not                            3
     $or                             1
     $reduce_or                      1
     $shift                          2
     $shiftx                         2

=== $paramod$b6ed69b3667d90b531d60ada0b8ecfc38bcdf041\logic_pcu_scheduler ===

   Number of wires:                 20
   Number of wire bits:            227
   Number of public wires:          18
   Number of public wire bits:     225
   Number of ports:                 17
   Number of port bits:            224
   Number of memories:               0
   Number of memory bits:            0
   Number of processes:              0
   Number of cells:                  3
     $logic_not                      1
     $logic_or                       1
     $paramod$2a1f6da2cdb64d7e632283afe02f3a8a1121a354\logic_pcu      1

=== $paramod$ad5d657a4795afe2018b20e9cb7761c016f26fd8\cross_channel_reduction_network ===

   Number of wires:                 76
   Number of wire bits:            622
   Number of public wires:          29
   Number of public wire bits:     373
   Number of ports:                 17
   Number of port bits:            236
   Number of memories:               0
   Number of memory bits:            0
   Number of processes:              1
   Number of cells:                 40
     $add                            1
     $eq                             3
     $logic_and                     15
     $logic_not                      8
     $logic_or                       1
     $mux                            2
     $or                             1
     $paramod\fp16_vector_add\LANES=32'00000000000000000000000000000001      1
     $reduce_or                      3
     $shiftx                         4
     $shl                            1

=== fp16_mul ===

   Number of wires:                192
   Number of wire bits:           4670
   Number of public wires:          21
   Number of public wire bits:     481
   Number of ports:                  3
   Number of port bits:             48
   Number of memories:               0
   Number of memory bits:            0
   Number of processes:              1
   Number of cells:                 82
     $add                            8
     $and                            2
     $eq                            16
     $ge                             5
     $gt                             2
     $logic_and                      9
     $logic_or                       8
     $mul                            1
     $mux                            2
     $ne                             4
     $neg                            3
     $reduce_or                      2
     $shiftx                         2
     $shl                            4
     $shr                            3
     $sub                           10
     $xor                            1

=== fp16_add ===

   Number of wires:                240
   Number of wire bits:           2572
   Number of public wires:          31
   Number of public wire bits:     364
   Number of ports:                  3
   Number of port bits:             48
   Number of memories:               0
   Number of memory bits:            0
   Number of processes:              1
   Number of cells:                129
     $add                            4
     $and                            2
     $eq                            18
     $ge                             2
     $gt                            14
     $le                             2
     $logic_and                     22
     $logic_not                     14
     $logic_or                       4
     $mux                            6
     $ne                             5
     $or                             2
     $reduce_or                      2
     $shl                           14
     $shr                            2
     $sub                           16

=== pim_command_decoder ===

   Number of wires:                 64
   Number of wire bits:            175
   Number of public wires:          15
   Number of public wire bits:      86
   Number of ports:                 15
   Number of port bits:             86
   Number of memories:               0
   Number of memory bits:            0
   Number of processes:              1
   Number of cells:                 32
     $eq                            15
     $ge                             3
     $logic_and                      3
     $logic_or                      11

=== design hierarchy ===

   $paramod$db98dbe5b1c0d193743843379f82aca89685084d\full_pim_system_top      1
     $paramod$020a09ec174a91eafba3fe3791ee43a5c1fd2dcf\logic_normalization_reduction_engine      1
       $paramod\logic_normalization_scalar_engine\TAG_WIDTH=32'00000000000000000000000001000000      1
         fp16_add                    2
         fp16_mul                    3
         fp16_rsqrt_lut256           1
       fp16_add                      2
     $paramod$31b58d7b5bfdf55cddd0c2789bc2ede7eb7de067\logic_die_pim_top      1
       $paramod$71d47b5ce33143519e8cc5af0c2167f71d3a6413\logic_epoch_barrier      1
       $paramod$9c76c783ccc00e300636883ea2a157b6d159c01b\logic_shared_buffer      1
       $paramod$ad5d657a4795afe2018b20e9cb7761c016f26fd8\cross_channel_reduction_network      1
         $paramod\fp16_vector_add\LANES=32'00000000000000000000000000000001      1
           fp16_add                  1
       $paramod$b6ed69b3667d90b531d60ada0b8ecfc38bcdf041\logic_pcu_scheduler      1
         $paramod$2a1f6da2cdb64d7e632283afe02f3a8a1121a354\logic_pcu      1
           $paramod\pim_vector_alu\DATA_WIDTH=32'00000000000000000000000000010000      1
             fp16_add                1
             fp16_mul                1
       $paramod$e2122496c836f66e82fe6acb8c5d6be1a2f40053\logic_operand_context_buffer      1
       $paramod\logic_command_coalescer\CHANNELS=32'00000000000000000000000000000001      1
     $paramod$3da37a96703b50610107715ffe5bba2dba9336fc\channel_tsv_interconnect      1
     $paramod$5af3aa70cb83a39f84f22bfd3fa32a07f7888ccc\logic_die_link_arbiter      1
     $paramod$8561ce8c4209784b03f61c3da9af23bb9fae896a\logic_die_link_arbiter      1
     $paramod$e75d1d40aa5510c506b0f91fa3b1dd6947b98d5e\logic_result_router      1
     $paramod$edfab9654da56983021d5c64dca199e0241df6af\bank_side_pim_subsystem      1
       $paramod$4f71396eede93dc2105d68c262aac327633e4f66\bank_pim_core      1
         $paramod\pim_vector_alu\DATA_WIDTH=32'00000000000000000000000000010000      1
           fp16_add                  1
           fp16_mul                  1
         pim_command_decoder         1
       $paramod$dff206017380a72cd936ba49edb342f444f5d147\dram_bank_array_model      1
       $paramod\pim_crf\DEPTH=32'00000000000000000000000000000010      1
       pim_command_decoder           1

   Number of wires:              78138
   Number of wire bits:         1158683
   Number of public wires:       34740
   Number of public wire bits:  551227
   Number of ports:                564
   Number of port bits:           5674
   Number of memories:               0
   Number of memory bits:            0
   Number of processes:             47
   Number of cells:               5094
     $add                          244
     $and                          179
     $div                            1
     $eq                           812
     $ge                            58
     $gt                           110
     $le                            16
     $logic_and                   1268
     $logic_not                    701
     $logic_or                     132
     $lt                            10
     $mod                            8
     $mul                           45
     $mux                           72
     $ne                            76
     $neg                          309
     $not                          152
     $or                           164
     $pos                            1
     $reduce_and                     1
     $reduce_or                     32
     $shift                        294
     $shiftx                        69
     $shl                          122
     $shr                           29
     $sshr                           1
     $sub                          183
     $xor                            5

Warnings: 17 unique messages, 51 total
End of script. Logfile hash: 03622170cb, CPU: user 75.27s system 3.82s, MEM: 3809.53 MB peak
Yosys 0.52 (git sha1 fee39a3284c90249e1d9684cf6944ffbbcbb8f90)
Time spent: 59% 1x hierarchy (46 sec), 37% 25x read_verilog (29 sec), ...
