
-- Running command `read_verilog -sv -I. rtl/pim_command_decoder.sv rtl/fp16_add.sv rtl/fp16_mul.sv rtl/bf16_add.sv rtl/bf16_mul.sv rtl/fp16_vector_add.sv rtl/pim_vector_alu.sv rtl/pim_crf.sv rtl/dram_bank_array_model.sv rtl/bank_pim_core.sv rtl/bank_side_pim_subsystem.sv rtl/logic_die_link_arbiter.sv rtl/channel_tsv_interconnect.sv rtl/logic_epoch_barrier.sv rtl/logic_shared_buffer.sv rtl/logic_pcu.sv rtl/logic_pcu_scheduler.sv rtl/logic_command_coalescer.sv rtl/logic_operand_context_buffer.sv rtl/cross_channel_reduction_network.sv rtl/logic_result_router.sv rtl/logic_die_pim_top.sv rtl/fp16_rsqrt_lut256.sv rtl/bf16_rsqrt_lut256.sv rtl/logic_normalization_scalar_engine.sv rtl/logic_normalization_reduction_engine.sv rtl/full_pim_system_top.sv; chparam -set NORMALIZATION_DATA_FORMAT 0 -set CHANNELS 1 -set BANKS 1 -set PIM_BLOCKS 1 -set PCUS 1 -set ROWS 2 -set COLS 2 -set DATA_WIDTH 16 -set CRF_DEPTH 2 -set WEIGHT_BUFFER_BYTES 16 full_pim_system_top; hierarchy -check -top full_pim_system_top; synth -top full_pim_system_top; check -assert; stat' --

1. Executing Verilog-2005 frontend: rtl/pim_command_decoder.sv
Parsing SystemVerilog input from `rtl/pim_command_decoder.sv' to AST representation.
Generating RTLIL representation for module `\pim_command_decoder'.
Successfully finished Verilog frontend.

2. Executing Verilog-2005 frontend: rtl/fp16_add.sv
Parsing SystemVerilog input from `rtl/fp16_add.sv' to AST representation.
Generating RTLIL representation for module `\fp16_add'.
Successfully finished Verilog frontend.

3. Executing Verilog-2005 frontend: rtl/fp16_mul.sv
Parsing SystemVerilog input from `rtl/fp16_mul.sv' to AST representation.
Generating RTLIL representation for module `\fp16_mul'.
Successfully finished Verilog frontend.

4. Executing Verilog-2005 frontend: rtl/bf16_add.sv
Parsing SystemVerilog input from `rtl/bf16_add.sv' to AST representation.
Generating RTLIL representation for module `\bf16_add'.
Successfully finished Verilog frontend.

5. Executing Verilog-2005 frontend: rtl/bf16_mul.sv
Parsing SystemVerilog input from `rtl/bf16_mul.sv' to AST representation.
Generating RTLIL representation for module `\bf16_mul'.
Successfully finished Verilog frontend.

6. Executing Verilog-2005 frontend: rtl/fp16_vector_add.sv
Parsing SystemVerilog input from `rtl/fp16_vector_add.sv' to AST representation.
Generating RTLIL representation for module `\fp16_vector_add'.
Successfully finished Verilog frontend.

7. Executing Verilog-2005 frontend: rtl/pim_vector_alu.sv
Parsing SystemVerilog input from `rtl/pim_vector_alu.sv' to AST representation.
Generating RTLIL representation for module `\pim_vector_alu'.
Successfully finished Verilog frontend.

8. Executing Verilog-2005 frontend: rtl/pim_crf.sv
Parsing SystemVerilog input from `rtl/pim_crf.sv' to AST representation.
Generating RTLIL representation for module `\pim_crf'.
Warning: Replacing memory \memory with list of registers. See rtl/pim_crf.sv:53
Successfully finished Verilog frontend.

9. Executing Verilog-2005 frontend: rtl/dram_bank_array_model.sv
Parsing SystemVerilog input from `rtl/dram_bank_array_model.sv' to AST representation.
Generating RTLIL representation for module `\dram_bank_array_model'.
Warning: Replacing memory \memory with list of registers. See rtl/dram_bank_array_model.sv:172
Successfully finished Verilog frontend.

10. Executing Verilog-2005 frontend: rtl/bank_pim_core.sv
Parsing SystemVerilog input from `rtl/bank_pim_core.sv' to AST representation.
Generating RTLIL representation for module `\bank_pim_core'.
Warning: Replacing memory \grf_a with list of registers. See rtl/bank_pim_core.sv:124
Warning: Replacing memory \grf_b with list of registers. See rtl/bank_pim_core.sv:123
Successfully finished Verilog frontend.

11. Executing Verilog-2005 frontend: rtl/bank_side_pim_subsystem.sv
Parsing SystemVerilog input from `rtl/bank_side_pim_subsystem.sv' to AST representation.
Generating RTLIL representation for module `\bank_side_pim_subsystem'.
Successfully finished Verilog frontend.

12. Executing Verilog-2005 frontend: rtl/logic_die_link_arbiter.sv
Parsing SystemVerilog input from `rtl/logic_die_link_arbiter.sv' to AST representation.
Generating RTLIL representation for module `\logic_die_link_arbiter'.
Successfully finished Verilog frontend.

13. Executing Verilog-2005 frontend: rtl/channel_tsv_interconnect.sv
Parsing SystemVerilog input from `rtl/channel_tsv_interconnect.sv' to AST representation.
Generating RTLIL representation for module `\channel_tsv_interconnect'.
Successfully finished Verilog frontend.

14. Executing Verilog-2005 frontend: rtl/logic_epoch_barrier.sv
Parsing SystemVerilog input from `rtl/logic_epoch_barrier.sv' to AST representation.
Generating RTLIL representation for module `\logic_epoch_barrier'.
Successfully finished Verilog frontend.

15. Executing Verilog-2005 frontend: rtl/logic_shared_buffer.sv
Parsing SystemVerilog input from `rtl/logic_shared_buffer.sv' to AST representation.
Generating RTLIL representation for module `\logic_shared_buffer'.
Warning: Replacing memory \memory with list of registers. See rtl/logic_shared_buffer.sv:37
Successfully finished Verilog frontend.

16. Executing Verilog-2005 frontend: rtl/logic_pcu.sv
Parsing SystemVerilog input from `rtl/logic_pcu.sv' to AST representation.
Generating RTLIL representation for module `\logic_pcu'.
Successfully finished Verilog frontend.

17. Executing Verilog-2005 frontend: rtl/logic_pcu_scheduler.sv
Parsing SystemVerilog input from `rtl/logic_pcu_scheduler.sv' to AST representation.
Generating RTLIL representation for module `\logic_pcu_scheduler'.
Successfully finished Verilog frontend.

18. Executing Verilog-2005 frontend: rtl/logic_command_coalescer.sv
Parsing SystemVerilog input from `rtl/logic_command_coalescer.sv' to AST representation.
Generating RTLIL representation for module `\logic_command_coalescer'.
Warning: Replacing memory \expected_q with list of registers. See rtl/logic_command_coalescer.sv:85
Warning: Replacing memory \command_q with list of registers. See rtl/logic_command_coalescer.sv:84
Warning: Replacing memory \signature_q with list of registers. See rtl/logic_command_coalescer.sv:83
Warning: Replacing memory \ordinal_q with list of registers. See rtl/logic_command_coalescer.sv:82
Warning: Replacing memory \epoch_q with list of registers. See rtl/logic_command_coalescer.sv:81
Warning: Replacing memory \mask_q with list of registers. See rtl/logic_command_coalescer.sv:78
Successfully finished Verilog frontend.

19. Executing Verilog-2005 frontend: rtl/logic_operand_context_buffer.sv
Parsing SystemVerilog input from `rtl/logic_operand_context_buffer.sv' to AST representation.
Generating RTLIL representation for module `\logic_operand_context_buffer'.
Warning: Replacing memory \accum_q with list of registers. See rtl/logic_operand_context_buffer.sv:54
Warning: Replacing memory \src2_q with list of registers. See rtl/logic_operand_context_buffer.sv:53
Warning: Replacing memory \src1_q with list of registers. See rtl/logic_operand_context_buffer.sv:52
Warning: Replacing memory \src0_q with list of registers. See rtl/logic_operand_context_buffer.sv:51
Warning: Replacing memory \precision_q with list of registers. See rtl/logic_operand_context_buffer.sv:50
Warning: Replacing memory \tag_q with list of registers. See rtl/logic_operand_context_buffer.sv:49
Successfully finished Verilog frontend.

20. Executing Verilog-2005 frontend: rtl/cross_channel_reduction_network.sv
Parsing SystemVerilog input from `rtl/cross_channel_reduction_network.sv' to AST representation.
Generating RTLIL representation for module `\cross_channel_reduction_network'.
Successfully finished Verilog frontend.

21. Executing Verilog-2005 frontend: rtl/logic_result_router.sv
Parsing SystemVerilog input from `rtl/logic_result_router.sv' to AST representation.
Generating RTLIL representation for module `\logic_result_router'.
Successfully finished Verilog frontend.

22. Executing Verilog-2005 frontend: rtl/logic_die_pim_top.sv
Parsing SystemVerilog input from `rtl/logic_die_pim_top.sv' to AST representation.
Generating RTLIL representation for module `\logic_die_pim_top'.
Successfully finished Verilog frontend.

23. Executing Verilog-2005 frontend: rtl/fp16_rsqrt_lut256.sv
Parsing SystemVerilog input from `rtl/fp16_rsqrt_lut256.sv' to AST representation.
Generating RTLIL representation for module `\fp16_rsqrt_lut256'.
Successfully finished Verilog frontend.

24. Executing Verilog-2005 frontend: rtl/bf16_rsqrt_lut256.sv
Parsing SystemVerilog input from `rtl/bf16_rsqrt_lut256.sv' to AST representation.
Generating RTLIL representation for module `\bf16_rsqrt_lut256'.
Successfully finished Verilog frontend.

25. Executing Verilog-2005 frontend: rtl/logic_normalization_scalar_engine.sv
Parsing SystemVerilog input from `rtl/logic_normalization_scalar_engine.sv' to AST representation.
Generating RTLIL representation for module `\logic_normalization_scalar_engine'.
Successfully finished Verilog frontend.

26. Executing Verilog-2005 frontend: rtl/logic_normalization_reduction_engine.sv
Parsing SystemVerilog input from `rtl/logic_normalization_reduction_engine.sv' to AST representation.
Generating RTLIL representation for module `\logic_normalization_reduction_engine'.
Successfully finished Verilog frontend.

27. Executing Verilog-2005 frontend: rtl/full_pim_system_top.sv
Parsing SystemVerilog input from `rtl/full_pim_system_top.sv' to AST representation.
Generating RTLIL representation for module `\full_pim_system_top'.
Successfully finished Verilog frontend.
Parameter \CHANNELS = 1
Parameter \BANKS = 1
Parameter \PIM_BLOCKS = 1
Parameter \PCUS = 1
Parameter \ROWS = 2
Parameter \COLS = 2
Parameter \DATA_WIDTH = 16
Parameter \CRF_DEPTH = 2
Parameter \NORMALIZATION_DATA_FORMAT = 0
Parameter \WEIGHT_BUFFER_BYTES = 16

28. Executing AST frontend in derive mode using pre-parsed AST for module `\full_pim_system_top'.
Parameter \CHANNELS = 1
Parameter \BANKS = 1
Parameter \PIM_BLOCKS = 1
Parameter \PCUS = 1
Parameter \ROWS = 2
Parameter \COLS = 2
Parameter \DATA_WIDTH = 16
Parameter \CRF_DEPTH = 2
Parameter \NORMALIZATION_DATA_FORMAT = 0
Parameter \WEIGHT_BUFFER_BYTES = 16
Generating RTLIL representation for module `$paramod$5aa7c9804cb21b208f5a9aa852bf8e452bd7be5d\full_pim_system_top'.

29. Executing HIERARCHY pass (managing design hierarchy).

29.1. Analyzing design hierarchy..
Top module:  \full_pim_system_top
Used module:     \logic_die_link_arbiter
Used module:     \logic_die_pim_top
Used module:         \cross_channel_reduction_network
Used module:             \fp16_vector_add
Used module:                 \fp16_add
Used module:         \logic_pcu_scheduler
Used module:             \logic_pcu
Used module:                 \pim_vector_alu
Used module:                     \fp16_mul
Used module:         \logic_operand_context_buffer
Used module:         \logic_shared_buffer
Used module:         \logic_epoch_barrier
Used module:         \logic_command_coalescer
Used module:     \channel_tsv_interconnect
Used module:     \logic_result_router
Used module:     \logic_normalization_reduction_engine
Used module:         \logic_normalization_scalar_engine
Used module:             \fp16_rsqrt_lut256
Used module:     \bank_side_pim_subsystem
Used module:         \bank_pim_core
Used module:             \pim_command_decoder
Used module:         \pim_crf
Used module:         \dram_bank_array_model
Parameter \DATA_WIDTH = 256

29.2. Executing AST frontend in derive mode using pre-parsed AST for module `\pim_vector_alu'.
Parameter \DATA_WIDTH = 256
Generating RTLIL representation for module `$paramod\pim_vector_alu\DATA_WIDTH=32'00000000000000000000000100000000'.
Parameter \DATA_WIDTH = 256
Parameter \KEY_WIDTH = 32

29.3. Executing AST frontend in derive mode using pre-parsed AST for module `\bank_pim_core'.
Parameter \DATA_WIDTH = 256
Parameter \KEY_WIDTH = 32
Generating RTLIL representation for module `$paramod$0173170335c8e8bebcbd70c23aec370f5341a683\bank_pim_core'.
Warning: Replacing memory \grf_a with list of registers. See rtl/bank_pim_core.sv:124
Warning: Replacing memory \grf_b with list of registers. See rtl/bank_pim_core.sv:123
Parameter \DATA_WIDTH = 256
Parameter \KEY_WIDTH = 32
Found cached RTLIL representation for module `$paramod$0173170335c8e8bebcbd70c23aec370f5341a683\bank_pim_core'.
Parameter \DATA_WIDTH = 256
Parameter \KEY_WIDTH = 32
Found cached RTLIL representation for module `$paramod$0173170335c8e8bebcbd70c23aec370f5341a683\bank_pim_core'.
Parameter \DATA_WIDTH = 256
Parameter \KEY_WIDTH = 32
Found cached RTLIL representation for module `$paramod$0173170335c8e8bebcbd70c23aec370f5341a683\bank_pim_core'.
Parameter \DATA_WIDTH = 256
Parameter \KEY_WIDTH = 32
Found cached RTLIL representation for module `$paramod$0173170335c8e8bebcbd70c23aec370f5341a683\bank_pim_core'.
Parameter \DATA_WIDTH = 256
Parameter \KEY_WIDTH = 32
Found cached RTLIL representation for module `$paramod$0173170335c8e8bebcbd70c23aec370f5341a683\bank_pim_core'.
Parameter \DATA_WIDTH = 256
Parameter \KEY_WIDTH = 32
Found cached RTLIL representation for module `$paramod$0173170335c8e8bebcbd70c23aec370f5341a683\bank_pim_core'.
Parameter \DATA_WIDTH = 256
Parameter \KEY_WIDTH = 32
Found cached RTLIL representation for module `$paramod$0173170335c8e8bebcbd70c23aec370f5341a683\bank_pim_core'.
Parameter \DEPTH = 32

29.4. Executing AST frontend in derive mode using pre-parsed AST for module `\pim_crf'.
Parameter \DEPTH = 32
Generating RTLIL representation for module `$paramod\pim_crf\DEPTH=32'00000000000000000000000000100000'.
Warning: Replacing memory \memory with list of registers. See rtl/pim_crf.sv:53
Parameter \BANKS = 16
Parameter \ROWS = 32
Parameter \COLS = 8
Parameter \DATA_WIDTH = 256
Parameter \PIM_READ_PORTS = 16

29.5. Executing AST frontend in derive mode using pre-parsed AST for module `\dram_bank_array_model'.
Parameter \BANKS = 16
Parameter \ROWS = 32
Parameter \COLS = 8
Parameter \DATA_WIDTH = 256
Parameter \PIM_READ_PORTS = 16
Generating RTLIL representation for module `$paramod$7f1e781518b42735fa691e74eb2e35b90a74e2e1\dram_bank_array_model'.
Warning: Replacing memory \memory with list of registers. See rtl/dram_bank_array_model.sv:172
Parameter \DATA_WIDTH = 256
Found cached RTLIL representation for module `$paramod\pim_vector_alu\DATA_WIDTH=32'00000000000000000000000100000000'.
Parameter \DATA_WIDTH = 256
Parameter \TAG_WIDTH = 64
Parameter \LATENCY = 2

29.6. Executing AST frontend in derive mode using pre-parsed AST for module `\logic_pcu'.
Parameter \DATA_WIDTH = 256
Parameter \TAG_WIDTH = 64
Parameter \LATENCY = 2
Generating RTLIL representation for module `$paramod$8df5c849c2588b798e9d030949a27f4e3d201c9f\logic_pcu'.
Parameter \DATA_WIDTH = 256
Parameter \TAG_WIDTH = 64
Parameter \LATENCY = 2
Found cached RTLIL representation for module `$paramod$8df5c849c2588b798e9d030949a27f4e3d201c9f\logic_pcu'.
Parameter \DATA_WIDTH = 256
Parameter \TAG_WIDTH = 64
Parameter \LATENCY = 2
Found cached RTLIL representation for module `$paramod$8df5c849c2588b798e9d030949a27f4e3d201c9f\logic_pcu'.
Parameter \DATA_WIDTH = 256
Parameter \TAG_WIDTH = 64
Parameter \LATENCY = 2
Found cached RTLIL representation for module `$paramod$8df5c849c2588b798e9d030949a27f4e3d201c9f\logic_pcu'.
Parameter \DATA_WIDTH = 256
Parameter \TAG_WIDTH = 64
Parameter \LATENCY = 2
Found cached RTLIL representation for module `$paramod$8df5c849c2588b798e9d030949a27f4e3d201c9f\logic_pcu'.
Parameter \DATA_WIDTH = 256
Parameter \TAG_WIDTH = 64
Parameter \LATENCY = 2
Found cached RTLIL representation for module `$paramod$8df5c849c2588b798e9d030949a27f4e3d201c9f\logic_pcu'.
Parameter \DATA_WIDTH = 256
Parameter \TAG_WIDTH = 64
Parameter \LATENCY = 2
Found cached RTLIL representation for module `$paramod$8df5c849c2588b798e9d030949a27f4e3d201c9f\logic_pcu'.
Parameter \DATA_WIDTH = 256
Parameter \TAG_WIDTH = 64
Parameter \LATENCY = 2
Found cached RTLIL representation for module `$paramod$8df5c849c2588b798e9d030949a27f4e3d201c9f\logic_pcu'.
Parameter \DATA_WIDTH = 256
Parameter \TAG_WIDTH = 64
Parameter \LATENCY = 2
Found cached RTLIL representation for module `$paramod$8df5c849c2588b798e9d030949a27f4e3d201c9f\logic_pcu'.
Parameter \DATA_WIDTH = 256
Parameter \TAG_WIDTH = 64
Parameter \LATENCY = 2
Found cached RTLIL representation for module `$paramod$8df5c849c2588b798e9d030949a27f4e3d201c9f\logic_pcu'.
Parameter \DATA_WIDTH = 256
Parameter \TAG_WIDTH = 64
Parameter \LATENCY = 2
Found cached RTLIL representation for module `$paramod$8df5c849c2588b798e9d030949a27f4e3d201c9f\logic_pcu'.
Parameter \DATA_WIDTH = 256
Parameter \TAG_WIDTH = 64
Parameter \LATENCY = 2
Found cached RTLIL representation for module `$paramod$8df5c849c2588b798e9d030949a27f4e3d201c9f\logic_pcu'.
Parameter \DATA_WIDTH = 256
Parameter \TAG_WIDTH = 64
Parameter \LATENCY = 2
Found cached RTLIL representation for module `$paramod$8df5c849c2588b798e9d030949a27f4e3d201c9f\logic_pcu'.
Parameter \DATA_WIDTH = 256
Parameter \TAG_WIDTH = 64
Parameter \LATENCY = 2
Found cached RTLIL representation for module `$paramod$8df5c849c2588b798e9d030949a27f4e3d201c9f\logic_pcu'.
Parameter \DATA_WIDTH = 256
Parameter \TAG_WIDTH = 64
Parameter \LATENCY = 2
Found cached RTLIL representation for module `$paramod$8df5c849c2588b798e9d030949a27f4e3d201c9f\logic_pcu'.
Parameter \DATA_WIDTH = 256
Parameter \TAG_WIDTH = 64
Parameter \LATENCY = 2
Found cached RTLIL representation for module `$paramod$8df5c849c2588b798e9d030949a27f4e3d201c9f\logic_pcu'.
Parameter \LANES = 16

29.7. Executing AST frontend in derive mode using pre-parsed AST for module `\fp16_vector_add'.
Parameter \LANES = 16
Generating RTLIL representation for module `$paramod\fp16_vector_add\LANES=32'00000000000000000000000000010000'.
Parameter \LANES = 16
Found cached RTLIL representation for module `$paramod\fp16_vector_add\LANES=32'00000000000000000000000000010000'.
Parameter \LANES = 16
Found cached RTLIL representation for module `$paramod\fp16_vector_add\LANES=32'00000000000000000000000000010000'.
Parameter \LANES = 16
Found cached RTLIL representation for module `$paramod\fp16_vector_add\LANES=32'00000000000000000000000000010000'.
Parameter \LANES = 16
Found cached RTLIL representation for module `$paramod\fp16_vector_add\LANES=32'00000000000000000000000000010000'.
Parameter \LANES = 16
Found cached RTLIL representation for module `$paramod\fp16_vector_add\LANES=32'00000000000000000000000000010000'.
Parameter \LANES = 16
Found cached RTLIL representation for module `$paramod\fp16_vector_add\LANES=32'00000000000000000000000000010000'.
Parameter \LANES = 16
Found cached RTLIL representation for module `$paramod\fp16_vector_add\LANES=32'00000000000000000000000000010000'.
Parameter \LANES = 16
Found cached RTLIL representation for module `$paramod\fp16_vector_add\LANES=32'00000000000000000000000000010000'.
Parameter \LANES = 16
Found cached RTLIL representation for module `$paramod\fp16_vector_add\LANES=32'00000000000000000000000000010000'.
Parameter \LANES = 16
Found cached RTLIL representation for module `$paramod\fp16_vector_add\LANES=32'00000000000000000000000000010000'.
Parameter \LANES = 16
Found cached RTLIL representation for module `$paramod\fp16_vector_add\LANES=32'00000000000000000000000000010000'.
Parameter \LANES = 16
Found cached RTLIL representation for module `$paramod\fp16_vector_add\LANES=32'00000000000000000000000000010000'.
Parameter \LANES = 16
Found cached RTLIL representation for module `$paramod\fp16_vector_add\LANES=32'00000000000000000000000000010000'.
Parameter \LANES = 16
Found cached RTLIL representation for module `$paramod\fp16_vector_add\LANES=32'00000000000000000000000000010000'.
Parameter \LANES = 16
Found cached RTLIL representation for module `$paramod\fp16_vector_add\LANES=32'00000000000000000000000000010000'.
Parameter \CHANNELS = 64
Parameter \PORTS = 16
Parameter \DATA_WIDTH = 256
Parameter \KEY_WIDTH = 64

29.8. Executing AST frontend in derive mode using pre-parsed AST for module `\cross_channel_reduction_network'.
Parameter \CHANNELS = 64
Parameter \PORTS = 16
Parameter \DATA_WIDTH = 256
Parameter \KEY_WIDTH = 64
Generating RTLIL representation for module `$paramod$967636fc275e85cb3cee218b4f566deea71e0f8b\cross_channel_reduction_network'.
Parameter \PCUS = 16
Parameter \ISSUE_PORTS = 16
Parameter \DATA_WIDTH = 256
Parameter \TAG_WIDTH = 70
Parameter \LATENCY = 2

29.9. Executing AST frontend in derive mode using pre-parsed AST for module `\logic_pcu_scheduler'.
Parameter \PCUS = 16
Parameter \ISSUE_PORTS = 16
Parameter \DATA_WIDTH = 256
Parameter \TAG_WIDTH = 70
Parameter \LATENCY = 2
Generating RTLIL representation for module `$paramod$60842b71a64cf55c7b2253e2b3c62844e770a631\logic_pcu_scheduler'.
Parameter \CHANNELS = 64
Parameter \DATA_WIDTH = 256
Parameter \TAG_WIDTH = 64

29.10. Executing AST frontend in derive mode using pre-parsed AST for module `\logic_operand_context_buffer'.
Parameter \CHANNELS = 64
Parameter \DATA_WIDTH = 256
Parameter \TAG_WIDTH = 64
Generating RTLIL representation for module `$paramod$8892d770deed9d55c2fbb9e42be648281ca47082\logic_operand_context_buffer'.
Warning: Replacing memory \accum_q with list of registers. See rtl/logic_operand_context_buffer.sv:54
Warning: Replacing memory \src2_q with list of registers. See rtl/logic_operand_context_buffer.sv:53
Warning: Replacing memory \src1_q with list of registers. See rtl/logic_operand_context_buffer.sv:52
Warning: Replacing memory \src0_q with list of registers. See rtl/logic_operand_context_buffer.sv:51
Warning: Replacing memory \precision_q with list of registers. See rtl/logic_operand_context_buffer.sv:50
Warning: Replacing memory \tag_q with list of registers. See rtl/logic_operand_context_buffer.sv:49
Parameter \DATA_WIDTH = 256
Parameter \BYTES = 65536

29.11. Executing AST frontend in derive mode using pre-parsed AST for module `\logic_shared_buffer'.
Parameter \DATA_WIDTH = 256
Parameter \BYTES = 65536
Generating RTLIL representation for module `$paramod$a5cdb8f15b66887d1fd8536d46a0dc5ad96ef1fa\logic_shared_buffer'.
Warning: Replacing memory \memory with list of registers. See rtl/logic_shared_buffer.sv:37
Parameter \CHANNELS = 64
Parameter \EPOCH_WIDTH = 16

29.12. Executing AST frontend in derive mode using pre-parsed AST for module `\logic_epoch_barrier'.
Parameter \CHANNELS = 64
Parameter \EPOCH_WIDTH = 16
Generating RTLIL representation for module `$paramod$bd1b89e712fe4e650bd6086085d8ccf47060cb19\logic_epoch_barrier'.
Parameter \CHANNELS = 64

29.13. Executing AST frontend in derive mode using pre-parsed AST for module `\logic_command_coalescer'.
Parameter \CHANNELS = 64
Generating RTLIL representation for module `$paramod\logic_command_coalescer\CHANNELS=32'00000000000000000000000001000000'.
Warning: Replacing memory \expected_q with list of registers. See rtl/logic_command_coalescer.sv:85
Warning: Replacing memory \command_q with list of registers. See rtl/logic_command_coalescer.sv:84
Warning: Replacing memory \signature_q with list of registers. See rtl/logic_command_coalescer.sv:83
Warning: Replacing memory \ordinal_q with list of registers. See rtl/logic_command_coalescer.sv:82
Warning: Replacing memory \epoch_q with list of registers. See rtl/logic_command_coalescer.sv:81
Warning: Replacing memory \mask_q with list of registers. See rtl/logic_command_coalescer.sv:78
Parameter \TAG_WIDTH = 16
Parameter \DATA_FORMAT = 0

29.14. Executing AST frontend in derive mode using pre-parsed AST for module `\logic_normalization_scalar_engine'.
Parameter \TAG_WIDTH = 16
Parameter \DATA_FORMAT = 0
Generating RTLIL representation for module `$paramod$b28f098732e0d83cc5d7cde6845e1e2080cb02e6\logic_normalization_scalar_engine'.
Parameter \INPUTS = 1
Parameter \KEY_WIDTH = 32
Parameter \DATA_WIDTH = 16
Parameter \INDEX_WIDTH = 1

29.15. Executing AST frontend in derive mode using pre-parsed AST for module `\logic_die_link_arbiter'.
Parameter \INPUTS = 1
Parameter \KEY_WIDTH = 32
Parameter \DATA_WIDTH = 16
Parameter \INDEX_WIDTH = 1
Generating RTLIL representation for module `$paramod$8561ce8c4209784b03f61c3da9af23bb9fae896a\logic_die_link_arbiter'.
Parameter \CHANNELS = 1
Parameter \PCUS = 1
Parameter \DATA_WIDTH = 16
Parameter \TAG_WIDTH = 64
Parameter \WEIGHT_BUFFER_BYTES = 16

29.16. Executing AST frontend in derive mode using pre-parsed AST for module `\logic_die_pim_top'.
Parameter \CHANNELS = 1
Parameter \PCUS = 1
Parameter \DATA_WIDTH = 16
Parameter \TAG_WIDTH = 64
Parameter \WEIGHT_BUFFER_BYTES = 16
Generating RTLIL representation for module `$paramod$ff25c87410d3a4b2bcb9fc54b2c1042b88c09a97\logic_die_pim_top'.
Parameter \CHANNELS = 1
Parameter \LANES = 2
Parameter \DATA_WIDTH = 16
Parameter \KEY_WIDTH = 32

29.17. Executing AST frontend in derive mode using pre-parsed AST for module `\channel_tsv_interconnect'.
Parameter \CHANNELS = 1
Parameter \LANES = 2
Parameter \DATA_WIDTH = 16
Parameter \KEY_WIDTH = 32
Generating RTLIL representation for module `$paramod$3da37a96703b50610107715ffe5bba2dba9336fc\channel_tsv_interconnect'.
Parameter \KEY_WIDTH = 64
Parameter \DATA_WIDTH = 16

29.18. Executing AST frontend in derive mode using pre-parsed AST for module `\logic_result_router'.
Parameter \KEY_WIDTH = 64
Parameter \DATA_WIDTH = 16
Generating RTLIL representation for module `$paramod$e75d1d40aa5510c506b0f91fa3b1dd6947b98d5e\logic_result_router'.
Parameter \BANKS = 1
Parameter \TAG_WIDTH = 64
Parameter \DATA_FORMAT = 0

29.19. Executing AST frontend in derive mode using pre-parsed AST for module `\logic_normalization_reduction_engine'.
Parameter \BANKS = 1
Parameter \TAG_WIDTH = 64
Parameter \DATA_FORMAT = 0
Generating RTLIL representation for module `$paramod$072b3b3e7a754012647de4dd8f504c77ed37f12e\logic_normalization_reduction_engine'.
Parameter \BANKS = 1
Parameter \PIM_BLOCKS = 1
Parameter \ROWS = 2
Parameter \COLS = 2
Parameter \DATA_WIDTH = 16
Parameter \KEY_WIDTH = 32
Parameter \CRF_DEPTH = 2

29.20. Executing AST frontend in derive mode using pre-parsed AST for module `\bank_side_pim_subsystem'.
Parameter \BANKS = 1
Parameter \PIM_BLOCKS = 1
Parameter \ROWS = 2
Parameter \COLS = 2
Parameter \DATA_WIDTH = 16
Parameter \KEY_WIDTH = 32
Parameter \CRF_DEPTH = 2
Generating RTLIL representation for module `$paramod$edfab9654da56983021d5c64dca199e0241df6af\bank_side_pim_subsystem'.
Parameter \INPUTS = 1
Parameter \KEY_WIDTH = 32
Parameter \DATA_WIDTH = 16

29.21. Executing AST frontend in derive mode using pre-parsed AST for module `\logic_die_link_arbiter'.
Parameter \INPUTS = 1
Parameter \KEY_WIDTH = 32
Parameter \DATA_WIDTH = 16
Generating RTLIL representation for module `$paramod$5af3aa70cb83a39f84f22bfd3fa32a07f7888ccc\logic_die_link_arbiter'.
Reprocessing module full_pim_system_top because instantiated module $paramod$8561ce8c4209784b03f61c3da9af23bb9fae896a\logic_die_link_arbiter has become available.
Generating RTLIL representation for module `$paramod$5aa7c9804cb21b208f5a9aa852bf8e452bd7be5d\full_pim_system_top'.

29.22. Analyzing design hierarchy..
Top module:  $paramod$5aa7c9804cb21b208f5a9aa852bf8e452bd7be5d\full_pim_system_top
Used module:     \logic_die_link_arbiter
Used module:     \bank_side_pim_subsystem
Used module:         $paramod$0173170335c8e8bebcbd70c23aec370f5341a683\bank_pim_core
Used module:             \pim_vector_alu
Used module:                 \fp16_add
Used module:                 \fp16_mul
Used module:             \pim_command_decoder
Used module:         $paramod\pim_crf\DEPTH=32'00000000000000000000000000100000
Used module:         $paramod$7f1e781518b42735fa691e74eb2e35b90a74e2e1\dram_bank_array_model
Used module:     \logic_normalization_reduction_engine
Used module:         $paramod$b28f098732e0d83cc5d7cde6845e1e2080cb02e6\logic_normalization_scalar_engine
Used module:             \fp16_rsqrt_lut256
Used module:     \logic_result_router
Used module:     \channel_tsv_interconnect
Used module:     \logic_die_pim_top
Used module:         $paramod$967636fc275e85cb3cee218b4f566deea71e0f8b\cross_channel_reduction_network
Used module:             \fp16_vector_add
Used module:         $paramod$60842b71a64cf55c7b2253e2b3c62844e770a631\logic_pcu_scheduler
Used module:             \logic_pcu
Used module:                 $paramod\pim_vector_alu\DATA_WIDTH=32'00000000000000000000000100000000
Used module:         $paramod$8892d770deed9d55c2fbb9e42be648281ca47082\logic_operand_context_buffer
Used module:         $paramod$a5cdb8f15b66887d1fd8536d46a0dc5ad96ef1fa\logic_shared_buffer
Used module:         $paramod$bd1b89e712fe4e650bd6086085d8ccf47060cb19\logic_epoch_barrier
Used module:         $paramod\logic_command_coalescer\CHANNELS=32'00000000000000000000000001000000
Parameter \DATA_WIDTH = 256
Found cached RTLIL representation for module `$paramod\pim_vector_alu\DATA_WIDTH=32'00000000000000000000000100000000'.
Parameter \LANES = 16
Found cached RTLIL representation for module `$paramod\fp16_vector_add\LANES=32'00000000000000000000000000010000'.
Parameter \LANES = 16
Found cached RTLIL representation for module `$paramod\fp16_vector_add\LANES=32'00000000000000000000000000010000'.
Parameter \LANES = 16
Found cached RTLIL representation for module `$paramod\fp16_vector_add\LANES=32'00000000000000000000000000010000'.
Parameter \LANES = 16
Found cached RTLIL representation for module `$paramod\fp16_vector_add\LANES=32'00000000000000000000000000010000'.
Parameter \LANES = 16
Found cached RTLIL representation for module `$paramod\fp16_vector_add\LANES=32'00000000000000000000000000010000'.
Parameter \LANES = 16
Found cached RTLIL representation for module `$paramod\fp16_vector_add\LANES=32'00000000000000000000000000010000'.
Parameter \LANES = 16
Found cached RTLIL representation for module `$paramod\fp16_vector_add\LANES=32'00000000000000000000000000010000'.
Parameter \LANES = 16
Found cached RTLIL representation for module `$paramod\fp16_vector_add\LANES=32'00000000000000000000000000010000'.
Parameter \LANES = 16
Found cached RTLIL representation for module `$paramod\fp16_vector_add\LANES=32'00000000000000000000000000010000'.
Parameter \LANES = 16
Found cached RTLIL representation for module `$paramod\fp16_vector_add\LANES=32'00000000000000000000000000010000'.
Parameter \LANES = 16
Found cached RTLIL representation for module `$paramod\fp16_vector_add\LANES=32'00000000000000000000000000010000'.
Parameter \LANES = 16
Found cached RTLIL representation for module `$paramod\fp16_vector_add\LANES=32'00000000000000000000000000010000'.
Parameter \LANES = 16
Found cached RTLIL representation for module `$paramod\fp16_vector_add\LANES=32'00000000000000000000000000010000'.
Parameter \LANES = 16
Found cached RTLIL representation for module `$paramod\fp16_vector_add\LANES=32'00000000000000000000000000010000'.
Parameter \LANES = 16
Found cached RTLIL representation for module `$paramod\fp16_vector_add\LANES=32'00000000000000000000000000010000'.
Parameter \LANES = 16
Found cached RTLIL representation for module `$paramod\fp16_vector_add\LANES=32'00000000000000000000000000010000'.
Parameter \DATA_WIDTH = 256
Parameter \TAG_WIDTH = 70
Parameter \LATENCY = 2

29.23. Executing AST frontend in derive mode using pre-parsed AST for module `\logic_pcu'.
Parameter \DATA_WIDTH = 256
Parameter \TAG_WIDTH = 70
Parameter \LATENCY = 2
Generating RTLIL representation for module `$paramod$ba9264e8cf235005be4f552b922b0265c511bc6f\logic_pcu'.
Parameter \DATA_WIDTH = 256
Parameter \TAG_WIDTH = 70
Parameter \LATENCY = 2
Found cached RTLIL representation for module `$paramod$ba9264e8cf235005be4f552b922b0265c511bc6f\logic_pcu'.
Parameter \DATA_WIDTH = 256
Parameter \TAG_WIDTH = 70
Parameter \LATENCY = 2
Found cached RTLIL representation for module `$paramod$ba9264e8cf235005be4f552b922b0265c511bc6f\logic_pcu'.
Parameter \DATA_WIDTH = 256
Parameter \TAG_WIDTH = 70
Parameter \LATENCY = 2
Found cached RTLIL representation for module `$paramod$ba9264e8cf235005be4f552b922b0265c511bc6f\logic_pcu'.
Parameter \DATA_WIDTH = 256
Parameter \TAG_WIDTH = 70
Parameter \LATENCY = 2
Found cached RTLIL representation for module `$paramod$ba9264e8cf235005be4f552b922b0265c511bc6f\logic_pcu'.
Parameter \DATA_WIDTH = 256
Parameter \TAG_WIDTH = 70
Parameter \LATENCY = 2
Found cached RTLIL representation for module `$paramod$ba9264e8cf235005be4f552b922b0265c511bc6f\logic_pcu'.
Parameter \DATA_WIDTH = 256
Parameter \TAG_WIDTH = 70
Parameter \LATENCY = 2
Found cached RTLIL representation for module `$paramod$ba9264e8cf235005be4f552b922b0265c511bc6f\logic_pcu'.
Parameter \DATA_WIDTH = 256
Parameter \TAG_WIDTH = 70
Parameter \LATENCY = 2
Found cached RTLIL representation for module `$paramod$ba9264e8cf235005be4f552b922b0265c511bc6f\logic_pcu'.
Parameter \DATA_WIDTH = 256
Parameter \TAG_WIDTH = 70
Parameter \LATENCY = 2
Found cached RTLIL representation for module `$paramod$ba9264e8cf235005be4f552b922b0265c511bc6f\logic_pcu'.
Parameter \DATA_WIDTH = 256
Parameter \TAG_WIDTH = 70
Parameter \LATENCY = 2
Found cached RTLIL representation for module `$paramod$ba9264e8cf235005be4f552b922b0265c511bc6f\logic_pcu'.
Parameter \DATA_WIDTH = 256
Parameter \TAG_WIDTH = 70
Parameter \LATENCY = 2
Found cached RTLIL representation for module `$paramod$ba9264e8cf235005be4f552b922b0265c511bc6f\logic_pcu'.
Parameter \DATA_WIDTH = 256
Parameter \TAG_WIDTH = 70
Parameter \LATENCY = 2
Found cached RTLIL representation for module `$paramod$ba9264e8cf235005be4f552b922b0265c511bc6f\logic_pcu'.
Parameter \DATA_WIDTH = 256
Parameter \TAG_WIDTH = 70
Parameter \LATENCY = 2
Found cached RTLIL representation for module `$paramod$ba9264e8cf235005be4f552b922b0265c511bc6f\logic_pcu'.
Parameter \DATA_WIDTH = 256
Parameter \TAG_WIDTH = 70
Parameter \LATENCY = 2
Found cached RTLIL representation for module `$paramod$ba9264e8cf235005be4f552b922b0265c511bc6f\logic_pcu'.
Parameter \DATA_WIDTH = 256
Parameter \TAG_WIDTH = 70
Parameter \LATENCY = 2
Found cached RTLIL representation for module `$paramod$ba9264e8cf235005be4f552b922b0265c511bc6f\logic_pcu'.
Parameter \DATA_WIDTH = 256
Parameter \TAG_WIDTH = 70
Parameter \LATENCY = 2
Found cached RTLIL representation for module `$paramod$ba9264e8cf235005be4f552b922b0265c511bc6f\logic_pcu'.
Parameter \INPUTS = 1
Parameter \KEY_WIDTH = 32
Parameter \DATA_WIDTH = 16
Found cached RTLIL representation for module `$paramod$5af3aa70cb83a39f84f22bfd3fa32a07f7888ccc\logic_die_link_arbiter'.
Parameter \BANKS = 1
Parameter \PIM_BLOCKS = 1
Parameter \ROWS = 2
Parameter \COLS = 2
Parameter \DATA_WIDTH = 16
Parameter \KEY_WIDTH = 32
Parameter \CRF_DEPTH = 2
Found cached RTLIL representation for module `$paramod$edfab9654da56983021d5c64dca199e0241df6af\bank_side_pim_subsystem'.
Parameter \BANKS = 1
Parameter \TAG_WIDTH = 64
Parameter \DATA_FORMAT = 0
Found cached RTLIL representation for module `$paramod$072b3b3e7a754012647de4dd8f504c77ed37f12e\logic_normalization_reduction_engine'.
Parameter \KEY_WIDTH = 64
Parameter \DATA_WIDTH = 16
Found cached RTLIL representation for module `$paramod$e75d1d40aa5510c506b0f91fa3b1dd6947b98d5e\logic_result_router'.
Parameter \CHANNELS = 1
Parameter \LANES = 2
Parameter \DATA_WIDTH = 16
Parameter \KEY_WIDTH = 32
Found cached RTLIL representation for module `$paramod$3da37a96703b50610107715ffe5bba2dba9336fc\channel_tsv_interconnect'.
Parameter \CHANNELS = 1
Parameter \PCUS = 1
Parameter \DATA_WIDTH = 16
Parameter \TAG_WIDTH = 64
Parameter \WEIGHT_BUFFER_BYTES = 16
Found cached RTLIL representation for module `$paramod$ff25c87410d3a4b2bcb9fc54b2c1042b88c09a97\logic_die_pim_top'.
Parameter \INPUTS = 1
Parameter \KEY_WIDTH = 32
Parameter \DATA_WIDTH = 16
Parameter \INDEX_WIDTH = 1
Found cached RTLIL representation for module `$paramod$8561ce8c4209784b03f61c3da9af23bb9fae896a\logic_die_link_arbiter'.

29.24. Analyzing design hierarchy..
Top module:  $paramod$5aa7c9804cb21b208f5a9aa852bf8e452bd7be5d\full_pim_system_top
Used module:     $paramod$5af3aa70cb83a39f84f22bfd3fa32a07f7888ccc\logic_die_link_arbiter
Used module:     $paramod$edfab9654da56983021d5c64dca199e0241df6af\bank_side_pim_subsystem
Used module:         \bank_pim_core
Used module:             $paramod\pim_vector_alu\DATA_WIDTH=32'00000000000000000000000100000000
Used module:                 \fp16_add
Used module:                 \fp16_mul
Used module:             \pim_command_decoder
Used module:         \pim_crf
Used module:         \dram_bank_array_model
Used module:     $paramod$072b3b3e7a754012647de4dd8f504c77ed37f12e\logic_normalization_reduction_engine
Used module:         \logic_normalization_scalar_engine
Used module:             \fp16_rsqrt_lut256
Used module:     $paramod$e75d1d40aa5510c506b0f91fa3b1dd6947b98d5e\logic_result_router
Used module:     $paramod$3da37a96703b50610107715ffe5bba2dba9336fc\channel_tsv_interconnect
Used module:     $paramod$ff25c87410d3a4b2bcb9fc54b2c1042b88c09a97\logic_die_pim_top
Used module:         \cross_channel_reduction_network
Used module:             $paramod\fp16_vector_add\LANES=32'00000000000000000000000000010000
Used module:         \logic_pcu_scheduler
Used module:             $paramod$8df5c849c2588b798e9d030949a27f4e3d201c9f\logic_pcu
Used module:                 \pim_vector_alu
Used module:         \logic_operand_context_buffer
Used module:         \logic_shared_buffer
Used module:         \logic_epoch_barrier
Used module:         \logic_command_coalescer
Used module:     $paramod$8561ce8c4209784b03f61c3da9af23bb9fae896a\logic_die_link_arbiter
Parameter \DATA_WIDTH = 256
Found cached RTLIL representation for module `$paramod\pim_vector_alu\DATA_WIDTH=32'00000000000000000000000100000000'.
Parameter \CHANNELS = 1
Parameter \PORTS = 1
Parameter \DATA_WIDTH = 16
Parameter \KEY_WIDTH = 64

29.25. Executing AST frontend in derive mode using pre-parsed AST for module `\cross_channel_reduction_network'.
Parameter \CHANNELS = 1
Parameter \PORTS = 1
Parameter \DATA_WIDTH = 16
Parameter \KEY_WIDTH = 64
Generating RTLIL representation for module `$paramod$ad5d657a4795afe2018b20e9cb7761c016f26fd8\cross_channel_reduction_network'.
Parameter \PCUS = 1
Parameter \ISSUE_PORTS = 1
Parameter \DATA_WIDTH = 16
Parameter \TAG_WIDTH = 65
Parameter \LATENCY = 2

29.26. Executing AST frontend in derive mode using pre-parsed AST for module `\logic_pcu_scheduler'.
Parameter \PCUS = 1
Parameter \ISSUE_PORTS = 1
Parameter \DATA_WIDTH = 16
Parameter \TAG_WIDTH = 65
Parameter \LATENCY = 2
Generating RTLIL representation for module `$paramod$b6ed69b3667d90b531d60ada0b8ecfc38bcdf041\logic_pcu_scheduler'.
Parameter \CHANNELS = 1
Parameter \DATA_WIDTH = 16
Parameter \TAG_WIDTH = 64

29.27. Executing AST frontend in derive mode using pre-parsed AST for module `\logic_operand_context_buffer'.
Parameter \CHANNELS = 1
Parameter \DATA_WIDTH = 16
Parameter \TAG_WIDTH = 64
Generating RTLIL representation for module `$paramod$e2122496c836f66e82fe6acb8c5d6be1a2f40053\logic_operand_context_buffer'.
Warning: Replacing memory \accum_q with list of registers. See rtl/logic_operand_context_buffer.sv:54
Warning: Replacing memory \src2_q with list of registers. See rtl/logic_operand_context_buffer.sv:53
Warning: Replacing memory \src1_q with list of registers. See rtl/logic_operand_context_buffer.sv:52
Warning: Replacing memory \src0_q with list of registers. See rtl/logic_operand_context_buffer.sv:51
Warning: Replacing memory \precision_q with list of registers. See rtl/logic_operand_context_buffer.sv:50
Warning: Replacing memory \tag_q with list of registers. See rtl/logic_operand_context_buffer.sv:49
Parameter \DATA_WIDTH = 16
Parameter \BYTES = 16

29.28. Executing AST frontend in derive mode using pre-parsed AST for module `\logic_shared_buffer'.
Parameter \DATA_WIDTH = 16
Parameter \BYTES = 16
Generating RTLIL representation for module `$paramod$4ca364aa24c160c7b616e4c35486696cf8b910b6\logic_shared_buffer'.
Warning: Replacing memory \memory with list of registers. See rtl/logic_shared_buffer.sv:37
Parameter \CHANNELS = 1
Parameter \EPOCH_WIDTH = 16

29.29. Executing AST frontend in derive mode using pre-parsed AST for module `\logic_epoch_barrier'.
Parameter \CHANNELS = 1
Parameter \EPOCH_WIDTH = 16
Generating RTLIL representation for module `$paramod$71d47b5ce33143519e8cc5af0c2167f71d3a6413\logic_epoch_barrier'.
Parameter \CHANNELS = 1

29.30. Executing AST frontend in derive mode using pre-parsed AST for module `\logic_command_coalescer'.
Parameter \CHANNELS = 1
Generating RTLIL representation for module `$paramod\logic_command_coalescer\CHANNELS=32'00000000000000000000000000000001'.
Warning: Replacing memory \expected_q with list of registers. See rtl/logic_command_coalescer.sv:85
Warning: Replacing memory \command_q with list of registers. See rtl/logic_command_coalescer.sv:84
Warning: Replacing memory \signature_q with list of registers. See rtl/logic_command_coalescer.sv:83
Warning: Replacing memory \ordinal_q with list of registers. See rtl/logic_command_coalescer.sv:82
Warning: Replacing memory \epoch_q with list of registers. See rtl/logic_command_coalescer.sv:81
Warning: Replacing memory \mask_q with list of registers. See rtl/logic_command_coalescer.sv:78
Parameter \TAG_WIDTH = 64
Parameter \DATA_FORMAT = 0

29.31. Executing AST frontend in derive mode using pre-parsed AST for module `\logic_normalization_scalar_engine'.
Parameter \TAG_WIDTH = 64
Parameter \DATA_FORMAT = 0
Generating RTLIL representation for module `$paramod$411ea3414050496ef54cdc60d95e95ff23dee0c5\logic_normalization_scalar_engine'.
Parameter \DATA_WIDTH = 16
Parameter \KEY_WIDTH = 32

29.32. Executing AST frontend in derive mode using pre-parsed AST for module `\bank_pim_core'.
Parameter \DATA_WIDTH = 16
Parameter \KEY_WIDTH = 32
Generating RTLIL representation for module `$paramod$4f71396eede93dc2105d68c262aac327633e4f66\bank_pim_core'.
Warning: Replacing memory \grf_a with list of registers. See rtl/bank_pim_core.sv:124
Warning: Replacing memory \grf_b with list of registers. See rtl/bank_pim_core.sv:123
Parameter \DEPTH = 2

29.33. Executing AST frontend in derive mode using pre-parsed AST for module `\pim_crf'.
Parameter \DEPTH = 2
Generating RTLIL representation for module `$paramod\pim_crf\DEPTH=32'00000000000000000000000000000010'.
Warning: Replacing memory \memory with list of registers. See rtl/pim_crf.sv:53
Parameter \BANKS = 1
Parameter \ROWS = 2
Parameter \COLS = 2
Parameter \DATA_WIDTH = 16
Parameter \PIM_READ_PORTS = 2

29.34. Executing AST frontend in derive mode using pre-parsed AST for module `\dram_bank_array_model'.
Parameter \BANKS = 1
Parameter \ROWS = 2
Parameter \COLS = 2
Parameter \DATA_WIDTH = 16
Parameter \PIM_READ_PORTS = 2
Generating RTLIL representation for module `$paramod$dff206017380a72cd936ba49edb342f444f5d147\dram_bank_array_model'.
Warning: Replacing memory \memory with list of registers. See rtl/dram_bank_array_model.sv:172

29.35. Analyzing design hierarchy..
Top module:  $paramod$5aa7c9804cb21b208f5a9aa852bf8e452bd7be5d\full_pim_system_top
Used module:     $paramod$5af3aa70cb83a39f84f22bfd3fa32a07f7888ccc\logic_die_link_arbiter
Used module:     $paramod$edfab9654da56983021d5c64dca199e0241df6af\bank_side_pim_subsystem
Used module:         $paramod$4f71396eede93dc2105d68c262aac327633e4f66\bank_pim_core
Used module:             \pim_vector_alu
Used module:                 \fp16_add
Used module:                 \fp16_mul
Used module:             \pim_command_decoder
Used module:         $paramod\pim_crf\DEPTH=32'00000000000000000000000000000010
Used module:         $paramod$dff206017380a72cd936ba49edb342f444f5d147\dram_bank_array_model
Used module:     $paramod$072b3b3e7a754012647de4dd8f504c77ed37f12e\logic_normalization_reduction_engine
Used module:         $paramod$411ea3414050496ef54cdc60d95e95ff23dee0c5\logic_normalization_scalar_engine
Used module:             \fp16_rsqrt_lut256
Used module:     $paramod$e75d1d40aa5510c506b0f91fa3b1dd6947b98d5e\logic_result_router
Used module:     $paramod$3da37a96703b50610107715ffe5bba2dba9336fc\channel_tsv_interconnect
Used module:     $paramod$ff25c87410d3a4b2bcb9fc54b2c1042b88c09a97\logic_die_pim_top
Used module:         $paramod$ad5d657a4795afe2018b20e9cb7761c016f26fd8\cross_channel_reduction_network
Used module:             \fp16_vector_add
Used module:         $paramod$b6ed69b3667d90b531d60ada0b8ecfc38bcdf041\logic_pcu_scheduler
Used module:             \logic_pcu
Used module:                 $paramod\pim_vector_alu\DATA_WIDTH=32'00000000000000000000000100000000
Used module:         $paramod$e2122496c836f66e82fe6acb8c5d6be1a2f40053\logic_operand_context_buffer
Used module:         $paramod$4ca364aa24c160c7b616e4c35486696cf8b910b6\logic_shared_buffer
Used module:         $paramod$71d47b5ce33143519e8cc5af0c2167f71d3a6413\logic_epoch_barrier
Used module:         $paramod\logic_command_coalescer\CHANNELS=32'00000000000000000000000000000001
Used module:     $paramod$8561ce8c4209784b03f61c3da9af23bb9fae896a\logic_die_link_arbiter
Parameter \LANES = 1

29.36. Executing AST frontend in derive mode using pre-parsed AST for module `\fp16_vector_add'.
Parameter \LANES = 1
Generating RTLIL representation for module `$paramod\fp16_vector_add\LANES=32'00000000000000000000000000000001'.
Parameter \DATA_WIDTH = 16
Parameter \TAG_WIDTH = 65
Parameter \LATENCY = 2

29.37. Executing AST frontend in derive mode using pre-parsed AST for module `\logic_pcu'.
Parameter \DATA_WIDTH = 16
Parameter \TAG_WIDTH = 65
Parameter \LATENCY = 2
Generating RTLIL representation for module `$paramod$2a1f6da2cdb64d7e632283afe02f3a8a1121a354\logic_pcu'.
Parameter \DATA_WIDTH = 16

29.38. Executing AST frontend in derive mode using pre-parsed AST for module `\pim_vector_alu'.
Parameter \DATA_WIDTH = 16
Generating RTLIL representation for module `$paramod\pim_vector_alu\DATA_WIDTH=32'00000000000000000000000000010000'.

29.39. Analyzing design hierarchy..
Top module:  $paramod$5aa7c9804cb21b208f5a9aa852bf8e452bd7be5d\full_pim_system_top
Used module:     $paramod$5af3aa70cb83a39f84f22bfd3fa32a07f7888ccc\logic_die_link_arbiter
Used module:     $paramod$edfab9654da56983021d5c64dca199e0241df6af\bank_side_pim_subsystem
Used module:         $paramod$4f71396eede93dc2105d68c262aac327633e4f66\bank_pim_core
Used module:             $paramod\pim_vector_alu\DATA_WIDTH=32'00000000000000000000000000010000
Used module:                 \fp16_add
Used module:                 \fp16_mul
Used module:             \pim_command_decoder
Used module:         $paramod\pim_crf\DEPTH=32'00000000000000000000000000000010
Used module:         $paramod$dff206017380a72cd936ba49edb342f444f5d147\dram_bank_array_model
Used module:     $paramod$072b3b3e7a754012647de4dd8f504c77ed37f12e\logic_normalization_reduction_engine
Used module:         $paramod$411ea3414050496ef54cdc60d95e95ff23dee0c5\logic_normalization_scalar_engine
Used module:             \fp16_rsqrt_lut256
Used module:     $paramod$e75d1d40aa5510c506b0f91fa3b1dd6947b98d5e\logic_result_router
Used module:     $paramod$3da37a96703b50610107715ffe5bba2dba9336fc\channel_tsv_interconnect
Used module:     $paramod$ff25c87410d3a4b2bcb9fc54b2c1042b88c09a97\logic_die_pim_top
Used module:         $paramod$ad5d657a4795afe2018b20e9cb7761c016f26fd8\cross_channel_reduction_network
Used module:             $paramod\fp16_vector_add\LANES=32'00000000000000000000000000000001
Used module:         $paramod$b6ed69b3667d90b531d60ada0b8ecfc38bcdf041\logic_pcu_scheduler
Used module:             $paramod$2a1f6da2cdb64d7e632283afe02f3a8a1121a354\logic_pcu
Used module:                 \pim_vector_alu
Used module:         $paramod$e2122496c836f66e82fe6acb8c5d6be1a2f40053\logic_operand_context_buffer
Used module:         $paramod$4ca364aa24c160c7b616e4c35486696cf8b910b6\logic_shared_buffer
Used module:         $paramod$71d47b5ce33143519e8cc5af0c2167f71d3a6413\logic_epoch_barrier
Used module:         $paramod\logic_command_coalescer\CHANNELS=32'00000000000000000000000000000001
Used module:     $paramod$8561ce8c4209784b03f61c3da9af23bb9fae896a\logic_die_link_arbiter
Parameter \DATA_WIDTH = 16
Found cached RTLIL representation for module `$paramod\pim_vector_alu\DATA_WIDTH=32'00000000000000000000000000010000'.

29.40. Analyzing design hierarchy..
Top module:  $paramod$5aa7c9804cb21b208f5a9aa852bf8e452bd7be5d\full_pim_system_top
Used module:     $paramod$5af3aa70cb83a39f84f22bfd3fa32a07f7888ccc\logic_die_link_arbiter
Used module:     $paramod$edfab9654da56983021d5c64dca199e0241df6af\bank_side_pim_subsystem
Used module:         $paramod$4f71396eede93dc2105d68c262aac327633e4f66\bank_pim_core
Used module:             $paramod\pim_vector_alu\DATA_WIDTH=32'00000000000000000000000000010000
Used module:                 \fp16_add
Used module:                 \fp16_mul
Used module:             \pim_command_decoder
Used module:         $paramod\pim_crf\DEPTH=32'00000000000000000000000000000010
Used module:         $paramod$dff206017380a72cd936ba49edb342f444f5d147\dram_bank_array_model
Used module:     $paramod$072b3b3e7a754012647de4dd8f504c77ed37f12e\logic_normalization_reduction_engine
Used module:         $paramod$411ea3414050496ef54cdc60d95e95ff23dee0c5\logic_normalization_scalar_engine
Used module:             \fp16_rsqrt_lut256
Used module:     $paramod$e75d1d40aa5510c506b0f91fa3b1dd6947b98d5e\logic_result_router
Used module:     $paramod$3da37a96703b50610107715ffe5bba2dba9336fc\channel_tsv_interconnect
Used module:     $paramod$ff25c87410d3a4b2bcb9fc54b2c1042b88c09a97\logic_die_pim_top
Used module:         $paramod$ad5d657a4795afe2018b20e9cb7761c016f26fd8\cross_channel_reduction_network
Used module:             $paramod\fp16_vector_add\LANES=32'00000000000000000000000000000001
Used module:         $paramod$b6ed69b3667d90b531d60ada0b8ecfc38bcdf041\logic_pcu_scheduler
Used module:             $paramod$2a1f6da2cdb64d7e632283afe02f3a8a1121a354\logic_pcu
Used module:         $paramod$e2122496c836f66e82fe6acb8c5d6be1a2f40053\logic_operand_context_buffer
Used module:         $paramod$4ca364aa24c160c7b616e4c35486696cf8b910b6\logic_shared_buffer
Used module:         $paramod$71d47b5ce33143519e8cc5af0c2167f71d3a6413\logic_epoch_barrier
Used module:         $paramod\logic_command_coalescer\CHANNELS=32'00000000000000000000000000000001
Used module:     $paramod$8561ce8c4209784b03f61c3da9af23bb9fae896a\logic_die_link_arbiter

29.41. Analyzing design hierarchy..
Top module:  $paramod$5aa7c9804cb21b208f5a9aa852bf8e452bd7be5d\full_pim_system_top
Used module:     $paramod$5af3aa70cb83a39f84f22bfd3fa32a07f7888ccc\logic_die_link_arbiter
Used module:     $paramod$edfab9654da56983021d5c64dca199e0241df6af\bank_side_pim_subsystem
Used module:         $paramod$4f71396eede93dc2105d68c262aac327633e4f66\bank_pim_core
Used module:             $paramod\pim_vector_alu\DATA_WIDTH=32'00000000000000000000000000010000
Used module:                 \fp16_add
Used module:                 \fp16_mul
Used module:             \pim_command_decoder
Used module:         $paramod\pim_crf\DEPTH=32'00000000000000000000000000000010
Used module:         $paramod$dff206017380a72cd936ba49edb342f444f5d147\dram_bank_array_model
Used module:     $paramod$072b3b3e7a754012647de4dd8f504c77ed37f12e\logic_normalization_reduction_engine
Used module:         $paramod$411ea3414050496ef54cdc60d95e95ff23dee0c5\logic_normalization_scalar_engine
Used module:             \fp16_rsqrt_lut256
Used module:     $paramod$e75d1d40aa5510c506b0f91fa3b1dd6947b98d5e\logic_result_router
Used module:     $paramod$3da37a96703b50610107715ffe5bba2dba9336fc\channel_tsv_interconnect
Used module:     $paramod$ff25c87410d3a4b2bcb9fc54b2c1042b88c09a97\logic_die_pim_top
Used module:         $paramod$ad5d657a4795afe2018b20e9cb7761c016f26fd8\cross_channel_reduction_network
Used module:             $paramod\fp16_vector_add\LANES=32'00000000000000000000000000000001
Used module:         $paramod$b6ed69b3667d90b531d60ada0b8ecfc38bcdf041\logic_pcu_scheduler
Used module:             $paramod$2a1f6da2cdb64d7e632283afe02f3a8a1121a354\logic_pcu
Used module:         $paramod$e2122496c836f66e82fe6acb8c5d6be1a2f40053\logic_operand_context_buffer
Used module:         $paramod$4ca364aa24c160c7b616e4c35486696cf8b910b6\logic_shared_buffer
Used module:         $paramod$71d47b5ce33143519e8cc5af0c2167f71d3a6413\logic_epoch_barrier
Used module:         $paramod\logic_command_coalescer\CHANNELS=32'00000000000000000000000000000001
Used module:     $paramod$8561ce8c4209784b03f61c3da9af23bb9fae896a\logic_die_link_arbiter
Removing unused module `$paramod$ba9264e8cf235005be4f552b922b0265c511bc6f\logic_pcu'.
Removing unused module `$paramod$b28f098732e0d83cc5d7cde6845e1e2080cb02e6\logic_normalization_scalar_engine'.
Removing unused module `$paramod\logic_command_coalescer\CHANNELS=32'00000000000000000000000001000000'.
Removing unused module `$paramod$bd1b89e712fe4e650bd6086085d8ccf47060cb19\logic_epoch_barrier'.
Removing unused module `$paramod$a5cdb8f15b66887d1fd8536d46a0dc5ad96ef1fa\logic_shared_buffer'.
Removing unused module `$paramod$8892d770deed9d55c2fbb9e42be648281ca47082\logic_operand_context_buffer'.
Removing unused module `$paramod$60842b71a64cf55c7b2253e2b3c62844e770a631\logic_pcu_scheduler'.
Removing unused module `$paramod$967636fc275e85cb3cee218b4f566deea71e0f8b\cross_channel_reduction_network'.
Removing unused module `$paramod\fp16_vector_add\LANES=32'00000000000000000000000000010000'.
Removing unused module `$paramod$8df5c849c2588b798e9d030949a27f4e3d201c9f\logic_pcu'.
Removing unused module `$paramod$7f1e781518b42735fa691e74eb2e35b90a74e2e1\dram_bank_array_model'.
Removing unused module `$paramod\pim_crf\DEPTH=32'00000000000000000000000000100000'.
Removing unused module `$paramod$0173170335c8e8bebcbd70c23aec370f5341a683\bank_pim_core'.
Removing unused module `$paramod\pim_vector_alu\DATA_WIDTH=32'00000000000000000000000100000000'.
Removing unused module `\logic_normalization_reduction_engine'.
Removing unused module `\logic_normalization_scalar_engine'.
Removing unused module `\bf16_rsqrt_lut256'.
Removing unused module `\logic_die_pim_top'.
Removing unused module `\logic_result_router'.
Removing unused module `\cross_channel_reduction_network'.
Removing unused module `\logic_operand_context_buffer'.
Removing unused module `\logic_command_coalescer'.
Removing unused module `\logic_pcu_scheduler'.
Removing unused module `\logic_pcu'.
Removing unused module `\logic_shared_buffer'.
Removing unused module `\logic_epoch_barrier'.
Removing unused module `\channel_tsv_interconnect'.
Removing unused module `\logic_die_link_arbiter'.
Removing unused module `\bank_side_pim_subsystem'.
Removing unused module `\bank_pim_core'.
Removing unused module `\dram_bank_array_model'.
Removing unused module `\pim_crf'.
Removing unused module `\pim_vector_alu'.
Removing unused module `\fp16_vector_add'.
Removing unused module `\bf16_mul'.
Removing unused module `\bf16_add'.
Removed 36 unused modules.

30. Executing SYNTH pass.

30.1. Executing HIERARCHY pass (managing design hierarchy).
ERROR: Module `full_pim_system_top' not found!
