
-- Running command `read_verilog -sv rtl/normalization_scalar_broadcast.sv; chparam -set BANKS 16 normalization_scalar_broadcast; hierarchy -check -top normalization_scalar_broadcast; synth -top normalization_scalar_broadcast; stat; check -assert' --

1. Executing Verilog-2005 frontend: rtl/normalization_scalar_broadcast.sv
Parsing SystemVerilog input from `rtl/normalization_scalar_broadcast.sv' to AST representation.
Generating RTLIL representation for module `\normalization_scalar_broadcast'.
Successfully finished Verilog frontend.
Parameter \BANKS = 16

2. Executing AST frontend in derive mode using pre-parsed AST for module `\normalization_scalar_broadcast'.
Parameter \BANKS = 16
Generating RTLIL representation for module `$paramod\normalization_scalar_broadcast\BANKS=32'00000000000000000000000000010000'.

3. Executing HIERARCHY pass (managing design hierarchy).

3.1. Analyzing design hierarchy..
Top module:  \normalization_scalar_broadcast

3.2. Analyzing design hierarchy..
Top module:  \normalization_scalar_broadcast
Removed 0 unused modules.

4. Executing SYNTH pass.

4.1. Executing HIERARCHY pass (managing design hierarchy).

4.1.1. Analyzing design hierarchy..
Top module:  \normalization_scalar_broadcast

4.1.2. Analyzing design hierarchy..
Top module:  \normalization_scalar_broadcast
Removed 0 unused modules.

4.2. Executing PROC pass (convert processes to netlists).

4.2.1. Executing PROC_CLEAN pass (remove empty switches from decision trees).
Cleaned up 0 empty switches.

4.2.2. Executing PROC_RMDEAD pass (remove dead branches from decision trees).
Marked 2 switch rules as full_case in process $proc$rtl/normalization_scalar_broadcast.sv:39$16 in module normalization_scalar_broadcast.
Removed a total of 0 dead cases.

4.2.3. Executing PROC_PRUNE pass (remove redundant assignments in processes).
Removed 1 redundant assignment.
Promoted 65 assignments to connections.

4.2.4. Executing PROC_INIT pass (extract init attributes).

4.2.5. Executing PROC_ARST pass (detect async resets in processes).
Found async reset \rst_ni in `\normalization_scalar_broadcast.$proc$rtl/normalization_scalar_broadcast.sv:39$16'.

4.2.6. Executing PROC_ROM pass (convert switches to ROMs).
Converted 0 switches.
<suppressed ~2 debug messages>

4.2.7. Executing PROC_MUX pass (convert decision trees to multiplexers).
Creating decoders for process `\normalization_scalar_broadcast.$proc$rtl/normalization_scalar_broadcast.sv:0$14'.
Creating decoders for process `\normalization_scalar_broadcast.$proc$rtl/normalization_scalar_broadcast.sv:39$16'.
     1/6: $0\pending_q[15:0]
     2/6: $0\inv_std_q[15:0]
     3/6: $0\mean_q[15:0]
     4/6: $0\tag_q[15:0]
     5/6: $0\rms_norm_q[0:0]
     6/6: $0\zero_target_error_o[0:0]

4.2.8. Executing PROC_DLATCH pass (convert process syncs to latches).
No latch inferred for signal `\normalization_scalar_broadcast.\bank_rms_norm_o' from process `\normalization_scalar_broadcast.$proc$rtl/normalization_scalar_broadcast.sv:0$14'.
No latch inferred for signal `\normalization_scalar_broadcast.\bank_tag_o' from process `\normalization_scalar_broadcast.$proc$rtl/normalization_scalar_broadcast.sv:0$14'.
No latch inferred for signal `\normalization_scalar_broadcast.\bank_mean_o' from process `\normalization_scalar_broadcast.$proc$rtl/normalization_scalar_broadcast.sv:0$14'.
No latch inferred for signal `\normalization_scalar_broadcast.\bank_inv_std_o' from process `\normalization_scalar_broadcast.$proc$rtl/normalization_scalar_broadcast.sv:0$14'.
No latch inferred for signal `\normalization_scalar_broadcast.$fordecl_block$1.b' from process `\normalization_scalar_broadcast.$proc$rtl/normalization_scalar_broadcast.sv:0$14'.

4.2.9. Executing PROC_DFF pass (convert process syncs to FFs).
Creating register for signal `\normalization_scalar_broadcast.\zero_target_error_o' using process `\normalization_scalar_broadcast.$proc$rtl/normalization_scalar_broadcast.sv:39$16'.
  created $adff cell `$procdff$57' with positive edge clock and positive level reset.
Creating register for signal `\normalization_scalar_broadcast.\pending_q' using process `\normalization_scalar_broadcast.$proc$rtl/normalization_scalar_broadcast.sv:39$16'.
  created $adff cell `$procdff$62' with positive edge clock and positive level reset.
Creating register for signal `\normalization_scalar_broadcast.\rms_norm_q' using process `\normalization_scalar_broadcast.$proc$rtl/normalization_scalar_broadcast.sv:39$16'.
  created $adff cell `$procdff$67' with positive edge clock and positive level reset.
Creating register for signal `\normalization_scalar_broadcast.\tag_q' using process `\normalization_scalar_broadcast.$proc$rtl/normalization_scalar_broadcast.sv:39$16'.
  created $adff cell `$procdff$72' with positive edge clock and positive level reset.
Creating register for signal `\normalization_scalar_broadcast.\mean_q' using process `\normalization_scalar_broadcast.$proc$rtl/normalization_scalar_broadcast.sv:39$16'.
  created $adff cell `$procdff$77' with positive edge clock and positive level reset.
Creating register for signal `\normalization_scalar_broadcast.\inv_std_q' using process `\normalization_scalar_broadcast.$proc$rtl/normalization_scalar_broadcast.sv:39$16'.
  created $adff cell `$procdff$82' with positive edge clock and positive level reset.

4.2.10. Executing PROC_MEMWR pass (convert process memory writes to cells).

4.2.11. Executing PROC_CLEAN pass (remove empty switches from decision trees).
Removing empty process `normalization_scalar_broadcast.$proc$rtl/normalization_scalar_broadcast.sv:0$14'.
Found and cleaned up 2 empty switches in `\normalization_scalar_broadcast.$proc$rtl/normalization_scalar_broadcast.sv:39$16'.
Removing empty process `normalization_scalar_broadcast.$proc$rtl/normalization_scalar_broadcast.sv:39$16'.
Cleaned up 2 empty switches.

4.2.12. Executing OPT_EXPR pass (perform const folding).
Optimizing module normalization_scalar_broadcast.
<suppressed ~14 debug messages>

4.3. Executing OPT_EXPR pass (perform const folding).
Optimizing module normalization_scalar_broadcast.

4.4. Executing OPT_CLEAN pass (remove unused cells and wires).
Finding unused cells or wires in module \normalization_scalar_broadcast..
Removed 7 unused cells and 38 unused wires.
<suppressed ~8 debug messages>

4.5. Executing CHECK pass (checking for obvious problems).
Checking module normalization_scalar_broadcast...
Found and reported 0 problems.

4.6. Executing OPT pass (performing simple optimizations).

4.6.1. Executing OPT_EXPR pass (perform const folding).
Optimizing module normalization_scalar_broadcast.

4.6.2. Executing OPT_MERGE pass (detect identical cells).
Finding identical cells in module `\normalization_scalar_broadcast'.
Removed a total of 0 cells.

4.6.3. Executing OPT_MUXTREE pass (detect dead branches in mux trees).
Running muxtree optimizer on module \normalization_scalar_broadcast..
  Creating internal representation of mux trees.
  Evaluating internal representation of mux trees.
  Analyzing evaluation results.
Removed 0 multiplexer ports.
<suppressed ~6 debug messages>

4.6.4. Executing OPT_REDUCE pass (consolidate $*mux and $reduce_* inputs).
  Optimizing cells in module \normalization_scalar_broadcast.
Performed a total of 0 changes.

4.6.5. Executing OPT_MERGE pass (detect identical cells).
Finding identical cells in module `\normalization_scalar_broadcast'.
Removed a total of 0 cells.

4.6.6. Executing OPT_DFF pass (perform DFF optimizations).

4.6.7. Executing OPT_CLEAN pass (remove unused cells and wires).
Finding unused cells or wires in module \normalization_scalar_broadcast..

4.6.8. Executing OPT_EXPR pass (perform const folding).
Optimizing module normalization_scalar_broadcast.

4.6.9. Finished OPT passes. (There is nothing left to do.)

4.7. Executing FSM pass (extract and optimize FSM).

4.7.1. Executing FSM_DETECT pass (finding FSMs in design).

4.7.2. Executing FSM_EXTRACT pass (extracting FSM from design).

4.7.3. Executing FSM_OPT pass (simple optimizations of FSMs).

4.7.4. Executing OPT_CLEAN pass (remove unused cells and wires).
Finding unused cells or wires in module \normalization_scalar_broadcast..

4.7.5. Executing FSM_OPT pass (simple optimizations of FSMs).

4.7.6. Executing FSM_RECODE pass (re-assigning FSM state encoding).

4.7.7. Executing FSM_INFO pass (dumping all available information on FSM cells).

4.7.8. Executing FSM_MAP pass (mapping FSMs to basic logic).

4.8. Executing OPT pass (performing simple optimizations).

4.8.1. Executing OPT_EXPR pass (perform const folding).
Optimizing module normalization_scalar_broadcast.

4.8.2. Executing OPT_MERGE pass (detect identical cells).
Finding identical cells in module `\normalization_scalar_broadcast'.
Removed a total of 0 cells.

4.8.3. Executing OPT_MUXTREE pass (detect dead branches in mux trees).
Running muxtree optimizer on module \normalization_scalar_broadcast..
  Creating internal representation of mux trees.
  Evaluating internal representation of mux trees.
  Analyzing evaluation results.
Removed 0 multiplexer ports.
<suppressed ~6 debug messages>

4.8.4. Executing OPT_REDUCE pass (consolidate $*mux and $reduce_* inputs).
  Optimizing cells in module \normalization_scalar_broadcast.
Performed a total of 0 changes.

4.8.5. Executing OPT_MERGE pass (detect identical cells).
Finding identical cells in module `\normalization_scalar_broadcast'.
Removed a total of 0 cells.

4.8.6. Executing OPT_DFF pass (perform DFF optimizations).
Adding EN signal on $procdff$82 ($adff) from module normalization_scalar_broadcast (D = \inv_std_i, Q = \inv_std_q).
Adding EN signal on $procdff$77 ($adff) from module normalization_scalar_broadcast (D = \mean_i, Q = \mean_q).
Adding EN signal on $procdff$72 ($adff) from module normalization_scalar_broadcast (D = \tag_i, Q = \tag_q).
Adding EN signal on $procdff$67 ($adff) from module normalization_scalar_broadcast (D = \rms_norm_i, Q = \rms_norm_q).
Adding EN signal on $procdff$57 ($adff) from module normalization_scalar_broadcast (D = 1'1, Q = \zero_target_error_o).

4.8.7. Executing OPT_CLEAN pass (remove unused cells and wires).
Finding unused cells or wires in module \normalization_scalar_broadcast..
Removed 10 unused cells and 10 unused wires.
<suppressed ~11 debug messages>

4.8.8. Executing OPT_EXPR pass (perform const folding).
Optimizing module normalization_scalar_broadcast.

4.8.9. Rerunning OPT passes. (Maybe there is more to do..)

4.8.10. Executing OPT_MUXTREE pass (detect dead branches in mux trees).
Running muxtree optimizer on module \normalization_scalar_broadcast..
  Creating internal representation of mux trees.
  Evaluating internal representation of mux trees.
  Analyzing evaluation results.
Removed 0 multiplexer ports.
<suppressed ~1 debug messages>

4.8.11. Executing OPT_REDUCE pass (consolidate $*mux and $reduce_* inputs).
  Optimizing cells in module \normalization_scalar_broadcast.
Performed a total of 0 changes.

4.8.12. Executing OPT_MERGE pass (detect identical cells).
Finding identical cells in module `\normalization_scalar_broadcast'.
<suppressed ~18 debug messages>
Removed a total of 6 cells.

4.8.13. Executing OPT_DFF pass (perform DFF optimizations).

4.8.14. Executing OPT_CLEAN pass (remove unused cells and wires).
Finding unused cells or wires in module \normalization_scalar_broadcast..
Removed 0 unused cells and 6 unused wires.
<suppressed ~1 debug messages>

4.8.15. Executing OPT_EXPR pass (perform const folding).
Optimizing module normalization_scalar_broadcast.

4.8.16. Rerunning OPT passes. (Maybe there is more to do..)

4.8.17. Executing OPT_MUXTREE pass (detect dead branches in mux trees).
Running muxtree optimizer on module \normalization_scalar_broadcast..
  Creating internal representation of mux trees.
  Evaluating internal representation of mux trees.
  Analyzing evaluation results.
Removed 0 multiplexer ports.
<suppressed ~1 debug messages>

4.8.18. Executing OPT_REDUCE pass (consolidate $*mux and $reduce_* inputs).
  Optimizing cells in module \normalization_scalar_broadcast.
Performed a total of 0 changes.

4.8.19. Executing OPT_MERGE pass (detect identical cells).
Finding identical cells in module `\normalization_scalar_broadcast'.
Removed a total of 0 cells.

4.8.20. Executing OPT_DFF pass (perform DFF optimizations).

4.8.21. Executing OPT_CLEAN pass (remove unused cells and wires).
Finding unused cells or wires in module \normalization_scalar_broadcast..

4.8.22. Executing OPT_EXPR pass (perform const folding).
Optimizing module normalization_scalar_broadcast.

4.8.23. Finished OPT passes. (There is nothing left to do.)

4.9. Executing WREDUCE pass (reducing word size of cells).

4.10. Executing PEEPOPT pass (run peephole optimizers).

4.11. Executing OPT_CLEAN pass (remove unused cells and wires).
Finding unused cells or wires in module \normalization_scalar_broadcast..

4.12. Executing ALUMACC pass (create $alu and $macc cells).
Extracting $alu and $macc cells in module normalization_scalar_broadcast:
  created 0 $alu and 0 $macc cells.

4.13. Executing SHARE pass (SAT-based resource sharing).

4.14. Executing OPT pass (performing simple optimizations).

4.14.1. Executing OPT_EXPR pass (perform const folding).
Optimizing module normalization_scalar_broadcast.

4.14.2. Executing OPT_MERGE pass (detect identical cells).
Finding identical cells in module `\normalization_scalar_broadcast'.
Removed a total of 0 cells.

4.14.3. Executing OPT_MUXTREE pass (detect dead branches in mux trees).
Running muxtree optimizer on module \normalization_scalar_broadcast..
  Creating internal representation of mux trees.
  Evaluating internal representation of mux trees.
  Analyzing evaluation results.
Removed 0 multiplexer ports.
<suppressed ~1 debug messages>

4.14.4. Executing OPT_REDUCE pass (consolidate $*mux and $reduce_* inputs).
  Optimizing cells in module \normalization_scalar_broadcast.
Performed a total of 0 changes.

4.14.5. Executing OPT_MERGE pass (detect identical cells).
Finding identical cells in module `\normalization_scalar_broadcast'.
Removed a total of 0 cells.

4.14.6. Executing OPT_DFF pass (perform DFF optimizations).

4.14.7. Executing OPT_CLEAN pass (remove unused cells and wires).
Finding unused cells or wires in module \normalization_scalar_broadcast..

4.14.8. Executing OPT_EXPR pass (perform const folding).
Optimizing module normalization_scalar_broadcast.

4.14.9. Finished OPT passes. (There is nothing left to do.)

4.15. Executing MEMORY pass.

4.15.1. Executing OPT_MEM pass (optimize memories).
Performed a total of 0 transformations.

4.15.2. Executing OPT_MEM_PRIORITY pass (removing unnecessary memory write priority relations).
Performed a total of 0 transformations.

4.15.3. Executing OPT_MEM_FEEDBACK pass (finding memory read-to-write feedback paths).

4.15.4. Executing MEMORY_BMUX2ROM pass (converting muxes to ROMs).

4.15.5. Executing MEMORY_DFF pass (merging $dff cells to $memrd).

4.15.6. Executing OPT_CLEAN pass (remove unused cells and wires).
Finding unused cells or wires in module \normalization_scalar_broadcast..

4.15.7. Executing MEMORY_SHARE pass (consolidating $memrd/$memwr cells).

4.15.8. Executing OPT_MEM_WIDEN pass (optimize memories where all ports are wide).
Performed a total of 0 transformations.

4.15.9. Executing OPT_CLEAN pass (remove unused cells and wires).
Finding unused cells or wires in module \normalization_scalar_broadcast..

4.15.10. Executing MEMORY_COLLECT pass (generating $mem cells).

4.16. Executing OPT_CLEAN pass (remove unused cells and wires).
Finding unused cells or wires in module \normalization_scalar_broadcast..

4.17. Executing OPT pass (performing simple optimizations).

4.17.1. Executing OPT_EXPR pass (perform const folding).
Optimizing module normalization_scalar_broadcast.

4.17.2. Executing OPT_MERGE pass (detect identical cells).
Finding identical cells in module `\normalization_scalar_broadcast'.
Removed a total of 0 cells.

4.17.3. Executing OPT_DFF pass (perform DFF optimizations).

4.17.4. Executing OPT_CLEAN pass (remove unused cells and wires).
Finding unused cells or wires in module \normalization_scalar_broadcast..

4.17.5. Finished fast OPT passes.

4.18. Executing MEMORY_MAP pass (converting memories to logic and flip-flops).

4.19. Executing OPT pass (performing simple optimizations).

4.19.1. Executing OPT_EXPR pass (perform const folding).
Optimizing module normalization_scalar_broadcast.

4.19.2. Executing OPT_MERGE pass (detect identical cells).
Finding identical cells in module `\normalization_scalar_broadcast'.
Removed a total of 0 cells.

4.19.3. Executing OPT_MUXTREE pass (detect dead branches in mux trees).
Running muxtree optimizer on module \normalization_scalar_broadcast..
  Creating internal representation of mux trees.
  Evaluating internal representation of mux trees.
  Analyzing evaluation results.
Removed 0 multiplexer ports.
<suppressed ~1 debug messages>

4.19.4. Executing OPT_REDUCE pass (consolidate $*mux and $reduce_* inputs).
  Optimizing cells in module \normalization_scalar_broadcast.
Performed a total of 0 changes.

4.19.5. Executing OPT_MERGE pass (detect identical cells).
Finding identical cells in module `\normalization_scalar_broadcast'.
Removed a total of 0 cells.

4.19.6. Executing OPT_SHARE pass.

4.19.7. Executing OPT_DFF pass (perform DFF optimizations).

4.19.8. Executing OPT_CLEAN pass (remove unused cells and wires).
Finding unused cells or wires in module \normalization_scalar_broadcast..

4.19.9. Executing OPT_EXPR pass (perform const folding).
Optimizing module normalization_scalar_broadcast.

4.19.10. Finished OPT passes. (There is nothing left to do.)

4.20. Executing TECHMAP pass (map to technology primitives).

4.20.1. Executing Verilog-2005 frontend: /home/chandler/.local/yosys/usr/bin/../share/yosys/techmap.v
Parsing Verilog input from `/home/chandler/.local/yosys/usr/bin/../share/yosys/techmap.v' to AST representation.
Generating RTLIL representation for module `\_90_simplemap_bool_ops'.
Generating RTLIL representation for module `\_90_simplemap_reduce_ops'.
Generating RTLIL representation for module `\_90_simplemap_logic_ops'.
Generating RTLIL representation for module `\_90_simplemap_compare_ops'.
Generating RTLIL representation for module `\_90_simplemap_various'.
Generating RTLIL representation for module `\_90_simplemap_registers'.
Generating RTLIL representation for module `\_90_shift_ops_shr_shl_sshl_sshr'.
Generating RTLIL representation for module `\_90_shift_shiftx'.
Generating RTLIL representation for module `\_90_fa'.
Generating RTLIL representation for module `\_90_lcu_brent_kung'.
Generating RTLIL representation for module `\_90_alu'.
Generating RTLIL representation for module `\_90_macc'.
Generating RTLIL representation for module `\_90_alumacc'.
Generating RTLIL representation for module `\$__div_mod_u'.
Generating RTLIL representation for module `\$__div_mod_trunc'.
Generating RTLIL representation for module `\_90_div'.
Generating RTLIL representation for module `\_90_mod'.
Generating RTLIL representation for module `\$__div_mod_floor'.
Generating RTLIL representation for module `\_90_divfloor'.
Generating RTLIL representation for module `\_90_modfloor'.
Generating RTLIL representation for module `\_90_pow'.
Generating RTLIL representation for module `\_90_pmux'.
Generating RTLIL representation for module `\_90_demux'.
Generating RTLIL representation for module `\_90_lut'.
Successfully finished Verilog frontend.

4.20.2. Continuing TECHMAP pass.
Using extmapper simplemap for cells of type $mux.
Using extmapper simplemap for cells of type $logic_not.
Using extmapper simplemap for cells of type $and.
Using extmapper simplemap for cells of type $not.
Using extmapper simplemap for cells of type $logic_and.
Using extmapper simplemap for cells of type $reduce_and.
Using extmapper simplemap for cells of type $adff.
Using extmapper simplemap for cells of type $adffe.
No more expansions possible.
<suppressed ~92 debug messages>

4.21. Executing OPT pass (performing simple optimizations).

4.21.1. Executing OPT_EXPR pass (perform const folding).
Optimizing module normalization_scalar_broadcast.
<suppressed ~17 debug messages>

4.21.2. Executing OPT_MERGE pass (detect identical cells).
Finding identical cells in module `\normalization_scalar_broadcast'.
Removed a total of 0 cells.

4.21.3. Executing OPT_DFF pass (perform DFF optimizations).

4.21.4. Executing OPT_CLEAN pass (remove unused cells and wires).
Finding unused cells or wires in module \normalization_scalar_broadcast..
Removed 0 unused cells and 3 unused wires.
<suppressed ~1 debug messages>

4.21.5. Finished fast OPT passes.

4.22. Executing ABC pass (technology mapping using ABC).

4.22.1. Extracting gate netlist of module `\normalization_scalar_broadcast' to `<abc-temp-dir>/input.blif'..
Extracted 115 gates and 164 wires to a netlist network with 49 inputs and 19 outputs.

4.22.1.1. Executing ABC.
Running ABC command: "<yosys-exe-dir>/yosys-abc" -s -f <abc-temp-dir>/abc.script 2>&1
ABC: ABC command line: "source <abc-temp-dir>/abc.script".
ABC: 
ABC: + read_blif <abc-temp-dir>/input.blif 
ABC: + read_library <abc-temp-dir>/stdcells.genlib 
ABC: + strash 
ABC: + dretime 
ABC: + map 
ABC: + write_blif <abc-temp-dir>/output.blif 

4.22.1.2. Re-integrating ABC results.
ABC RESULTS:            ANDNOT cells:       20
ABC RESULTS:               MUX cells:       32
ABC RESULTS:              NAND cells:        1
ABC RESULTS:               NOR cells:        2
ABC RESULTS:                OR cells:       26
ABC RESULTS:        internal signals:       96
ABC RESULTS:           input signals:       49
ABC RESULTS:          output signals:       19
Removing temp directory.

4.23. Executing OPT pass (performing simple optimizations).

4.23.1. Executing OPT_EXPR pass (perform const folding).
Optimizing module normalization_scalar_broadcast.

4.23.2. Executing OPT_MERGE pass (detect identical cells).
Finding identical cells in module `\normalization_scalar_broadcast'.
Removed a total of 0 cells.

4.23.3. Executing OPT_DFF pass (perform DFF optimizations).

4.23.4. Executing OPT_CLEAN pass (remove unused cells and wires).
Finding unused cells or wires in module \normalization_scalar_broadcast..
Removed 0 unused cells and 82 unused wires.
<suppressed ~1 debug messages>

4.23.5. Finished fast OPT passes.

4.24. Executing HIERARCHY pass (managing design hierarchy).
Attribute `top' found on module `normalization_scalar_broadcast'. Setting top module to normalization_scalar_broadcast.

4.24.1. Analyzing design hierarchy..
Top module:  \normalization_scalar_broadcast

4.24.2. Analyzing design hierarchy..
Top module:  \normalization_scalar_broadcast
Removed 0 unused modules.

4.25. Printing statistics.

=== normalization_scalar_broadcast ===

   Number of wires:                 86
   Number of wire bits:           1031
   Number of public wires:          21
   Number of public wire bits:     951
   Number of ports:                 16
   Number of port bits:            886
   Number of memories:               0
   Number of memory bits:            0
   Number of processes:              0
   Number of cells:                147
     $_ANDNOT_                      20
     $_DFFE_PN0P_                   50
     $_DFF_PN0_                     16
     $_MUX_                         32
     $_NAND_                         1
     $_NOR_                          2
     $_OR_                          26

4.26. Executing CHECK pass (checking for obvious problems).
Checking module normalization_scalar_broadcast...
Found and reported 0 problems.

5. Printing statistics.

=== normalization_scalar_broadcast ===

   Number of wires:                 86
   Number of wire bits:           1031
   Number of public wires:          21
   Number of public wire bits:     951
   Number of ports:                 16
   Number of port bits:            886
   Number of memories:               0
   Number of memory bits:            0
   Number of processes:              0
   Number of cells:                147
     $_ANDNOT_                      20
     $_DFFE_PN0P_                   50
     $_DFF_PN0_                     16
     $_MUX_                         32
     $_NAND_                         1
     $_NOR_                          2
     $_OR_                          26

6. Executing CHECK pass (checking for obvious problems).
Checking module normalization_scalar_broadcast...
Found and reported 0 problems.

End of script. Logfile hash: 2f00f66aa6, CPU: user 0.10s system 0.10s, MEM: 17.78 MB peak
Yosys 0.52 (git sha1 fee39a3284c90249e1d9684cf6944ffbbcbb8f90)
Time spent: 33% 1x abc (0 sec), 15% 15x opt_clean (0 sec), ...
