PCU_TRACE PASS profile=action_vlln mode_rms=0 lanes=8 engines=4 rows=280 hidden=2048 elements=573440 mixed_mismatches=0 reference_bit_mismatches=7 cycles=9532 max_contexts=9 external_bytes=32 bank_internal_bytes=5734400
verification/groot_normalization/groot_logic_die_pcu_trace_tb.sv:51: $finish called at 95350 (1s)
PCU_TRACE PASS profile=action_vl_self_attention_norm1 mode_rms=0 lanes=8 engines=4 rows=280 hidden=2048 elements=573440 mixed_mismatches=0 reference_bit_mismatches=8 cycles=9532 max_contexts=9 external_bytes=32 bank_internal_bytes=5734400
verification/groot_normalization/groot_logic_die_pcu_trace_tb.sv:51: $finish called at 95350 (1s)
PCU_TRACE PASS profile=action_vl_self_attention_norm3 mode_rms=0 lanes=8 engines=4 rows=280 hidden=2048 elements=573440 mixed_mismatches=0 reference_bit_mismatches=18 cycles=9532 max_contexts=9 external_bytes=32 bank_internal_bytes=5734400
verification/groot_normalization/groot_logic_die_pcu_trace_tb.sv:51: $finish called at 95350 (1s)
PCU_TRACE PASS profile=action_dit_adaln_norm1 mode_rms=0 lanes=8 engines=4 rows=41 hidden=1536 elements=62976 mixed_mismatches=0 reference_bit_mismatches=2 cycles=1120 max_contexts=9 external_bytes=32 bank_internal_bytes=629760
verification/groot_normalization/groot_logic_die_pcu_trace_tb.sv:51: $finish called at 11230 (1s)
PCU_TRACE PASS profile=action_dit_adaln_norm1 mode_rms=0 affine_per_row=0 lanes=8 engines=4 local_reduce_contexts=2 rows=41 hidden=1536 elements=62976 mixed_mismatches=0 reference_bit_mismatches=2 cycles=1120 max_contexts=9 external_bytes=32 bank_internal_bytes=629760
verification/groot_normalization/groot_logic_die_pcu_trace_tb.sv:51: $finish called at 11230 (1s)
PCU_TRACE PASS profile=action_dit_adaln_norm1 mode_rms=0 affine_per_row=0 lanes=8 engines=4 local_reduce_contexts=2 top_contexts=8 fifo=16 rows=41 hidden=1536 elements=62976 mixed_mismatches=0 reference_bit_mismatches=2 cycles=1065 max_contexts=8 external_bytes=32 bank_internal_bytes=629760
verification/groot_normalization/groot_logic_die_pcu_trace_tb.sv:51: $finish called at 10680 (1s)
PCU_TRACE PASS profile=action_dit_adaln_norm1 mode_rms=0 affine_per_row=0 lanes=8 engines=4 local_reduce_contexts=2 top_contexts=12 fifo=16 rows=41 hidden=1536 elements=62976 mixed_mismatches=0 reference_bit_mismatches=2 cycles=1120 max_contexts=9 external_bytes=32 bank_internal_bytes=629760
verification/groot_normalization/groot_logic_die_pcu_trace_tb.sv:51: $finish called at 11230 (1s)
PCU_TRACE PASS profile=action_dit_adaln_norm1 mode_rms=0 affine_per_row=0 lanes=8 engines=4 local_reduce_contexts=2 top_contexts=8 fifo=8 rows=41 hidden=1536 elements=62976 mixed_mismatches=0 reference_bit_mismatches=2 cycles=1095 max_contexts=8 external_bytes=32 bank_internal_bytes=629760
verification/groot_normalization/groot_logic_die_pcu_trace_tb.sv:51: $finish called at 10980 (1s)
PCU_TRACE PASS profile=action_dit_adaln_norm1 mode_rms=0 affine_per_row=0 lanes=8 engines=4 local_reduce_contexts=2 top_contexts=16 fifo=16 rows=41 hidden=1536 elements=62976 mixed_mismatches=0 reference_bit_mismatches=2 cycles=1180 max_contexts=8 external_bytes=32 bank_internal_bytes=629760
verification/groot_normalization/groot_logic_die_pcu_trace_tb.sv:51: $finish called at 11830 (1s)
PCU_TRACE PASS profile=action_vlln mode_rms=0 affine_per_row=0 lanes=8 engines=4 local_reduce_contexts=2 top_contexts=8 fifo=16 rows=280 hidden=2048 elements=573440 mixed_mismatches=0 reference_bit_mismatches=7 cycles=9017 max_contexts=8 external_bytes=32 bank_internal_bytes=5734400
verification/groot_normalization/groot_logic_die_pcu_trace_tb.sv:51: $finish called at 90200 (1s)
PCU_TRACE PASS profile=action_dit_norm3 mode_rms=0 affine_per_row=0 lanes=8 engines=4 local_reduce_contexts=2 top_contexts=8 fifo=16 rows=41 hidden=1536 elements=62976 mixed_mismatches=0 reference_bit_mismatches=0 cycles=1065 max_contexts=8 external_bytes=32 bank_internal_bytes=629760
verification/groot_normalization/groot_logic_die_pcu_trace_tb.sv:51: $finish called at 10680 (1s)
PCU_TRACE PASS profile=action_dit_norm_out mode_rms=0 affine_per_row=0 lanes=8 engines=4 local_reduce_contexts=2 top_contexts=8 fifo=16 rows=41 hidden=1536 elements=62976 mixed_mismatches=0 reference_bit_mismatches=4 cycles=1065 max_contexts=8 external_bytes=32 bank_internal_bytes=629760
verification/groot_normalization/groot_logic_die_pcu_trace_tb.sv:51: $finish called at 10680 (1s)
PCU_TRACE PASS profile=action_dit_norm_out mode_rms=0 affine_per_row=0 lanes=8 engines=4 local_reduce_contexts=2 top_contexts=8 fifo=16 rows=41 hidden=1536 elements=62976 mixed_mismatches=0 reference_bit_mismatches=4 cycles=1065 max_contexts=8 external_bytes=32 bank_internal_bytes=629760
verification/groot_normalization/groot_logic_die_pcu_trace_tb.sv:51: $finish called at 10680 (1s)
PCU_TRACE PASS profile=action_dit_norm_out mode_rms=0 affine_per_row=0 lanes=8 engines=4 local_reduce_contexts=2 top_contexts=8 fifo=16 rows=41 hidden=1536 elements=62976 mixed_mismatches=0 reference_bit_mismatches=4 cycles=1065 max_contexts=8 external_bytes=32 bank_internal_bytes=629760
verification/groot_normalization/groot_logic_die_pcu_trace_tb.sv:51: $finish called at 10680 (1s)
