Running the sky130hd RTL-to-GDS flow in Ubuntu...
/home/chandler/OpenROAD-flow-scripts/flow/scripts/synth.sh /home/chandler/OpenROAD-flow-scripts/flow/scripts/synth_canonicalize.tcl ./logs/sky130hd/stob_pim2/base/1_1_yosys_canonicalize.log
Using ABC speed script.
Extracting clock period from SDC file: ./results/sky130hd/stob_pim2/base/clock_period.txt
Setting clock period to 10.0
1. Executing Liberty frontend: /home/chandler/OpenROAD-flow-scripts/flow/platforms/sky130hd/lib/sky130_fd_sc_hd__tt_025C_1v80.lib
2. Executing Liberty frontend: /home/chandler/OpenROAD-flow-scripts/flow/platforms/sky130hd/lib/sky130_fd_sc_hd__tt_025C_1v80.lib
3. Executing Verilog-2005 frontend: /mnt/c/Users/Admin/OneDrive/2026-summer/STOB_semiconductor_pim/STOB_PIM2/rtl/bank_local_fp16_reduction.sv
4. Executing Verilog-2005 frontend: /mnt/c/Users/Admin/OneDrive/2026-summer/STOB_semiconductor_pim/STOB_PIM2/rtl/bank_local_reduction_buffer.sv
5. Executing Verilog-2005 frontend: /mnt/c/Users/Admin/OneDrive/2026-summer/STOB_semiconductor_pim/STOB_PIM2/rtl/bank_normalization_apply.sv
6. Executing Verilog-2005 frontend: /mnt/c/Users/Admin/OneDrive/2026-summer/STOB_semiconductor_pim/STOB_PIM2/rtl/bank_normalization_local_reducer.sv
7. Executing Verilog-2005 frontend: /mnt/c/Users/Admin/OneDrive/2026-summer/STOB_semiconductor_pim/STOB_PIM2/rtl/bank_normalization_microprogram_adapter.sv
8. Executing Verilog-2005 frontend: /mnt/c/Users/Admin/OneDrive/2026-summer/STOB_semiconductor_pim/STOB_PIM2/rtl/bank_normalization_multirow_vector_reducer.sv
9. Executing Verilog-2005 frontend: /mnt/c/Users/Admin/OneDrive/2026-summer/STOB_semiconductor_pim/STOB_PIM2/rtl/bank_normalization_pipelined_vector_reducer.sv
10. Executing Verilog-2005 frontend: /mnt/c/Users/Admin/OneDrive/2026-summer/STOB_semiconductor_pim/STOB_PIM2/rtl/bank_normalization_vector_reducer.sv
11. Executing Verilog-2005 frontend: /mnt/c/Users/Admin/OneDrive/2026-summer/STOB_semiconductor_pim/STOB_PIM2/rtl/bank_pim_core.sv
12. Executing Verilog-2005 frontend: /mnt/c/Users/Admin/OneDrive/2026-summer/STOB_semiconductor_pim/STOB_PIM2/rtl/bank_side_pim_subsystem.sv
13. Executing Verilog-2005 frontend: /mnt/c/Users/Admin/OneDrive/2026-summer/STOB_semiconductor_pim/STOB_PIM2/rtl/bf16_add.sv
14. Executing Verilog-2005 frontend: /mnt/c/Users/Admin/OneDrive/2026-summer/STOB_semiconductor_pim/STOB_PIM2/rtl/bf16_add_pipe2.sv
15. Executing Verilog-2005 frontend: /mnt/c/Users/Admin/OneDrive/2026-summer/STOB_semiconductor_pim/STOB_PIM2/rtl/bf16_mul.sv
16. Executing Verilog-2005 frontend: /mnt/c/Users/Admin/OneDrive/2026-summer/STOB_semiconductor_pim/STOB_PIM2/rtl/bf16_rsqrt_lut256.sv
17. Executing Verilog-2005 frontend: /mnt/c/Users/Admin/OneDrive/2026-summer/STOB_semiconductor_pim/STOB_PIM2/rtl/bf16_to_fp32.sv
18. Executing Verilog-2005 frontend: /mnt/c/Users/Admin/OneDrive/2026-summer/STOB_semiconductor_pim/STOB_PIM2/rtl/channel_tsv_interconnect.sv
19. Executing Verilog-2005 frontend: /mnt/c/Users/Admin/OneDrive/2026-summer/STOB_semiconductor_pim/STOB_PIM2/rtl/cross_channel_reduction.sv
20. Executing Verilog-2005 frontend: /mnt/c/Users/Admin/OneDrive/2026-summer/STOB_semiconductor_pim/STOB_PIM2/rtl/cross_channel_reduction_network.sv
21. Executing Verilog-2005 frontend: /mnt/c/Users/Admin/OneDrive/2026-summer/STOB_semiconductor_pim/STOB_PIM2/rtl/dram_bank_array_model.sv
22. Executing Verilog-2005 frontend: /mnt/c/Users/Admin/OneDrive/2026-summer/STOB_semiconductor_pim/STOB_PIM2/rtl/dram_command_decoder.sv
23. Executing Verilog-2005 frontend: /mnt/c/Users/Admin/OneDrive/2026-summer/STOB_semiconductor_pim/STOB_PIM2/rtl/fp16_add.sv
24. Executing Verilog-2005 frontend: /mnt/c/Users/Admin/OneDrive/2026-summer/STOB_semiconductor_pim/STOB_PIM2/rtl/fp16_add_pipe2.sv
25. Executing Verilog-2005 frontend: /mnt/c/Users/Admin/OneDrive/2026-summer/STOB_semiconductor_pim/STOB_PIM2/rtl/fp16_mul.sv
26. Executing Verilog-2005 frontend: /mnt/c/Users/Admin/OneDrive/2026-summer/STOB_semiconductor_pim/STOB_PIM2/rtl/fp16_rsqrt_lut256.sv
27. Executing Verilog-2005 frontend: /mnt/c/Users/Admin/OneDrive/2026-summer/STOB_semiconductor_pim/STOB_PIM2/rtl/fp16_vector_add.sv
28. Executing Verilog-2005 frontend: /mnt/c/Users/Admin/OneDrive/2026-summer/STOB_semiconductor_pim/STOB_PIM2/rtl/fp32_add.sv
29. Executing Verilog-2005 frontend: /mnt/c/Users/Admin/OneDrive/2026-summer/STOB_semiconductor_pim/STOB_PIM2/rtl/fp32_add_pipe4.sv
30. Executing Verilog-2005 frontend: /mnt/c/Users/Admin/OneDrive/2026-summer/STOB_semiconductor_pim/STOB_PIM2/rtl/fp32_mul.sv
31. Executing Verilog-2005 frontend: /mnt/c/Users/Admin/OneDrive/2026-summer/STOB_semiconductor_pim/STOB_PIM2/rtl/fp32_mul_pipe4.sv
32. Executing Verilog-2005 frontend: /mnt/c/Users/Admin/OneDrive/2026-summer/STOB_semiconductor_pim/STOB_PIM2/rtl/fp32_to_bf16_rne.sv
33. Executing Verilog-2005 frontend: /mnt/c/Users/Admin/OneDrive/2026-summer/STOB_semiconductor_pim/STOB_PIM2/rtl/full_pim_system_top.sv
34. Executing Verilog-2005 frontend: /mnt/c/Users/Admin/OneDrive/2026-summer/STOB_semiconductor_pim/STOB_PIM2/rtl/hierarchical_normalization_bank_core_top.sv
35. Executing Verilog-2005 frontend: /mnt/c/Users/Admin/OneDrive/2026-summer/STOB_semiconductor_pim/STOB_PIM2/rtl/hierarchical_normalization_bank_issue_top.sv
36. Executing Verilog-2005 frontend: /mnt/c/Users/Admin/OneDrive/2026-summer/STOB_semiconductor_pim/STOB_PIM2/rtl/hierarchical_normalization_datapath.sv
37. Executing Verilog-2005 frontend: /mnt/c/Users/Admin/OneDrive/2026-summer/STOB_semiconductor_pim/STOB_PIM2/rtl/hierarchical_normalization_scalar_return_top.sv
38. Executing Verilog-2005 frontend: /mnt/c/Users/Admin/OneDrive/2026-summer/STOB_semiconductor_pim/STOB_PIM2/rtl/hierarchical_normalization_streaming_top.sv
39. Executing Verilog-2005 frontend: /mnt/c/Users/Admin/OneDrive/2026-summer/STOB_semiconductor_pim/STOB_PIM2/rtl/hierarchical_reduction_path.sv
40. Executing Verilog-2005 frontend: /mnt/c/Users/Admin/OneDrive/2026-summer/STOB_semiconductor_pim/STOB_PIM2/rtl/logic_command_coalescer.sv
41. Executing Verilog-2005 frontend: /mnt/c/Users/Admin/OneDrive/2026-summer/STOB_semiconductor_pim/STOB_PIM2/rtl/logic_command_router.sv
42. Executing Verilog-2005 frontend: /mnt/c/Users/Admin/OneDrive/2026-summer/STOB_semiconductor_pim/STOB_PIM2/rtl/logic_die_64ch_reduction_top.sv
43. Executing Verilog-2005 frontend: /mnt/c/Users/Admin/OneDrive/2026-summer/STOB_semiconductor_pim/STOB_PIM2/rtl/logic_die_64ch_reduction_top_pwrwrap.sv
44. Executing Verilog-2005 frontend: /mnt/c/Users/Admin/OneDrive/2026-summer/STOB_semiconductor_pim/STOB_PIM2/rtl/logic_die_dual_link_arbiter.sv
45. Executing Verilog-2005 frontend: /mnt/c/Users/Admin/OneDrive/2026-summer/STOB_semiconductor_pim/STOB_PIM2/rtl/logic_die_link_arbiter.sv
46. Executing Verilog-2005 frontend: /mnt/c/Users/Admin/OneDrive/2026-summer/STOB_semiconductor_pim/STOB_PIM2/rtl/logic_die_pim_top.sv
47. Executing Verilog-2005 frontend: /mnt/c/Users/Admin/OneDrive/2026-summer/STOB_semiconductor_pim/STOB_PIM2/rtl/logic_epoch_barrier.sv
48. Executing Verilog-2005 frontend: /mnt/c/Users/Admin/OneDrive/2026-summer/STOB_semiconductor_pim/STOB_PIM2/rtl/logic_normalization_bank_barrier.sv
49. Executing Verilog-2005 frontend: /mnt/c/Users/Admin/OneDrive/2026-summer/STOB_semiconductor_pim/STOB_PIM2/rtl/logic_normalization_barrier_tree_top.sv
50. Executing Verilog-2005 frontend: /mnt/c/Users/Admin/OneDrive/2026-summer/STOB_semiconductor_pim/STOB_PIM2/rtl/logic_normalization_dispatcher_top.sv
51. Executing Verilog-2005 frontend: /mnt/c/Users/Admin/OneDrive/2026-summer/STOB_semiconductor_pim/STOB_PIM2/rtl/logic_normalization_engine_array.sv
52. Executing Verilog-2005 frontend: /mnt/c/Users/Admin/OneDrive/2026-summer/STOB_semiconductor_pim/STOB_PIM2/rtl/logic_normalization_parallel_tree_top.sv
53. Executing Verilog-2005 frontend: /mnt/c/Users/Admin/OneDrive/2026-summer/STOB_semiconductor_pim/STOB_PIM2/rtl/logic_normalization_reduction_engine.sv
54. Executing Verilog-2005 frontend: /mnt/c/Users/Admin/OneDrive/2026-summer/STOB_semiconductor_pim/STOB_PIM2/rtl/logic_normalization_scalar_engine.sv
55. Executing Verilog-2005 frontend: /mnt/c/Users/Admin/OneDrive/2026-summer/STOB_semiconductor_pim/STOB_PIM2/rtl/logic_normalization_scalar_engine_array.sv
56. Executing Verilog-2005 frontend: /mnt/c/Users/Admin/OneDrive/2026-summer/STOB_semiconductor_pim/STOB_PIM2/rtl/logic_operand_context_buffer.sv
57. Executing Verilog-2005 frontend: /mnt/c/Users/Admin/OneDrive/2026-summer/STOB_semiconductor_pim/STOB_PIM2/rtl/logic_pcu.sv
58. Executing Verilog-2005 frontend: /mnt/c/Users/Admin/OneDrive/2026-summer/STOB_semiconductor_pim/STOB_PIM2/rtl/logic_pcu_scheduler.sv
59. Executing Verilog-2005 frontend: /mnt/c/Users/Admin/OneDrive/2026-summer/STOB_semiconductor_pim/STOB_PIM2/rtl/logic_result_router.sv
60. Executing Verilog-2005 frontend: /mnt/c/Users/Admin/OneDrive/2026-summer/STOB_semiconductor_pim/STOB_PIM2/rtl/logic_shared_buffer.sv
61. Executing Verilog-2005 frontend: /mnt/c/Users/Admin/OneDrive/2026-summer/STOB_semiconductor_pim/STOB_PIM2/rtl/mixed_precision_bank_apply4.sv
62. Executing Verilog-2005 frontend: /mnt/c/Users/Admin/OneDrive/2026-summer/STOB_semiconductor_pim/STOB_PIM2/rtl/mixed_precision_bank_apply4_pipe.sv
63. Executing Verilog-2005 frontend: /mnt/c/Users/Admin/OneDrive/2026-summer/STOB_semiconductor_pim/STOB_PIM2/rtl/mixed_precision_bank_reducer4.sv
64. Executing Verilog-2005 frontend: /mnt/c/Users/Admin/OneDrive/2026-summer/STOB_semiconductor_pim/STOB_PIM2/rtl/mixed_precision_bank_reducer4_interleaved.sv
65. Executing Verilog-2005 frontend: /mnt/c/Users/Admin/OneDrive/2026-summer/STOB_semiconductor_pim/STOB_PIM2/rtl/mixed_precision_global_reducer16.sv
66. Executing Verilog-2005 frontend: /mnt/c/Users/Admin/OneDrive/2026-summer/STOB_semiconductor_pim/STOB_PIM2/rtl/mixed_precision_global_reducer16_pipe.sv
67. Executing Verilog-2005 frontend: /mnt/c/Users/Admin/OneDrive/2026-summer/STOB_semiconductor_pim/STOB_PIM2/rtl/mixed_precision_normalization_datapath.sv
68. Executing Verilog-2005 frontend: /mnt/c/Users/Admin/OneDrive/2026-summer/STOB_semiconductor_pim/STOB_PIM2/rtl/mixed_precision_normalization_datapath_c11.sv
69. Executing Verilog-2005 frontend: /mnt/c/Users/Admin/OneDrive/2026-summer/STOB_semiconductor_pim/STOB_PIM2/rtl/mixed_precision_scalar_nr2.sv
70. Executing Verilog-2005 frontend: /mnt/c/Users/Admin/OneDrive/2026-summer/STOB_semiconductor_pim/STOB_PIM2/rtl/mixed_precision_scalar_nr2_pipe.sv
71. Executing Verilog-2005 frontend: /mnt/c/Users/Admin/OneDrive/2026-summer/STOB_semiconductor_pim/STOB_PIM2/rtl/normalization_accumulator_pipe2.sv
72. Executing Verilog-2005 frontend: /mnt/c/Users/Admin/OneDrive/2026-summer/STOB_semiconductor_pim/STOB_PIM2/rtl/normalization_bank_result_tracker.sv
73. Executing Verilog-2005 frontend: /mnt/c/Users/Admin/OneDrive/2026-summer/STOB_semiconductor_pim/STOB_PIM2/rtl/normalization_row_context_table.sv
74. Executing Verilog-2005 frontend: /mnt/c/Users/Admin/OneDrive/2026-summer/STOB_semiconductor_pim/STOB_PIM2/rtl/normalization_scalar_broadcast.sv
75. Executing Verilog-2005 frontend: /mnt/c/Users/Admin/OneDrive/2026-summer/STOB_semiconductor_pim/STOB_PIM2/rtl/pim_command_decoder.sv
76. Executing Verilog-2005 frontend: /mnt/c/Users/Admin/OneDrive/2026-summer/STOB_semiconductor_pim/STOB_PIM2/rtl/pim_crf.sv
77. Executing Verilog-2005 frontend: /mnt/c/Users/Admin/OneDrive/2026-summer/STOB_semiconductor_pim/STOB_PIM2/rtl/pim_local_accumulator.sv
78. Executing Verilog-2005 frontend: /mnt/c/Users/Admin/OneDrive/2026-summer/STOB_semiconductor_pim/STOB_PIM2/rtl/pim_rtl_pkg.sv
79. Executing Verilog-2005 frontend: /mnt/c/Users/Admin/OneDrive/2026-summer/STOB_semiconductor_pim/STOB_PIM2/rtl/pim_vector_alu.sv
80. Executing Verilog-2005 frontend: /mnt/c/Users/Admin/OneDrive/2026-summer/STOB_semiconductor_pim/STOB_PIM2/rtl/shared_channel_reduction_path.sv
81. Executing Verilog-2005 frontend: /mnt/c/Users/Admin/OneDrive/2026-summer/STOB_semiconductor_pim/STOB_PIM2/rtl/shared_fp16_pipeline_fabric.sv
82. Executing Verilog-2005 frontend: /mnt/c/Users/Admin/OneDrive/2026-summer/STOB_semiconductor_pim/STOB_PIM2/rtl/shared_fp16_reduction_cluster.sv
83. Executing Verilog-2005 frontend: /home/chandler/OpenROAD-flow-scripts/flow/platforms/sky130hd/cells_clkgate_hd.v
84. Executing AST frontend in derive mode using pre-parsed AST for module `\full_pim_system_top'.
85. Executing AST frontend in derive mode using pre-parsed AST for module `\full_pim_system_top'.
86. Executing AST frontend in derive mode using pre-parsed AST for module `\full_pim_system_top'.
87. Executing AST frontend in derive mode using pre-parsed AST for module `\full_pim_system_top'.
88. Executing AST frontend in derive mode using pre-parsed AST for module `\full_pim_system_top'.
89. Executing AST frontend in derive mode using pre-parsed AST for module `\full_pim_system_top'.
90. Executing AST frontend in derive mode using pre-parsed AST for module `\full_pim_system_top'.
91. Executing AST frontend in derive mode using pre-parsed AST for module `\full_pim_system_top'.
92. Executing AST frontend in derive mode using pre-parsed AST for module `\full_pim_system_top'.
93. Executing HIERARCHY pass (managing design hierarchy).
94. Executing AST frontend in derive mode using pre-parsed AST for module `\full_pim_system_top'.
94.1. Analyzing design hierarchy..
94.2. Executing AST frontend in derive mode using pre-parsed AST for module `\logic_die_link_arbiter'.
94.3. Executing AST frontend in derive mode using pre-parsed AST for module `\bank_side_pim_subsystem'.
94.4. Executing AST frontend in derive mode using pre-parsed AST for module `\logic_normalization_reduction_engine'.
94.5. Executing AST frontend in derive mode using pre-parsed AST for module `\logic_result_router'.
94.6. Executing AST frontend in derive mode using pre-parsed AST for module `\channel_tsv_interconnect'.
94.7. Executing AST frontend in derive mode using pre-parsed AST for module `\logic_die_pim_top'.
94.8. Executing AST frontend in derive mode using pre-parsed AST for module `\logic_die_link_arbiter'.
94.9. Analyzing design hierarchy..
94.10. Analyzing design hierarchy..
94.11. Executing AST frontend in derive mode using pre-parsed AST for module `\bank_pim_core'.
Warning: Replacing memory \grf_a with list of registers. See /mnt/c/Users/Admin/OneDrive/2026-summer/STOB_semiconductor_pim/STOB_PIM2/rtl/bank_pim_core.sv:124
Warning: Replacing memory \grf_b with list of registers. See /mnt/c/Users/Admin/OneDrive/2026-summer/STOB_semiconductor_pim/STOB_PIM2/rtl/bank_pim_core.sv:123
94.12. Executing AST frontend in derive mode using pre-parsed AST for module `\pim_command_decoder'.
94.13. Executing AST frontend in derive mode using pre-parsed AST for module `\pim_crf'.
Warning: Replacing memory \memory with list of registers. See /mnt/c/Users/Admin/OneDrive/2026-summer/STOB_semiconductor_pim/STOB_PIM2/rtl/pim_crf.sv:53
94.14. Executing AST frontend in derive mode using pre-parsed AST for module `\dram_bank_array_model'.
Warning: Replacing memory \memory with list of registers. See /mnt/c/Users/Admin/OneDrive/2026-summer/STOB_semiconductor_pim/STOB_PIM2/rtl/dram_bank_array_model.sv:172
94.15. Executing AST frontend in derive mode using pre-parsed AST for module `\fp16_add'.
94.16. Executing AST frontend in derive mode using pre-parsed AST for module `\logic_normalization_scalar_engine'.
94.17. Executing AST frontend in derive mode using pre-parsed AST for module `\cross_channel_reduction_network'.
94.18. Executing AST frontend in derive mode using pre-parsed AST for module `\logic_pcu_scheduler'.
94.19. Executing AST frontend in derive mode using pre-parsed AST for module `\logic_operand_context_buffer'.
Warning: Replacing memory \accum_q with list of registers. See /mnt/c/Users/Admin/OneDrive/2026-summer/STOB_semiconductor_pim/STOB_PIM2/rtl/logic_operand_context_buffer.sv:54
Warning: Replacing memory \src2_q with list of registers. See /mnt/c/Users/Admin/OneDrive/2026-summer/STOB_semiconductor_pim/STOB_PIM2/rtl/logic_operand_context_buffer.sv:53
Warning: Replacing memory \src1_q with list of registers. See /mnt/c/Users/Admin/OneDrive/2026-summer/STOB_semiconductor_pim/STOB_PIM2/rtl/logic_operand_context_buffer.sv:52
Warning: Replacing memory \src0_q with list of registers. See /mnt/c/Users/Admin/OneDrive/2026-summer/STOB_semiconductor_pim/STOB_PIM2/rtl/logic_operand_context_buffer.sv:51
Warning: Replacing memory \precision_q with list of registers. See /mnt/c/Users/Admin/OneDrive/2026-summer/STOB_semiconductor_pim/STOB_PIM2/rtl/logic_operand_context_buffer.sv:50
Warning: Replacing memory \tag_q with list of registers. See /mnt/c/Users/Admin/OneDrive/2026-summer/STOB_semiconductor_pim/STOB_PIM2/rtl/logic_operand_context_buffer.sv:49
94.20. Executing AST frontend in derive mode using pre-parsed AST for module `\logic_shared_buffer'.
Warning: Replacing memory \memory with list of registers. See /mnt/c/Users/Admin/OneDrive/2026-summer/STOB_semiconductor_pim/STOB_PIM2/rtl/logic_shared_buffer.sv:37
94.21. Executing AST frontend in derive mode using pre-parsed AST for module `\logic_epoch_barrier'.
94.22. Executing AST frontend in derive mode using pre-parsed AST for module `\logic_command_coalescer'.
Warning: Replacing memory \expected_q with list of registers. See /mnt/c/Users/Admin/OneDrive/2026-summer/STOB_semiconductor_pim/STOB_PIM2/rtl/logic_command_coalescer.sv:85
Warning: Replacing memory \command_q with list of registers. See /mnt/c/Users/Admin/OneDrive/2026-summer/STOB_semiconductor_pim/STOB_PIM2/rtl/logic_command_coalescer.sv:84
Warning: Replacing memory \signature_q with list of registers. See /mnt/c/Users/Admin/OneDrive/2026-summer/STOB_semiconductor_pim/STOB_PIM2/rtl/logic_command_coalescer.sv:83
Warning: Replacing memory \ordinal_q with list of registers. See /mnt/c/Users/Admin/OneDrive/2026-summer/STOB_semiconductor_pim/STOB_PIM2/rtl/logic_command_coalescer.sv:82
Warning: Replacing memory \epoch_q with list of registers. See /mnt/c/Users/Admin/OneDrive/2026-summer/STOB_semiconductor_pim/STOB_PIM2/rtl/logic_command_coalescer.sv:81
Warning: Replacing memory \mask_q with list of registers. See /mnt/c/Users/Admin/OneDrive/2026-summer/STOB_semiconductor_pim/STOB_PIM2/rtl/logic_command_coalescer.sv:78
94.23. Analyzing design hierarchy..
94.24. Executing AST frontend in derive mode using pre-parsed AST for module `\pim_vector_alu'.
94.25. Executing AST frontend in derive mode using pre-parsed AST for module `\fp16_rsqrt_lut256'.
94.26. Executing AST frontend in derive mode using pre-parsed AST for module `\fp16_mul'.
94.27. Executing AST frontend in derive mode using pre-parsed AST for module `\fp16_vector_add'.
94.28. Executing AST frontend in derive mode using pre-parsed AST for module `\logic_pcu'.
94.29. Analyzing design hierarchy..
94.30. Analyzing design hierarchy..
94.31. Analyzing design hierarchy..
95. Executing OPT_CLEAN pass (remove unused cells and wires).
Warning: Ignoring module $paramod\logic_command_coalescer\CHANNELS=32'00000000000000000000000000000001 because it contains processes (run 'proc' command first).
Warning: Ignoring module $paramod$71d47b5ce33143519e8cc5af0c2167f71d3a6413\logic_epoch_barrier because it contains processes (run 'proc' command first).
Warning: Ignoring module $paramod$4ca364aa24c160c7b616e4c35486696cf8b910b6\logic_shared_buffer because it contains processes (run 'proc' command first).
Warning: Ignoring module $paramod$e2122496c836f66e82fe6acb8c5d6be1a2f40053\logic_operand_context_buffer because it contains processes (run 'proc' command first).
Warning: Ignoring module $paramod$ad5d657a4795afe2018b20e9cb7761c016f26fd8\cross_channel_reduction_network because it contains processes (run 'proc' command first).
Warning: Ignoring module $paramod$411ea3414050496ef54cdc60d95e95ff23dee0c5\logic_normalization_scalar_engine because it contains processes (run 'proc' command first).
Warning: Ignoring module fp16_add because it contains processes (run 'proc' command first).
Warning: Ignoring module $paramod$145884200132e0acf361f3b623e3c05b1b18ad8b\dram_bank_array_model because it contains processes (run 'proc' command first).
Warning: Ignoring module $paramod\pim_crf\DEPTH=32'00000000000000000000000000000010 because it contains processes (run 'proc' command first).
Warning: Ignoring module pim_command_decoder because it contains processes (run 'proc' command first).
Warning: Ignoring module $paramod$4f71396eede93dc2105d68c262aac327633e4f66\bank_pim_core because it contains processes (run 'proc' command first).
Warning: Ignoring module $paramod$ff25c87410d3a4b2bcb9fc54b2c1042b88c09a97\logic_die_pim_top because it contains processes (run 'proc' command first).
Warning: Ignoring module $paramod$3da37a96703b50610107715ffe5bba2dba9336fc\channel_tsv_interconnect because it contains processes (run 'proc' command first).
Warning: Ignoring module $paramod$e75d1d40aa5510c506b0f91fa3b1dd6947b98d5e\logic_result_router because it contains processes (run 'proc' command first).
Warning: Ignoring module $paramod$072b3b3e7a754012647de4dd8f504c77ed37f12e\logic_normalization_reduction_engine because it contains processes (run 'proc' command first).
Warning: Ignoring module $paramod$5af3aa70cb83a39f84f22bfd3fa32a07f7888ccc\logic_die_link_arbiter because it contains processes (run 'proc' command first).
Warning: Ignoring module $paramod$8561ce8c4209784b03f61c3da9af23bb9fae896a\logic_die_link_arbiter because it contains processes (run 'proc' command first).
Warning: Ignoring module $paramod$2a1f6da2cdb64d7e632283afe02f3a8a1121a354\logic_pcu because it contains processes (run 'proc' command first).
Warning: Ignoring module fp16_mul because it contains processes (run 'proc' command first).
Warning: Ignoring module fp16_rsqrt_lut256 because it contains processes (run 'proc' command first).
Warning: Ignoring module $paramod\pim_vector_alu\DATA_WIDTH=32'00000000000000000000000000010000 because it contains processes (run 'proc' command first).
96. Executing RTLIL backend.
Warnings: 38 unique messages, 38 total
End of script. Logfile hash: 7cf1a27bf4, time: 1.01s, user: 0.55s, system: 0.13s, MEM: 84.50 MB peak
Yosys 0.68+48 (git sha1 ff5817c34-dirty, Release, Clang /usr/bin/clang++ 21.1.8)
Time spent: 60% 1x hierarchy (0 sec), 14% 162x read_verilog (0 sec), ...
Elapsed time: 0:01.04[h:]min:sec. CPU time: user 0.58 sys 0.14 (69%). Peak memory: 88492KB.
Log                       Ext     Elapsed/s Peak Memory/MB sha1sum result [0:20)
1_1_yosys_canonicalize    .rtlil          1             86 a509f965dec18aab5424
/home/chandler/OpenROAD-flow-scripts/flow/scripts/synth.sh /home/chandler/OpenROAD-flow-scripts/flow/scripts/synth.tcl ./logs/sky130hd/stob_pim2/base/1_2_yosys.log
Using ABC speed script.
Extracting clock period from SDC file: ./results/sky130hd/stob_pim2/base/clock_period.txt
Setting clock period to 10.0
1. Executing RTLIL frontend.
2. Executing HIERARCHY pass (managing design hierarchy).
2.1. Analyzing design hierarchy..
2.2. Analyzing design hierarchy..
3. Executing SYNTH pass.
3.1. Executing HIERARCHY pass (managing design hierarchy).
3.1.1. Analyzing design hierarchy..
3.1.2. Analyzing design hierarchy..
3.2. Executing PROC pass (convert processes to netlists).
3.2.1. Executing PROC_CLEAN pass (remove empty switches from decision trees).
3.2.2. Executing PROC_RMDEAD pass (remove dead branches from decision trees).
3.2.3. Executing PROC_PRUNE pass (remove redundant assignments in processes).
3.2.4. Executing PROC_INIT pass (extract init attributes).
3.2.5. Executing PROC_ARST pass (detect async resets in processes).
3.2.6. Executing PROC_ROM pass (convert switches to ROMs).
3.2.7. Executing PROC_MUX pass (convert decision trees to multiplexers).
3.2.8. Executing PROC_DLATCH pass (convert process syncs to latches).
Warning: Latch inferred for signal `$paramod$4f71396eede93dc2105d68c262aac327633e4f66\bank_pim_core.\operand_value$func$/mnt/c/Users/Admin/OneDrive/2026-summer/STOB_semiconductor_pim/STOB_PIM2/rtl/bank_pim_core.sv:86$6326.$fordecl_block$5620.lane [0]' from process `$paramod$4f71396eede93dc2105d68c262aac327633e4f66\bank_pim_core.$proc$/mnt/c/Users/Admin/OneDrive/2026-summer/STOB_semiconductor_pim/STOB_PIM2/rtl/bank_pim_core.sv:85$6344': $auto$proc_dlatch.cc:545:proc_dlatch$121630
Warning: Latch inferred for signal `$paramod$4f71396eede93dc2105d68c262aac327633e4f66\bank_pim_core.\operand_value$func$/mnt/c/Users/Admin/OneDrive/2026-summer/STOB_semiconductor_pim/STOB_PIM2/rtl/bank_pim_core.sv:86$6326.$fordecl_block$5620.lane [31:1]' from process `$paramod$4f71396eede93dc2105d68c262aac327633e4f66\bank_pim_core.$proc$/mnt/c/Users/Admin/OneDrive/2026-summer/STOB_semiconductor_pim/STOB_PIM2/rtl/bank_pim_core.sv:85$6344': $auto$proc_dlatch.cc:543:proc_dlatch$121639
Warning: Latch inferred for signal `$paramod$4f71396eede93dc2105d68c262aac327633e4f66\bank_pim_core.\operand_value$func$/mnt/c/Users/Admin/OneDrive/2026-summer/STOB_semiconductor_pim/STOB_PIM2/rtl/bank_pim_core.sv:86$6326.$fordecl_block$5622.lane [0]' from process `$paramod$4f71396eede93dc2105d68c262aac327633e4f66\bank_pim_core.$proc$/mnt/c/Users/Admin/OneDrive/2026-summer/STOB_semiconductor_pim/STOB_PIM2/rtl/bank_pim_core.sv:85$6344': $auto$proc_dlatch.cc:545:proc_dlatch$121672
Warning: Latch inferred for signal `$paramod$4f71396eede93dc2105d68c262aac327633e4f66\bank_pim_core.\operand_value$func$/mnt/c/Users/Admin/OneDrive/2026-summer/STOB_semiconductor_pim/STOB_PIM2/rtl/bank_pim_core.sv:86$6326.$fordecl_block$5622.lane [31:1]' from process `$paramod$4f71396eede93dc2105d68c262aac327633e4f66\bank_pim_core.$proc$/mnt/c/Users/Admin/OneDrive/2026-summer/STOB_semiconductor_pim/STOB_PIM2/rtl/bank_pim_core.sv:85$6344': $auto$proc_dlatch.cc:543:proc_dlatch$121719
Warning: Latch inferred for signal `$paramod$4f71396eede93dc2105d68c262aac327633e4f66\bank_pim_core.\operand_value$func$/mnt/c/Users/Admin/OneDrive/2026-summer/STOB_semiconductor_pim/STOB_PIM2/rtl/bank_pim_core.sv:87$6327.$fordecl_block$5620.lane [0]' from process `$paramod$4f71396eede93dc2105d68c262aac327633e4f66\bank_pim_core.$proc$/mnt/c/Users/Admin/OneDrive/2026-summer/STOB_semiconductor_pim/STOB_PIM2/rtl/bank_pim_core.sv:85$6344': $auto$proc_dlatch.cc:545:proc_dlatch$121722
Warning: Latch inferred for signal `$paramod$4f71396eede93dc2105d68c262aac327633e4f66\bank_pim_core.\operand_value$func$/mnt/c/Users/Admin/OneDrive/2026-summer/STOB_semiconductor_pim/STOB_PIM2/rtl/bank_pim_core.sv:87$6327.$fordecl_block$5620.lane [31:1]' from process `$paramod$4f71396eede93dc2105d68c262aac327633e4f66\bank_pim_core.$proc$/mnt/c/Users/Admin/OneDrive/2026-summer/STOB_semiconductor_pim/STOB_PIM2/rtl/bank_pim_core.sv:85$6344': $auto$proc_dlatch.cc:543:proc_dlatch$121731
Warning: Latch inferred for signal `$paramod$4f71396eede93dc2105d68c262aac327633e4f66\bank_pim_core.\operand_value$func$/mnt/c/Users/Admin/OneDrive/2026-summer/STOB_semiconductor_pim/STOB_PIM2/rtl/bank_pim_core.sv:87$6327.$fordecl_block$5622.lane [0]' from process `$paramod$4f71396eede93dc2105d68c262aac327633e4f66\bank_pim_core.$proc$/mnt/c/Users/Admin/OneDrive/2026-summer/STOB_semiconductor_pim/STOB_PIM2/rtl/bank_pim_core.sv:85$6344': $auto$proc_dlatch.cc:545:proc_dlatch$121764
Warning: Latch inferred for signal `$paramod$4f71396eede93dc2105d68c262aac327633e4f66\bank_pim_core.\operand_value$func$/mnt/c/Users/Admin/OneDrive/2026-summer/STOB_semiconductor_pim/STOB_PIM2/rtl/bank_pim_core.sv:87$6327.$fordecl_block$5622.lane [31:1]' from process `$paramod$4f71396eede93dc2105d68c262aac327633e4f66\bank_pim_core.$proc$/mnt/c/Users/Admin/OneDrive/2026-summer/STOB_semiconductor_pim/STOB_PIM2/rtl/bank_pim_core.sv:85$6344': $auto$proc_dlatch.cc:543:proc_dlatch$121811
Warning: Latch inferred for signal `$paramod$4f71396eede93dc2105d68c262aac327633e4f66\bank_pim_core.\operand_value$func$/mnt/c/Users/Admin/OneDrive/2026-summer/STOB_semiconductor_pim/STOB_PIM2/rtl/bank_pim_core.sv:88$6328.$fordecl_block$5620.lane [0]' from process `$paramod$4f71396eede93dc2105d68c262aac327633e4f66\bank_pim_core.$proc$/mnt/c/Users/Admin/OneDrive/2026-summer/STOB_semiconductor_pim/STOB_PIM2/rtl/bank_pim_core.sv:85$6344': $auto$proc_dlatch.cc:545:proc_dlatch$121814
Warning: Latch inferred for signal `$paramod$4f71396eede93dc2105d68c262aac327633e4f66\bank_pim_core.\operand_value$func$/mnt/c/Users/Admin/OneDrive/2026-summer/STOB_semiconductor_pim/STOB_PIM2/rtl/bank_pim_core.sv:88$6328.$fordecl_block$5620.lane [31:1]' from process `$paramod$4f71396eede93dc2105d68c262aac327633e4f66\bank_pim_core.$proc$/mnt/c/Users/Admin/OneDrive/2026-summer/STOB_semiconductor_pim/STOB_PIM2/rtl/bank_pim_core.sv:85$6344': $auto$proc_dlatch.cc:543:proc_dlatch$121823
Warning: Latch inferred for signal `$paramod$4f71396eede93dc2105d68c262aac327633e4f66\bank_pim_core.\operand_value$func$/mnt/c/Users/Admin/OneDrive/2026-summer/STOB_semiconductor_pim/STOB_PIM2/rtl/bank_pim_core.sv:88$6328.$fordecl_block$5622.lane [0]' from process `$paramod$4f71396eede93dc2105d68c262aac327633e4f66\bank_pim_core.$proc$/mnt/c/Users/Admin/OneDrive/2026-summer/STOB_semiconductor_pim/STOB_PIM2/rtl/bank_pim_core.sv:85$6344': $auto$proc_dlatch.cc:545:proc_dlatch$121856
Warning: Latch inferred for signal `$paramod$4f71396eede93dc2105d68c262aac327633e4f66\bank_pim_core.\operand_value$func$/mnt/c/Users/Admin/OneDrive/2026-summer/STOB_semiconductor_pim/STOB_PIM2/rtl/bank_pim_core.sv:88$6328.$fordecl_block$5622.lane [31:1]' from process `$paramod$4f71396eede93dc2105d68c262aac327633e4f66\bank_pim_core.$proc$/mnt/c/Users/Admin/OneDrive/2026-summer/STOB_semiconductor_pim/STOB_PIM2/rtl/bank_pim_core.sv:85$6344': $auto$proc_dlatch.cc:543:proc_dlatch$121903
Warning: Latch inferred for signal `$paramod$4f71396eede93dc2105d68c262aac327633e4f66\bank_pim_core.\operand_value$func$/mnt/c/Users/Admin/OneDrive/2026-summer/STOB_semiconductor_pim/STOB_PIM2/rtl/bank_pim_core.sv:89$6329.$fordecl_block$5620.lane [0]' from process `$paramod$4f71396eede93dc2105d68c262aac327633e4f66\bank_pim_core.$proc$/mnt/c/Users/Admin/OneDrive/2026-summer/STOB_semiconductor_pim/STOB_PIM2/rtl/bank_pim_core.sv:85$6344': $auto$proc_dlatch.cc:545:proc_dlatch$121906
Warning: Latch inferred for signal `$paramod$4f71396eede93dc2105d68c262aac327633e4f66\bank_pim_core.\operand_value$func$/mnt/c/Users/Admin/OneDrive/2026-summer/STOB_semiconductor_pim/STOB_PIM2/rtl/bank_pim_core.sv:89$6329.$fordecl_block$5620.lane [31:1]' from process `$paramod$4f71396eede93dc2105d68c262aac327633e4f66\bank_pim_core.$proc$/mnt/c/Users/Admin/OneDrive/2026-summer/STOB_semiconductor_pim/STOB_PIM2/rtl/bank_pim_core.sv:85$6344': $auto$proc_dlatch.cc:543:proc_dlatch$121915
Warning: Latch inferred for signal `$paramod$4f71396eede93dc2105d68c262aac327633e4f66\bank_pim_core.\operand_value$func$/mnt/c/Users/Admin/OneDrive/2026-summer/STOB_semiconductor_pim/STOB_PIM2/rtl/bank_pim_core.sv:89$6329.$fordecl_block$5622.lane [0]' from process `$paramod$4f71396eede93dc2105d68c262aac327633e4f66\bank_pim_core.$proc$/mnt/c/Users/Admin/OneDrive/2026-summer/STOB_semiconductor_pim/STOB_PIM2/rtl/bank_pim_core.sv:85$6344': $auto$proc_dlatch.cc:545:proc_dlatch$121948
Warning: Latch inferred for signal `$paramod$4f71396eede93dc2105d68c262aac327633e4f66\bank_pim_core.\operand_value$func$/mnt/c/Users/Admin/OneDrive/2026-summer/STOB_semiconductor_pim/STOB_PIM2/rtl/bank_pim_core.sv:89$6329.$fordecl_block$5622.lane [31:1]' from process `$paramod$4f71396eede93dc2105d68c262aac327633e4f66\bank_pim_core.$proc$/mnt/c/Users/Admin/OneDrive/2026-summer/STOB_semiconductor_pim/STOB_PIM2/rtl/bank_pim_core.sv:85$6344': $auto$proc_dlatch.cc:543:proc_dlatch$121995
Warning: Latch inferred for signal `$paramod$4f71396eede93dc2105d68c262aac327633e4f66\bank_pim_core.$fordecl_block$5624.lane [0]' from process `$paramod$4f71396eede93dc2105d68c262aac327633e4f66\bank_pim_core.$proc$/mnt/c/Users/Admin/OneDrive/2026-summer/STOB_semiconductor_pim/STOB_PIM2/rtl/bank_pim_core.sv:85$6344': $auto$proc_dlatch.cc:545:proc_dlatch$121998
Warning: Latch inferred for signal `$paramod$4f71396eede93dc2105d68c262aac327633e4f66\bank_pim_core.$fordecl_block$5624.lane [31:1]' from process `$paramod$4f71396eede93dc2105d68c262aac327633e4f66\bank_pim_core.$proc$/mnt/c/Users/Admin/OneDrive/2026-summer/STOB_semiconductor_pim/STOB_PIM2/rtl/bank_pim_core.sv:85$6344': $auto$proc_dlatch.cc:543:proc_dlatch$122007
Warning: Latch inferred for signal `$paramod$3da37a96703b50610107715ffe5bba2dba9336fc\channel_tsv_interconnect.$unnamed_block$5640.$fordecl_block$5634.$for_loop$5635[0].$unnamed_block$5639.$fordecl_block$5636.offset [0]' from process `$paramod$3da37a96703b50610107715ffe5bba2dba9336fc\channel_tsv_interconnect.$proc$/mnt/c/Users/Admin/OneDrive/2026-summer/STOB_semiconductor_pim/STOB_PIM2/rtl/channel_tsv_interconnect.sv:27$6079': $auto$proc_dlatch.cc:545:proc_dlatch$122012
Warning: Latch inferred for signal `$paramod$3da37a96703b50610107715ffe5bba2dba9336fc\channel_tsv_interconnect.$unnamed_block$5640.$fordecl_block$5634.$for_loop$5635[0].$unnamed_block$5639.$fordecl_block$5636.offset [31:1]' from process `$paramod$3da37a96703b50610107715ffe5bba2dba9336fc\channel_tsv_interconnect.$proc$/mnt/c/Users/Admin/OneDrive/2026-summer/STOB_semiconductor_pim/STOB_PIM2/rtl/channel_tsv_interconnect.sv:27$6079': $auto$proc_dlatch.cc:543:proc_dlatch$122021
Warning: Latch inferred for signal `$paramod$3da37a96703b50610107715ffe5bba2dba9336fc\channel_tsv_interconnect.$unnamed_block$5640.$fordecl_block$5634.$for_loop$5635[0].$unnamed_block$5639.$fordecl_block$5636.$for_loop$5637[0].$unnamed_block$5638.candidate' from process `$paramod$3da37a96703b50610107715ffe5bba2dba9336fc\channel_tsv_interconnect.$proc$/mnt/c/Users/Admin/OneDrive/2026-summer/STOB_semiconductor_pim/STOB_PIM2/rtl/channel_tsv_interconnect.sv:27$6079': $auto$proc_dlatch.cc:547:proc_dlatch$122032
Warning: Latch inferred for signal `$paramod$3da37a96703b50610107715ffe5bba2dba9336fc\channel_tsv_interconnect.$unnamed_block$5640.$fordecl_block$5634.$for_loop$5635[1].$unnamed_block$5639.$fordecl_block$5636.offset [0]' from process `$paramod$3da37a96703b50610107715ffe5bba2dba9336fc\channel_tsv_interconnect.$proc$/mnt/c/Users/Admin/OneDrive/2026-summer/STOB_semiconductor_pim/STOB_PIM2/rtl/channel_tsv_interconnect.sv:27$6079': $auto$proc_dlatch.cc:545:proc_dlatch$122035
Warning: Latch inferred for signal `$paramod$3da37a96703b50610107715ffe5bba2dba9336fc\channel_tsv_interconnect.$unnamed_block$5640.$fordecl_block$5634.$for_loop$5635[1].$unnamed_block$5639.$fordecl_block$5636.offset [31:1]' from process `$paramod$3da37a96703b50610107715ffe5bba2dba9336fc\channel_tsv_interconnect.$proc$/mnt/c/Users/Admin/OneDrive/2026-summer/STOB_semiconductor_pim/STOB_PIM2/rtl/channel_tsv_interconnect.sv:27$6079': $auto$proc_dlatch.cc:543:proc_dlatch$122044
Warning: Latch inferred for signal `$paramod$3da37a96703b50610107715ffe5bba2dba9336fc\channel_tsv_interconnect.$unnamed_block$5640.$fordecl_block$5634.$for_loop$5635[1].$unnamed_block$5639.$fordecl_block$5636.$for_loop$5637[0].$unnamed_block$5638.candidate' from process `$paramod$3da37a96703b50610107715ffe5bba2dba9336fc\channel_tsv_interconnect.$proc$/mnt/c/Users/Admin/OneDrive/2026-summer/STOB_semiconductor_pim/STOB_PIM2/rtl/channel_tsv_interconnect.sv:27$6079': $auto$proc_dlatch.cc:547:proc_dlatch$122055
Warning: Latch inferred for signal `$paramod\pim_vector_alu\DATA_WIDTH=32'00000000000000000000000000010000.$fordecl_block$5779.lane' from process `$paramod\pim_vector_alu\DATA_WIDTH=32'00000000000000000000000000010000.$proc$/mnt/c/Users/Admin/OneDrive/2026-summer/STOB_semiconductor_pim/STOB_PIM2/rtl/pim_vector_alu.sv:33$12172': $auto$proc_dlatch.cc:543:proc_dlatch$122060
3.2.9. Executing PROC_DFF pass (convert process syncs to FFs).
3.2.10. Executing PROC_MEMWR pass (convert process memory writes to cells).
3.2.11. Executing PROC_CLEAN pass (remove empty switches from decision trees).
3.2.12. Executing OPT_EXPR pass (perform const folding).
3.3. Executing CHECK pass (checking for obvious problems).
3.4. Executing FLATTEN pass (flatten design).
3.5. Executing OPT_EXPR pass (perform const folding).
3.6. Executing OPT_CLEAN pass (remove unused cells and wires).
3.7. Executing CHECK pass (checking for obvious problems).
3.8. Executing OPT pass (performing simple optimizations).
3.8.1. Executing OPT_EXPR pass (perform const folding).
3.8.2. Executing OPT_MERGE pass (detect identical cells).
3.8.3. Executing OPT_MUXTREE pass (detect dead branches in mux trees).
3.8.4. Executing OPT_REDUCE pass (consolidate $*mux and $reduce_* inputs).
3.8.5. Executing OPT_MERGE pass (detect identical cells).
3.8.6. Executing OPT_DFF pass (perform DFF optimizations).
3.8.7. Executing OPT_CLEAN pass (remove unused cells and wires).
3.8.8. Executing OPT_EXPR pass (perform const folding).
3.8.9. Rerunning OPT passes. (Maybe there is more to do..)
3.8.10. Executing OPT_MUXTREE pass (detect dead branches in mux trees).
3.8.11. Executing OPT_REDUCE pass (consolidate $*mux and $reduce_* inputs).
3.8.12. Executing OPT_MERGE pass (detect identical cells).
3.8.13. Executing OPT_DFF pass (perform DFF optimizations).
3.8.14. Executing OPT_CLEAN pass (remove unused cells and wires).
3.8.15. Executing OPT_EXPR pass (perform const folding).
3.8.16. Rerunning OPT passes. (Maybe there is more to do..)
3.8.17. Executing OPT_MUXTREE pass (detect dead branches in mux trees).
3.8.18. Executing OPT_REDUCE pass (consolidate $*mux and $reduce_* inputs).
3.8.19. Executing OPT_MERGE pass (detect identical cells).
3.8.20. Executing OPT_DFF pass (perform DFF optimizations).
3.8.21. Executing OPT_CLEAN pass (remove unused cells and wires).
3.8.22. Executing OPT_EXPR pass (perform const folding).
3.8.23. Finished fast OPT passes. (There is nothing left to do.)
3.9. Executing FSM pass (extract and optimize FSM).
3.9.1. Executing FSM_DETECT pass (finding FSMs in design).
3.9.2. Executing FSM_EXTRACT pass (extracting FSM from design).
3.9.3. Executing FSM_OPT pass (simple optimizations of FSMs).
3.9.4. Executing OPT_CLEAN pass (remove unused cells and wires).
3.9.5. Executing FSM_OPT pass (simple optimizations of FSMs).
3.9.6. Executing FSM_RECODE pass (re-assigning FSM state encoding).
3.9.7. Executing FSM_INFO pass (dumping all available information on FSM cells).
3.9.8. Executing FSM_MAP pass (mapping FSMs to basic logic).
3.10. Executing OPT pass (performing simple optimizations).
3.10.1. Executing OPT_EXPR pass (perform const folding).
3.10.2. Executing OPT_MERGE pass (detect identical cells).
3.10.3. Executing OPT_MUXTREE pass (detect dead branches in mux trees).
3.10.4. Executing OPT_REDUCE pass (consolidate $*mux and $reduce_* inputs).
3.10.5. Executing OPT_MERGE pass (detect identical cells).
3.10.6. Executing OPT_DFF pass (perform DFF optimizations).
3.10.7. Executing OPT_CLEAN pass (remove unused cells and wires).
3.10.8. Executing OPT_EXPR pass (perform const folding).
3.10.9. Rerunning OPT passes. (Maybe there is more to do..)
3.10.10. Executing OPT_MUXTREE pass (detect dead branches in mux trees).
3.10.11. Executing OPT_REDUCE pass (consolidate $*mux and $reduce_* inputs).
3.10.12. Executing OPT_MERGE pass (detect identical cells).
3.10.13. Executing OPT_DFF pass (perform DFF optimizations).
3.10.14. Executing OPT_CLEAN pass (remove unused cells and wires).
3.10.15. Executing OPT_EXPR pass (perform const folding).
3.10.16. Rerunning OPT passes. (Maybe there is more to do..)
3.10.17. Executing OPT_MUXTREE pass (detect dead branches in mux trees).
3.10.18. Executing OPT_REDUCE pass (consolidate $*mux and $reduce_* inputs).
3.10.19. Executing OPT_MERGE pass (detect identical cells).
3.10.20. Executing OPT_DFF pass (perform DFF optimizations).
3.10.21. Executing OPT_CLEAN pass (remove unused cells and wires).
3.10.22. Executing OPT_EXPR pass (perform const folding).
3.10.23. Rerunning OPT passes. (Maybe there is more to do..)
3.10.24. Executing OPT_MUXTREE pass (detect dead branches in mux trees).
3.10.25. Executing OPT_REDUCE pass (consolidate $*mux and $reduce_* inputs).
3.10.26. Executing OPT_MERGE pass (detect identical cells).
3.10.27. Executing OPT_DFF pass (perform DFF optimizations).
3.10.28. Executing OPT_CLEAN pass (remove unused cells and wires).
3.10.29. Executing OPT_EXPR pass (perform const folding).
3.10.30. Finished fast OPT passes. (There is nothing left to do.)
3.11. Executing WREDUCE pass (reducing word size of cells).
3.12. Executing PEEPOPT pass (run peephole optimizers).
3.13. Executing OPT_CLEAN pass (remove unused cells and wires).
3.14. Executing ALUMACC pass (create $alu and $macc cells).
3.15. Executing SHARE pass (SAT-based resource sharing).
3.16. Executing OPT pass (performing simple optimizations).
3.16.1. Executing OPT_EXPR pass (perform const folding).
3.16.2. Executing OPT_MERGE pass (detect identical cells).
3.16.3. Executing OPT_MUXTREE pass (detect dead branches in mux trees).
3.16.4. Executing OPT_REDUCE pass (consolidate $*mux and $reduce_* inputs).
3.16.5. Executing OPT_MERGE pass (detect identical cells).
3.16.6. Executing OPT_DFF pass (perform DFF optimizations).
3.16.7. Executing OPT_CLEAN pass (remove unused cells and wires).
3.16.8. Executing OPT_EXPR pass (perform const folding).
3.16.9. Rerunning OPT passes. (Maybe there is more to do..)
3.16.10. Executing OPT_MUXTREE pass (detect dead branches in mux trees).
3.16.11. Executing OPT_REDUCE pass (consolidate $*mux and $reduce_* inputs).
3.16.12. Executing OPT_MERGE pass (detect identical cells).
3.16.13. Executing OPT_DFF pass (perform DFF optimizations).
3.16.14. Executing OPT_CLEAN pass (remove unused cells and wires).
3.16.15. Executing OPT_EXPR pass (perform const folding).
3.16.16. Rerunning OPT passes. (Maybe there is more to do..)
3.16.17. Executing OPT_MUXTREE pass (detect dead branches in mux trees).
3.16.18. Executing OPT_REDUCE pass (consolidate $*mux and $reduce_* inputs).
3.16.19. Executing OPT_MERGE pass (detect identical cells).
3.16.20. Executing OPT_DFF pass (perform DFF optimizations).
3.16.21. Executing OPT_CLEAN pass (remove unused cells and wires).
3.16.22. Executing OPT_EXPR pass (perform const folding).
3.16.23. Rerunning OPT passes. (Maybe there is more to do..)
3.16.24. Executing OPT_MUXTREE pass (detect dead branches in mux trees).
3.16.25. Executing OPT_REDUCE pass (consolidate $*mux and $reduce_* inputs).
3.16.26. Executing OPT_MERGE pass (detect identical cells).
3.16.27. Executing OPT_DFF pass (perform DFF optimizations).
3.16.28. Executing OPT_CLEAN pass (remove unused cells and wires).
3.16.29. Executing OPT_EXPR pass (perform const folding).
3.16.30. Finished fast OPT passes. (There is nothing left to do.)
3.17. Executing MEMORY pass.
3.17.1. Executing OPT_MEM pass (optimize memories).
3.17.2. Executing OPT_MEM_PRIORITY pass (removing unnecessary memory write priority relations).
3.17.3. Executing OPT_MEM_FEEDBACK pass (finding memory read-to-write feedback paths).
3.17.4. Executing MEMORY_BMUX2ROM pass (converting muxes to ROMs).
3.17.5. Executing MEMORY_DFF pass (merging $dff cells to $memrd).
3.17.6. Executing OPT_CLEAN pass (remove unused cells and wires).
3.17.7. Executing MEMORY_SHARE pass (consolidating $memrd/$memwr cells).
3.17.8. Executing OPT_MEM_WIDEN pass (optimize memories where all ports are wide).
3.17.9. Executing OPT_CLEAN pass (remove unused cells and wires).
3.17.10. Executing MEMORY_COLLECT pass (generating $mem cells).
3.18. Executing OPT_CLEAN pass (remove unused cells and wires).
4. Executing SYNTH pass.
4.1. Executing OPT pass (performing simple optimizations).
4.1.1. Executing OPT_EXPR pass (perform const folding).
4.1.2. Executing OPT_MERGE pass (detect identical cells).
4.1.3. Executing OPT_DFF pass (perform DFF optimizations).
4.1.4. Executing OPT_CLEAN pass (remove unused cells and wires).
4.1.5. Finished fast OPT passes.
4.2. Executing MEMORY_MAP pass (converting memories to logic and flip-flops).
4.3. Executing OPT pass (performing simple optimizations).
4.3.1. Executing OPT_EXPR pass (perform const folding).
4.3.2. Executing OPT_MERGE pass (detect identical cells).
4.3.3. Executing OPT_MUXTREE pass (detect dead branches in mux trees).
4.3.4. Executing OPT_REDUCE pass (consolidate $*mux and $reduce_* inputs).
4.3.5. Executing OPT_MERGE pass (detect identical cells).
4.3.6. Executing OPT_SHARE pass.
4.3.7. Executing OPT_DFF pass (perform DFF optimizations).
4.3.8. Executing OPT_CLEAN pass (remove unused cells and wires).
4.3.9. Executing OPT_EXPR pass (perform const folding).
4.3.10. Rerunning OPT passes. (Maybe there is more to do..)
4.3.11. Executing OPT_MUXTREE pass (detect dead branches in mux trees).
4.3.12. Executing OPT_REDUCE pass (consolidate $*mux and $reduce_* inputs).
4.3.13. Executing OPT_MERGE pass (detect identical cells).
4.3.14. Executing OPT_SHARE pass.
4.3.15. Executing OPT_DFF pass (perform DFF optimizations).
4.3.16. Executing OPT_CLEAN pass (remove unused cells and wires).
4.3.17. Executing OPT_EXPR pass (perform const folding).
4.3.18. Rerunning OPT passes. (Maybe there is more to do..)
4.3.19. Executing OPT_MUXTREE pass (detect dead branches in mux trees).
4.3.20. Executing OPT_REDUCE pass (consolidate $*mux and $reduce_* inputs).
4.3.21. Executing OPT_MERGE pass (detect identical cells).
4.3.22. Executing OPT_SHARE pass.
4.3.23. Executing OPT_DFF pass (perform DFF optimizations).
4.3.24. Executing OPT_CLEAN pass (remove unused cells and wires).
4.3.25. Executing OPT_EXPR pass (perform const folding).
4.3.26. Rerunning OPT passes. (Maybe there is more to do..)
4.3.27. Executing OPT_MUXTREE pass (detect dead branches in mux trees).
4.3.28. Executing OPT_REDUCE pass (consolidate $*mux and $reduce_* inputs).
4.3.29. Executing OPT_MERGE pass (detect identical cells).
4.3.30. Executing OPT_SHARE pass.
4.3.31. Executing OPT_DFF pass (perform DFF optimizations).
4.3.32. Executing OPT_CLEAN pass (remove unused cells and wires).
4.3.33. Executing OPT_EXPR pass (perform const folding).
4.3.34. Finished fast OPT passes. (There is nothing left to do.)
4.4. Executing TECHMAP pass (map to technology primitives).
4.4.1. Executing Verilog-2005 frontend: /home/chandler/.local/oss-cad-suite/lib/../share/yosys/techmap.v
4.4.2. Executing Verilog-2005 frontend: /home/chandler/OpenROAD-flow-scripts/flow/platforms/common/lcu_kogge_stone.v
4.4.3. Continuing TECHMAP pass.
4.4.147. Executing OPT_MUXTREE pass (detect dead branches in mux trees).
4.4.148. Executing OPT_EXPR pass (perform const folding).
4.4.161. Executing OPT_MUXTREE pass (detect dead branches in mux trees).
4.4.162. Executing OPT_EXPR pass (perform const folding).
4.4.173. Executing OPT_MUXTREE pass (detect dead branches in mux trees).
4.4.174. Executing OPT_EXPR pass (perform const folding).
4.5. Executing OPT pass (performing simple optimizations).
4.5.1. Executing OPT_EXPR pass (perform const folding).
4.5.2. Executing OPT_MERGE pass (detect identical cells).
4.5.3. Executing OPT_DFF pass (perform DFF optimizations).
4.5.4. Executing OPT_CLEAN pass (remove unused cells and wires).
4.5.5. Rerunning OPT passes. (Removed registers in this run.)
4.5.6. Executing OPT_EXPR pass (perform const folding).
4.5.7. Executing OPT_MERGE pass (detect identical cells).
4.5.8. Executing OPT_DFF pass (perform DFF optimizations).
4.5.9. Executing OPT_CLEAN pass (remove unused cells and wires).
4.5.10. Rerunning OPT passes. (Removed registers in this run.)
4.5.11. Executing OPT_EXPR pass (perform const folding).
4.5.12. Executing OPT_MERGE pass (detect identical cells).
4.5.13. Executing OPT_DFF pass (perform DFF optimizations).
4.5.14. Executing OPT_CLEAN pass (remove unused cells and wires).
4.5.15. Finished fast OPT passes.
4.6. Executing HIERARCHY pass (managing design hierarchy).
4.6.1. Analyzing design hierarchy..
4.6.2. Analyzing design hierarchy..
4.7. Printing statistics.
4.8. Executing CHECK pass (checking for obvious problems).
5. Executing OPT pass (performing simple optimizations).
5.1. Executing OPT_EXPR pass (perform const folding).
5.2. Executing OPT_MERGE pass (detect identical cells).
5.3. Executing OPT_MUXTREE pass (detect dead branches in mux trees).
5.4. Executing OPT_REDUCE pass (consolidate $*mux and $reduce_* inputs).
5.5. Executing OPT_MERGE pass (detect identical cells).
5.6. Executing OPT_DFF pass (perform DFF optimizations).
5.7. Executing OPT_CLEAN pass (remove unused cells and wires).
5.8. Executing OPT_EXPR pass (perform const folding).
5.9. Rerunning OPT passes. (Maybe there is more to do..)
5.10. Executing OPT_MUXTREE pass (detect dead branches in mux trees).
5.11. Executing OPT_REDUCE pass (consolidate $*mux and $reduce_* inputs).
5.12. Executing OPT_MERGE pass (detect identical cells).
5.13. Executing OPT_DFF pass (perform DFF optimizations).
5.14. Executing OPT_CLEAN pass (remove unused cells and wires).
5.15. Executing OPT_EXPR pass (perform const folding).
5.16. Finished fast OPT passes. (There is nothing left to do.)
6. Executing EXTRACT_FA pass (find and extract full/half adders).
