Running the sky130hd RTL-to-GDS flow in Ubuntu...
/home/chandler/OpenROAD-flow-scripts/flow/scripts/synth.sh /home/chandler/OpenROAD-flow-scripts/flow/scripts/synth.tcl ./logs/sky130hd/stob_pim2/base/1_2_yosys.log
Using ABC speed script.
Extracting clock period from SDC file: ./results/sky130hd/stob_pim2/base/clock_period.txt
Setting clock period to 10.0
1. Executing RTLIL frontend.
2. Executing HIERARCHY pass (managing design hierarchy).
2.1. Analyzing design hierarchy..
2.2. Analyzing design hierarchy..
3. Executing SYNTH pass.
3.1. Executing HIERARCHY pass (managing design hierarchy).
3.1.1. Analyzing design hierarchy..
3.1.2. Analyzing design hierarchy..
3.2. Executing PROC pass (convert processes to netlists).
3.2.1. Executing PROC_CLEAN pass (remove empty switches from decision trees).
3.2.2. Executing PROC_RMDEAD pass (remove dead branches from decision trees).
3.2.3. Executing PROC_PRUNE pass (remove redundant assignments in processes).
3.2.4. Executing PROC_INIT pass (extract init attributes).
3.2.5. Executing PROC_ARST pass (detect async resets in processes).
3.2.6. Executing PROC_ROM pass (convert switches to ROMs).
3.2.7. Executing PROC_MUX pass (convert decision trees to multiplexers).
3.2.8. Executing PROC_DLATCH pass (convert process syncs to latches).
Warning: Latch inferred for signal `$paramod$4f71396eede93dc2105d68c262aac327633e4f66\bank_pim_core.\operand_value$func$/mnt/c/Users/Admin/OneDrive/2026-summer/STOB_semiconductor_pim/STOB_PIM2/rtl/bank_pim_core.sv:86$6326.$fordecl_block$5620.lane [0]' from process `$paramod$4f71396eede93dc2105d68c262aac327633e4f66\bank_pim_core.$proc$/mnt/c/Users/Admin/OneDrive/2026-summer/STOB_semiconductor_pim/STOB_PIM2/rtl/bank_pim_core.sv:85$6344': $auto$proc_dlatch.cc:545:proc_dlatch$121630
Warning: Latch inferred for signal `$paramod$4f71396eede93dc2105d68c262aac327633e4f66\bank_pim_core.\operand_value$func$/mnt/c/Users/Admin/OneDrive/2026-summer/STOB_semiconductor_pim/STOB_PIM2/rtl/bank_pim_core.sv:86$6326.$fordecl_block$5620.lane [31:1]' from process `$paramod$4f71396eede93dc2105d68c262aac327633e4f66\bank_pim_core.$proc$/mnt/c/Users/Admin/OneDrive/2026-summer/STOB_semiconductor_pim/STOB_PIM2/rtl/bank_pim_core.sv:85$6344': $auto$proc_dlatch.cc:543:proc_dlatch$121639
Warning: Latch inferred for signal `$paramod$4f71396eede93dc2105d68c262aac327633e4f66\bank_pim_core.\operand_value$func$/mnt/c/Users/Admin/OneDrive/2026-summer/STOB_semiconductor_pim/STOB_PIM2/rtl/bank_pim_core.sv:86$6326.$fordecl_block$5622.lane [0]' from process `$paramod$4f71396eede93dc2105d68c262aac327633e4f66\bank_pim_core.$proc$/mnt/c/Users/Admin/OneDrive/2026-summer/STOB_semiconductor_pim/STOB_PIM2/rtl/bank_pim_core.sv:85$6344': $auto$proc_dlatch.cc:545:proc_dlatch$121672
Warning: Latch inferred for signal `$paramod$4f71396eede93dc2105d68c262aac327633e4f66\bank_pim_core.\operand_value$func$/mnt/c/Users/Admin/OneDrive/2026-summer/STOB_semiconductor_pim/STOB_PIM2/rtl/bank_pim_core.sv:86$6326.$fordecl_block$5622.lane [31:1]' from process `$paramod$4f71396eede93dc2105d68c262aac327633e4f66\bank_pim_core.$proc$/mnt/c/Users/Admin/OneDrive/2026-summer/STOB_semiconductor_pim/STOB_PIM2/rtl/bank_pim_core.sv:85$6344': $auto$proc_dlatch.cc:543:proc_dlatch$121719
Warning: Latch inferred for signal `$paramod$4f71396eede93dc2105d68c262aac327633e4f66\bank_pim_core.\operand_value$func$/mnt/c/Users/Admin/OneDrive/2026-summer/STOB_semiconductor_pim/STOB_PIM2/rtl/bank_pim_core.sv:87$6327.$fordecl_block$5620.lane [0]' from process `$paramod$4f71396eede93dc2105d68c262aac327633e4f66\bank_pim_core.$proc$/mnt/c/Users/Admin/OneDrive/2026-summer/STOB_semiconductor_pim/STOB_PIM2/rtl/bank_pim_core.sv:85$6344': $auto$proc_dlatch.cc:545:proc_dlatch$121722
Warning: Latch inferred for signal `$paramod$4f71396eede93dc2105d68c262aac327633e4f66\bank_pim_core.\operand_value$func$/mnt/c/Users/Admin/OneDrive/2026-summer/STOB_semiconductor_pim/STOB_PIM2/rtl/bank_pim_core.sv:87$6327.$fordecl_block$5620.lane [31:1]' from process `$paramod$4f71396eede93dc2105d68c262aac327633e4f66\bank_pim_core.$proc$/mnt/c/Users/Admin/OneDrive/2026-summer/STOB_semiconductor_pim/STOB_PIM2/rtl/bank_pim_core.sv:85$6344': $auto$proc_dlatch.cc:543:proc_dlatch$121731
Warning: Latch inferred for signal `$paramod$4f71396eede93dc2105d68c262aac327633e4f66\bank_pim_core.\operand_value$func$/mnt/c/Users/Admin/OneDrive/2026-summer/STOB_semiconductor_pim/STOB_PIM2/rtl/bank_pim_core.sv:87$6327.$fordecl_block$5622.lane [0]' from process `$paramod$4f71396eede93dc2105d68c262aac327633e4f66\bank_pim_core.$proc$/mnt/c/Users/Admin/OneDrive/2026-summer/STOB_semiconductor_pim/STOB_PIM2/rtl/bank_pim_core.sv:85$6344': $auto$proc_dlatch.cc:545:proc_dlatch$121764
Warning: Latch inferred for signal `$paramod$4f71396eede93dc2105d68c262aac327633e4f66\bank_pim_core.\operand_value$func$/mnt/c/Users/Admin/OneDrive/2026-summer/STOB_semiconductor_pim/STOB_PIM2/rtl/bank_pim_core.sv:87$6327.$fordecl_block$5622.lane [31:1]' from process `$paramod$4f71396eede93dc2105d68c262aac327633e4f66\bank_pim_core.$proc$/mnt/c/Users/Admin/OneDrive/2026-summer/STOB_semiconductor_pim/STOB_PIM2/rtl/bank_pim_core.sv:85$6344': $auto$proc_dlatch.cc:543:proc_dlatch$121811
Warning: Latch inferred for signal `$paramod$4f71396eede93dc2105d68c262aac327633e4f66\bank_pim_core.\operand_value$func$/mnt/c/Users/Admin/OneDrive/2026-summer/STOB_semiconductor_pim/STOB_PIM2/rtl/bank_pim_core.sv:88$6328.$fordecl_block$5620.lane [0]' from process `$paramod$4f71396eede93dc2105d68c262aac327633e4f66\bank_pim_core.$proc$/mnt/c/Users/Admin/OneDrive/2026-summer/STOB_semiconductor_pim/STOB_PIM2/rtl/bank_pim_core.sv:85$6344': $auto$proc_dlatch.cc:545:proc_dlatch$121814
Warning: Latch inferred for signal `$paramod$4f71396eede93dc2105d68c262aac327633e4f66\bank_pim_core.\operand_value$func$/mnt/c/Users/Admin/OneDrive/2026-summer/STOB_semiconductor_pim/STOB_PIM2/rtl/bank_pim_core.sv:88$6328.$fordecl_block$5620.lane [31:1]' from process `$paramod$4f71396eede93dc2105d68c262aac327633e4f66\bank_pim_core.$proc$/mnt/c/Users/Admin/OneDrive/2026-summer/STOB_semiconductor_pim/STOB_PIM2/rtl/bank_pim_core.sv:85$6344': $auto$proc_dlatch.cc:543:proc_dlatch$121823
Warning: Latch inferred for signal `$paramod$4f71396eede93dc2105d68c262aac327633e4f66\bank_pim_core.\operand_value$func$/mnt/c/Users/Admin/OneDrive/2026-summer/STOB_semiconductor_pim/STOB_PIM2/rtl/bank_pim_core.sv:88$6328.$fordecl_block$5622.lane [0]' from process `$paramod$4f71396eede93dc2105d68c262aac327633e4f66\bank_pim_core.$proc$/mnt/c/Users/Admin/OneDrive/2026-summer/STOB_semiconductor_pim/STOB_PIM2/rtl/bank_pim_core.sv:85$6344': $auto$proc_dlatch.cc:545:proc_dlatch$121856
Warning: Latch inferred for signal `$paramod$4f71396eede93dc2105d68c262aac327633e4f66\bank_pim_core.\operand_value$func$/mnt/c/Users/Admin/OneDrive/2026-summer/STOB_semiconductor_pim/STOB_PIM2/rtl/bank_pim_core.sv:88$6328.$fordecl_block$5622.lane [31:1]' from process `$paramod$4f71396eede93dc2105d68c262aac327633e4f66\bank_pim_core.$proc$/mnt/c/Users/Admin/OneDrive/2026-summer/STOB_semiconductor_pim/STOB_PIM2/rtl/bank_pim_core.sv:85$6344': $auto$proc_dlatch.cc:543:proc_dlatch$121903
Warning: Latch inferred for signal `$paramod$4f71396eede93dc2105d68c262aac327633e4f66\bank_pim_core.\operand_value$func$/mnt/c/Users/Admin/OneDrive/2026-summer/STOB_semiconductor_pim/STOB_PIM2/rtl/bank_pim_core.sv:89$6329.$fordecl_block$5620.lane [0]' from process `$paramod$4f71396eede93dc2105d68c262aac327633e4f66\bank_pim_core.$proc$/mnt/c/Users/Admin/OneDrive/2026-summer/STOB_semiconductor_pim/STOB_PIM2/rtl/bank_pim_core.sv:85$6344': $auto$proc_dlatch.cc:545:proc_dlatch$121906
Warning: Latch inferred for signal `$paramod$4f71396eede93dc2105d68c262aac327633e4f66\bank_pim_core.\operand_value$func$/mnt/c/Users/Admin/OneDrive/2026-summer/STOB_semiconductor_pim/STOB_PIM2/rtl/bank_pim_core.sv:89$6329.$fordecl_block$5620.lane [31:1]' from process `$paramod$4f71396eede93dc2105d68c262aac327633e4f66\bank_pim_core.$proc$/mnt/c/Users/Admin/OneDrive/2026-summer/STOB_semiconductor_pim/STOB_PIM2/rtl/bank_pim_core.sv:85$6344': $auto$proc_dlatch.cc:543:proc_dlatch$121915
Warning: Latch inferred for signal `$paramod$4f71396eede93dc2105d68c262aac327633e4f66\bank_pim_core.\operand_value$func$/mnt/c/Users/Admin/OneDrive/2026-summer/STOB_semiconductor_pim/STOB_PIM2/rtl/bank_pim_core.sv:89$6329.$fordecl_block$5622.lane [0]' from process `$paramod$4f71396eede93dc2105d68c262aac327633e4f66\bank_pim_core.$proc$/mnt/c/Users/Admin/OneDrive/2026-summer/STOB_semiconductor_pim/STOB_PIM2/rtl/bank_pim_core.sv:85$6344': $auto$proc_dlatch.cc:545:proc_dlatch$121948
Warning: Latch inferred for signal `$paramod$4f71396eede93dc2105d68c262aac327633e4f66\bank_pim_core.\operand_value$func$/mnt/c/Users/Admin/OneDrive/2026-summer/STOB_semiconductor_pim/STOB_PIM2/rtl/bank_pim_core.sv:89$6329.$fordecl_block$5622.lane [31:1]' from process `$paramod$4f71396eede93dc2105d68c262aac327633e4f66\bank_pim_core.$proc$/mnt/c/Users/Admin/OneDrive/2026-summer/STOB_semiconductor_pim/STOB_PIM2/rtl/bank_pim_core.sv:85$6344': $auto$proc_dlatch.cc:543:proc_dlatch$121995
Warning: Latch inferred for signal `$paramod$4f71396eede93dc2105d68c262aac327633e4f66\bank_pim_core.$fordecl_block$5624.lane [0]' from process `$paramod$4f71396eede93dc2105d68c262aac327633e4f66\bank_pim_core.$proc$/mnt/c/Users/Admin/OneDrive/2026-summer/STOB_semiconductor_pim/STOB_PIM2/rtl/bank_pim_core.sv:85$6344': $auto$proc_dlatch.cc:545:proc_dlatch$121998
Warning: Latch inferred for signal `$paramod$4f71396eede93dc2105d68c262aac327633e4f66\bank_pim_core.$fordecl_block$5624.lane [31:1]' from process `$paramod$4f71396eede93dc2105d68c262aac327633e4f66\bank_pim_core.$proc$/mnt/c/Users/Admin/OneDrive/2026-summer/STOB_semiconductor_pim/STOB_PIM2/rtl/bank_pim_core.sv:85$6344': $auto$proc_dlatch.cc:543:proc_dlatch$122007
Warning: Latch inferred for signal `$paramod$3da37a96703b50610107715ffe5bba2dba9336fc\channel_tsv_interconnect.$unnamed_block$5640.$fordecl_block$5634.$for_loop$5635[0].$unnamed_block$5639.$fordecl_block$5636.offset [0]' from process `$paramod$3da37a96703b50610107715ffe5bba2dba9336fc\channel_tsv_interconnect.$proc$/mnt/c/Users/Admin/OneDrive/2026-summer/STOB_semiconductor_pim/STOB_PIM2/rtl/channel_tsv_interconnect.sv:27$6079': $auto$proc_dlatch.cc:545:proc_dlatch$122012
Warning: Latch inferred for signal `$paramod$3da37a96703b50610107715ffe5bba2dba9336fc\channel_tsv_interconnect.$unnamed_block$5640.$fordecl_block$5634.$for_loop$5635[0].$unnamed_block$5639.$fordecl_block$5636.offset [31:1]' from process `$paramod$3da37a96703b50610107715ffe5bba2dba9336fc\channel_tsv_interconnect.$proc$/mnt/c/Users/Admin/OneDrive/2026-summer/STOB_semiconductor_pim/STOB_PIM2/rtl/channel_tsv_interconnect.sv:27$6079': $auto$proc_dlatch.cc:543:proc_dlatch$122021
Warning: Latch inferred for signal `$paramod$3da37a96703b50610107715ffe5bba2dba9336fc\channel_tsv_interconnect.$unnamed_block$5640.$fordecl_block$5634.$for_loop$5635[0].$unnamed_block$5639.$fordecl_block$5636.$for_loop$5637[0].$unnamed_block$5638.candidate' from process `$paramod$3da37a96703b50610107715ffe5bba2dba9336fc\channel_tsv_interconnect.$proc$/mnt/c/Users/Admin/OneDrive/2026-summer/STOB_semiconductor_pim/STOB_PIM2/rtl/channel_tsv_interconnect.sv:27$6079': $auto$proc_dlatch.cc:547:proc_dlatch$122032
Warning: Latch inferred for signal `$paramod$3da37a96703b50610107715ffe5bba2dba9336fc\channel_tsv_interconnect.$unnamed_block$5640.$fordecl_block$5634.$for_loop$5635[1].$unnamed_block$5639.$fordecl_block$5636.offset [0]' from process `$paramod$3da37a96703b50610107715ffe5bba2dba9336fc\channel_tsv_interconnect.$proc$/mnt/c/Users/Admin/OneDrive/2026-summer/STOB_semiconductor_pim/STOB_PIM2/rtl/channel_tsv_interconnect.sv:27$6079': $auto$proc_dlatch.cc:545:proc_dlatch$122035
Warning: Latch inferred for signal `$paramod$3da37a96703b50610107715ffe5bba2dba9336fc\channel_tsv_interconnect.$unnamed_block$5640.$fordecl_block$5634.$for_loop$5635[1].$unnamed_block$5639.$fordecl_block$5636.offset [31:1]' from process `$paramod$3da37a96703b50610107715ffe5bba2dba9336fc\channel_tsv_interconnect.$proc$/mnt/c/Users/Admin/OneDrive/2026-summer/STOB_semiconductor_pim/STOB_PIM2/rtl/channel_tsv_interconnect.sv:27$6079': $auto$proc_dlatch.cc:543:proc_dlatch$122044
Warning: Latch inferred for signal `$paramod$3da37a96703b50610107715ffe5bba2dba9336fc\channel_tsv_interconnect.$unnamed_block$5640.$fordecl_block$5634.$for_loop$5635[1].$unnamed_block$5639.$fordecl_block$5636.$for_loop$5637[0].$unnamed_block$5638.candidate' from process `$paramod$3da37a96703b50610107715ffe5bba2dba9336fc\channel_tsv_interconnect.$proc$/mnt/c/Users/Admin/OneDrive/2026-summer/STOB_semiconductor_pim/STOB_PIM2/rtl/channel_tsv_interconnect.sv:27$6079': $auto$proc_dlatch.cc:547:proc_dlatch$122055
Warning: Latch inferred for signal `$paramod\pim_vector_alu\DATA_WIDTH=32'00000000000000000000000000010000.$fordecl_block$5779.lane' from process `$paramod\pim_vector_alu\DATA_WIDTH=32'00000000000000000000000000010000.$proc$/mnt/c/Users/Admin/OneDrive/2026-summer/STOB_semiconductor_pim/STOB_PIM2/rtl/pim_vector_alu.sv:33$12172': $auto$proc_dlatch.cc:543:proc_dlatch$122060
3.2.9. Executing PROC_DFF pass (convert process syncs to FFs).
3.2.10. Executing PROC_MEMWR pass (convert process memory writes to cells).
3.2.11. Executing PROC_CLEAN pass (remove empty switches from decision trees).
3.2.12. Executing OPT_EXPR pass (perform const folding).
3.3. Executing CHECK pass (checking for obvious problems).
3.4. Executing FLATTEN pass (flatten design).
3.5. Executing OPT_EXPR pass (perform const folding).
3.6. Executing OPT_CLEAN pass (remove unused cells and wires).
3.7. Executing CHECK pass (checking for obvious problems).
3.8. Executing OPT pass (performing simple optimizations).
3.8.1. Executing OPT_EXPR pass (perform const folding).
3.8.2. Executing OPT_MERGE pass (detect identical cells).
3.8.3. Executing OPT_MUXTREE pass (detect dead branches in mux trees).
3.8.4. Executing OPT_REDUCE pass (consolidate $*mux and $reduce_* inputs).
3.8.5. Executing OPT_MERGE pass (detect identical cells).
3.8.6. Executing OPT_DFF pass (perform DFF optimizations).
3.8.7. Executing OPT_CLEAN pass (remove unused cells and wires).
3.8.8. Executing OPT_EXPR pass (perform const folding).
3.8.9. Rerunning OPT passes. (Maybe there is more to do..)
3.8.10. Executing OPT_MUXTREE pass (detect dead branches in mux trees).
3.8.11. Executing OPT_REDUCE pass (consolidate $*mux and $reduce_* inputs).
3.8.12. Executing OPT_MERGE pass (detect identical cells).
3.8.13. Executing OPT_DFF pass (perform DFF optimizations).
3.8.14. Executing OPT_CLEAN pass (remove unused cells and wires).
3.8.15. Executing OPT_EXPR pass (perform const folding).
3.8.16. Rerunning OPT passes. (Maybe there is more to do..)
3.8.17. Executing OPT_MUXTREE pass (detect dead branches in mux trees).
3.8.18. Executing OPT_REDUCE pass (consolidate $*mux and $reduce_* inputs).
3.8.19. Executing OPT_MERGE pass (detect identical cells).
3.8.20. Executing OPT_DFF pass (perform DFF optimizations).
3.8.21. Executing OPT_CLEAN pass (remove unused cells and wires).
3.8.22. Executing OPT_EXPR pass (perform const folding).
3.8.23. Finished fast OPT passes. (There is nothing left to do.)
3.9. Executing FSM pass (extract and optimize FSM).
3.9.1. Executing FSM_DETECT pass (finding FSMs in design).
3.9.2. Executing FSM_EXTRACT pass (extracting FSM from design).
3.9.3. Executing FSM_OPT pass (simple optimizations of FSMs).
3.9.4. Executing OPT_CLEAN pass (remove unused cells and wires).
3.9.5. Executing FSM_OPT pass (simple optimizations of FSMs).
3.9.6. Executing FSM_RECODE pass (re-assigning FSM state encoding).
3.9.7. Executing FSM_INFO pass (dumping all available information on FSM cells).
3.9.8. Executing FSM_MAP pass (mapping FSMs to basic logic).
3.10. Executing OPT pass (performing simple optimizations).
3.10.1. Executing OPT_EXPR pass (perform const folding).
3.10.2. Executing OPT_MERGE pass (detect identical cells).
3.10.3. Executing OPT_MUXTREE pass (detect dead branches in mux trees).
3.10.4. Executing OPT_REDUCE pass (consolidate $*mux and $reduce_* inputs).
3.10.5. Executing OPT_MERGE pass (detect identical cells).
3.10.6. Executing OPT_DFF pass (perform DFF optimizations).
3.10.7. Executing OPT_CLEAN pass (remove unused cells and wires).
3.10.8. Executing OPT_EXPR pass (perform const folding).
3.10.9. Rerunning OPT passes. (Maybe there is more to do..)
3.10.10. Executing OPT_MUXTREE pass (detect dead branches in mux trees).
3.10.11. Executing OPT_REDUCE pass (consolidate $*mux and $reduce_* inputs).
3.10.12. Executing OPT_MERGE pass (detect identical cells).
3.10.13. Executing OPT_DFF pass (perform DFF optimizations).
3.10.14. Executing OPT_CLEAN pass (remove unused cells and wires).
3.10.15. Executing OPT_EXPR pass (perform const folding).
3.10.16. Rerunning OPT passes. (Maybe there is more to do..)
3.10.17. Executing OPT_MUXTREE pass (detect dead branches in mux trees).
3.10.18. Executing OPT_REDUCE pass (consolidate $*mux and $reduce_* inputs).
3.10.19. Executing OPT_MERGE pass (detect identical cells).
3.10.20. Executing OPT_DFF pass (perform DFF optimizations).
3.10.21. Executing OPT_CLEAN pass (remove unused cells and wires).
3.10.22. Executing OPT_EXPR pass (perform const folding).
3.10.23. Rerunning OPT passes. (Maybe there is more to do..)
3.10.24. Executing OPT_MUXTREE pass (detect dead branches in mux trees).
3.10.25. Executing OPT_REDUCE pass (consolidate $*mux and $reduce_* inputs).
3.10.26. Executing OPT_MERGE pass (detect identical cells).
3.10.27. Executing OPT_DFF pass (perform DFF optimizations).
3.10.28. Executing OPT_CLEAN pass (remove unused cells and wires).
3.10.29. Executing OPT_EXPR pass (perform const folding).
3.10.30. Finished fast OPT passes. (There is nothing left to do.)
3.11. Executing WREDUCE pass (reducing word size of cells).
3.12. Executing PEEPOPT pass (run peephole optimizers).
3.13. Executing OPT_CLEAN pass (remove unused cells and wires).
3.14. Executing ALUMACC pass (create $alu and $macc cells).
3.15. Executing SHARE pass (SAT-based resource sharing).
