Running the sky130hd RTL-to-GDS flow in Ubuntu...
/home/chandler/OpenROAD-flow-scripts/flow/scripts/flow.sh 5_1_grt global_route
Running global_route.tcl, stage 5_1_grt
read_liberty /home/chandler/OpenROAD-flow-scripts/flow/platforms/sky130hd/lib/sky130_fd_sc_hd__tt_025C_1v80.lib
read_db ./results/sky130hd/stob_pim2/base/4_cts.odb
read_sdc ./results/sky130hd/stob_pim2/base/4_cts.sdc
source /home/chandler/OpenROAD-flow-scripts/flow/platforms/sky130hd/setRC.tcl
pin_access
[INFO DRT-0149] Reading tech and libs.
[WARNING DRT-0349] LEF58_ENCLOSURE with no CUTCLASS is not supported. Skipping for layer mcon
[WARNING DRT-0349] LEF58_ENCLOSURE with no CUTCLASS is not supported. Skipping for layer mcon
[WARNING DRT-0349] LEF58_ENCLOSURE with no CUTCLASS is not supported. Skipping for layer via
[WARNING DRT-0349] LEF58_ENCLOSURE with no CUTCLASS is not supported. Skipping for layer via
[WARNING DRT-0349] LEF58_ENCLOSURE with no CUTCLASS is not supported. Skipping for layer via2
[WARNING DRT-0349] LEF58_ENCLOSURE with no CUTCLASS is not supported. Skipping for layer via2
[WARNING DRT-0349] LEF58_ENCLOSURE with no CUTCLASS is not supported. Skipping for layer via3
[WARNING DRT-0349] LEF58_ENCLOSURE with no CUTCLASS is not supported. Skipping for layer via3
[WARNING DRT-0349] LEF58_ENCLOSURE with no CUTCLASS is not supported. Skipping for layer via4
[WARNING DRT-0349] LEF58_ENCLOSURE with no CUTCLASS is not supported. Skipping for layer via4

Units:                1000
Number of layers:     13
Number of macros:     441
Number of vias:       29
Number of viarulegen: 25

[INFO DRT-0150] Reading design.
[WARNING DRT-0120] Large net net46595 has 111 pins which may impact routing performance. Consider optimization.
[WARNING DRT-0120] Large net net53253 has 185 pins which may impact routing performance. Consider optimization.
[WARNING DRT-0120] Large net net53250 has 147 pins which may impact routing performance. Consider optimization.

Design:                   full_pim_system_top
Die area:                 ( 0 0 ) ( 1673530 1673530 )
Number of track patterns: 12
Number of DEF vias:       0
Number of components:     139404
Number of terminals:      1062
Number of snets:          2
Number of nets:           103802

[INFO DRT-0167] List of default vias:
  Layer via
    default via: M1M2_PR
  Layer via2
    default via: M2M3_PR
  Layer via3
    default via: M3M4_PR
  Layer via4
    default via: M4M5_PR
[INFO DRT-0162] Library cell analysis.
[INFO DRT-0163] Instance analysis.
  Complete 100000 instances.
[INFO DRT-0164] Number of unique instances = 389.
[INFO DRT-0168] Init region query.
[INFO DRT-0018]   Complete 100000 insts.
[INFO DRT-0024]   Complete FR_MASTERSLICE.
[INFO DRT-0024]   Complete Fr_VIA.
[INFO DRT-0024]   Complete li1.
[INFO DRT-0024]   Complete mcon.
[INFO DRT-0024]   Complete met1.
[INFO DRT-0024]   Complete via.
[INFO DRT-0024]   Complete met2.
[INFO DRT-0024]   Complete via2.
[INFO DRT-0024]   Complete met3.
[INFO DRT-0024]   Complete via3.
[INFO DRT-0024]   Complete met4.
[INFO DRT-0024]   Complete via4.
[INFO DRT-0024]   Complete met5.
[INFO DRT-0033] FR_MASTERSLICE shape region query size = 0.
[INFO DRT-0033] FR_VIA shape region query size = 0.
[INFO DRT-0033] li1 shape region query size = 3305354.
[INFO DRT-0033] mcon shape region query size = 1999680.
[INFO DRT-0033] met1 shape region query size = 530100.
[INFO DRT-0033] via shape region query size = 187270.
[INFO DRT-0033] met2 shape region query size = 113029.
[INFO DRT-0033] via2 shape region query size = 149816.
[INFO DRT-0033] met3 shape region query size = 112755.
[INFO DRT-0033] via3 shape region query size = 149816.
[INFO DRT-0033] met4 shape region query size = 45018.
[INFO DRT-0033] via4 shape region query size = 7442.
[INFO DRT-0033] met5 shape region query size = 7686.
[INFO DRT-0165] Start pin access.
[INFO DRT-0076]   Complete 1000 pins.
[INFO DRT-0076]   Complete 2000 pins.
[INFO DRT-0076]   Complete 3000 pins.
[INFO DRT-0078]   Complete 3222 pins.
[INFO DRT-0079]   Complete 100 unique inst patterns.
[INFO DRT-0079]   Complete 200 unique inst patterns.
[INFO DRT-0079]   Complete 300 unique inst patterns.
[INFO DRT-0081]   Complete 389 unique inst patterns.
[INFO DRT-0082]   Complete 10000 groups.
[INFO DRT-0082]   Complete 20000 groups.
[INFO DRT-0082]   Complete 30000 groups.
[INFO DRT-0082]   Complete 40000 groups.
[INFO DRT-0082]   Complete 50000 groups.
[INFO DRT-0082]   Complete 60000 groups.
[INFO DRT-0082]   Complete 70000 groups.
[INFO DRT-0082]   Complete 80000 groups.
[INFO DRT-0084]   Complete 87758 groups.
#scanned instances     = 139404
#unique  instances     = 389
#stdCellGenAp          = 13241
#stdCellValidPlanarAp  = 138
#stdCellValidViaAp     = 9518
#stdCellPinNoAp        = 6
#stdCellPinCnt         = 341604
#instTermValidViaApCnt = 0
#macroGenAp            = 0
#macroValidPlanarAp    = 0
#macroValidViaAp       = 0
#macroNoAp             = 0
[INFO DRT-0166] Complete pin access.
[INFO DRT-0267] cpu time = 00:06:40, elapsed time = 00:01:41, memory = 853.12 (MB), peak = 940.80 (MB)
Took 103 seconds: pin_access
global_route -congestion_report_file ./reports/sky130hd/stob_pim2/base/congestion.rpt -congestion_iterations 30 -congestion_report_iter_step 5 -verbose
[INFO GRT-0020] Min routing layer: met1
[INFO GRT-0021] Max routing layer: met5
[INFO GRT-0022] Global adjustment: 0%
[INFO GRT-0023] Grid origin: (0, 0)
[INFO GRT-0088] Layer li1     Track-Pitch = 0.4600  line-2-Via Pitch: 0.3400
[INFO GRT-0088] Layer met1    Track-Pitch = 0.3400  line-2-Via Pitch: 0.3400
[INFO GRT-0088] Layer met2    Track-Pitch = 0.4600  line-2-Via Pitch: 0.3500
[INFO GRT-0088] Layer met3    Track-Pitch = 0.6800  line-2-Via Pitch: 0.6150
[INFO GRT-0088] Layer met4    Track-Pitch = 0.9200  line-2-Via Pitch: 1.0400
[INFO GRT-0088] Layer met5    Track-Pitch = 3.4000  line-2-Via Pitch: 3.1100
[INFO GRT-0003] Macros: 0
[INFO GRT-0004] Blockages: 312969
[INFO GRT-0019] Found 1697 clock nets.
[INFO GRT-0001] Minimum degree: 2
[INFO GRT-0002] Maximum degree: 185

[INFO GRT-0053] Routing resources analysis:
          Routing      Original      Derated      Resource
Layer     Direction    Resources     Resources    Reduction (%)
---------------------------------------------------------------
li1        Vertical            0             0          0.00%
met1       Horizontal     741792        571670          22.93%
met2       Vertical       755294        579846          23.23%
met3       Horizontal     553939        432770          21.87%
met4       Vertical       373791        271366          27.40%
met5       Horizontal      81458         59286          27.22%
---------------------------------------------------------------

[INFO GRT-0101] Running extra iterations to remove congestion.
[INFO GRT-0102] Start extra iteration 1/30
[INFO GRT-0102] Start extra iteration 2/30
[INFO GRT-0102] Start extra iteration 3/30
[INFO GRT-0197] Via related to pin nodes: 624457
[INFO GRT-0198] Via related Steiner nodes: 19362
[INFO GRT-0199] Via filling finished.
[INFO GRT-0111] Final number of vias: 823025
[INFO GRT-0112] Final usage 3D: 3326488

[INFO GRT-0096] Final congestion report:
Layer         Resource        Demand        Usage (%)    Max H / Max V / Total Congestion
---------------------------------------------------------------------------------------
li1                  0             0            0.00%             0 /  0 /  0
met1            571670        311518           54.49%             0 /  0 /  0
met2            579846        355379           61.29%             0 /  0 /  0
met3            432770        102301           23.64%             0 /  0 /  0
met4            271366         86525           31.88%             0 /  0 /  0
met5             59286          1690            2.85%             0 /  0 /  0
---------------------------------------------------------------------------------------
Total          1914938        857413           44.77%             0 /  0 /  0

[INFO GRT-0018] Total wirelength: 7914921 um
[INFO GRT-0014] Routed nets: 102932
[INFO GRT-0303] Global routing runtime = 00:00:18
Took 18 seconds: global_route -congestion_report_file ./reports/sky130hd/stob_pim2/base/congestion.rpt -congestion_iterations 30 -congestion_report_iter_step 5 -verbose
estimate_parasitics -global_routing
global_route -start_incremental
global_route -end_incremental -congestion_report_file ./reports/sky130hd/stob_pim2/base/congestion_post_recover_power.rpt
Estimate parasitics...
estimate_parasitics -global_routing
[INFO FLW-0007] clock clk period 10.000000
[INFO FLW-0008] Clock clk period 53.060
[INFO FLW-0009] Clock clk slack -45.853
write_sdc -no_timestamp ./results/sky130hd/stob_pim2/base/updated_clks.sdc
[INFO FLW-0011] Path endpoint path count 31593
write_db ./results/sky130hd/stob_pim2/base/5_1_grt.odb
write_sdc -no_timestamp ./results/sky130hd/stob_pim2/base/5_1_grt.sdc
Elapsed time: 2:12.17[h:]min:sec. CPU time: user 433.46 sys 4.16 (331%). Peak memory: 2356432KB.
Log                       Ext     Elapsed/s Peak Memory/MB sha1sum result [0:20)
5_1_grt                   .odb          132           2301 09005eae5ecf7562cf56
5_1_grt                   .sdc                             8f2c27ad25435332d359
/home/chandler/OpenROAD-flow-scripts/flow/scripts/flow.sh 5_2_route detail_route
Running detail_route.tcl, stage 5_2_route
read_liberty /home/chandler/OpenROAD-flow-scripts/flow/platforms/sky130hd/lib/sky130_fd_sc_hd__tt_025C_1v80.lib
read_db ./results/sky130hd/stob_pim2/base/5_1_grt.odb
read_sdc ./results/sky130hd/stob_pim2/base/5_1_grt.sdc
source /home/chandler/OpenROAD-flow-scripts/flow/platforms/sky130hd/setRC.tcl
source /mnt/c/Users/Admin/OneDrive/2026-summer/STOB_semiconductor_pim/STOB_PIM2/flow/designs/sky130hd/stob_pim2/openroad_compat.tcl
detailed_route -output_drc ./reports/sky130hd/stob_pim2/base/5_route_drc.rpt -output_maze ./results/sky130hd/stob_pim2/base/maze.log -droute_end_iter 0 -verbose 1 -drc_report_iter_step 5
[INFO DRT-0149] Reading tech and libs.
[WARNING DRT-0349] LEF58_ENCLOSURE with no CUTCLASS is not supported. Skipping for layer mcon
[WARNING DRT-0349] LEF58_ENCLOSURE with no CUTCLASS is not supported. Skipping for layer mcon
[WARNING DRT-0349] LEF58_ENCLOSURE with no CUTCLASS is not supported. Skipping for layer via
[WARNING DRT-0349] LEF58_ENCLOSURE with no CUTCLASS is not supported. Skipping for layer via
[WARNING DRT-0349] LEF58_ENCLOSURE with no CUTCLASS is not supported. Skipping for layer via2
[WARNING DRT-0349] LEF58_ENCLOSURE with no CUTCLASS is not supported. Skipping for layer via2
[WARNING DRT-0349] LEF58_ENCLOSURE with no CUTCLASS is not supported. Skipping for layer via3
[WARNING DRT-0349] LEF58_ENCLOSURE with no CUTCLASS is not supported. Skipping for layer via3
[WARNING DRT-0349] LEF58_ENCLOSURE with no CUTCLASS is not supported. Skipping for layer via4
[WARNING DRT-0349] LEF58_ENCLOSURE with no CUTCLASS is not supported. Skipping for layer via4

Units:                1000
Number of layers:     13
Number of macros:     441
Number of vias:       29
Number of viarulegen: 25

[INFO DRT-0150] Reading design.
[WARNING DRT-0120] Large net net46595 has 111 pins which may impact routing performance. Consider optimization.
[WARNING DRT-0120] Large net net53253 has 185 pins which may impact routing performance. Consider optimization.
[WARNING DRT-0120] Large net net53250 has 147 pins which may impact routing performance. Consider optimization.

Design:                   full_pim_system_top
Die area:                 ( 0 0 ) ( 1673530 1673530 )
Number of track patterns: 12
Number of DEF vias:       0
Number of components:     139404
Number of terminals:      1062
Number of snets:          2
Number of nets:           103802

[INFO DRT-0167] List of default vias:
  Layer via
    default via: M1M2_PR
  Layer via2
    default via: M2M3_PR
  Layer via3
    default via: M3M4_PR
  Layer via4
    default via: M4M5_PR
[INFO DRT-0162] Library cell analysis.
[INFO DRT-0163] Instance analysis.
  Complete 100000 instances.
[INFO DRT-0164] Number of unique instances = 389.
[INFO DRT-0168] Init region query.
[INFO DRT-0018]   Complete 100000 insts.
[INFO DRT-0024]   Complete FR_MASTERSLICE.
[INFO DRT-0024]   Complete Fr_VIA.
[INFO DRT-0024]   Complete li1.
[INFO DRT-0024]   Complete mcon.
[INFO DRT-0024]   Complete met1.
[INFO DRT-0024]   Complete via.
[INFO DRT-0024]   Complete met2.
[INFO DRT-0024]   Complete via2.
[INFO DRT-0024]   Complete met3.
[INFO DRT-0024]   Complete via3.
[INFO DRT-0024]   Complete met4.
[INFO DRT-0024]   Complete via4.
[INFO DRT-0024]   Complete met5.
[INFO DRT-0033] FR_MASTERSLICE shape region query size = 0.
[INFO DRT-0033] FR_VIA shape region query size = 0.
[INFO DRT-0033] li1 shape region query size = 3305354.
[INFO DRT-0033] mcon shape region query size = 1999680.
[INFO DRT-0033] met1 shape region query size = 530100.
[INFO DRT-0033] via shape region query size = 187270.
[INFO DRT-0033] met2 shape region query size = 113029.
[INFO DRT-0033] via2 shape region query size = 149816.
[INFO DRT-0033] met3 shape region query size = 112755.
[INFO DRT-0033] via3 shape region query size = 149816.
[INFO DRT-0033] met4 shape region query size = 45018.
[INFO DRT-0033] via4 shape region query size = 7442.
[INFO DRT-0033] met5 shape region query size = 7686.
[INFO DRT-0165] Start pin access.
[INFO DRT-0076]   Complete 1000 pins.
[INFO DRT-0076]   Complete 2000 pins.
[INFO DRT-0076]   Complete 3000 pins.
[INFO DRT-0078]   Complete 3222 pins.
[INFO DRT-0079]   Complete 100 unique inst patterns.
[INFO DRT-0079]   Complete 200 unique inst patterns.
[INFO DRT-0079]   Complete 300 unique inst patterns.
[INFO DRT-0081]   Complete 389 unique inst patterns.
[INFO DRT-0082]   Complete 10000 groups.
[INFO DRT-0082]   Complete 20000 groups.
[INFO DRT-0082]   Complete 30000 groups.
[INFO DRT-0082]   Complete 40000 groups.
[INFO DRT-0082]   Complete 50000 groups.
[INFO DRT-0082]   Complete 60000 groups.
[INFO DRT-0082]   Complete 70000 groups.
[INFO DRT-0082]   Complete 80000 groups.
[INFO DRT-0084]   Complete 87758 groups.
#scanned instances     = 139404
#unique  instances     = 389
#stdCellGenAp          = 13241
#stdCellValidPlanarAp  = 138
#stdCellValidViaAp     = 9518
#stdCellPinNoAp        = 6
#stdCellPinCnt         = 341604
#instTermValidViaApCnt = 0
#macroGenAp            = 0
#macroValidPlanarAp    = 0
#macroValidViaAp       = 0
#macroNoAp             = 0
[INFO DRT-0166] Complete pin access.
[INFO DRT-0267] cpu time = 00:06:45, elapsed time = 00:01:42, memory = 1329.34 (MB), peak = 1418.68 (MB)
[INFO DRT-0156] guideIn read 100000 guides.
[INFO DRT-0156] guideIn read 200000 guides.
[INFO DRT-0156] guideIn read 300000 guides.
[INFO DRT-0156] guideIn read 400000 guides.
[INFO DRT-0156] guideIn read 500000 guides.
[INFO DRT-0156] guideIn read 600000 guides.
[INFO DRT-0156] guideIn read 700000 guides.
[INFO DRT-0156] guideIn read 800000 guides.

[INFO DRT-0157] Number of guides:     887831

[INFO DRT-0169] Post process guides.
[INFO DRT-0176] GCELLGRID X 0 DO 242 STEP 6900 ;
[INFO DRT-0177] GCELLGRID Y 0 DO 242 STEP 6900 ;
[INFO DRT-0026]   Complete 100000 origin guides.
[INFO DRT-0026]   Complete 200000 origin guides.
[INFO DRT-0026]   Complete 300000 origin guides.
[INFO DRT-0026]   Complete 400000 origin guides.
[INFO DRT-0026]   Complete 500000 origin guides.
[INFO DRT-0026]   Complete 600000 origin guides.
[INFO DRT-0026]   Complete 700000 origin guides.
[INFO DRT-0026]   Complete 800000 origin guides.
[INFO DRT-0028]   Complete FR_MASTERSLICE.
[INFO DRT-0028]   Complete Fr_VIA.
[INFO DRT-0028]   Complete li1.
[INFO DRT-0028]   Complete mcon.
[INFO DRT-0028]   Complete met1.
[INFO DRT-0028]   Complete via.
[INFO DRT-0028]   Complete met2.
[INFO DRT-0028]   Complete via2.
[INFO DRT-0028]   Complete met3.
[INFO DRT-0028]   Complete via3.
[INFO DRT-0028]   Complete met4.
[INFO DRT-0028]   Complete via4.
[INFO DRT-0028]   Complete met5.
  complete 100000 nets.
[INFO DRT-0178] Init guide query.
[INFO DRT-0029]   Complete 100000 nets (guide).
[INFO DRT-0035]   Complete FR_MASTERSLICE (guide).
[INFO DRT-0035]   Complete Fr_VIA (guide).
[INFO DRT-0035]   Complete li1 (guide).
[INFO DRT-0035]   Complete mcon (guide).
[INFO DRT-0035]   Complete met1 (guide).
[INFO DRT-0035]   Complete via (guide).
[INFO DRT-0035]   Complete met2 (guide).
[INFO DRT-0035]   Complete via2 (guide).
[INFO DRT-0035]   Complete met3 (guide).
[INFO DRT-0035]   Complete via3 (guide).
[INFO DRT-0035]   Complete met4 (guide).
[INFO DRT-0035]   Complete via4 (guide).
[INFO DRT-0035]   Complete met5 (guide).
[INFO DRT-0036] FR_MASTERSLICE guide region query size = 0.
[INFO DRT-0036] FR_VIA guide region query size = 0.
[INFO DRT-0036] li1 guide region query size = 292563.
[INFO DRT-0036] mcon guide region query size = 0.
[INFO DRT-0036] met1 guide region query size = 270259.
[INFO DRT-0036] via guide region query size = 0.
[INFO DRT-0036] met2 guide region query size = 148440.
[INFO DRT-0036] via2 guide region query size = 0.
[INFO DRT-0036] met3 guide region query size = 15267.
[INFO DRT-0036] via3 guide region query size = 0.
[INFO DRT-0036] met4 guide region query size = 5233.
[INFO DRT-0036] via4 guide region query size = 0.
[INFO DRT-0036] met5 guide region query size = 76.
[INFO DRT-0179] Init gr pin query.
[INFO DRT-0267] cpu time = 00:00:02, elapsed time = 00:00:01, memory = 1646.47 (MB), peak = 1645.74 (MB)
[INFO DRT-0245] skipped writing guide updates to database.
[INFO DRT-0181] Start track assignment.
[INFO DRT-0184] Done with 446236 vertical wires in 5 frboxes and 285602 horizontal wires in 5 frboxes.
[INFO DRT-0186] Done with 55432 vertical wires in 5 frboxes and 82842 horizontal wires in 5 frboxes.
[INFO DRT-0182] Complete track assignment.
[INFO DRT-0267] cpu time = 00:00:45, elapsed time = 00:00:16, memory = 2627.11 (MB), peak = 2756.73 (MB)
[INFO DRT-0187] Start routing data preparation.
[INFO DRT-0267] cpu time = 00:00:00, elapsed time = 00:00:00, memory = 2627.11 (MB), peak = 2756.73 (MB)
[INFO DRT-0194] Start detail routing.
[INFO DRT-0195] Start 0th optimization iteration.
    Completing 10% with 0 violations.
    elapsed time = 00:00:36, memory = 3334.74 (MB).
    Completing 20% with 0 violations.
    elapsed time = 00:01:13, memory = 4956.70 (MB).
    Completing 30% with 15283 violations.
    elapsed time = 00:01:57, memory = 5831.66 (MB).
    Completing 40% with 15283 violations.
    elapsed time = 00:02:48, memory = 5831.76 (MB).
    Completing 50% with 15283 violations.
    elapsed time = 00:03:32, memory = 6019.18 (MB).
    Completing 60% with 30682 violations.
    elapsed time = 00:04:16, memory = 6078.93 (MB).
    Completing 70% with 30682 violations.
    elapsed time = 00:04:57, memory = 6128.27 (MB).
