violation type: Horizontal congestion
	srcs: net:ch6_from_b3
	comment: capacity:0 usage:1 congestion:1
	bbox = (241.5000, 414.0000) - (248.4000, 420.9000) on Layer -
violation type: Horizontal congestion
	srcs: net:ch2_from_b3
	comment: capacity:0 usage:1 congestion:1
	bbox = (248.4000, 165.6000) - (255.3000, 172.5000) on Layer -
violation type: Horizontal congestion
	srcs: net:ch4_from_b3
	comment: capacity:0 usage:1 congestion:1
	bbox = (227.7000, 338.1000) - (234.6000, 345.0000) on Layer -
violation type: Horizontal congestion
	srcs: net:ch1_from_b3
	comment: capacity:0 usage:1 congestion:1
	bbox = (172.5000, 186.3000) - (179.4000, 193.2000) on Layer -
violation type: Horizontal congestion
	srcs: net:ch5_to_logic
	comment: capacity:0 usage:1 congestion:1
	bbox = (200.1000, 503.7000) - (207.0000, 510.6000) on Layer -
violation type: Horizontal congestion
	srcs: net:ch2_from_b0 net:ch2_to_logic
	comment: capacity:0 usage:2 congestion:2
	bbox = (248.4000, 138.0000) - (255.3000, 144.9000) on Layer -
violation type: Horizontal congestion
	srcs: net:ch3_from_b3
	comment: capacity:0 usage:1 congestion:1
	bbox = (220.8000, 289.8000) - (227.7000, 296.7000) on Layer -
violation type: Horizontal congestion
	srcs: net:ch4_from_b3
	comment: capacity:0 usage:1 congestion:1
	bbox = (213.9000, 338.1000) - (220.8000, 345.0000) on Layer -
violation type: Horizontal congestion
	srcs: net:ch6_from_b4
	comment: capacity:0 usage:1 congestion:1
	bbox = (248.4000, 407.1000) - (255.3000, 414.0000) on Layer -
violation type: Horizontal congestion
	srcs: net:ch5_from_b4
	comment: capacity:0 usage:1 congestion:1
	bbox = (241.5000, 372.6000) - (248.4000, 379.5000) on Layer -
violation type: Horizontal congestion
	srcs: net:ch5_from_b3
	comment: capacity:0 usage:1 congestion:1
	bbox = (255.3000, 365.7000) - (262.2000, 372.6000) on Layer -
violation type: Horizontal congestion
	srcs: net:ch2_from_b4
	comment: capacity:0 usage:1 congestion:1
	bbox = (241.5000, 234.6000) - (248.4000, 241.5000) on Layer -
violation type: Horizontal congestion
	srcs: net:ch5_to_logic
	comment: capacity:0 usage:1 congestion:1
	bbox = (234.6000, 503.7000) - (241.5000, 510.6000) on Layer -
violation type: Horizontal congestion
	srcs: net:ch7_to_logic
	comment: capacity:0 usage:1 congestion:1
	bbox = (248.4000, 565.8000) - (255.3000, 572.7000) on Layer -
violation type: Horizontal congestion
	srcs: net:ch5_to_logic
	comment: capacity:0 usage:1 congestion:1
	bbox = (248.4000, 503.7000) - (255.3000, 510.6000) on Layer -
violation type: Horizontal congestion
	srcs: net:ch6_from_b3
	comment: capacity:0 usage:1 congestion:1
	bbox = (255.3000, 414.0000) - (262.2000, 420.9000) on Layer -
violation type: Horizontal congestion
	srcs: net:ch3_from_b3
	comment: capacity:0 usage:1 congestion:1
	bbox = (241.5000, 289.8000) - (248.4000, 296.7000) on Layer -
violation type: Horizontal congestion
	srcs: net:ch4_from_b5
	comment: capacity:0 usage:1 congestion:1
	bbox = (186.3000, 420.9000) - (193.2000, 427.8000) on Layer -
violation type: Horizontal congestion
	srcs: net:ch3_from_b4
	comment: capacity:0 usage:1 congestion:1
	bbox = (234.6000, 276.0000) - (241.5000, 282.9000) on Layer -
violation type: Horizontal congestion
	srcs: net:ch3_to_logic
	comment: capacity:0 usage:1 congestion:1
	bbox = (179.4000, 262.2000) - (186.3000, 269.1000) on Layer -
violation type: Horizontal congestion
	srcs: net:ch6_from_b5
	comment: capacity:0 usage:1 congestion:1
	bbox = (165.6000, 338.1000) - (172.5000, 345.0000) on Layer -
violation type: Horizontal congestion
	srcs: net:ch3_from_b3
	comment: capacity:0 usage:1 congestion:1
	bbox = (227.7000, 289.8000) - (234.6000, 296.7000) on Layer -
violation type: Horizontal congestion
	srcs: net:ch5_to_logic
	comment: capacity:0 usage:1 congestion:1
	bbox = (241.5000, 503.7000) - (248.4000, 510.6000) on Layer -
violation type: Horizontal congestion
	srcs: net:ch7_from_b4
	comment: capacity:0 usage:1 congestion:1
	bbox = (255.3000, 462.3000) - (262.2000, 469.2000) on Layer -
violation type: Horizontal congestion
	srcs: net:ch7_to_logic
	comment: capacity:0 usage:1 congestion:1
	bbox = (213.9000, 565.8000) - (220.8000, 572.7000) on Layer -
violation type: Horizontal congestion
	srcs: net:ch3_from_b4
	comment: capacity:0 usage:1 congestion:1
	bbox = (255.3000, 276.0000) - (262.2000, 282.9000) on Layer -
violation type: Horizontal congestion
	srcs: net:ch4_to_logic
	comment: capacity:0 usage:1 congestion:1
	bbox = (207.0000, 379.5000) - (213.9000, 386.4000) on Layer -
violation type: Horizontal congestion
	srcs: net:ch7_to_logic
	comment: capacity:0 usage:1 congestion:1
	bbox = (234.6000, 565.8000) - (241.5000, 572.7000) on Layer -
violation type: Horizontal congestion
	srcs: net:ch2_from_b2
	comment: capacity:0 usage:1 congestion:1
	bbox = (248.4000, 144.9000) - (255.3000, 151.8000) on Layer -
violation type: Horizontal congestion
	srcs: net:ch5_from_b3
	comment: capacity:0 usage:1 congestion:1
	bbox = (234.6000, 365.7000) - (241.5000, 372.6000) on Layer -
violation type: Horizontal congestion
	srcs: net:ch1_from_b3
	comment: capacity:0 usage:1 congestion:1
	bbox = (165.6000, 186.3000) - (172.5000, 193.2000) on Layer -
violation type: Horizontal congestion
	srcs: net:ch6_from_b4
	comment: capacity:0 usage:1 congestion:1
	bbox = (234.6000, 407.1000) - (241.5000, 414.0000) on Layer -
violation type: Horizontal congestion
	srcs: net:ch6_to_logic
	comment: capacity:0 usage:1 congestion:1
	bbox = (255.3000, 545.1000) - (262.2000, 552.0000) on Layer -
violation type: Horizontal congestion
	srcs: net:ch4_from_b3
	comment: capacity:0 usage:1 congestion:1
	bbox = (248.4000, 338.1000) - (255.3000, 345.0000) on Layer -
violation type: Horizontal congestion
	srcs: net:ch5_to_logic
	comment: capacity:0 usage:1 congestion:1
	bbox = (213.9000, 503.7000) - (220.8000, 510.6000) on Layer -
violation type: Horizontal congestion
	srcs: net:ch0_from_b3
	comment: capacity:0 usage:1 congestion:1
	bbox = (186.3000, 144.9000) - (193.2000, 151.8000) on Layer -
violation type: Horizontal congestion
	srcs: net:ch1_to_logic
	comment: capacity:0 usage:1 congestion:1
	bbox = (200.1000, 648.6000) - (207.0000, 655.5000) on Layer -
violation type: Horizontal congestion
	srcs: net:ch2_from_b3
	comment: capacity:0 usage:1 congestion:1
	bbox = (255.3000, 165.6000) - (262.2000, 172.5000) on Layer -
violation type: Horizontal congestion
	srcs: net:ch6_from_b3
	comment: capacity:0 usage:1 congestion:1
	bbox = (213.9000, 414.0000) - (220.8000, 420.9000) on Layer -
violation type: Horizontal congestion
	srcs: net:ch2_from_b6
	comment: capacity:0 usage:1 congestion:1
	bbox = (255.3000, 158.7000) - (262.2000, 165.6000) on Layer -
violation type: Horizontal congestion
	srcs: net:ch7_from_b4
	comment: capacity:0 usage:1 congestion:1
	bbox = (234.6000, 462.3000) - (241.5000, 469.2000) on Layer -
violation type: Horizontal congestion
	srcs: net:ch4_from_b4
	comment: capacity:0 usage:1 congestion:1
	bbox = (248.4000, 324.3000) - (255.3000, 331.2000) on Layer -
violation type: Horizontal congestion
	srcs: net:ch5_from_b5
	comment: capacity:0 usage:1 congestion:1
	bbox = (179.4000, 372.6000) - (186.3000, 379.5000) on Layer -
violation type: Horizontal congestion
	srcs: net:ch3_from_b3
	comment: capacity:0 usage:1 congestion:1
	bbox = (200.1000, 289.8000) - (207.0000, 296.7000) on Layer -
violation type: Horizontal congestion
	srcs: net:ch4_to_logic
	comment: capacity:0 usage:1 congestion:1
	bbox = (213.9000, 379.5000) - (220.8000, 386.4000) on Layer -
violation type: Horizontal congestion
	srcs: net:ch3_to_logic
	comment: capacity:0 usage:1 congestion:1
	bbox = (255.3000, 262.2000) - (262.2000, 269.1000) on Layer -
violation type: Horizontal congestion
	srcs: net:ch4_from_b3
	comment: capacity:0 usage:1 congestion:1
	bbox = (220.8000, 338.1000) - (227.7000, 345.0000) on Layer -
violation type: Horizontal congestion
	srcs: net:ch3_to_logic
	comment: capacity:0 usage:1 congestion:1
	bbox = (186.3000, 262.2000) - (193.2000, 269.1000) on Layer -
violation type: Horizontal congestion
	srcs: net:ch2_from_b3
	comment: capacity:0 usage:1 congestion:1
	bbox = (241.5000, 248.4000) - (248.4000, 255.3000) on Layer -
violation type: Horizontal congestion
	srcs: net:ch3_to_logic
	comment: capacity:0 usage:1 congestion:1
	bbox = (207.0000, 634.8000) - (213.9000, 641.7000) on Layer -
violation type: Horizontal congestion
	srcs: net:ch3_from_b4
	comment: capacity:0 usage:1 congestion:1
	bbox = (241.5000, 276.0000) - (248.4000, 282.9000) on Layer -
violation type: Horizontal congestion
	srcs: net:ch3_to_logic
	comment: capacity:0 usage:1 congestion:1
	bbox = (207.0000, 262.2000) - (213.9000, 269.1000) on Layer -
violation type: Horizontal congestion
	srcs: net:ch6_from_b5
	comment: capacity:0 usage:1 congestion:1
	bbox = (172.5000, 338.1000) - (179.4000, 345.0000) on Layer -
violation type: Horizontal congestion
	srcs: net:ch2_from_b3
	comment: capacity:0 usage:1 congestion:1
	bbox = (255.3000, 248.4000) - (262.2000, 255.3000) on Layer -
violation type: Horizontal congestion
	srcs: net:ch5_to_logic
	comment: capacity:0 usage:1 congestion:1
	bbox = (227.7000, 503.7000) - (234.6000, 510.6000) on Layer -
violation type: Horizontal congestion
	srcs: net:ch3_from_b4
	comment: capacity:0 usage:1 congestion:1
	bbox = (227.7000, 276.0000) - (234.6000, 282.9000) on Layer -
violation type: Horizontal congestion
	srcs: net:ch3_from_b4
	comment: capacity:0 usage:1 congestion:1
	bbox = (248.4000, 276.0000) - (255.3000, 282.9000) on Layer -
violation type: Horizontal congestion
	srcs: net:ch2_from_b3
	comment: capacity:0 usage:1 congestion:1
	bbox = (207.0000, 248.4000) - (213.9000, 255.3000) on Layer -
violation type: Horizontal congestion
	srcs: net:ch2_from_b0 net:ch2_to_logic
	comment: capacity:0 usage:2 congestion:2
	bbox = (255.3000, 138.0000) - (262.2000, 144.9000) on Layer -
violation type: Horizontal congestion
	srcs: net:ch7_from_b5
	comment: capacity:0 usage:1 congestion:1
	bbox = (165.6000, 289.8000) - (172.5000, 296.7000) on Layer -
violation type: Horizontal congestion
	srcs: net:ch3_from_b3
	comment: capacity:0 usage:1 congestion:1
	bbox = (255.3000, 289.8000) - (262.2000, 296.7000) on Layer -
violation type: Horizontal congestion
	srcs: net:ch5_from_b3
	comment: capacity:0 usage:1 congestion:1
	bbox = (248.4000, 365.7000) - (255.3000, 372.6000) on Layer -
violation type: Horizontal congestion
	srcs: net:ch1_to_logic
	comment: capacity:0 usage:1 congestion:1
	bbox = (220.8000, 648.6000) - (227.7000, 655.5000) on Layer -
violation type: Horizontal congestion
	srcs: net:ch2_from_b2
	comment: capacity:0 usage:1 congestion:1
	bbox = (255.3000, 144.9000) - (262.2000, 151.8000) on Layer -
violation type: Horizontal congestion
	srcs: net:ch4_to_logic
	comment: capacity:0 usage:1 congestion:1
	bbox = (172.5000, 379.5000) - (179.4000, 386.4000) on Layer -
violation type: Horizontal congestion
	srcs: net:ch4_to_logic
	comment: capacity:0 usage:1 congestion:1
	bbox = (220.8000, 379.5000) - (227.7000, 386.4000) on Layer -
violation type: Horizontal congestion
	srcs: net:ch3_from_b5
	comment: capacity:0 usage:1 congestion:1
	bbox = (186.3000, 469.2000) - (193.2000, 476.1000) on Layer -
violation type: Horizontal congestion
	srcs: net:ch5_from_b3 net:ch5_from_b4
	comment: capacity:1 usage:2 congestion:1
	bbox = (227.7000, 372.6000) - (234.6000, 379.5000) on Layer -
violation type: Horizontal congestion
	srcs: net:ch6_to_logic
	comment: capacity:0 usage:1 congestion:1
	bbox = (207.0000, 545.1000) - (213.9000, 552.0000) on Layer -
violation type: Horizontal congestion
	srcs: net:ch7_from_b5
	comment: capacity:0 usage:1 congestion:1
	bbox = (179.4000, 289.8000) - (186.3000, 296.7000) on Layer -
violation type: Horizontal congestion
	srcs: net:ch5_to_logic
	comment: capacity:0 usage:1 congestion:1
	bbox = (220.8000, 503.7000) - (227.7000, 510.6000) on Layer -
violation type: Horizontal congestion
	srcs: net:ch1_from_b4
	comment: capacity:0 usage:1 congestion:1
	bbox = (241.5000, 193.2000) - (248.4000, 200.1000) on Layer -
violation type: Horizontal congestion
	srcs: net:ch7_from_b3
	comment: capacity:0 usage:1 congestion:1
	bbox = (186.3000, 462.3000) - (193.2000, 469.2000) on Layer -
violation type: Horizontal congestion
	srcs: net:ch3_from_b5
	comment: capacity:0 usage:1 congestion:1
	bbox = (172.5000, 469.2000) - (179.4000, 476.1000) on Layer -
violation type: Horizontal congestion
	srcs: net:ch0_to_logic
	comment: capacity:0 usage:1 congestion:1
	bbox = (220.8000, 655.5000) - (227.7000, 662.4000) on Layer -
violation type: Horizontal congestion
	srcs: net:ch4_from_b3
	comment: capacity:0 usage:1 congestion:1
	bbox = (255.3000, 338.1000) - (262.2000, 345.0000) on Layer -
violation type: Horizontal congestion
	srcs: net:ch2_to_logic
	comment: capacity:0 usage:1 congestion:1
	bbox = (207.0000, 510.6000) - (213.9000, 517.5000) on Layer -
violation type: Horizontal congestion
	srcs: net:ch1_from_b4
	comment: capacity:0 usage:1 congestion:1
	bbox = (255.3000, 193.2000) - (262.2000, 200.1000) on Layer -
violation type: Horizontal congestion
	srcs: net:ch5_from_b3
	comment: capacity:0 usage:1 congestion:1
	bbox = (213.9000, 372.6000) - (220.8000, 379.5000) on Layer -
violation type: Horizontal congestion
	srcs: net:ch3_to_logic
	comment: capacity:0 usage:1 congestion:1
	bbox = (220.8000, 634.8000) - (227.7000, 641.7000) on Layer -
violation type: Horizontal congestion
	srcs: net:ch2_from_b4
	comment: capacity:0 usage:1 congestion:1
	bbox = (255.3000, 234.6000) - (262.2000, 241.5000) on Layer -
violation type: Horizontal congestion
	srcs: net:ch5_from_b5
	comment: capacity:0 usage:1 congestion:1
	bbox = (172.5000, 372.6000) - (179.4000, 379.5000) on Layer -
violation type: Horizontal congestion
	srcs: net:ch5_from_b3
	comment: capacity:0 usage:1 congestion:1
	bbox = (200.1000, 372.6000) - (207.0000, 379.5000) on Layer -
violation type: Horizontal congestion
	srcs: net:ch2_from_b4 net:ch2_from_b5
	comment: capacity:0 usage:2 congestion:2
	bbox = (248.4000, 151.8000) - (255.3000, 158.7000) on Layer -
violation type: Horizontal congestion
	srcs: net:ch4_to_logic
	comment: capacity:0 usage:1 congestion:1
	bbox = (227.7000, 379.5000) - (234.6000, 386.4000) on Layer -
violation type: Horizontal congestion
	srcs: net:ch4_from_b4
	comment: capacity:0 usage:1 congestion:1
	bbox = (227.7000, 324.3000) - (234.6000, 331.2000) on Layer -
violation type: Horizontal congestion
	srcs: net:ch6_from_b3
	comment: capacity:0 usage:1 congestion:1
	bbox = (207.0000, 414.0000) - (213.9000, 420.9000) on Layer -
violation type: Horizontal congestion
	srcs: net:ch6_to_logic
	comment: capacity:0 usage:1 congestion:1
	bbox = (200.1000, 545.1000) - (207.0000, 552.0000) on Layer -
violation type: Horizontal congestion
	srcs: net:ch3_from_b3
	comment: capacity:0 usage:1 congestion:1
	bbox = (234.6000, 289.8000) - (241.5000, 296.7000) on Layer -
violation type: Horizontal congestion
	srcs: net:ch4_to_logic
	comment: capacity:0 usage:1 congestion:1
	bbox = (255.3000, 379.5000) - (262.2000, 386.4000) on Layer -
violation type: Horizontal congestion
	srcs: net:ch5_to_logic
	comment: capacity:0 usage:1 congestion:1
	bbox = (255.3000, 503.7000) - (262.2000, 510.6000) on Layer -
violation type: Horizontal congestion
	srcs: net:ch3_to_logic
	comment: capacity:0 usage:1 congestion:1
	bbox = (220.8000, 262.2000) - (227.7000, 269.1000) on Layer -
violation type: Horizontal congestion
	srcs: net:ch3_to_logic
	comment: capacity:0 usage:1 congestion:1
	bbox = (193.2000, 262.2000) - (200.1000, 269.1000) on Layer -
violation type: Horizontal congestion
	srcs: net:ch3_to_logic
	comment: capacity:0 usage:1 congestion:1
	bbox = (213.9000, 262.2000) - (220.8000, 269.1000) on Layer -
violation type: Horizontal congestion
	srcs: net:ch6_to_logic
	comment: capacity:0 usage:1 congestion:1
	bbox = (213.9000, 545.1000) - (220.8000, 552.0000) on Layer -
violation type: Horizontal congestion
	srcs: net:ch2_to_logic
	comment: capacity:0 usage:1 congestion:1
	bbox = (220.8000, 510.6000) - (227.7000, 517.5000) on Layer -
violation type: Horizontal congestion
	srcs: net:ch6_to_logic
	comment: capacity:0 usage:1 congestion:1
	bbox = (227.7000, 545.1000) - (234.6000, 552.0000) on Layer -
violation type: Horizontal congestion
	srcs: net:ch2_to_logic
	comment: capacity:0 usage:1 congestion:1
	bbox = (255.3000, 510.6000) - (262.2000, 517.5000) on Layer -
violation type: Horizontal congestion
	srcs: net:ch6_from_b4
	comment: capacity:0 usage:1 congestion:1
	bbox = (255.3000, 407.1000) - (262.2000, 414.0000) on Layer -
violation type: Horizontal congestion
	srcs: net:ch4_to_logic
	comment: capacity:0 usage:1 congestion:1
	bbox = (241.5000, 379.5000) - (248.4000, 386.4000) on Layer -
violation type: Horizontal congestion
	srcs: net:ch2_from_b6
	comment: capacity:0 usage:1 congestion:1
	bbox = (248.4000, 158.7000) - (255.3000, 165.6000) on Layer -
violation type: Horizontal congestion
	srcs: net:ch7_to_logic
	comment: capacity:0 usage:1 congestion:1
	bbox = (200.1000, 565.8000) - (207.0000, 572.7000) on Layer -
violation type: Horizontal congestion
	srcs: net:ch2_from_b3
	comment: capacity:0 usage:1 congestion:1
	bbox = (200.1000, 248.4000) - (207.0000, 255.3000) on Layer -
violation type: Horizontal congestion
	srcs: net:ch1_from_b3
	comment: capacity:0 usage:1 congestion:1
	bbox = (186.3000, 186.3000) - (193.2000, 193.2000) on Layer -
violation type: Horizontal congestion
	srcs: net:ch2_from_b3
	comment: capacity:0 usage:1 congestion:1
	bbox = (234.6000, 248.4000) - (241.5000, 255.3000) on Layer -
violation type: Horizontal congestion
	srcs: net:ch7_from_b4
	comment: capacity:0 usage:1 congestion:1
	bbox = (241.5000, 462.3000) - (248.4000, 469.2000) on Layer -
violation type: Horizontal congestion
	srcs: net:ch2_to_logic
	comment: capacity:0 usage:1 congestion:1
	bbox = (227.7000, 510.6000) - (234.6000, 517.5000) on Layer -
violation type: Horizontal congestion
	srcs: net:ch4_from_b4
	comment: capacity:0 usage:1 congestion:1
	bbox = (234.6000, 324.3000) - (241.5000, 331.2000) on Layer -
violation type: Horizontal congestion
	srcs: net:ch0_to_logic
	comment: capacity:0 usage:1 congestion:1
	bbox = (193.2000, 655.5000) - (200.1000, 662.4000) on Layer -
violation type: Horizontal congestion
	srcs: net:ch2_from_b3
	comment: capacity:0 usage:1 congestion:1
	bbox = (227.7000, 248.4000) - (234.6000, 255.3000) on Layer -
violation type: Horizontal congestion
	srcs: net:ch7_from_b3
	comment: capacity:0 usage:1 congestion:1
	bbox = (172.5000, 462.3000) - (179.4000, 469.2000) on Layer -
violation type: Horizontal congestion
	srcs: net:ch3_to_logic
	comment: capacity:0 usage:1 congestion:1
	bbox = (248.4000, 262.2000) - (255.3000, 269.1000) on Layer -
violation type: Horizontal congestion
	srcs: net:ch6_to_logic
	comment: capacity:0 usage:1 congestion:1
	bbox = (220.8000, 545.1000) - (227.7000, 552.0000) on Layer -
violation type: Horizontal congestion
	srcs: net:ch0_to_logic
	comment: capacity:0 usage:1 congestion:1
	bbox = (200.1000, 655.5000) - (207.0000, 662.4000) on Layer -
violation type: Horizontal congestion
	srcs: net:ch0_to_logic
	comment: capacity:0 usage:1 congestion:1
	bbox = (207.0000, 655.5000) - (213.9000, 662.4000) on Layer -
violation type: Horizontal congestion
	srcs: net:ch7_from_b5
	comment: capacity:0 usage:1 congestion:1
	bbox = (172.5000, 289.8000) - (179.4000, 296.7000) on Layer -
violation type: Horizontal congestion
	srcs: net:ch2_to_logic
	comment: capacity:0 usage:1 congestion:1
	bbox = (213.9000, 510.6000) - (220.8000, 517.5000) on Layer -
violation type: Horizontal congestion
	srcs: net:ch2_to_logic
	comment: capacity:0 usage:1 congestion:1
	bbox = (200.1000, 510.6000) - (207.0000, 517.5000) on Layer -
violation type: Horizontal congestion
	srcs: net:ch6_to_logic
	comment: capacity:0 usage:1 congestion:1
	bbox = (248.4000, 545.1000) - (255.3000, 552.0000) on Layer -
violation type: Horizontal congestion
	srcs: net:ch3_to_logic
	comment: capacity:0 usage:1 congestion:1
	bbox = (241.5000, 262.2000) - (248.4000, 269.1000) on Layer -
violation type: Horizontal congestion
	srcs: net:ch4_to_logic
	comment: capacity:0 usage:1 congestion:1
	bbox = (179.4000, 379.5000) - (186.3000, 386.4000) on Layer -
violation type: Horizontal congestion
	srcs: net:ch0_from_b3
	comment: capacity:0 usage:1 congestion:1
	bbox = (172.5000, 144.9000) - (179.4000, 151.8000) on Layer -
violation type: Horizontal congestion
	srcs: net:ch6_to_logic
	comment: capacity:0 usage:1 congestion:1
	bbox = (234.6000, 545.1000) - (241.5000, 552.0000) on Layer -
violation type: Horizontal congestion
	srcs: net:ch4_to_logic
	comment: capacity:0 usage:1 congestion:1
	bbox = (186.3000, 379.5000) - (193.2000, 386.4000) on Layer -
violation type: Horizontal congestion
	srcs: net:ch4_to_logic
	comment: capacity:0 usage:1 congestion:1
	bbox = (200.1000, 379.5000) - (207.0000, 386.4000) on Layer -
violation type: Horizontal congestion
	srcs: net:ch5_from_b4
	comment: capacity:0 usage:1 congestion:1
	bbox = (248.4000, 372.6000) - (255.3000, 379.5000) on Layer -
violation type: Horizontal congestion
	srcs: net:ch2_from_b3
	comment: capacity:0 usage:1 congestion:1
	bbox = (213.9000, 248.4000) - (220.8000, 255.3000) on Layer -
violation type: Horizontal congestion
	srcs: net:ch2_to_logic
	comment: capacity:0 usage:1 congestion:1
	bbox = (234.6000, 510.6000) - (241.5000, 517.5000) on Layer -
violation type: Horizontal congestion
	srcs: net:ch4_from_b3
	comment: capacity:0 usage:1 congestion:1
	bbox = (234.6000, 338.1000) - (241.5000, 345.0000) on Layer -
violation type: Horizontal congestion
	srcs: net:ch5_from_b4
	comment: capacity:0 usage:1 congestion:1
	bbox = (234.6000, 372.6000) - (241.5000, 379.5000) on Layer -
violation type: Horizontal congestion
	srcs: net:ch2_to_logic
	comment: capacity:0 usage:1 congestion:1
	bbox = (248.4000, 510.6000) - (255.3000, 517.5000) on Layer -
violation type: Horizontal congestion
	srcs: net:ch4_from_b5
	comment: capacity:0 usage:1 congestion:1
	bbox = (165.6000, 420.9000) - (172.5000, 427.8000) on Layer -
violation type: Horizontal congestion
	srcs: net:ch3_from_b3
	comment: capacity:0 usage:1 congestion:1
	bbox = (207.0000, 289.8000) - (213.9000, 296.7000) on Layer -
violation type: Horizontal congestion
	srcs: net:ch1_from_b3
	comment: capacity:0 usage:1 congestion:1
	bbox = (179.4000, 186.3000) - (186.3000, 193.2000) on Layer -
violation type: Horizontal congestion
	srcs: net:ch6_from_b3
	comment: capacity:0 usage:1 congestion:1
	bbox = (220.8000, 414.0000) - (227.7000, 420.9000) on Layer -
violation type: Horizontal congestion
	srcs: net:ch4_from_b3
	comment: capacity:0 usage:1 congestion:1
	bbox = (241.5000, 338.1000) - (248.4000, 345.0000) on Layer -
violation type: Horizontal congestion
	srcs: net:ch3_to_logic
	comment: capacity:0 usage:1 congestion:1
	bbox = (234.6000, 262.2000) - (241.5000, 269.1000) on Layer -
violation type: Horizontal congestion
	srcs: net:ch5_from_b5
	comment: capacity:0 usage:1 congestion:1
	bbox = (165.6000, 372.6000) - (172.5000, 379.5000) on Layer -
violation type: Horizontal congestion
	srcs: net:ch5_to_logic
	comment: capacity:0 usage:1 congestion:1
	bbox = (207.0000, 503.7000) - (213.9000, 510.6000) on Layer -
violation type: Horizontal congestion
	srcs: net:ch2_from_b4
	comment: capacity:0 usage:1 congestion:1
	bbox = (248.4000, 234.6000) - (255.3000, 241.5000) on Layer -
violation type: Horizontal congestion
	srcs: net:ch4_from_b4
	comment: capacity:0 usage:1 congestion:1
	bbox = (241.5000, 324.3000) - (248.4000, 331.2000) on Layer -
violation type: Horizontal congestion
	srcs: net:ch7_to_logic
	comment: capacity:0 usage:1 congestion:1
	bbox = (255.3000, 565.8000) - (262.2000, 572.7000) on Layer -
violation type: Horizontal congestion
	srcs: net:ch7_to_logic
	comment: capacity:0 usage:1 congestion:1
	bbox = (241.5000, 565.8000) - (248.4000, 572.7000) on Layer -
violation type: Horizontal congestion
	srcs: net:ch4_from_b5
	comment: capacity:0 usage:1 congestion:1
	bbox = (179.4000, 420.9000) - (186.3000, 427.8000) on Layer -
violation type: Horizontal congestion
	srcs: net:ch5_from_b3
	comment: capacity:0 usage:1 congestion:1
	bbox = (220.8000, 372.6000) - (227.7000, 379.5000) on Layer -
violation type: Horizontal congestion
	srcs: net:ch1_from_b4
	comment: capacity:0 usage:1 congestion:1
	bbox = (234.6000, 193.2000) - (241.5000, 200.1000) on Layer -
violation type: Horizontal congestion
	srcs: net:ch3_to_logic
	comment: capacity:0 usage:1 congestion:1
	bbox = (172.5000, 262.2000) - (179.4000, 269.1000) on Layer -
violation type: Horizontal congestion
	srcs: net:ch7_to_logic
	comment: capacity:0 usage:1 congestion:1
	bbox = (207.0000, 565.8000) - (213.9000, 572.7000) on Layer -
violation type: Horizontal congestion
	srcs: net:ch7_from_b5
	comment: capacity:0 usage:1 congestion:1
	bbox = (186.3000, 289.8000) - (193.2000, 296.7000) on Layer -
violation type: Horizontal congestion
	srcs: net:ch3_to_logic
	comment: capacity:0 usage:1 congestion:1
	bbox = (200.1000, 634.8000) - (207.0000, 641.7000) on Layer -
violation type: Horizontal congestion
	srcs: net:ch2_to_logic
	comment: capacity:0 usage:1 congestion:1
	bbox = (241.5000, 510.6000) - (248.4000, 517.5000) on Layer -
violation type: Horizontal congestion
	srcs: net:ch3_to_logic
	comment: capacity:0 usage:1 congestion:1
	bbox = (200.1000, 262.2000) - (207.0000, 269.1000) on Layer -
violation type: Horizontal congestion
	srcs: net:ch4_to_logic
	comment: capacity:0 usage:1 congestion:1
	bbox = (165.6000, 379.5000) - (172.5000, 386.4000) on Layer -
violation type: Horizontal congestion
	srcs: net:ch0_from_b3
	comment: capacity:0 usage:1 congestion:1
	bbox = (179.4000, 144.9000) - (186.3000, 151.8000) on Layer -
violation type: Horizontal congestion
	srcs: net:ch5_from_b3
	comment: capacity:0 usage:1 congestion:1
	bbox = (207.0000, 372.6000) - (213.9000, 379.5000) on Layer -
violation type: Horizontal congestion
	srcs: net:ch7_to_logic
	comment: capacity:0 usage:1 congestion:1
	bbox = (220.8000, 565.8000) - (227.7000, 572.7000) on Layer -
violation type: Horizontal congestion
	srcs: net:ch3_to_logic
	comment: capacity:0 usage:1 congestion:1
	bbox = (213.9000, 634.8000) - (220.8000, 641.7000) on Layer -
violation type: Horizontal congestion
	srcs: net:ch4_from_b3
	comment: capacity:0 usage:1 congestion:1
	bbox = (200.1000, 338.1000) - (207.0000, 345.0000) on Layer -
violation type: Horizontal congestion
	srcs: net:ch2_from_b4 net:ch2_from_b5
	comment: capacity:0 usage:2 congestion:2
	bbox = (255.3000, 151.8000) - (262.2000, 158.7000) on Layer -
violation type: Horizontal congestion
	srcs: net:ch1_to_logic
	comment: capacity:0 usage:1 congestion:1
	bbox = (207.0000, 648.6000) - (213.9000, 655.5000) on Layer -
violation type: Horizontal congestion
	srcs: net:ch0_from_b3
	comment: capacity:0 usage:1 congestion:1
	bbox = (165.6000, 144.9000) - (172.5000, 151.8000) on Layer -
violation type: Horizontal congestion
	srcs: net:ch2_from_b3
	comment: capacity:0 usage:1 congestion:1
	bbox = (220.8000, 248.4000) - (227.7000, 255.3000) on Layer -
violation type: Horizontal congestion
	srcs: net:ch2_from_b4
	comment: capacity:0 usage:1 congestion:1
	bbox = (227.7000, 234.6000) - (234.6000, 241.5000) on Layer -
violation type: Horizontal congestion
	srcs: net:ch6_from_b3
	comment: capacity:0 usage:1 congestion:1
	bbox = (200.1000, 414.0000) - (207.0000, 420.9000) on Layer -
violation type: Horizontal congestion
	srcs: net:ch3_to_logic
	comment: capacity:0 usage:1 congestion:1
	bbox = (227.7000, 262.2000) - (234.6000, 269.1000) on Layer -
violation type: Horizontal congestion
	srcs: net:ch6_from_b3
	comment: capacity:0 usage:1 congestion:1
	bbox = (248.4000, 414.0000) - (255.3000, 420.9000) on Layer -
violation type: Horizontal congestion
	srcs: net:ch4_to_logic
	comment: capacity:0 usage:1 congestion:1
	bbox = (248.4000, 379.5000) - (255.3000, 386.4000) on Layer -
violation type: Horizontal congestion
	srcs: net:ch3_from_b5
	comment: capacity:0 usage:1 congestion:1
	bbox = (179.4000, 469.2000) - (186.3000, 476.1000) on Layer -
violation type: Horizontal congestion
	srcs: net:ch1_to_logic
	comment: capacity:0 usage:1 congestion:1
	bbox = (144.9000, 138.0000) - (151.8000, 144.9000) on Layer -
violation type: Horizontal congestion
	srcs: net:ch5_from_b5
	comment: capacity:0 usage:1 congestion:1
	bbox = (186.3000, 372.6000) - (193.2000, 379.5000) on Layer -
violation type: Horizontal congestion
	srcs: net:ch3_from_b3
	comment: capacity:0 usage:1 congestion:1
	bbox = (248.4000, 289.8000) - (255.3000, 296.7000) on Layer -
violation type: Horizontal congestion
	srcs: net:ch6_from_b4
	comment: capacity:0 usage:1 congestion:1
	bbox = (241.5000, 407.1000) - (248.4000, 414.0000) on Layer -
violation type: Horizontal congestion
	srcs: net:ch4_to_logic
	comment: capacity:0 usage:1 congestion:1
	bbox = (234.6000, 379.5000) - (241.5000, 386.4000) on Layer -
violation type: Horizontal congestion
	srcs: net:ch7_from_b4
	comment: capacity:0 usage:1 congestion:1
	bbox = (248.4000, 462.3000) - (255.3000, 469.2000) on Layer -
violation type: Horizontal congestion
	srcs: net:ch7_from_b3
	comment: capacity:0 usage:1 congestion:1
	bbox = (165.6000, 462.3000) - (172.5000, 469.2000) on Layer -
violation type: Horizontal congestion
	srcs: net:ch3_to_logic
	comment: capacity:0 usage:1 congestion:1
	bbox = (165.6000, 262.2000) - (172.5000, 269.1000) on Layer -
violation type: Horizontal congestion
	srcs: net:ch2_from_b4
	comment: capacity:0 usage:1 congestion:1
	bbox = (234.6000, 234.6000) - (241.5000, 241.5000) on Layer -
violation type: Horizontal congestion
	srcs: net:ch6_from_b3
	comment: capacity:0 usage:1 congestion:1
	bbox = (234.6000, 414.0000) - (241.5000, 420.9000) on Layer -
violation type: Horizontal congestion
	srcs: net:ch6_from_b5
	comment: capacity:0 usage:1 congestion:1
	bbox = (179.4000, 338.1000) - (186.3000, 345.0000) on Layer -
violation type: Horizontal congestion
	srcs: net:ch6_from_b3
	comment: capacity:0 usage:1 congestion:1
	bbox = (227.7000, 414.0000) - (234.6000, 420.9000) on Layer -
violation type: Horizontal congestion
	srcs: net:ch4_from_b3
	comment: capacity:0 usage:1 congestion:1
	bbox = (207.0000, 338.1000) - (213.9000, 345.0000) on Layer -
violation type: Horizontal congestion
	srcs: net:ch2_from_b3
	comment: capacity:0 usage:1 congestion:1
	bbox = (248.4000, 248.4000) - (255.3000, 255.3000) on Layer -
violation type: Horizontal congestion
	srcs: net:ch0_to_logic
	comment: capacity:0 usage:1 congestion:1
	bbox = (213.9000, 655.5000) - (220.8000, 662.4000) on Layer -
violation type: Horizontal congestion
	srcs: net:ch3_from_b5
	comment: capacity:0 usage:1 congestion:1
	bbox = (165.6000, 469.2000) - (172.5000, 476.1000) on Layer -
violation type: Horizontal congestion
	srcs: net:ch4_from_b5
	comment: capacity:0 usage:1 congestion:1
	bbox = (172.5000, 420.9000) - (179.4000, 427.8000) on Layer -
violation type: Horizontal congestion
	srcs: net:ch5_from_b4
	comment: capacity:0 usage:1 congestion:1
	bbox = (255.3000, 372.6000) - (262.2000, 379.5000) on Layer -
violation type: Horizontal congestion
	srcs: net:ch1_to_logic
	comment: capacity:0 usage:1 congestion:1
	bbox = (213.9000, 648.6000) - (220.8000, 655.5000) on Layer -
violation type: Horizontal congestion
	srcs: net:ch7_from_b3
	comment: capacity:0 usage:1 congestion:1
	bbox = (179.4000, 462.3000) - (186.3000, 469.2000) on Layer -
violation type: Horizontal congestion
	srcs: net:ch7_to_logic
	comment: capacity:0 usage:1 congestion:1
	bbox = (227.7000, 565.8000) - (234.6000, 572.7000) on Layer -
violation type: Horizontal congestion
	srcs: net:ch3_to_logic
	comment: capacity:0 usage:1 congestion:1
	bbox = (227.7000, 634.8000) - (234.6000, 641.7000) on Layer -
violation type: Horizontal congestion
	srcs: net:ch6_to_logic
	comment: capacity:0 usage:1 congestion:1
	bbox = (241.5000, 545.1000) - (248.4000, 552.0000) on Layer -
violation type: Horizontal congestion
	srcs: net:ch5_from_b3
	comment: capacity:0 usage:1 congestion:1
	bbox = (241.5000, 365.7000) - (248.4000, 372.6000) on Layer -
violation type: Horizontal congestion
	srcs: net:ch6_from_b5
	comment: capacity:0 usage:1 congestion:1
	bbox = (186.3000, 338.1000) - (193.2000, 345.0000) on Layer -
violation type: Horizontal congestion
	srcs: net:ch4_from_b4
	comment: capacity:0 usage:1 congestion:1
	bbox = (255.3000, 324.3000) - (262.2000, 331.2000) on Layer -
violation type: Horizontal congestion
	srcs: net:ch1_from_b4
	comment: capacity:0 usage:1 congestion:1
	bbox = (248.4000, 193.2000) - (255.3000, 200.1000) on Layer -
violation type: Horizontal congestion
	srcs: net:ch3_from_b3
	comment: capacity:0 usage:1 congestion:1
	bbox = (213.9000, 289.8000) - (220.8000, 296.7000) on Layer -
violation type: Vertical congestion
	srcs: net:ch0_from_b4
	comment: capacity:0 usage:1 congestion:1
	bbox = (234.6000, 124.2000) - (241.5000, 131.1000) on Layer -
violation type: Vertical congestion
	srcs: net:ch5_from_b5
	comment: capacity:0 usage:1 congestion:1
	bbox = (200.1000, 372.6000) - (207.0000, 379.5000) on Layer -
violation type: Vertical congestion
	srcs: net:ch0_from_b4
	comment: capacity:0 usage:1 congestion:1
	bbox = (234.6000, 110.4000) - (241.5000, 117.3000) on Layer -
violation type: Vertical congestion
	srcs: net:ch6_from_b4
	comment: capacity:0 usage:1 congestion:1
	bbox = (234.6000, 407.1000) - (241.5000, 414.0000) on Layer -
violation type: Vertical congestion
	srcs: net:ch5_from_b3
	comment: capacity:0 usage:1 congestion:1
	bbox = (234.6000, 365.7000) - (241.5000, 372.6000) on Layer -
violation type: Vertical congestion
	srcs: net:ch6_from_b4
	comment: capacity:0 usage:1 congestion:1
	bbox = (234.6000, 414.0000) - (241.5000, 420.9000) on Layer -
violation type: Vertical congestion
	srcs: net:ch0_from_b4
	comment: capacity:0 usage:1 congestion:1
	bbox = (234.6000, 117.3000) - (241.5000, 124.2000) on Layer -
violation type: Vertical congestion
	srcs: net:ch2_from_b3
	comment: capacity:0 usage:1 congestion:1
	bbox = (200.1000, 241.5000) - (207.0000, 248.4000) on Layer -
violation type: Vertical congestion
	srcs: net:ch0_from_b4
	comment: capacity:0 usage:1 congestion:1
	bbox = (234.6000, 131.1000) - (241.5000, 138.0000) on Layer -
violation type: Vertical congestion
	srcs: net:ch3_to_logic
	comment: capacity:0 usage:1 congestion:1
	bbox = (234.6000, 634.8000) - (241.5000, 641.7000) on Layer -
violation type: Vertical congestion
	srcs: net:ch1_from_b3
	comment: capacity:0 usage:1 congestion:1
	bbox = (193.2000, 186.3000) - (200.1000, 193.2000) on Layer -
violation type: Vertical congestion
	srcs: net:ch3_to_logic
	comment: capacity:0 usage:1 congestion:1
	bbox = (234.6000, 641.7000) - (241.5000, 648.6000) on Layer -
violation type: Vertical congestion
	srcs: net:ch3_from_b4
	comment: capacity:0 usage:1 congestion:1
	bbox = (227.7000, 276.0000) - (234.6000, 282.9000) on Layer -
violation type: Vertical congestion
	srcs: net:ch6_from_b3
	comment: capacity:0 usage:1 congestion:1
	bbox = (200.1000, 414.0000) - (207.0000, 420.9000) on Layer -
violation type: Vertical congestion
	srcs: net:ch0_from_b4
	comment: capacity:0 usage:1 congestion:1
	bbox = (234.6000, 138.0000) - (241.5000, 144.9000) on Layer -
violation type: Vertical congestion
	srcs: net:ch4_from_b3
	comment: capacity:0 usage:1 congestion:1
	bbox = (200.1000, 331.2000) - (207.0000, 338.1000) on Layer -
violation type: Vertical congestion
	srcs: net:ch2_from_b4
	comment: capacity:0 usage:1 congestion:1
	bbox = (227.7000, 234.6000) - (234.6000, 241.5000) on Layer -
violation type: Vertical congestion
	srcs: net:ch0_from_b4
	comment: capacity:0 usage:1 congestion:1
	bbox = (234.6000, 103.5000) - (241.5000, 110.4000) on Layer -
violation type: Vertical congestion
	srcs: net:ch0_from_b4
	comment: capacity:0 usage:1 congestion:1
	bbox = (234.6000, 144.9000) - (241.5000, 151.8000) on Layer -
violation type: Vertical congestion
	srcs: net:ch2_from_b3
	comment: capacity:0 usage:1 congestion:1
	bbox = (248.4000, 151.8000) - (255.3000, 158.7000) on Layer -
violation type: Vertical congestion
	srcs: net:ch3_from_b3
	comment: capacity:0 usage:1 congestion:1
	bbox = (200.1000, 282.9000) - (207.0000, 289.8000) on Layer -
violation type: Vertical congestion
	srcs: net:ch2_from_b3
	comment: capacity:0 usage:1 congestion:1
	bbox = (248.4000, 158.7000) - (255.3000, 165.6000) on Layer -
violation type: Vertical congestion
	srcs: net:ch4_from_b4
	comment: capacity:0 usage:1 congestion:1
	bbox = (227.7000, 324.3000) - (234.6000, 331.2000) on Layer -
violation type: Vertical congestion
	srcs: net:ch0_from_b3
	comment: capacity:0 usage:1 congestion:1
	bbox = (193.2000, 144.9000) - (200.1000, 151.8000) on Layer -
violation type: Vertical congestion
	srcs: net:ch0_to_logic
	comment: capacity:0 usage:1 congestion:1
	bbox = (193.2000, 648.6000) - (200.1000, 655.5000) on Layer -
