scons: Reading SConscript files ...
running with -j 4
scons: done reading SConscript files.
scons: Building targets ...
g++ -o bin/AddressMapping.o -c -g -O2 -std=c++17 -Wall -Wno-reorder -Wno-sign-compare -Ilib -Isrc -Itools src/AddressMapping.cpp
g++ -o bin/AddressMapping.os -c -g -O2 -std=c++17 -Wall -Wno-reorder -Wno-sign-compare -fPIC -Ilib -Isrc -Itools src/AddressMapping.cpp
g++ -o bin/Bank.o -c -g -O2 -std=c++17 -Wall -Wno-reorder -Wno-sign-compare -Ilib -Isrc -Itools src/Bank.cpp
g++ -o bin/Bank.os -c -g -O2 -std=c++17 -Wall -Wno-reorder -Wno-sign-compare -fPIC -Ilib -Isrc -Itools src/Bank.cpp
g++ -o bin/BankState.o -c -g -O2 -std=c++17 -Wall -Wno-reorder -Wno-sign-compare -Ilib -Isrc -Itools src/BankState.cpp
g++ -o bin/BankState.os -c -g -O2 -std=c++17 -Wall -Wno-reorder -Wno-sign-compare -fPIC -Ilib -Isrc -Itools src/BankState.cpp
g++ -o bin/BusPacket.o -c -g -O2 -std=c++17 -Wall -Wno-reorder -Wno-sign-compare -Ilib -Isrc -Itools src/BusPacket.cpp
g++ -o bin/BusPacket.os -c -g -O2 -std=c++17 -Wall -Wno-reorder -Wno-sign-compare -fPIC -Ilib -Isrc -Itools src/BusPacket.cpp
g++ -o bin/CommandQueue.o -c -g -O2 -std=c++17 -Wall -Wno-reorder -Wno-sign-compare -Ilib -Isrc -Itools src/CommandQueue.cpp
g++ -o bin/CommandQueue.os -c -g -O2 -std=c++17 -Wall -Wno-reorder -Wno-sign-compare -fPIC -Ilib -Isrc -Itools src/CommandQueue.cpp
g++ -o bin/MemoryController.o -c -g -O2 -std=c++17 -Wall -Wno-reorder -Wno-sign-compare -Ilib -Isrc -Itools src/MemoryController.cpp
g++ -o bin/MemoryController.os -c -g -O2 -std=c++17 -Wall -Wno-reorder -Wno-sign-compare -fPIC -Ilib -Isrc -Itools src/MemoryController.cpp
g++ -o bin/MemorySystem.o -c -g -O2 -std=c++17 -Wall -Wno-reorder -Wno-sign-compare -Ilib -Isrc -Itools src/MemorySystem.cpp
g++ -o bin/MemorySystem.os -c -g -O2 -std=c++17 -Wall -Wno-reorder -Wno-sign-compare -fPIC -Ilib -Isrc -Itools src/MemorySystem.cpp
g++ -o bin/MultiChannelMemorySystem.o -c -g -O2 -std=c++17 -Wall -Wno-reorder -Wno-sign-compare -Ilib -Isrc -Itools src/MultiChannelMemorySystem.cpp
g++ -o bin/MultiChannelMemorySystem.os -c -g -O2 -std=c++17 -Wall -Wno-reorder -Wno-sign-compare -fPIC -Ilib -Isrc -Itools src/MultiChannelMemorySystem.cpp
g++ -o bin/PIMBlock.o -c -g -O2 -std=c++17 -Wall -Wno-reorder -Wno-sign-compare -Ilib -Isrc -Itools src/PIMBlock.cpp
g++ -o bin/PIMBlock.os -c -g -O2 -std=c++17 -Wall -Wno-reorder -Wno-sign-compare -fPIC -Ilib -Isrc -Itools src/PIMBlock.cpp
g++ -o bin/PIMRank.o -c -g -O2 -std=c++17 -Wall -Wno-reorder -Wno-sign-compare -Ilib -Isrc -Itools src/PIMRank.cpp
g++ -o bin/PIMRank.os -c -g -O2 -std=c++17 -Wall -Wno-reorder -Wno-sign-compare -fPIC -Ilib -Isrc -Itools src/PIMRank.cpp
g++ -o bin/Rank.o -c -g -O2 -std=c++17 -Wall -Wno-reorder -Wno-sign-compare -Ilib -Isrc -Itools src/Rank.cpp
g++ -o bin/Rank.os -c -g -O2 -std=c++17 -Wall -Wno-reorder -Wno-sign-compare -fPIC -Ilib -Isrc -Itools src/Rank.cpp
g++ -o bin/Transaction.o -c -g -O2 -std=c++17 -Wall -Wno-reorder -Wno-sign-compare -Ilib -Isrc -Itools src/Transaction.cpp
g++ -o bin/Transaction.os -c -g -O2 -std=c++17 -Wall -Wno-reorder -Wno-sign-compare -fPIC -Ilib -Isrc -Itools src/Transaction.cpp
g++ -o bin/tests/KernelAddrGen.o -c -g -O2 -std=c++17 -Wall -Wno-reorder -Wno-sign-compare -Ilib -Isrc -Itools src/tests/KernelAddrGen.cpp
g++ -o bin/tests/KernelAddrGen.os -c -g -O2 -std=c++17 -Wall -Wno-reorder -Wno-sign-compare -fPIC -Ilib -Isrc -Itools src/tests/KernelAddrGen.cpp
g++ -o bin/tests/KernelTestCases.o -c -g -O2 -std=c++17 -Wall -Wno-reorder -Wno-sign-compare -Ilib -Isrc -Itools src/tests/KernelTestCases.cpp
g++ -o bin/tests/MainTest.o -c -g -O2 -std=c++17 -Wall -Wno-reorder -Wno-sign-compare -Ilib -Isrc -Itools src/tests/MainTest.cpp
g++ -o bin/tests/MemTestCases.o -c -g -O2 -std=c++17 -Wall -Wno-reorder -Wno-sign-compare -Ilib -Isrc -Itools src/tests/MemTestCases.cpp
g++ -o bin/tests/MobileNetV4WorkloadTestCases.o -c -g -O2 -std=c++17 -Wall -Wno-reorder -Wno-sign-compare -Ilib -Isrc -Itools src/tests/MobileNetV4WorkloadTestCases.cpp
g++ -o bin/tests/PIMBenchTestCases.o -c -g -O2 -std=c++17 -Wall -Wno-reorder -Wno-sign-compare -Ilib -Isrc -Itools src/tests/PIMBenchTestCases.cpp
g++ -o bin/tests/PIMCmdGen.o -c -g -O2 -std=c++17 -Wall -Wno-reorder -Wno-sign-compare -Ilib -Isrc -Itools src/tests/PIMCmdGen.cpp
g++ -o bin/tests/PIMCmdGen.os -c -g -O2 -std=c++17 -Wall -Wno-reorder -Wno-sign-compare -fPIC -Ilib -Isrc -Itools src/tests/PIMCmdGen.cpp
g++ -o bin/tests/PIMKernel.o -c -g -O2 -std=c++17 -Wall -Wno-reorder -Wno-sign-compare -Ilib -Isrc -Itools src/tests/PIMKernel.cpp
g++ -o bin/tests/PIMKernel.os -c -g -O2 -std=c++17 -Wall -Wno-reorder -Wno-sign-compare -fPIC -Ilib -Isrc -Itools src/tests/PIMKernel.cpp
g++ -o bin/tools/emulator_api/PimSimulator.o -c -g -O2 -std=c++17 -Wall -Wno-reorder -Wno-sign-compare -Ilib -Isrc -Itools tools/emulator_api/PimSimulator.cpp
g++ -o bin/tools/emulator_api/PimSimulator.os -c -g -O2 -std=c++17 -Wall -Wno-reorder -Wno-sign-compare -fPIC -Ilib -Isrc -Itools tools/emulator_api/PimSimulator.cpp
ar rc libdramsim/libdramsim2.a bin/AddressMapping.o bin/Bank.o bin/BankState.o bin/BusPacket.o bin/ClockDomain.o bin/CommandQueue.o bin/FP16.o bin/MemoryController.o bin/MemorySystem.o bin/MultiChannelMemorySystem.o bin/PIMBlock.o bin/PIMCmd.o bin/PIMRank.o bin/PrintMacros.o bin/Rank.o bin/SimulatorObject.o bin/Transaction.o bin/tests/PIMCmdGen.o bin/tests/PIMKernel.o bin/tests/KernelAddrGen.o bin/tools/emulator_api/PimSimulator.o
g++ -o libdramsim/libdramsim2.so -g -O2 -std=c++17 -Wall -Wno-reorder -Wno-sign-compare -shared bin/AddressMapping.os bin/Bank.os bin/BankState.os bin/BusPacket.os bin/ClockDomain.os bin/CommandQueue.os bin/FP16.os bin/MemoryController.os bin/MemorySystem.os bin/MultiChannelMemorySystem.os bin/PIMBlock.os bin/PIMCmd.os bin/PIMRank.os bin/PrintMacros.os bin/Rank.os bin/SimulatorObject.os bin/Transaction.os bin/tests/PIMCmdGen.os bin/tests/PIMKernel.os bin/tests/KernelAddrGen.os bin/tools/emulator_api/PimSimulator.os -L. -lgtest -lpthread
ranlib libdramsim/libdramsim2.a
g++ -o sim -g -O2 -std=c++17 -Wall -Wno-reorder -Wno-sign-compare bin/AddressMapping.o bin/Bank.o bin/BankState.o bin/BusPacket.o bin/ClockDomain.o bin/CommandQueue.o bin/FP16.o bin/MemoryController.o bin/MemorySystem.o bin/MultiChannelMemorySystem.o bin/PIMBlock.o bin/PIMCmd.o bin/PIMRank.o bin/PrintMacros.o bin/Rank.o bin/SimulatorObject.o bin/Transaction.o bin/tests/KernelAddrGen.o bin/tests/KernelTestCases.o bin/tests/MainTest.o bin/tests/MemTestCases.o bin/tests/MobileNetV4Workload.o bin/tests/MobileNetV4WorkloadTestCases.o bin/tests/PIMBenchTestCases.o bin/tests/PIMCmdGen.o bin/tests/PIMKernel.o bin/tools/emulator_api/PimSimulator.o -L. -lgtest -lpthread
scons: done building targets.
