Note: Google Test filter = MobileNetV4WorkloadTest.DepthwiseHierarchicalActualShape
[==========] Running 1 test from 1 test suite.
[----------] Global test environment set-up.
[----------] 1 test from MobileNetV4WorkloadTest
[ RUN      ] MobileNetV4WorkloadTest.DepthwiseHierarchicalActualShape
BANK_SIDE_SB_WRITE ch[0] ra[0] bank[0] row[0] col[0] tag[BANK_DOMAIN_PRELOAD_DATABANK_SEQ_0_BANK_EPOCH_0_] v0[0]
BANK_SIDE_SB_WRITE ch[1] ra[0] bank[0] row[0] col[0] tag[BANK_DOMAIN_PRELOAD_DATABANK_SEQ_0_BANK_EPOCH_0_] v0[0]
BANK_SIDE_SB_WRITE ch[2] ra[0] bank[0] row[0] col[0] tag[BANK_DOMAIN_PRELOAD_DATABANK_SEQ_0_BANK_EPOCH_0_] v0[0]
BANK_SIDE_SB_WRITE ch[3] ra[0] bank[0] row[0] col[0] tag[BANK_DOMAIN_PRELOAD_DATABANK_SEQ_0_BANK_EPOCH_0_] v0[0]
BANK_SIDE_SB_WRITE ch[4] ra[0] bank[0] row[0] col[0] tag[BANK_DOMAIN_PRELOAD_DATABANK_SEQ_0_BANK_EPOCH_0_] v0[0]
BANK_SIDE_SB_WRITE ch[5] ra[0] bank[0] row[0] col[0] tag[BANK_DOMAIN_PRELOAD_DATABANK_SEQ_0_BANK_EPOCH_0_] v0[0]
BANK_SIDE_SB_WRITE ch[6] ra[0] bank[0] row[0] col[0] tag[BANK_DOMAIN_PRELOAD_DATABANK_SEQ_0_BANK_EPOCH_0_] v0[0]
BANK_SIDE_SB_WRITE ch[7] ra[0] bank[0] row[0] col[0] tag[BANK_DOMAIN_PRELOAD_DATABANK_SEQ_0_BANK_EPOCH_0_] v0[0]
BANK_SIDE_SB_WRITE ch[8] ra[0] bank[0] row[0] col[0] tag[BANK_DOMAIN_PRELOAD_DATABANK_SEQ_0_BANK_EPOCH_0_] v0[0]
BANK_SIDE_SB_WRITE ch[9] ra[0] bank[0] row[0] col[0] tag[BANK_DOMAIN_PRELOAD_DATABANK_SEQ_0_BANK_EPOCH_0_] v0[0]
BANK_SIDE_SB_WRITE ch[10] ra[0] bank[0] row[0] col[0] tag[BANK_DOMAIN_PRELOAD_DATABANK_SEQ_0_BANK_EPOCH_0_] v0[0]
BANK_SIDE_SB_WRITE ch[11] ra[0] bank[0] row[0] col[0] tag[BANK_DOMAIN_PRELOAD_DATABANK_SEQ_0_BANK_EPOCH_0_] v0[0]
BANK_SIDE_SB_WRITE ch[12] ra[0] bank[0] row[0] col[0] tag[BANK_DOMAIN_PRELOAD_DATABANK_SEQ_0_BANK_EPOCH_0_] v0[0]
BANK_SIDE_SB_WRITE ch[13] ra[0] bank[0] row[0] col[0] tag[BANK_DOMAIN_PRELOAD_DATABANK_SEQ_0_BANK_EPOCH_0_] v0[0]
BANK_SIDE_SB_WRITE ch[14] ra[0] bank[0] row[0] col[0] tag[BANK_DOMAIN_PRELOAD_DATABANK_SEQ_0_BANK_EPOCH_0_] v0[0]
BANK_SIDE_SB_WRITE ch[15] ra[0] bank[0] row[0] col[0] tag[BANK_DOMAIN_PRELOAD_DATABANK_SEQ_0_BANK_EPOCH_0_] v0[0]
BANK_SIDE_SB_WRITE ch[16] ra[0] bank[0] row[0] col[0] tag[BANK_DOMAIN_PRELOAD_DATABANK_SEQ_0_BANK_EPOCH_0_] v0[0]
BANK_SIDE_SB_WRITE ch[17] ra[0] bank[0] row[0] col[0] tag[BANK_DOMAIN_PRELOAD_DATABANK_SEQ_0_BANK_EPOCH_0_] v0[0]
BANK_SIDE_SB_WRITE ch[18] ra[0] bank[0] row[0] col[0] tag[BANK_DOMAIN_PRELOAD_DATABANK_SEQ_0_BANK_EPOCH_0_] v0[0]
BANK_SIDE_SB_WRITE ch[19] ra[0] bank[0] row[0] col[0] tag[BANK_DOMAIN_PRELOAD_DATABANK_SEQ_0_BANK_EPOCH_0_] v0[0]
BANK_SIDE_SB_WRITE ch[20] ra[0] bank[0] row[0] col[0] tag[BANK_DOMAIN_PRELOAD_DATABANK_SEQ_0_BANK_EPOCH_0_] v0[0]
BANK_SIDE_SB_WRITE ch[21] ra[0] bank[0] row[0] col[0] tag[BANK_DOMAIN_PRELOAD_DATABANK_SEQ_0_BANK_EPOCH_0_] v0[0]
BANK_SIDE_SB_WRITE ch[22] ra[0] bank[0] row[0] col[0] tag[BANK_DOMAIN_PRELOAD_DATABANK_SEQ_0_BANK_EPOCH_0_] v0[0]
BANK_SIDE_SB_WRITE ch[23] ra[0] bank[0] row[0] col[0] tag[BANK_DOMAIN_PRELOAD_DATABANK_SEQ_0_BANK_EPOCH_0_] v0[0]
PIMBLOCK_DISPATCH mode[HYBRID] pb[0] busType[READ] row[0] col[0] cmd[FILL GRF_A[0], EVEN_BANK] logicEnabled[1] bankEnabled[1]
PIMBLOCK_DISPATCH mode[HYBRID] pb[1] busType[READ] row[0] col[0] cmd[FILL GRF_A[0], EVEN_BANK] logicEnabled[1] bankEnabled[1]
PIMBLOCK_DISPATCH mode[HYBRID] pb[2] busType[READ] row[0] col[0] cmd[FILL GRF_A[0], EVEN_BANK] logicEnabled[1] bankEnabled[1]
PIMBLOCK_DISPATCH mode[HYBRID] pb[3] busType[READ] row[0] col[0] cmd[FILL GRF_A[0], EVEN_BANK] logicEnabled[1] bankEnabled[1]
PIMBLOCK_DISPATCH mode[HYBRID] pb[4] busType[READ] row[0] col[0] cmd[FILL GRF_A[0], EVEN_BANK] logicEnabled[1] bankEnabled[1]
PIMBLOCK_DISPATCH mode[HYBRID] pb[5] busType[READ] row[0] col[0] cmd[FILL GRF_A[0], EVEN_BANK] logicEnabled[1] bankEnabled[1]
PIMBLOCK_DISPATCH mode[HYBRID] pb[6] busType[READ] row[0] col[0] cmd[FILL GRF_A[0], EVEN_BANK] logicEnabled[1] bankEnabled[1]
PIMBLOCK_DISPATCH mode[HYBRID] pb[7] busType[READ] row[0] col[0] cmd[FILL GRF_A[0], EVEN_BANK] logicEnabled[1] bankEnabled[1]
PIMBLOCK_DISPATCH mode[HYBRID] pb[0] busType[READ] row[0] col[0] cmd[FILL GRF_A[0], EVEN_BANK] logicEnabled[1] bankEnabled[1]
PIMBLOCK_DISPATCH mode[HYBRID] pb[1] busType[READ] row[0] col[0] cmd[FILL GRF_A[0], EVEN_BANK] logicEnabled[1] bankEnabled[1]
PIMBLOCK_DISPATCH mode[HYBRID] pb[2] busType[READ] row[0] col[0] cmd[FILL GRF_A[0], EVEN_BANK] logicEnabled[1] bankEnabled[1]
PIMBLOCK_DISPATCH mode[HYBRID] pb[3] busType[READ] row[0] col[0] cmd[FILL GRF_A[0], EVEN_BANK] logicEnabled[1] bankEnabled[1]
PIMBLOCK_DISPATCH mode[HYBRID] pb[4] busType[READ] row[0] col[0] cmd[FILL GRF_A[0], EVEN_BANK] logicEnabled[1] bankEnabled[1]
PIMBLOCK_DISPATCH mode[HYBRID] pb[5] busType[READ] row[0] col[0] cmd[FILL GRF_A[0], EVEN_BANK] logicEnabled[1] bankEnabled[1]
PIMBLOCK_DISPATCH mode[HYBRID] pb[6] busType[READ] row[0] col[0] cmd[FILL GRF_A[0], EVEN_BANK] logicEnabled[1] bankEnabled[1]
PIMBLOCK_DISPATCH mode[HYBRID] pb[7] busType[READ] row[0] col[0] cmd[FILL GRF_A[0], EVEN_BANK] logicEnabled[1] bankEnabled[1]
PIMBLOCK_DISPATCH mode[HYBRID] pb[0] busType[READ] row[0] col[0] cmd[FILL GRF_A[0], EVEN_BANK] logicEnabled[1] bankEnabled[1]
PIMBLOCK_DISPATCH mode[HYBRID] pb[1] busType[READ] row[0] col[0] cmd[FILL GRF_A[0], EVEN_BANK] logicEnabled[1] bankEnabled[1]
PIMBLOCK_DISPATCH mode[HYBRID] pb[2] busType[READ] row[0] col[0] cmd[FILL GRF_A[0], EVEN_BANK] logicEnabled[1] bankEnabled[1]
PIMBLOCK_DISPATCH mode[HYBRID] pb[3] busType[READ] row[0] col[0] cmd[FILL GRF_A[0], EVEN_BANK] logicEnabled[1] bankEnabled[1]
PIMBLOCK_DISPATCH mode[HYBRID] pb[4] busType[READ] row[0] col[0] cmd[FILL GRF_A[0], EVEN_BANK] logicEnabled[1] bankEnabled[1]
PIMBLOCK_DISPATCH mode[HYBRID] pb[5] busType[READ] row[0] col[0] cmd[FILL GRF_A[0], EVEN_BANK] logicEnabled[1] bankEnabled[1]
PIMBLOCK_DISPATCH mode[HYBRID] pb[6] busType[READ] row[0] col[0] cmd[FILL GRF_A[0], EVEN_BANK] logicEnabled[1] bankEnabled[1]
PIMBLOCK_DISPATCH mode[HYBRID] pb[7] busType[READ] row[0] col[0] cmd[FILL GRF_A[0], EVEN_BANK] logicEnabled[1] bankEnabled[1]
BANK_SIDE_GRF_B_WRITE pb[0] grf[0] auto[1] mac[0] row[0] col[0] v0[0]
BANK_SIDE_GRF_B_WRITE pb[1] grf[0] auto[1] mac[0] row[0] col[0] v0[1]
BANK_SIDE_GRF_B_WRITE pb[2] grf[0] auto[1] mac[0] row[0] col[0] v0[1]
BANK_SIDE_GRF_B_WRITE pb[3] grf[0] auto[1] mac[0] row[0] col[0] v0[1]
BANK_SIDE_GRF_B_WRITE pb[4] grf[0] auto[1] mac[0] row[0] col[0] v0[1]
BANK_SIDE_GRF_B_WRITE pb[5] grf[0] auto[1] mac[0] row[0] col[0] v0[1]
BANK_SIDE_GRF_B_WRITE pb[6] grf[0] auto[1] mac[0] row[0] col[0] v0[1]
BANK_SIDE_GRF_B_WRITE pb[7] grf[0] auto[1] mac[0] row[0] col[0] v0[1]
BANK_SIDE_GRF_B_WRITE pb[0] grf[0] auto[1] mac[0] row[0] col[0] v0[0]
BANK_SIDE_GRF_B_WRITE pb[1] grf[0] auto[1] mac[0] row[0] col[0] v0[1]
BANK_SIDE_GRF_B_WRITE pb[2] grf[0] auto[1] mac[0] row[0] col[0] v0[1]
BANK_SIDE_GRF_B_WRITE pb[3] grf[0] auto[1] mac[0] row[0] col[0] v0[1]
DEPTHWISE_HIERARCHICAL_ACTUAL_SHAPE_RESULT outputs_checked[37632] mismatches[0] first_index[0] first_y[0] first_x[0] first_channel[0] first_expected[0] first_actual[0] partial_bursts[73728] final_bursts[8192] overlap_cycles[4930] wait_cycles[4295] total_cycle[34447]
[       OK ] MobileNetV4WorkloadTest.DepthwiseHierarchicalActualShape (207400 ms)
[----------] 1 test from MobileNetV4WorkloadTest (207405 ms total)

[----------] Global test environment tear-down
[==========] 1 test from 1 test suite ran. (207418 ms total)
[  PASSED  ] 1 test.
