scons: Reading SConscript files ...
running with -j 4
scons: done reading SConscript files.
scons: Building targets ...
g++ -o bin/tests/MobileNetV4WorkloadTestCases.o -c -g -O2 -std=c++17 -Wall -Wno-reorder -Wno-sign-compare -Ilib -Isrc -Itools src/tests/MobileNetV4WorkloadTestCases.cpp
g++ -o sim -g -O2 -std=c++17 -Wall -Wno-reorder -Wno-sign-compare bin/AddressMapping.o bin/Bank.o bin/BankState.o bin/BusPacket.o bin/ClockDomain.o bin/CommandQueue.o bin/FP16.o bin/MemoryController.o bin/MemorySystem.o bin/MultiChannelMemorySystem.o bin/PIMBlock.o bin/PIMCmd.o bin/PIMRank.o bin/PrintMacros.o bin/Rank.o bin/SimulatorObject.o bin/Transaction.o bin/tests/KernelAddrGen.o bin/tests/KernelTestCases.o bin/tests/MainTest.o bin/tests/MemTestCases.o bin/tests/MobileNetV4Workload.o bin/tests/MobileNetV4WorkloadTestCases.o bin/tests/PIMBenchTestCases.o bin/tests/PIMCmdGen.o bin/tests/PIMKernel.o bin/tools/emulator_api/PimSimulator.o -L. -lgtest -lpthread
scons: done building targets.
Note: Google Test filter = MobileNetV4WorkloadTest.ActualShapeUibRunsEndToEnd
[==========] Running 1 test from 1 test suite.
[----------] Global test environment set-up.
[----------] 1 test from MobileNetV4WorkloadTest
[ RUN      ] MobileNetV4WorkloadTest.ActualShapeUibRunsEndToEnd
READ_RESULT_TRACE x[0] row[0] col[0] pb[1] bankOffset[1]
READ_RESULT_TRACE x[8] row[0] col[0] pb[1] bankOffset[1]
READ_RESULT_TRACE x[16] row[0] col[0] pb[1] bankOffset[1]
READ_RESULT_TRACE x[24] row[0] col[0] pb[1] bankOffset[1]
READ_RESULT_TRACE x[32] row[0] col[0] pb[1] bankOffset[1]
READ_RESULT_TRACE x[40] row[0] col[0] pb[1] bankOffset[1]
READ_RESULT_TRACE x[48] row[0] col[0] pb[1] bankOffset[1]
READ_RESULT_TRACE x[56] row[0] col[0] pb[1] bankOffset[1]
READ_RESULT_TRACE x[64] row[0] col[0] pb[1] bankOffset[1]
READ_RESULT_TRACE x[72] row[0] col[0] pb[1] bankOffset[1]
READ_RESULT_TRACE x[80] row[0] col[0] pb[1] bankOffset[1]
READ_RESULT_TRACE x[88] row[0] col[0] pb[1] bankOffset[1]
BANK_SIDE_SB_WRITE ch[0] ra[0] bank[0] row[0] col[0] tag[] v0[1]
BANK_SIDE_SB_WRITE ch[1] ra[0] bank[0] row[0] col[0] tag[] v0[0]
BANK_SIDE_SB_WRITE ch[2] ra[0] bank[0] row[0] col[0] tag[] v0[0]
BANK_SIDE_SB_WRITE ch[3] ra[0] bank[0] row[0] col[0] tag[] v0[1]
BANK_SIDE_SB_WRITE ch[4] ra[0] bank[0] row[0] col[0] tag[] v0[0]
BANK_SIDE_SB_WRITE ch[5] ra[0] bank[0] row[0] col[0] tag[] v0[0]
BANK_SIDE_SB_WRITE ch[6] ra[0] bank[0] row[0] col[0] tag[] v0[1]
BANK_SIDE_SB_WRITE ch[7] ra[0] bank[0] row[0] col[0] tag[] v0[0]
BANK_SIDE_SB_WRITE ch[8] ra[0] bank[0] row[0] col[0] tag[] v0[0]
BANK_SIDE_SB_WRITE ch[9] ra[0] bank[0] row[0] col[0] tag[] v0[1]
BANK_SIDE_SB_WRITE ch[10] ra[0] bank[0] row[0] col[0] tag[] v0[0]
BANK_SIDE_SB_WRITE ch[11] ra[0] bank[0] row[0] col[0] tag[] v0[0]
BANK_SIDE_SB_WRITE ch[12] ra[0] bank[0] row[0] col[0] tag[] v0[1]
BANK_SIDE_SB_WRITE ch[13] ra[0] bank[0] row[0] col[0] tag[] v0[0]
BANK_SIDE_SB_WRITE ch[14] ra[0] bank[0] row[0] col[0] tag[] v0[0]
BANK_SIDE_SB_WRITE ch[15] ra[0] bank[0] row[0] col[0] tag[] v0[1]
BANK_SIDE_SB_WRITE ch[16] ra[0] bank[0] row[0] col[0] tag[] v0[0]
BANK_SIDE_SB_WRITE ch[17] ra[0] bank[0] row[0] col[0] tag[] v0[0]
BANK_SIDE_SB_WRITE ch[18] ra[0] bank[0] row[0] col[0] tag[] v0[1]
BANK_SIDE_SB_WRITE ch[19] ra[0] bank[0] row[0] col[0] tag[] v0[0]
BANK_SIDE_SB_WRITE ch[20] ra[0] bank[0] row[0] col[0] tag[] v0[0]
BANK_SIDE_SB_WRITE ch[21] ra[0] bank[0] row[0] col[0] tag[] v0[1]
BANK_SIDE_SB_WRITE ch[22] ra[0] bank[0] row[0] col[0] tag[] v0[0]
BANK_SIDE_SB_WRITE ch[23] ra[0] bank[0] row[0] col[0] tag[] v0[0]
PIMBLOCK_DISPATCH mode[HYBRID] pb[0] busType[READ] row[0] col[0] cmd[MAC GRF_B[0], GRF_A[0], EVEN_BANK, auto] logicEnabled[1] bankEnabled[1]
ROUTE_LOGIC_DIE mode[HYBRID] pb[0] cmd[MAC GRF_B[0], GRF_A[0], EVEN_BANK, auto]
LOGIC_DIE_MAC mode[HYBRID] pb[0] row[0] col[0] cmd[MAC GRF_B[0], GRF_A[0], EVEN_BANK, auto]
PIMBLOCK_DISPATCH mode[HYBRID] pb[1] busType[READ] row[0] col[0] cmd[MAC GRF_B[0], GRF_A[0], EVEN_BANK, auto] logicEnabled[1] bankEnabled[1]
ROUTE_LOGIC_DIE mode[HYBRID] pb[1] cmd[MAC GRF_B[0], GRF_A[0], EVEN_BANK, auto]
LOGIC_DIE_MAC mode[HYBRID] pb[1] row[0] col[0] cmd[MAC GRF_B[0], GRF_A[0], EVEN_BANK, auto]
PIMBLOCK_DISPATCH mode[HYBRID] pb[2] busType[READ] row[0] col[0] cmd[MAC GRF_B[0], GRF_A[0], EVEN_BANK, auto] logicEnabled[1] bankEnabled[1]
ROUTE_LOGIC_DIE mode[HYBRID] pb[2] cmd[MAC GRF_B[0], GRF_A[0], EVEN_BANK, auto]
LOGIC_DIE_MAC mode[HYBRID] pb[2] row[0] col[0] cmd[MAC GRF_B[0], GRF_A[0], EVEN_BANK, auto]
PIMBLOCK_DISPATCH mode[HYBRID] pb[3] busType[READ] row[0] col[0] cmd[MAC GRF_B[0], GRF_A[0], EVEN_BANK, auto] logicEnabled[1] bankEnabled[1]
ROUTE_LOGIC_DIE mode[HYBRID] pb[3] cmd[MAC GRF_B[0], GRF_A[0], EVEN_BANK, auto]
LOGIC_DIE_MAC mode[HYBRID] pb[3] row[0] col[0] cmd[MAC GRF_B[0], GRF_A[0], EVEN_BANK, auto]
PIMBLOCK_DISPATCH mode[HYBRID] pb[4] busType[READ] row[0] col[0] cmd[MAC GRF_B[0], GRF_A[0], EVEN_BANK, auto] logicEnabled[1] bankEnabled[1]
ROUTE_LOGIC_DIE mode[HYBRID] pb[4] cmd[MAC GRF_B[0], GRF_A[0], EVEN_BANK, auto]
LOGIC_DIE_MAC mode[HYBRID] pb[4] row[0] col[0] cmd[MAC GRF_B[0], GRF_A[0], EVEN_BANK, auto]
PIMBLOCK_DISPATCH mode[HYBRID] pb[5] busType[READ] row[0] col[0] cmd[MAC GRF_B[0], GRF_A[0], EVEN_BANK, auto] logicEnabled[1] bankEnabled[1]
ROUTE_LOGIC_DIE mode[HYBRID] pb[5] cmd[MAC GRF_B[0], GRF_A[0], EVEN_BANK, auto]
LOGIC_DIE_MAC mode[HYBRID] pb[5] row[0] col[0] cmd[MAC GRF_B[0], GRF_A[0], EVEN_BANK, auto]
PIMBLOCK_DISPATCH mode[HYBRID] pb[6] busType[READ] row[0] col[0] cmd[MAC GRF_B[0], GRF_A[0], EVEN_BANK, auto] logicEnabled[1] bankEnabled[1]
ROUTE_LOGIC_DIE mode[HYBRID] pb[6] cmd[MAC GRF_B[0], GRF_A[0], EVEN_BANK, auto]
LOGIC_DIE_MAC mode[HYBRID] pb[6] row[0] col[0] cmd[MAC GRF_B[0], GRF_A[0], EVEN_BANK, auto]
PIMBLOCK_DISPATCH mode[HYBRID] pb[7] busType[READ] row[0] col[0] cmd[MAC GRF_B[0], GRF_A[0], EVEN_BANK, auto] logicEnabled[1] bankEnabled[1]
ROUTE_LOGIC_DIE mode[HYBRID] pb[7] cmd[MAC GRF_B[0], GRF_A[0], EVEN_BANK, auto]
LOGIC_DIE_MAC mode[HYBRID] pb[7] row[0] col[0] cmd[MAC GRF_B[0], GRF_A[0], EVEN_BANK, auto]
PIMBLOCK_DISPATCH mode[HYBRID] pb[0] busType[READ] row[0] col[0] cmd[MAC GRF_B[0], GRF_A[0], EVEN_BANK, auto] logicEnabled[1] bankEnabled[1]
ROUTE_LOGIC_DIE mode[HYBRID] pb[0] cmd[MAC GRF_B[0], GRF_A[0], EVEN_BANK, auto]
PIMBLOCK_DISPATCH mode[HYBRID] pb[1] busType[READ] row[0] col[0] cmd[MAC GRF_B[0], GRF_A[0], EVEN_BANK, auto] logicEnabled[1] bankEnabled[1]
ROUTE_LOGIC_DIE mode[HYBRID] pb[1] cmd[MAC GRF_B[0], GRF_A[0], EVEN_BANK, auto]
PIMBLOCK_DISPATCH mode[HYBRID] pb[2] busType[READ] row[0] col[0] cmd[MAC GRF_B[0], GRF_A[0], EVEN_BANK, auto] logicEnabled[1] bankEnabled[1]
ROUTE_LOGIC_DIE mode[HYBRID] pb[2] cmd[MAC GRF_B[0], GRF_A[0], EVEN_BANK, auto]
PIMBLOCK_DISPATCH mode[HYBRID] pb[3] busType[READ] row[0] col[0] cmd[MAC GRF_B[0], GRF_A[0], EVEN_BANK, auto] logicEnabled[1] bankEnabled[1]
ROUTE_LOGIC_DIE mode[HYBRID] pb[3] cmd[MAC GRF_B[0], GRF_A[0], EVEN_BANK, auto]
PIMBLOCK_DISPATCH mode[HYBRID] pb[4] busType[READ] row[0] col[0] cmd[MAC GRF_B[0], GRF_A[0], EVEN_BANK, auto] logicEnabled[1] bankEnabled[1]
PIMBLOCK_DISPATCH mode[HYBRID] pb[5] busType[READ] row[0] col[0] cmd[MAC GRF_B[0], GRF_A[0], EVEN_BANK, auto] logicEnabled[1] bankEnabled[1]
PIMBLOCK_DISPATCH mode[HYBRID] pb[6] busType[READ] row[0] col[0] cmd[MAC GRF_B[0], GRF_A[0], EVEN_BANK, auto] logicEnabled[1] bankEnabled[1]
PIMBLOCK_DISPATCH mode[HYBRID] pb[7] busType[READ] row[0] col[0] cmd[MAC GRF_B[0], GRF_A[0], EVEN_BANK, auto] logicEnabled[1] bankEnabled[1]
PIMBLOCK_DISPATCH mode[HYBRID] pb[0] busType[READ] row[0] col[0] cmd[MAC GRF_B[0], GRF_A[0], EVEN_BANK, auto] logicEnabled[1] bankEnabled[1]
PIMBLOCK_DISPATCH mode[HYBRID] pb[1] busType[READ] row[0] col[0] cmd[MAC GRF_B[0], GRF_A[0], EVEN_BANK, auto] logicEnabled[1] bankEnabled[1]
PIMBLOCK_DISPATCH mode[HYBRID] pb[2] busType[READ] row[0] col[0] cmd[MAC GRF_B[0], GRF_A[0], EVEN_BANK, auto] logicEnabled[1] bankEnabled[1]
PIMBLOCK_DISPATCH mode[HYBRID] pb[3] busType[READ] row[0] col[0] cmd[MAC GRF_B[0], GRF_A[0], EVEN_BANK, auto] logicEnabled[1] bankEnabled[1]
PIMBLOCK_DISPATCH mode[HYBRID] pb[4] busType[READ] row[0] col[0] cmd[MAC GRF_B[0], GRF_A[0], EVEN_BANK, auto] logicEnabled[1] bankEnabled[1]
PIMBLOCK_DISPATCH mode[HYBRID] pb[5] busType[READ] row[0] col[0] cmd[MAC GRF_B[0], GRF_A[0], EVEN_BANK, auto] logicEnabled[1] bankEnabled[1]
PIMBLOCK_DISPATCH mode[HYBRID] pb[6] busType[READ] row[0] col[0] cmd[MAC GRF_B[0], GRF_A[0], EVEN_BANK, auto] logicEnabled[1] bankEnabled[1]
PIMBLOCK_DISPATCH mode[HYBRID] pb[7] busType[READ] row[0] col[0] cmd[MAC GRF_B[0], GRF_A[0], EVEN_BANK, auto] logicEnabled[1] bankEnabled[1]
LOGIC_DIE_NOP_ENTER mode[HYBRID] pb[0] busType[WRITE] row[640] col[0] cmd[NOP 8x]
BANK_SIDE_NOP_WRITEBACK mode[HYBRID] pb[0] bank[0] row[640] col[0] grf[0] tag[GRF_TO_BANK]
LOGIC_DIE_NOP_ENTER mode[HYBRID] pb[1] busType[WRITE] row[640] col[0] cmd[NOP 8x]
BANK_SIDE_NOP_WRITEBACK mode[HYBRID] pb[1] bank[0] row[640] col[0] grf[0] tag[GRF_TO_BANK]
LOGIC_DIE_NOP_ENTER mode[HYBRID] pb[2] busType[WRITE] row[640] col[0] cmd[NOP 8x]
BANK_SIDE_NOP_WRITEBACK mode[HYBRID] pb[2] bank[0] row[640] col[0] grf[0] tag[GRF_TO_BANK]
LOGIC_DIE_NOP_ENTER mode[HYBRID] pb[3] busType[WRITE] row[640] col[0] cmd[NOP 8x]
BANK_SIDE_NOP_WRITEBACK mode[HYBRID] pb[3] bank[0] row[640] col[0] grf[0] tag[GRF_TO_BANK]
LOGIC_DIE_NOP_ENTER mode[HYBRID] pb[4] busType[WRITE] row[640] col[0] cmd[NOP 8x]
BANK_SIDE_NOP_WRITEBACK mode[HYBRID] pb[4] bank[0] row[640] col[0] grf[0] tag[GRF_TO_BANK]
LOGIC_DIE_NOP_ENTER mode[HYBRID] pb[5] busType[WRITE] row[640] col[0] cmd[NOP 8x]
BANK_SIDE_NOP_WRITEBACK mode[HYBRID] pb[5] bank[0] row[640] col[0] grf[0] tag[GRF_TO_BANK]
LOGIC_DIE_NOP_ENTER mode[HYBRID] pb[6] busType[WRITE] row[640] col[0] cmd[NOP 8x]
BANK_SIDE_NOP_WRITEBACK mode[HYBRID] pb[6] bank[0] row[640] col[0] grf[0] tag[GRF_TO_BANK]
LOGIC_DIE_NOP_ENTER mode[HYBRID] pb[7] busType[WRITE] row[640] col[0] cmd[NOP 8x]
BANK_SIDE_NOP_WRITEBACK mode[HYBRID] pb[7] bank[0] row[640] col[0] grf[0] tag[GRF_TO_BANK]
LOGIC_DIE_NOP_ENTER mode[HYBRID] pb[0] busType[WRITE] row[640] col[0] cmd[NOP 8x]
BANK_SIDE_NOP_WRITEBACK mode[HYBRID] pb[0] bank[0] row[640] col[0] grf[0] tag[GRF_TO_BANK]
LOGIC_DIE_NOP_ENTER mode[HYBRID] pb[1] busType[WRITE] row[640] col[0] cmd[NOP 8x]
BANK_SIDE_NOP_WRITEBACK mode[HYBRID] pb[1] bank[0] row[640] col[0] grf[0] tag[GRF_TO_BANK]
LOGIC_DIE_NOP_ENTER mode[HYBRID] pb[2] busType[WRITE] row[640] col[0] cmd[NOP 8x]
BANK_SIDE_NOP_WRITEBACK mode[HYBRID] pb[2] bank[0] row[640] col[0] grf[0] tag[GRF_TO_BANK]
LOGIC_DIE_NOP_ENTER mode[HYBRID] pb[3] busType[WRITE] row[640] col[0] cmd[NOP 8x]
BANK_SIDE_NOP_WRITEBACK mode[HYBRID] pb[3] bank[0] row[640] col[0] grf[0] tag[GRF_TO_BANK]
LOGIC_DIE_NOP_ENTER mode[HYBRID] pb[4] busType[WRITE] row[640] col[0] cmd[NOP 8x]
BANK_SIDE_NOP_WRITEBACK mode[HYBRID] pb[4] bank[0] row[640] col[0] grf[0] tag[GRF_TO_BANK]
LOGIC_DIE_NOP_ENTER mode[HYBRID] pb[5] busType[WRITE] row[640] col[0] cmd[NOP 8x]
BANK_SIDE_NOP_WRITEBACK mode[HYBRID] pb[5] bank[0] row[640] col[0] grf[0] tag[GRF_TO_BANK]
LOGIC_DIE_NOP_ENTER mode[HYBRID] pb[6] busType[WRITE] row[640] col[0] cmd[NOP 8x]
BANK_SIDE_NOP_WRITEBACK mode[HYBRID] pb[6] bank[0] row[640] col[0] grf[0] tag[GRF_TO_BANK]
LOGIC_DIE_NOP_ENTER mode[HYBRID] pb[7] busType[WRITE] row[640] col[0] cmd[NOP 8x]
BANK_SIDE_NOP_WRITEBACK mode[HYBRID] pb[7] bank[0] row[640] col[0] grf[0] tag[GRF_TO_BANK]
LOGIC_DIE_NOP_ENTER mode[HYBRID] pb[0] busType[WRITE] row[640] col[0] cmd[NOP 8x]
BANK_SIDE_NOP_WRITEBACK mode[HYBRID] pb[0] bank[0] row[640] col[0] grf[0] tag[GRF_TO_BANK]
LOGIC_DIE_NOP_ENTER mode[HYBRID] pb[1] busType[WRITE] row[640] col[0] cmd[NOP 8x]
BANK_SIDE_NOP_WRITEBACK mode[HYBRID] pb[1] bank[0] row[640] col[0] grf[0] tag[GRF_TO_BANK]
LOGIC_DIE_NOP_ENTER mode[HYBRID] pb[2] busType[WRITE] row[640] col[0] cmd[NOP 8x]
BANK_SIDE_NOP_WRITEBACK mode[HYBRID] pb[2] bank[0] row[640] col[0] grf[0] tag[GRF_TO_BANK]
LOGIC_DIE_NOP_ENTER mode[HYBRID] pb[3] busType[WRITE] row[640] col[0] cmd[NOP 8x]
BANK_SIDE_NOP_WRITEBACK mode[HYBRID] pb[3] bank[0] row[640] col[0] grf[0] tag[GRF_TO_BANK]
BANK_SIDE_NOP_WRITEBACK mode[HYBRID] pb[4] bank[0] row[640] col[0] grf[0] tag[GRF_TO_BANK]
BANK_SIDE_NOP_WRITEBACK mode[HYBRID] pb[5] bank[0] row[640] col[0] grf[0] tag[GRF_TO_BANK]
BANK_SIDE_NOP_WRITEBACK mode[HYBRID] pb[6] bank[0] row[640] col[0] grf[0] tag[GRF_TO_BANK]
BANK_SIDE_NOP_WRITEBACK mode[HYBRID] pb[7] bank[0] row[640] col[0] grf[0] tag[GRF_TO_BANK]
BANK_SIDE_GRF_B_WRITE pb[0] grf[0] auto[1] mac[0] row[0] col[0] v0[0]
BANK_SIDE_GRF_B_WRITE pb[1] grf[0] auto[1] mac[0] row[0] col[0] v0[1]
BANK_SIDE_GRF_B_WRITE pb[2] grf[0] auto[1] mac[0] row[0] col[0] v0[1]
BANK_SIDE_GRF_B_WRITE pb[3] grf[0] auto[1] mac[0] row[0] col[0] v0[1]
BANK_SIDE_GRF_B_WRITE pb[4] grf[0] auto[1] mac[0] row[0] col[0] v0[1]
BANK_SIDE_GRF_B_WRITE pb[5] grf[0] auto[1] mac[0] row[0] col[0] v0[1]
BANK_SIDE_GRF_B_WRITE pb[6] grf[0] auto[1] mac[0] row[0] col[0] v0[1]
BANK_SIDE_GRF_B_WRITE pb[7] grf[0] auto[1] mac[0] row[0] col[0] v0[1]
BANK_SIDE_GRF_B_WRITE pb[0] grf[0] auto[1] mac[0] row[0] col[0] v0[0]
BANK_SIDE_GRF_B_WRITE pb[1] grf[0] auto[1] mac[0] row[0] col[0] v0[1]
BANK_SIDE_GRF_B_WRITE pb[2] grf[0] auto[1] mac[0] row[0] col[0] v0[1]
BANK_SIDE_GRF_B_WRITE pb[3] grf[0] auto[1] mac[0] row[0] col[0] v0[1]
MOBILENETV4_ACTUAL_UIB_RESULT shape[14x14x96_to_192_to_96] outputs_checked[18816] bank_side[1] logic_die[1] last_pointwise_active_channels[2] last_pointwise_physical_output_dim[128] expand_spatial_groups[21] expand_batch_waves[10] project_spatial_groups[32] project_batch_waves[7] reads[268800] writes[319668] global_logic_commands[92512] global_logic_queue_cycles[9624140] global_logic_service_cycles[370048] global_logic_busy_until[448483] transfer_bytes[225792] transfer_cycles[3528] total_cycle[451997]
[       OK ] MobileNetV4WorkloadTest.ActualShapeUibRunsEndToEnd (44053 ms)
[----------] 1 test from MobileNetV4WorkloadTest (44107 ms total)

[----------] Global test environment tear-down
[==========] 1 test from 1 test suite ran. (44226 ms total)
[  PASSED  ] 1 test.
