scons: Reading SConscript files ...
running with -j 4
scons: done reading SConscript files.
scons: Building targets ...
g++ -o bin/tests/KernelAddrGen.o -c -g -O2 -std=c++17 -Wall -Wno-reorder -Wno-sign-compare -Ilib -Isrc -Itools src/tests/KernelAddrGen.cpp
g++ -o bin/tests/KernelAddrGen.os -c -g -O2 -std=c++17 -Wall -Wno-reorder -Wno-sign-compare -fPIC -Ilib -Isrc -Itools src/tests/KernelAddrGen.cpp
g++ -o bin/tests/KernelTestCases.o -c -g -O2 -std=c++17 -Wall -Wno-reorder -Wno-sign-compare -Ilib -Isrc -Itools src/tests/KernelTestCases.cpp
g++ -o bin/tests/MainTest.o -c -g -O2 -std=c++17 -Wall -Wno-reorder -Wno-sign-compare -Ilib -Isrc -Itools src/tests/MainTest.cpp
g++ -o bin/tests/MemTestCases.o -c -g -O2 -std=c++17 -Wall -Wno-reorder -Wno-sign-compare -Ilib -Isrc -Itools src/tests/MemTestCases.cpp
g++ -o bin/tests/MobileNetV4WorkloadTestCases.o -c -g -O2 -std=c++17 -Wall -Wno-reorder -Wno-sign-compare -Ilib -Isrc -Itools src/tests/MobileNetV4WorkloadTestCases.cpp
g++ -o bin/tests/PIMBenchTestCases.o -c -g -O2 -std=c++17 -Wall -Wno-reorder -Wno-sign-compare -Ilib -Isrc -Itools src/tests/PIMBenchTestCases.cpp
g++ -o bin/tests/PIMKernel.o -c -g -O2 -std=c++17 -Wall -Wno-reorder -Wno-sign-compare -Ilib -Isrc -Itools src/tests/PIMKernel.cpp
g++ -o bin/tests/PIMKernel.os -c -g -O2 -std=c++17 -Wall -Wno-reorder -Wno-sign-compare -fPIC -Ilib -Isrc -Itools src/tests/PIMKernel.cpp
g++ -o bin/tools/emulator_api/PimSimulator.o -c -g -O2 -std=c++17 -Wall -Wno-reorder -Wno-sign-compare -Ilib -Isrc -Itools tools/emulator_api/PimSimulator.cpp
g++ -o bin/tools/emulator_api/PimSimulator.os -c -g -O2 -std=c++17 -Wall -Wno-reorder -Wno-sign-compare -fPIC -Ilib -Isrc -Itools tools/emulator_api/PimSimulator.cpp
g++ -o sim -g -O2 -std=c++17 -Wall -Wno-reorder -Wno-sign-compare bin/AddressMapping.o bin/Bank.o bin/BankState.o bin/BusPacket.o bin/ClockDomain.o bin/CommandQueue.o bin/FP16.o bin/MemoryController.o bin/MemorySystem.o bin/MultiChannelMemorySystem.o bin/PIMBlock.o bin/PIMCmd.o bin/PIMRank.o bin/PrintMacros.o bin/Rank.o bin/SimulatorObject.o bin/Transaction.o bin/tests/KernelAddrGen.o bin/tests/KernelTestCases.o bin/tests/MainTest.o bin/tests/MemTestCases.o bin/tests/MobileNetV4Workload.o bin/tests/MobileNetV4WorkloadTestCases.o bin/tests/PIMBenchTestCases.o bin/tests/PIMCmdGen.o bin/tests/PIMKernel.o bin/tools/emulator_api/PimSimulator.o -L. -lgtest -lpthread
ar rc libdramsim/libdramsim2.a bin/AddressMapping.o bin/Bank.o bin/BankState.o bin/BusPacket.o bin/ClockDomain.o bin/CommandQueue.o bin/FP16.o bin/MemoryController.o bin/MemorySystem.o bin/MultiChannelMemorySystem.o bin/PIMBlock.o bin/PIMCmd.o bin/PIMRank.o bin/PrintMacros.o bin/Rank.o bin/SimulatorObject.o bin/Transaction.o bin/tests/PIMCmdGen.o bin/tests/PIMKernel.o bin/tests/KernelAddrGen.o bin/tools/emulator_api/PimSimulator.o
g++ -o libdramsim/libdramsim2.so -g -O2 -std=c++17 -Wall -Wno-reorder -Wno-sign-compare -shared bin/AddressMapping.os bin/Bank.os bin/BankState.os bin/BusPacket.os bin/ClockDomain.os bin/CommandQueue.os bin/FP16.os bin/MemoryController.os bin/MemorySystem.os bin/MultiChannelMemorySystem.os bin/PIMBlock.os bin/PIMCmd.os bin/PIMRank.os bin/PrintMacros.os bin/Rank.os bin/SimulatorObject.os bin/Transaction.os bin/tests/PIMCmdGen.os bin/tests/PIMKernel.os bin/tests/KernelAddrGen.os bin/tools/emulator_api/PimSimulator.os -L. -lgtest -lpthread
ranlib libdramsim/libdramsim2.a
scons: done building targets.
Note: Google Test filter = MobileNetV4WorkloadTest.PointwiseBatchRunsMobileNetV4Shape
[==========] Running 1 test from 1 test suite.
[----------] Global test environment set-up.
[----------] 1 test from MobileNetV4WorkloadTest
[ RUN      ] MobileNetV4WorkloadTest.PointwiseBatchRunsMobileNetV4Shape
GEMV_INPUT_TILE batch[0] inputTile[0] outputTile[0] pb[0] input_idx[0] addr[17179084800]
GEMV_MAC_BASE batch[0] inputTile[0] outputTile[0] pb[0] colBase[0]
READ_RESULT_TRACE x[0] row[0] col[0] pb[1] bankOffset[1]
READ_RESULT_TRACE x[8] row[0] col[0] pb[1] bankOffset[1]
READ_RESULT_TRACE x[16] row[0] col[0] pb[1] bankOffset[1]
READ_RESULT_TRACE x[24] row[0] col[0] pb[1] bankOffset[1]
READ_RESULT_TRACE x[32] row[0] col[0] pb[1] bankOffset[1]
READ_RESULT_TRACE x[40] row[0] col[0] pb[1] bankOffset[1]
READ_RESULT_TRACE x[48] row[0] col[0] pb[1] bankOffset[1]
READ_RESULT_TRACE x[56] row[0] col[0] pb[1] bankOffset[1]
READ_RESULT_TRACE x[64] row[0] col[0] pb[1] bankOffset[1]
READ_RESULT_TRACE x[72] row[0] col[0] pb[1] bankOffset[1]
READ_RESULT_TRACE x[80] row[0] col[0] pb[1] bankOffset[1]
READ_RESULT_TRACE x[88] row[0] col[0] pb[1] bankOffset[1]
GEMV_INPUT_TILE batch[0] inputTile[0] outputTile[0] pb[0] input_idx[0] addr[17179084896]
GEMV_MAC_BASE batch[0] inputTile[0] outputTile[0] pb[0] colBase[0]
GEMV_INPUT_TILE batch[0] inputTile[0] outputTile[0] pb[0] input_idx[0] addr[17179084992]
GEMV_MAC_BASE batch[0] inputTile[0] outputTile[0] pb[0] colBase[0]
GEMV_INPUT_TILE batch[0] inputTile[0] outputTile[0] pb[0] input_idx[0] addr[17179085088]
GEMV_MAC_BASE batch[0] inputTile[0] outputTile[0] pb[0] colBase[0]
GEMV_INPUT_TILE batch[0] inputTile[0] outputTile[0] pb[0] input_idx[0] addr[17179085184]
GEMV_MAC_BASE batch[0] inputTile[0] outputTile[0] pb[0] colBase[0]
GEMV_INPUT_TILE batch[0] inputTile[0] outputTile[0] pb[0] input_idx[0] addr[17179085280]
GEMV_MAC_BASE batch[0] inputTile[0] outputTile[0] pb[0] colBase[0]
GEMV_INPUT_TILE batch[0] inputTile[0] outputTile[0] pb[0] input_idx[0] addr[17179085376]
GEMV_MAC_BASE batch[0] inputTile[0] outputTile[0] pb[0] colBase[0]
GEMV_INPUT_TILE batch[0] inputTile[0] outputTile[0] pb[0] input_idx[0] addr[17179085472]
GEMV_MAC_BASE batch[0] inputTile[0] outputTile[0] pb[0] colBase[0]
GEMV_INPUT_TILE batch[0] inputTile[0] outputTile[0] pb[0] input_idx[0] addr[17179085568]
GEMV_MAC_BASE batch[0] inputTile[0] outputTile[0] pb[0] colBase[0]
GEMV_INPUT_TILE batch[0] inputTile[0] outputTile[0] pb[0] input_idx[0] addr[17179085664]
GEMV_MAC_BASE batch[0] inputTile[0] outputTile[0] pb[0] colBase[0]
GEMV_INPUT_TILE batch[0] inputTile[0] outputTile[0] pb[0] input_idx[0] addr[17179085760]
GEMV_MAC_BASE batch[0] inputTile[0] outputTile[0] pb[0] colBase[0]
GEMV_INPUT_TILE batch[0] inputTile[0] outputTile[0] pb[0] input_idx[0] addr[17179085856]
GEMV_MAC_BASE batch[0] inputTile[0] outputTile[0] pb[0] colBase[0]
GEMV_INPUT_TILE batch[0] inputTile[0] outputTile[0] pb[0] input_idx[0] addr[17179085952]
GEMV_MAC_BASE batch[0] inputTile[0] outputTile[0] pb[0] colBase[0]
GEMV_INPUT_TILE batch[0] inputTile[0] outputTile[0] pb[0] input_idx[0] addr[17179086048]
GEMV_MAC_BASE batch[0] inputTile[0] outputTile[0] pb[0] colBase[0]
GEMV_INPUT_TILE batch[0] inputTile[0] outputTile[0] pb[0] input_idx[0] addr[17179086144]
GEMV_MAC_BASE batch[0] inputTile[0] outputTile[0] pb[0] colBase[0]
GEMV_INPUT_TILE batch[0] inputTile[0] outputTile[0] pb[0] input_idx[0] addr[17179086240]
GEMV_MAC_BASE batch[0] inputTile[0] outputTile[0] pb[0] colBase[0]
GEMV_INPUT_TILE batch[0] inputTile[0] outputTile[0] pb[0] input_idx[0] addr[17179086336]
GEMV_MAC_BASE batch[0] inputTile[0] outputTile[0] pb[0] colBase[0]
GEMV_INPUT_TILE batch[0] inputTile[0] outputTile[0] pb[0] input_idx[0] addr[17179086432]
GEMV_MAC_BASE batch[0] inputTile[0] outputTile[0] pb[0] colBase[0]
GEMV_INPUT_TILE batch[0] inputTile[0] outputTile[0] pb[0] input_idx[0] addr[17179086528]
GEMV_MAC_BASE batch[0] inputTile[0] outputTile[0] pb[0] colBase[0]
GEMV_INPUT_TILE batch[0] inputTile[0] outputTile[0] pb[0] input_idx[0] addr[17179086624]
GEMV_MAC_BASE batch[0] inputTile[0] outputTile[0] pb[0] colBase[0]
GEMV_INPUT_TILE batch[0] inputTile[0] outputTile[0] pb[0] input_idx[0] addr[17179086720]
GEMV_MAC_BASE batch[0] inputTile[0] outputTile[0] pb[0] colBase[0]
GEMV_INPUT_TILE batch[0] inputTile[0] outputTile[0] pb[0] input_idx[0] addr[17179084800]
GEMV_MAC_BASE batch[0] inputTile[0] outputTile[0] pb[0] colBase[0]
GEMV_INPUT_TILE batch[0] inputTile[0] outputTile[0] pb[0] input_idx[0] addr[17179084896]
GEMV_MAC_BASE batch[0] inputTile[0] outputTile[0] pb[0] colBase[0]
GEMV_INPUT_TILE batch[0] inputTile[0] outputTile[0] pb[0] input_idx[0] addr[17179084992]
GEMV_MAC_BASE batch[0] inputTile[0] outputTile[0] pb[0] colBase[0]
GEMV_INPUT_TILE batch[0] inputTile[0] outputTile[0] pb[0] input_idx[0] addr[17179085088]
GEMV_MAC_BASE batch[0] inputTile[0] outputTile[0] pb[0] colBase[0]
GEMV_INPUT_TILE batch[0] inputTile[0] outputTile[0] pb[0] input_idx[0] addr[17179085184]
GEMV_MAC_BASE batch[0] inputTile[0] outputTile[0] pb[0] colBase[0]
GEMV_INPUT_TILE batch[0] inputTile[0] outputTile[0] pb[0] input_idx[0] addr[17179085280]
GEMV_MAC_BASE batch[0] inputTile[0] outputTile[0] pb[0] colBase[0]
GEMV_INPUT_TILE batch[0] inputTile[0] outputTile[0] pb[0] input_idx[0] addr[17179085376]
GEMV_MAC_BASE batch[0] inputTile[0] outputTile[0] pb[0] colBase[0]
GEMV_INPUT_TILE batch[0] inputTile[0] outputTile[0] pb[0] input_idx[0] addr[17179085472]
GEMV_MAC_BASE batch[0] inputTile[0] outputTile[0] pb[0] colBase[0]
GEMV_INPUT_TILE batch[0] inputTile[0] outputTile[0] pb[0] input_idx[0] addr[17179085568]
GEMV_MAC_BASE batch[0] inputTile[0] outputTile[0] pb[0] colBase[0]
GEMV_INPUT_TILE batch[0] inputTile[0] outputTile[0] pb[0] input_idx[0] addr[17179085664]
GEMV_MAC_BASE batch[0] inputTile[0] outputTile[0] pb[0] colBase[0]
GEMV_INPUT_TILE batch[0] inputTile[0] outputTile[0] pb[0] input_idx[0] addr[17179085760]
GEMV_MAC_BASE batch[0] inputTile[0] outputTile[0] pb[0] colBase[0]
GEMV_INPUT_TILE batch[0] inputTile[0] outputTile[0] pb[0] input_idx[0] addr[17179085856]
GEMV_MAC_BASE batch[0] inputTile[0] outputTile[0] pb[0] colBase[0]
GEMV_INPUT_TILE batch[0] inputTile[0] outputTile[0] pb[0] input_idx[0] addr[17179085952]
GEMV_MAC_BASE batch[0] inputTile[0] outputTile[0] pb[0] colBase[0]
GEMV_INPUT_TILE batch[0] inputTile[0] outputTile[0] pb[0] input_idx[0] addr[17179086048]
GEMV_MAC_BASE batch[0] inputTile[0] outputTile[0] pb[0] colBase[0]
GEMV_INPUT_TILE batch[0] inputTile[0] outputTile[0] pb[0] input_idx[0] addr[17179086144]
GEMV_MAC_BASE batch[0] inputTile[0] outputTile[0] pb[0] colBase[0]
GEMV_INPUT_TILE batch[0] inputTile[0] outputTile[0] pb[0] input_idx[0] addr[17179086240]
GEMV_MAC_BASE batch[0] inputTile[0] outputTile[0] pb[0] colBase[0]
GEMV_INPUT_TILE batch[0] inputTile[0] outputTile[0] pb[0] input_idx[0] addr[17179086336]
GEMV_MAC_BASE batch[0] inputTile[0] outputTile[0] pb[0] colBase[0]
GEMV_INPUT_TILE batch[0] inputTile[0] outputTile[0] pb[0] input_idx[0] addr[17179086432]
GEMV_MAC_BASE batch[0] inputTile[0] outputTile[0] pb[0] colBase[0]
GEMV_INPUT_TILE batch[0] inputTile[0] outputTile[0] pb[0] input_idx[0] addr[17179086528]
GEMV_MAC_BASE batch[0] inputTile[0] outputTile[0] pb[0] colBase[0]
GEMV_INPUT_TILE batch[0] inputTile[0] outputTile[0] pb[0] input_idx[0] addr[17179086624]
GEMV_MAC_BASE batch[0] inputTile[0] outputTile[0] pb[0] colBase[0]
GEMV_INPUT_TILE batch[0] inputTile[0] outputTile[0] pb[0] input_idx[0] addr[17179086720]
GEMV_MAC_BASE batch[0] inputTile[0] outputTile[0] pb[0] colBase[0]
GEMV_INPUT_TILE batch[0] inputTile[0] outputTile[0] pb[0] input_idx[0] addr[17179084800]
GEMV_MAC_BASE batch[0] inputTile[0] outputTile[0] pb[0] colBase[0]
GEMV_INPUT_TILE batch[0] inputTile[0] outputTile[0] pb[0] input_idx[0] addr[17179084896]
GEMV_MAC_BASE batch[0] inputTile[0] outputTile[0] pb[0] colBase[0]
GEMV_INPUT_TILE batch[0] inputTile[0] outputTile[0] pb[0] input_idx[0] addr[17179084992]
GEMV_MAC_BASE batch[0] inputTile[0] outputTile[0] pb[0] colBase[0]
GEMV_INPUT_TILE batch[0] inputTile[0] outputTile[0] pb[0] input_idx[0] addr[17179085088]
GEMV_MAC_BASE batch[0] inputTile[0] outputTile[0] pb[0] colBase[0]
GEMV_INPUT_TILE batch[0] inputTile[0] outputTile[0] pb[0] input_idx[0] addr[17179085184]
GEMV_MAC_BASE batch[0] inputTile[0] outputTile[0] pb[0] colBase[0]
GEMV_INPUT_TILE batch[0] inputTile[0] outputTile[0] pb[0] input_idx[0] addr[17179085280]
GEMV_MAC_BASE batch[0] inputTile[0] outputTile[0] pb[0] colBase[0]
GEMV_INPUT_TILE batch[0] inputTile[0] outputTile[0] pb[0] input_idx[0] addr[17179085376]
GEMV_MAC_BASE batch[0] inputTile[0] outputTile[0] pb[0] colBase[0]
GEMV_INPUT_TILE batch[0] inputTile[0] outputTile[0] pb[0] input_idx[0] addr[17179085472]
GEMV_MAC_BASE batch[0] inputTile[0] outputTile[0] pb[0] colBase[0]
GEMV_INPUT_TILE batch[0] inputTile[0] outputTile[0] pb[0] input_idx[0] addr[17179085568]
GEMV_MAC_BASE batch[0] inputTile[0] outputTile[0] pb[0] colBase[0]
GEMV_INPUT_TILE batch[0] inputTile[0] outputTile[0] pb[0] input_idx[0] addr[17179085664]
GEMV_MAC_BASE batch[0] inputTile[0] outputTile[0] pb[0] colBase[0]
GEMV_INPUT_TILE batch[0] inputTile[0] outputTile[0] pb[0] input_idx[0] addr[17179085760]
GEMV_MAC_BASE batch[0] inputTile[0] outputTile[0] pb[0] colBase[0]
GEMV_INPUT_TILE batch[0] inputTile[0] outputTile[0] pb[0] input_idx[0] addr[17179085856]
GEMV_MAC_BASE batch[0] inputTile[0] outputTile[0] pb[0] colBase[0]
GEMV_INPUT_TILE batch[0] inputTile[0] outputTile[0] pb[0] input_idx[0] addr[17179085952]
GEMV_MAC_BASE batch[0] inputTile[0] outputTile[0] pb[0] colBase[0]
GEMV_INPUT_TILE batch[0] inputTile[0] outputTile[0] pb[0] input_idx[0] addr[17179086048]
GEMV_MAC_BASE batch[0] inputTile[0] outputTile[0] pb[0] colBase[0]
GEMV_INPUT_TILE batch[0] inputTile[0] outputTile[0] pb[0] input_idx[0] addr[17179086144]
GEMV_MAC_BASE batch[0] inputTile[0] outputTile[0] pb[0] colBase[0]
GEMV_INPUT_TILE batch[0] inputTile[0] outputTile[0] pb[0] input_idx[0] addr[17179086240]
GEMV_MAC_BASE batch[0] inputTile[0] outputTile[0] pb[0] colBase[0]
GEMV_INPUT_TILE batch[0] inputTile[0] outputTile[0] pb[0] input_idx[0] addr[17179086336]
GEMV_MAC_BASE batch[0] inputTile[0] outputTile[0] pb[0] colBase[0]
GEMV_INPUT_TILE batch[0] inputTile[0] outputTile[0] pb[0] input_idx[0] addr[17179086432]
GEMV_MAC_BASE batch[0] inputTile[0] outputTile[0] pb[0] colBase[0]
GEMV_INPUT_TILE batch[0] inputTile[0] outputTile[0] pb[0] input_idx[0] addr[17179086528]
GEMV_MAC_BASE batch[0] inputTile[0] outputTile[0] pb[0] colBase[0]
GEMV_INPUT_TILE batch[0] inputTile[0] outputTile[0] pb[0] input_idx[0] addr[17179086624]
GEMV_MAC_BASE batch[0] inputTile[0] outputTile[0] pb[0] colBase[0]
GEMV_INPUT_TILE batch[0] inputTile[0] outputTile[0] pb[0] input_idx[0] addr[17179086720]
GEMV_MAC_BASE batch[0] inputTile[0] outputTile[0] pb[0] colBase[0]
GEMV_INPUT_TILE batch[0] inputTile[0] outputTile[0] pb[0] input_idx[0] addr[17179084800]
GEMV_MAC_BASE batch[0] inputTile[0] outputTile[0] pb[0] colBase[0]
GEMV_INPUT_TILE batch[0] inputTile[0] outputTile[0] pb[0] input_idx[0] addr[17179084896]
GEMV_MAC_BASE batch[0] inputTile[0] outputTile[0] pb[0] colBase[0]
GEMV_INPUT_TILE batch[0] inputTile[0] outputTile[0] pb[0] input_idx[0] addr[17179084992]
GEMV_MAC_BASE batch[0] inputTile[0] outputTile[0] pb[0] colBase[0]
GEMV_INPUT_TILE batch[0] inputTile[0] outputTile[0] pb[0] input_idx[0] addr[17179085088]
GEMV_MAC_BASE batch[0] inputTile[0] outputTile[0] pb[0] colBase[0]
GEMV_INPUT_TILE batch[0] inputTile[0] outputTile[0] pb[0] input_idx[0] addr[17179085184]
GEMV_MAC_BASE batch[0] inputTile[0] outputTile[0] pb[0] colBase[0]
GEMV_INPUT_TILE batch[0] inputTile[0] outputTile[0] pb[0] input_idx[0] addr[17179085280]
GEMV_MAC_BASE batch[0] inputTile[0] outputTile[0] pb[0] colBase[0]
GEMV_INPUT_TILE batch[0] inputTile[0] outputTile[0] pb[0] input_idx[0] addr[17179085376]
GEMV_MAC_BASE batch[0] inputTile[0] outputTile[0] pb[0] colBase[0]
GEMV_INPUT_TILE batch[0] inputTile[0] outputTile[0] pb[0] input_idx[0] addr[17179085472]
GEMV_MAC_BASE batch[0] inputTile[0] outputTile[0] pb[0] colBase[0]
GEMV_INPUT_TILE batch[0] inputTile[0] outputTile[0] pb[0] input_idx[0] addr[17179085568]
GEMV_MAC_BASE batch[0] inputTile[0] outputTile[0] pb[0] colBase[0]
GEMV_INPUT_TILE batch[0] inputTile[0] outputTile[0] pb[0] input_idx[0] addr[17179085664]
GEMV_MAC_BASE batch[0] inputTile[0] outputTile[0] pb[0] colBase[0]
GEMV_INPUT_TILE batch[0] inputTile[0] outputTile[0] pb[0] input_idx[0] addr[17179085760]
GEMV_MAC_BASE batch[0] inputTile[0] outputTile[0] pb[0] colBase[0]
GEMV_INPUT_TILE batch[0] inputTile[0] outputTile[0] pb[0] input_idx[0] addr[17179085856]
GEMV_MAC_BASE batch[0] inputTile[0] outputTile[0] pb[0] colBase[0]
GEMV_INPUT_TILE batch[0] inputTile[0] outputTile[0] pb[0] input_idx[0] addr[17179085952]
GEMV_MAC_BASE batch[0] inputTile[0] outputTile[0] pb[0] colBase[0]
GEMV_INPUT_TILE batch[0] inputTile[0] outputTile[0] pb[0] input_idx[0] addr[17179086048]
GEMV_MAC_BASE batch[0] inputTile[0] outputTile[0] pb[0] colBase[0]
GEMV_INPUT_TILE batch[0] inputTile[0] outputTile[0] pb[0] input_idx[0] addr[17179086144]
GEMV_MAC_BASE batch[0] inputTile[0] outputTile[0] pb[0] colBase[0]
GEMV_INPUT_TILE batch[0] inputTile[0] outputTile[0] pb[0] input_idx[0] addr[17179086240]
GEMV_MAC_BASE batch[0] inputTile[0] outputTile[0] pb[0] colBase[0]
GEMV_INPUT_TILE batch[0] inputTile[0] outputTile[0] pb[0] input_idx[0] addr[17179086336]
GEMV_MAC_BASE batch[0] inputTile[0] outputTile[0] pb[0] colBase[0]
GEMV_INPUT_TILE batch[0] inputTile[0] outputTile[0] pb[0] input_idx[0] addr[17179086432]
GEMV_MAC_BASE batch[0] inputTile[0] outputTile[0] pb[0] colBase[0]
GEMV_INPUT_TILE batch[0] inputTile[0] outputTile[0] pb[0] input_idx[0] addr[17179086528]
GEMV_MAC_BASE batch[0] inputTile[0] outputTile[0] pb[0] colBase[0]
GEMV_INPUT_TILE batch[0] inputTile[0] outputTile[0] pb[0] input_idx[0] addr[17179086624]
GEMV_MAC_BASE batch[0] inputTile[0] outputTile[0] pb[0] colBase[0]
GEMV_INPUT_TILE batch[0] inputTile[0] outputTile[0] pb[0] input_idx[0] addr[17179086720]
GEMV_MAC_BASE batch[0] inputTile[0] outputTile[0] pb[0] colBase[0]
GEMV_INPUT_TILE batch[0] inputTile[0] outputTile[0] pb[0] input_idx[0] addr[17179084800]
GEMV_MAC_BASE batch[0] inputTile[0] outputTile[0] pb[0] colBase[0]
GEMV_INPUT_TILE batch[0] inputTile[0] outputTile[0] pb[0] input_idx[0] addr[17179084896]
GEMV_MAC_BASE batch[0] inputTile[0] outputTile[0] pb[0] colBase[0]
GEMV_INPUT_TILE batch[0] inputTile[0] outputTile[0] pb[0] input_idx[0] addr[17179084992]
GEMV_MAC_BASE batch[0] inputTile[0] outputTile[0] pb[0] colBase[0]
GEMV_INPUT_TILE batch[0] inputTile[0] outputTile[0] pb[0] input_idx[0] addr[17179085088]
GEMV_MAC_BASE batch[0] inputTile[0] outputTile[0] pb[0] colBase[0]
GEMV_INPUT_TILE batch[0] inputTile[0] outputTile[0] pb[0] input_idx[0] addr[17179085184]
GEMV_MAC_BASE batch[0] inputTile[0] outputTile[0] pb[0] colBase[0]
GEMV_INPUT_TILE batch[0] inputTile[0] outputTile[0] pb[0] input_idx[0] addr[17179085280]
GEMV_MAC_BASE batch[0] inputTile[0] outputTile[0] pb[0] colBase[0]
GEMV_INPUT_TILE batch[0] inputTile[0] outputTile[0] pb[0] input_idx[0] addr[17179085376]
GEMV_MAC_BASE batch[0] inputTile[0] outputTile[0] pb[0] colBase[0]
GEMV_INPUT_TILE batch[0] inputTile[0] outputTile[0] pb[0] input_idx[0] addr[17179085472]
GEMV_MAC_BASE batch[0] inputTile[0] outputTile[0] pb[0] colBase[0]
GEMV_INPUT_TILE batch[0] inputTile[0] outputTile[0] pb[0] input_idx[0] addr[17179085568]
GEMV_MAC_BASE batch[0] inputTile[0] outputTile[0] pb[0] colBase[0]
GEMV_INPUT_TILE batch[0] inputTile[0] outputTile[0] pb[0] input_idx[0] addr[17179085664]
GEMV_MAC_BASE batch[0] inputTile[0] outputTile[0] pb[0] colBase[0]
GEMV_INPUT_TILE batch[0] inputTile[0] outputTile[0] pb[0] input_idx[0] addr[17179085760]
GEMV_MAC_BASE batch[0] inputTile[0] outputTile[0] pb[0] colBase[0]
GEMV_INPUT_TILE batch[0] inputTile[0] outputTile[0] pb[0] input_idx[0] addr[17179085856]
GEMV_MAC_BASE batch[0] inputTile[0] outputTile[0] pb[0] colBase[0]
GEMV_INPUT_TILE batch[0] inputTile[0] outputTile[0] pb[0] input_idx[0] addr[17179085952]
GEMV_MAC_BASE batch[0] inputTile[0] outputTile[0] pb[0] colBase[0]
GEMV_INPUT_TILE batch[0] inputTile[0] outputTile[0] pb[0] input_idx[0] addr[17179086048]
GEMV_MAC_BASE batch[0] inputTile[0] outputTile[0] pb[0] colBase[0]
GEMV_INPUT_TILE batch[0] inputTile[0] outputTile[0] pb[0] input_idx[0] addr[17179086144]
GEMV_MAC_BASE batch[0] inputTile[0] outputTile[0] pb[0] colBase[0]
GEMV_INPUT_TILE batch[0] inputTile[0] outputTile[0] pb[0] input_idx[0] addr[17179086240]
GEMV_MAC_BASE batch[0] inputTile[0] outputTile[0] pb[0] colBase[0]
GEMV_INPUT_TILE batch[0] inputTile[0] outputTile[0] pb[0] input_idx[0] addr[17179086336]
GEMV_MAC_BASE batch[0] inputTile[0] outputTile[0] pb[0] colBase[0]
GEMV_INPUT_TILE batch[0] inputTile[0] outputTile[0] pb[0] input_idx[0] addr[17179086432]
GEMV_MAC_BASE batch[0] inputTile[0] outputTile[0] pb[0] colBase[0]
GEMV_INPUT_TILE batch[0] inputTile[0] outputTile[0] pb[0] input_idx[0] addr[17179086528]
GEMV_MAC_BASE batch[0] inputTile[0] outputTile[0] pb[0] colBase[0]
GEMV_INPUT_TILE batch[0] inputTile[0] outputTile[0] pb[0] input_idx[0] addr[17179086624]
GEMV_MAC_BASE batch[0] inputTile[0] outputTile[0] pb[0] colBase[0]
GEMV_INPUT_TILE batch[0] inputTile[0] outputTile[0] pb[0] input_idx[0] addr[17179086720]
GEMV_MAC_BASE batch[0] inputTile[0] outputTile[0] pb[0] colBase[0]
GEMV_INPUT_TILE batch[0] inputTile[0] outputTile[0] pb[0] input_idx[0] addr[17179084800]
GEMV_MAC_BASE batch[0] inputTile[0] outputTile[0] pb[0] colBase[0]
GEMV_INPUT_TILE batch[0] inputTile[0] outputTile[0] pb[0] input_idx[0] addr[17179084896]
GEMV_MAC_BASE batch[0] inputTile[0] outputTile[0] pb[0] colBase[0]
GEMV_INPUT_TILE batch[0] inputTile[0] outputTile[0] pb[0] input_idx[0] addr[17179084992]
GEMV_MAC_BASE batch[0] inputTile[0] outputTile[0] pb[0] colBase[0]
GEMV_INPUT_TILE batch[0] inputTile[0] outputTile[0] pb[0] input_idx[0] addr[17179085088]
GEMV_MAC_BASE batch[0] inputTile[0] outputTile[0] pb[0] colBase[0]
GEMV_INPUT_TILE batch[0] inputTile[0] outputTile[0] pb[0] input_idx[0] addr[17179085184]
GEMV_MAC_BASE batch[0] inputTile[0] outputTile[0] pb[0] colBase[0]
GEMV_INPUT_TILE batch[0] inputTile[0] outputTile[0] pb[0] input_idx[0] addr[17179085280]
GEMV_MAC_BASE batch[0] inputTile[0] outputTile[0] pb[0] colBase[0]
GEMV_INPUT_TILE batch[0] inputTile[0] outputTile[0] pb[0] input_idx[0] addr[17179085376]
GEMV_MAC_BASE batch[0] inputTile[0] outputTile[0] pb[0] colBase[0]
GEMV_INPUT_TILE batch[0] inputTile[0] outputTile[0] pb[0] input_idx[0] addr[17179085472]
GEMV_MAC_BASE batch[0] inputTile[0] outputTile[0] pb[0] colBase[0]
GEMV_INPUT_TILE batch[0] inputTile[0] outputTile[0] pb[0] input_idx[0] addr[17179085568]
GEMV_MAC_BASE batch[0] inputTile[0] outputTile[0] pb[0] colBase[0]
GEMV_INPUT_TILE batch[0] inputTile[0] outputTile[0] pb[0] input_idx[0] addr[17179085664]
GEMV_MAC_BASE batch[0] inputTile[0] outputTile[0] pb[0] colBase[0]
GEMV_INPUT_TILE batch[0] inputTile[0] outputTile[0] pb[0] input_idx[0] addr[17179085760]
GEMV_MAC_BASE batch[0] inputTile[0] outputTile[0] pb[0] colBase[0]
GEMV_INPUT_TILE batch[0] inputTile[0] outputTile[0] pb[0] input_idx[0] addr[17179085856]
GEMV_MAC_BASE batch[0] inputTile[0] outputTile[0] pb[0] colBase[0]
GEMV_INPUT_TILE batch[0] inputTile[0] outputTile[0] pb[0] input_idx[0] addr[17179085952]
GEMV_MAC_BASE batch[0] inputTile[0] outputTile[0] pb[0] colBase[0]
GEMV_INPUT_TILE batch[0] inputTile[0] outputTile[0] pb[0] input_idx[0] addr[17179086048]
GEMV_MAC_BASE batch[0] inputTile[0] outputTile[0] pb[0] colBase[0]
GEMV_INPUT_TILE batch[0] inputTile[0] outputTile[0] pb[0] input_idx[0] addr[17179086144]
GEMV_MAC_BASE batch[0] inputTile[0] outputTile[0] pb[0] colBase[0]
GEMV_INPUT_TILE batch[0] inputTile[0] outputTile[0] pb[0] input_idx[0] addr[17179086240]
GEMV_MAC_BASE batch[0] inputTile[0] outputTile[0] pb[0] colBase[0]
GEMV_INPUT_TILE batch[0] inputTile[0] outputTile[0] pb[0] input_idx[0] addr[17179086336]
GEMV_MAC_BASE batch[0] inputTile[0] outputTile[0] pb[0] colBase[0]
GEMV_INPUT_TILE batch[0] inputTile[0] outputTile[0] pb[0] input_idx[0] addr[17179086432]
GEMV_MAC_BASE batch[0] inputTile[0] outputTile[0] pb[0] colBase[0]
GEMV_INPUT_TILE batch[0] inputTile[0] outputTile[0] pb[0] input_idx[0] addr[17179086528]
GEMV_MAC_BASE batch[0] inputTile[0] outputTile[0] pb[0] colBase[0]
GEMV_INPUT_TILE batch[0] inputTile[0] outputTile[0] pb[0] input_idx[0] addr[17179086624]
GEMV_MAC_BASE batch[0] inputTile[0] outputTile[0] pb[0] colBase[0]
GEMV_INPUT_TILE batch[0] inputTile[0] outputTile[0] pb[0] input_idx[0] addr[17179086720]
GEMV_MAC_BASE batch[0] inputTile[0] outputTile[0] pb[0] colBase[0]
GEMV_INPUT_TILE batch[0] inputTile[0] outputTile[0] pb[0] input_idx[0] addr[17179084800]
GEMV_MAC_BASE batch[0] inputTile[0] outputTile[0] pb[0] colBase[0]
GEMV_INPUT_TILE batch[0] inputTile[0] outputTile[0] pb[0] input_idx[0] addr[17179084896]
GEMV_MAC_BASE batch[0] inputTile[0] outputTile[0] pb[0] colBase[0]
GEMV_INPUT_TILE batch[0] inputTile[0] outputTile[0] pb[0] input_idx[0] addr[17179084992]
GEMV_MAC_BASE batch[0] inputTile[0] outputTile[0] pb[0] colBase[0]
GEMV_INPUT_TILE batch[0] inputTile[0] outputTile[0] pb[0] input_idx[0] addr[17179085088]
GEMV_MAC_BASE batch[0] inputTile[0] outputTile[0] pb[0] colBase[0]
GEMV_INPUT_TILE batch[0] inputTile[0] outputTile[0] pb[0] input_idx[0] addr[17179085184]
GEMV_MAC_BASE batch[0] inputTile[0] outputTile[0] pb[0] colBase[0]
GEMV_INPUT_TILE batch[0] inputTile[0] outputTile[0] pb[0] input_idx[0] addr[17179085280]
GEMV_MAC_BASE batch[0] inputTile[0] outputTile[0] pb[0] colBase[0]
GEMV_INPUT_TILE batch[0] inputTile[0] outputTile[0] pb[0] input_idx[0] addr[17179085376]
GEMV_MAC_BASE batch[0] inputTile[0] outputTile[0] pb[0] colBase[0]
GEMV_INPUT_TILE batch[0] inputTile[0] outputTile[0] pb[0] input_idx[0] addr[17179085472]
GEMV_MAC_BASE batch[0] inputTile[0] outputTile[0] pb[0] colBase[0]
GEMV_INPUT_TILE batch[0] inputTile[0] outputTile[0] pb[0] input_idx[0] addr[17179085568]
GEMV_MAC_BASE batch[0] inputTile[0] outputTile[0] pb[0] colBase[0]
GEMV_INPUT_TILE batch[0] inputTile[0] outputTile[0] pb[0] input_idx[0] addr[17179085664]
GEMV_MAC_BASE batch[0] inputTile[0] outputTile[0] pb[0] colBase[0]
GEMV_INPUT_TILE batch[0] inputTile[0] outputTile[0] pb[0] input_idx[0] addr[17179085760]
GEMV_MAC_BASE batch[0] inputTile[0] outputTile[0] pb[0] colBase[0]
GEMV_INPUT_TILE batch[0] inputTile[0] outputTile[0] pb[0] input_idx[0] addr[17179085856]
GEMV_MAC_BASE batch[0] inputTile[0] outputTile[0] pb[0] colBase[0]
GEMV_INPUT_TILE batch[0] inputTile[0] outputTile[0] pb[0] input_idx[0] addr[17179085952]
GEMV_MAC_BASE batch[0] inputTile[0] outputTile[0] pb[0] colBase[0]
GEMV_INPUT_TILE batch[0] inputTile[0] outputTile[0] pb[0] input_idx[0] addr[17179086048]
GEMV_MAC_BASE batch[0] inputTile[0] outputTile[0] pb[0] colBase[0]
GEMV_INPUT_TILE batch[0] inputTile[0] outputTile[0] pb[0] input_idx[0] addr[17179086144]
GEMV_MAC_BASE batch[0] inputTile[0] outputTile[0] pb[0] colBase[0]
GEMV_INPUT_TILE batch[0] inputTile[0] outputTile[0] pb[0] input_idx[0] addr[17179086240]
GEMV_MAC_BASE batch[0] inputTile[0] outputTile[0] pb[0] colBase[0]
GEMV_INPUT_TILE batch[0] inputTile[0] outputTile[0] pb[0] input_idx[0] addr[17179086336]
GEMV_MAC_BASE batch[0] inputTile[0] outputTile[0] pb[0] colBase[0]
GEMV_INPUT_TILE batch[0] inputTile[0] outputTile[0] pb[0] input_idx[0] addr[17179086432]
GEMV_MAC_BASE batch[0] inputTile[0] outputTile[0] pb[0] colBase[0]
GEMV_INPUT_TILE batch[0] inputTile[0] outputTile[0] pb[0] input_idx[0] addr[17179086528]
GEMV_MAC_BASE batch[0] inputTile[0] outputTile[0] pb[0] colBase[0]
GEMV_INPUT_TILE batch[0] inputTile[0] outputTile[0] pb[0] input_idx[0] addr[17179086624]
GEMV_MAC_BASE batch[0] inputTile[0] outputTile[0] pb[0] colBase[0]
GEMV_INPUT_TILE batch[0] inputTile[0] outputTile[0] pb[0] input_idx[0] addr[17179086720]
GEMV_MAC_BASE batch[0] inputTile[0] outputTile[0] pb[0] colBase[0]
GEMV_INPUT_TILE batch[0] inputTile[0] outputTile[0] pb[0] input_idx[0] addr[17179084800]
GEMV_MAC_BASE batch[0] inputTile[0] outputTile[0] pb[0] colBase[0]
GEMV_INPUT_TILE batch[0] inputTile[0] outputTile[0] pb[0] input_idx[0] addr[17179084896]
GEMV_MAC_BASE batch[0] inputTile[0] outputTile[0] pb[0] colBase[0]
GEMV_INPUT_TILE batch[0] inputTile[0] outputTile[0] pb[0] input_idx[0] addr[17179084992]
GEMV_MAC_BASE batch[0] inputTile[0] outputTile[0] pb[0] colBase[0]
GEMV_INPUT_TILE batch[0] inputTile[0] outputTile[0] pb[0] input_idx[0] addr[17179085088]
GEMV_MAC_BASE batch[0] inputTile[0] outputTile[0] pb[0] colBase[0]
GEMV_INPUT_TILE batch[0] inputTile[0] outputTile[0] pb[0] input_idx[0] addr[17179085184]
GEMV_MAC_BASE batch[0] inputTile[0] outputTile[0] pb[0] colBase[0]
GEMV_INPUT_TILE batch[0] inputTile[0] outputTile[0] pb[0] input_idx[0] addr[17179085280]
GEMV_MAC_BASE batch[0] inputTile[0] outputTile[0] pb[0] colBase[0]
GEMV_INPUT_TILE batch[0] inputTile[0] outputTile[0] pb[0] input_idx[0] addr[17179085376]
GEMV_MAC_BASE batch[0] inputTile[0] outputTile[0] pb[0] colBase[0]
GEMV_INPUT_TILE batch[0] inputTile[0] outputTile[0] pb[0] input_idx[0] addr[17179085472]
GEMV_MAC_BASE batch[0] inputTile[0] outputTile[0] pb[0] colBase[0]
GEMV_INPUT_TILE batch[0] inputTile[0] outputTile[0] pb[0] input_idx[0] addr[17179085568]
GEMV_MAC_BASE batch[0] inputTile[0] outputTile[0] pb[0] colBase[0]
GEMV_INPUT_TILE batch[0] inputTile[0] outputTile[0] pb[0] input_idx[0] addr[17179085664]
GEMV_MAC_BASE batch[0] inputTile[0] outputTile[0] pb[0] colBase[0]
GEMV_INPUT_TILE batch[0] inputTile[0] outputTile[0] pb[0] input_idx[0] addr[17179085760]
GEMV_MAC_BASE batch[0] inputTile[0] outputTile[0] pb[0] colBase[0]
GEMV_INPUT_TILE batch[0] inputTile[0] outputTile[0] pb[0] input_idx[0] addr[17179085856]
GEMV_MAC_BASE batch[0] inputTile[0] outputTile[0] pb[0] colBase[0]
GEMV_INPUT_TILE batch[0] inputTile[0] outputTile[0] pb[0] input_idx[0] addr[17179085952]
GEMV_MAC_BASE batch[0] inputTile[0] outputTile[0] pb[0] colBase[0]
GEMV_INPUT_TILE batch[0] inputTile[0] outputTile[0] pb[0] input_idx[0] addr[17179086048]
GEMV_MAC_BASE batch[0] inputTile[0] outputTile[0] pb[0] colBase[0]
GEMV_INPUT_TILE batch[0] inputTile[0] outputTile[0] pb[0] input_idx[0] addr[17179086144]
GEMV_MAC_BASE batch[0] inputTile[0] outputTile[0] pb[0] colBase[0]
GEMV_INPUT_TILE batch[0] inputTile[0] outputTile[0] pb[0] input_idx[0] addr[17179086240]
GEMV_MAC_BASE batch[0] inputTile[0] outputTile[0] pb[0] colBase[0]
GEMV_INPUT_TILE batch[0] inputTile[0] outputTile[0] pb[0] input_idx[0] addr[17179086336]
GEMV_MAC_BASE batch[0] inputTile[0] outputTile[0] pb[0] colBase[0]
GEMV_INPUT_TILE batch[0] inputTile[0] outputTile[0] pb[0] input_idx[0] addr[17179086432]
GEMV_MAC_BASE batch[0] inputTile[0] outputTile[0] pb[0] colBase[0]
GEMV_INPUT_TILE batch[0] inputTile[0] outputTile[0] pb[0] input_idx[0] addr[17179086528]
GEMV_MAC_BASE batch[0] inputTile[0] outputTile[0] pb[0] colBase[0]
GEMV_INPUT_TILE batch[0] inputTile[0] outputTile[0] pb[0] input_idx[0] addr[17179086624]
GEMV_MAC_BASE batch[0] inputTile[0] outputTile[0] pb[0] colBase[0]
GEMV_INPUT_TILE batch[0] inputTile[0] outputTile[0] pb[0] input_idx[0] addr[17179086720]
GEMV_MAC_BASE batch[0] inputTile[0] outputTile[0] pb[0] colBase[0]
GEMV_INPUT_TILE batch[0] inputTile[0] outputTile[0] pb[0] input_idx[0] addr[17179084800]
GEMV_MAC_BASE batch[0] inputTile[0] outputTile[0] pb[0] colBase[0]
GEMV_INPUT_TILE batch[0] inputTile[0] outputTile[0] pb[0] input_idx[0] addr[17179084896]
GEMV_MAC_BASE batch[0] inputTile[0] outputTile[0] pb[0] colBase[0]
GEMV_INPUT_TILE batch[0] inputTile[0] outputTile[0] pb[0] input_idx[0] addr[17179084992]
GEMV_MAC_BASE batch[0] inputTile[0] outputTile[0] pb[0] colBase[0]
GEMV_INPUT_TILE batch[0] inputTile[0] outputTile[0] pb[0] input_idx[0] addr[17179085088]
GEMV_MAC_BASE batch[0] inputTile[0] outputTile[0] pb[0] colBase[0]
GEMV_INPUT_TILE batch[0] inputTile[0] outputTile[0] pb[0] input_idx[0] addr[17179085184]
GEMV_MAC_BASE batch[0] inputTile[0] outputTile[0] pb[0] colBase[0]
GEMV_INPUT_TILE batch[0] inputTile[0] outputTile[0] pb[0] input_idx[0] addr[17179085280]
GEMV_MAC_BASE batch[0] inputTile[0] outputTile[0] pb[0] colBase[0]
GEMV_INPUT_TILE batch[0] inputTile[0] outputTile[0] pb[0] input_idx[0] addr[17179085376]
GEMV_MAC_BASE batch[0] inputTile[0] outputTile[0] pb[0] colBase[0]
GEMV_INPUT_TILE batch[0] inputTile[0] outputTile[0] pb[0] input_idx[0] addr[17179085472]
GEMV_MAC_BASE batch[0] inputTile[0] outputTile[0] pb[0] colBase[0]
GEMV_INPUT_TILE batch[0] inputTile[0] outputTile[0] pb[0] input_idx[0] addr[17179085568]
GEMV_MAC_BASE batch[0] inputTile[0] outputTile[0] pb[0] colBase[0]
GEMV_INPUT_TILE batch[0] inputTile[0] outputTile[0] pb[0] input_idx[0] addr[17179085664]
GEMV_MAC_BASE batch[0] inputTile[0] outputTile[0] pb[0] colBase[0]
GEMV_INPUT_TILE batch[0] inputTile[0] outputTile[0] pb[0] input_idx[0] addr[17179085760]
GEMV_MAC_BASE batch[0] inputTile[0] outputTile[0] pb[0] colBase[0]
GEMV_INPUT_TILE batch[0] inputTile[0] outputTile[0] pb[0] input_idx[0] addr[17179085856]
GEMV_MAC_BASE batch[0] inputTile[0] outputTile[0] pb[0] colBase[0]
GEMV_INPUT_TILE batch[0] inputTile[0] outputTile[0] pb[0] input_idx[0] addr[17179085952]
GEMV_MAC_BASE batch[0] inputTile[0] outputTile[0] pb[0] colBase[0]
GEMV_INPUT_TILE batch[0] inputTile[0] outputTile[0] pb[0] input_idx[0] addr[17179086048]
GEMV_MAC_BASE batch[0] inputTile[0] outputTile[0] pb[0] colBase[0]
GEMV_INPUT_TILE batch[0] inputTile[0] outputTile[0] pb[0] input_idx[0] addr[17179086144]
GEMV_MAC_BASE batch[0] inputTile[0] outputTile[0] pb[0] colBase[0]
GEMV_INPUT_TILE batch[0] inputTile[0] outputTile[0] pb[0] input_idx[0] addr[17179086240]
GEMV_MAC_BASE batch[0] inputTile[0] outputTile[0] pb[0] colBase[0]
GEMV_INPUT_TILE batch[0] inputTile[0] outputTile[0] pb[0] input_idx[0] addr[17179086336]
GEMV_MAC_BASE batch[0] inputTile[0] outputTile[0] pb[0] colBase[0]
GEMV_INPUT_TILE batch[0] inputTile[0] outputTile[0] pb[0] input_idx[0] addr[17179086432]
GEMV_MAC_BASE batch[0] inputTile[0] outputTile[0] pb[0] colBase[0]
GEMV_INPUT_TILE batch[0] inputTile[0] outputTile[0] pb[0] input_idx[0] addr[17179086528]
GEMV_MAC_BASE batch[0] inputTile[0] outputTile[0] pb[0] colBase[0]
GEMV_INPUT_TILE batch[0] inputTile[0] outputTile[0] pb[0] input_idx[0] addr[17179086624]
GEMV_MAC_BASE batch[0] inputTile[0] outputTile[0] pb[0] colBase[0]
GEMV_INPUT_TILE batch[0] inputTile[0] outputTile[0] pb[0] input_idx[0] addr[17179086720]
GEMV_MAC_BASE batch[0] inputTile[0] outputTile[0] pb[0] colBase[0]
GEMV_INPUT_TILE batch[0] inputTile[0] outputTile[0] pb[0] input_idx[0] addr[17179084800]
GEMV_MAC_BASE batch[0] inputTile[0] outputTile[0] pb[0] colBase[0]
GEMV_INPUT_TILE batch[0] inputTile[0] outputTile[0] pb[0] input_idx[0] addr[17179084896]
GEMV_MAC_BASE batch[0] inputTile[0] outputTile[0] pb[0] colBase[0]
GEMV_INPUT_TILE batch[0] inputTile[0] outputTile[0] pb[0] input_idx[0] addr[17179084992]
GEMV_MAC_BASE batch[0] inputTile[0] outputTile[0] pb[0] colBase[0]
GEMV_INPUT_TILE batch[0] inputTile[0] outputTile[0] pb[0] input_idx[0] addr[17179085088]
GEMV_MAC_BASE batch[0] inputTile[0] outputTile[0] pb[0] colBase[0]
GEMV_INPUT_TILE batch[0] inputTile[0] outputTile[0] pb[0] input_idx[0] addr[17179085184]
GEMV_MAC_BASE batch[0] inputTile[0] outputTile[0] pb[0] colBase[0]
GEMV_INPUT_TILE batch[0] inputTile[0] outputTile[0] pb[0] input_idx[0] addr[17179085280]
GEMV_MAC_BASE batch[0] inputTile[0] outputTile[0] pb[0] colBase[0]
GEMV_INPUT_TILE batch[0] inputTile[0] outputTile[0] pb[0] input_idx[0] addr[17179085376]
GEMV_MAC_BASE batch[0] inputTile[0] outputTile[0] pb[0] colBase[0]
BANK_SIDE_SB_WRITE ch[0] ra[0] bank[0] row[0] col[0] tag[] v0[1]
BANK_SIDE_SB_WRITE ch[1] ra[0] bank[0] row[0] col[0] tag[] v0[1]
BANK_SIDE_SB_WRITE ch[2] ra[0] bank[0] row[0] col[0] tag[] v0[1]
BANK_SIDE_SB_WRITE ch[3] ra[0] bank[0] row[0] col[0] tag[] v0[1]
BANK_SIDE_SB_WRITE ch[4] ra[0] bank[0] row[0] col[0] tag[] v0[1]
BANK_SIDE_SB_WRITE ch[5] ra[0] bank[0] row[0] col[0] tag[] v0[1]
BANK_SIDE_SB_WRITE ch[6] ra[0] bank[0] row[0] col[0] tag[] v0[1]
BANK_SIDE_SB_WRITE ch[7] ra[0] bank[0] row[0] col[0] tag[] v0[1]
BANK_SIDE_SB_WRITE ch[8] ra[0] bank[0] row[0] col[0] tag[] v0[1]
BANK_SIDE_SB_WRITE ch[9] ra[0] bank[0] row[0] col[0] tag[] v0[1]
BANK_SIDE_SB_WRITE ch[10] ra[0] bank[0] row[0] col[0] tag[] v0[1]
BANK_SIDE_SB_WRITE ch[11] ra[0] bank[0] row[0] col[0] tag[] v0[1]
BANK_SIDE_SB_WRITE ch[12] ra[0] bank[0] row[0] col[0] tag[] v0[1]
BANK_SIDE_SB_WRITE ch[13] ra[0] bank[0] row[0] col[0] tag[] v0[1]
BANK_SIDE_SB_WRITE ch[14] ra[0] bank[0] row[0] col[0] tag[] v0[1]
BANK_SIDE_SB_WRITE ch[15] ra[0] bank[0] row[0] col[0] tag[] v0[1]
BANK_SIDE_SB_WRITE ch[16] ra[0] bank[0] row[0] col[0] tag[] v0[1]
BANK_SIDE_SB_WRITE ch[17] ra[0] bank[0] row[0] col[0] tag[] v0[1]
BANK_SIDE_SB_WRITE ch[18] ra[0] bank[0] row[0] col[0] tag[] v0[1]
BANK_SIDE_SB_WRITE ch[19] ra[0] bank[0] row[0] col[0] tag[] v0[1]
BANK_SIDE_SB_WRITE ch[20] ra[0] bank[0] row[0] col[0] tag[] v0[1]
BANK_SIDE_SB_WRITE ch[21] ra[0] bank[0] row[0] col[0] tag[] v0[1]
BANK_SIDE_SB_WRITE ch[22] ra[0] bank[0] row[0] col[0] tag[] v0[1]
BANK_SIDE_SB_WRITE ch[23] ra[0] bank[0] row[0] col[0] tag[] v0[1]
PIMBLOCK_DISPATCH mode[HYBRID] pb[0] busType[READ] row[0] col[0] cmd[MAC GRF_B[0], GRF_A[0], EVEN_BANK, auto] logicEnabled[1] bankEnabled[1]
ROUTE_LOGIC_DIE mode[HYBRID] pb[0] cmd[MAC GRF_B[0], GRF_A[0], EVEN_BANK, auto]
LOGIC_DIE_MAC mode[HYBRID] pb[0] row[0] col[0] cmd[MAC GRF_B[0], GRF_A[0], EVEN_BANK, auto]
PIMBLOCK_DISPATCH mode[HYBRID] pb[1] busType[READ] row[0] col[0] cmd[MAC GRF_B[0], GRF_A[0], EVEN_BANK, auto] logicEnabled[1] bankEnabled[1]
ROUTE_LOGIC_DIE mode[HYBRID] pb[1] cmd[MAC GRF_B[0], GRF_A[0], EVEN_BANK, auto]
LOGIC_DIE_MAC mode[HYBRID] pb[1] row[0] col[0] cmd[MAC GRF_B[0], GRF_A[0], EVEN_BANK, auto]
PIMBLOCK_DISPATCH mode[HYBRID] pb[2] busType[READ] row[0] col[0] cmd[MAC GRF_B[0], GRF_A[0], EVEN_BANK, auto] logicEnabled[1] bankEnabled[1]
ROUTE_LOGIC_DIE mode[HYBRID] pb[2] cmd[MAC GRF_B[0], GRF_A[0], EVEN_BANK, auto]
LOGIC_DIE_MAC mode[HYBRID] pb[2] row[0] col[0] cmd[MAC GRF_B[0], GRF_A[0], EVEN_BANK, auto]
PIMBLOCK_DISPATCH mode[HYBRID] pb[3] busType[READ] row[0] col[0] cmd[MAC GRF_B[0], GRF_A[0], EVEN_BANK, auto] logicEnabled[1] bankEnabled[1]
ROUTE_LOGIC_DIE mode[HYBRID] pb[3] cmd[MAC GRF_B[0], GRF_A[0], EVEN_BANK, auto]
LOGIC_DIE_MAC mode[HYBRID] pb[3] row[0] col[0] cmd[MAC GRF_B[0], GRF_A[0], EVEN_BANK, auto]
PIMBLOCK_DISPATCH mode[HYBRID] pb[4] busType[READ] row[0] col[0] cmd[MAC GRF_B[0], GRF_A[0], EVEN_BANK, auto] logicEnabled[1] bankEnabled[1]
ROUTE_LOGIC_DIE mode[HYBRID] pb[4] cmd[MAC GRF_B[0], GRF_A[0], EVEN_BANK, auto]
LOGIC_DIE_MAC mode[HYBRID] pb[4] row[0] col[0] cmd[MAC GRF_B[0], GRF_A[0], EVEN_BANK, auto]
PIMBLOCK_DISPATCH mode[HYBRID] pb[5] busType[READ] row[0] col[0] cmd[MAC GRF_B[0], GRF_A[0], EVEN_BANK, auto] logicEnabled[1] bankEnabled[1]
ROUTE_LOGIC_DIE mode[HYBRID] pb[5] cmd[MAC GRF_B[0], GRF_A[0], EVEN_BANK, auto]
LOGIC_DIE_MAC mode[HYBRID] pb[5] row[0] col[0] cmd[MAC GRF_B[0], GRF_A[0], EVEN_BANK, auto]
PIMBLOCK_DISPATCH mode[HYBRID] pb[6] busType[READ] row[0] col[0] cmd[MAC GRF_B[0], GRF_A[0], EVEN_BANK, auto] logicEnabled[1] bankEnabled[1]
ROUTE_LOGIC_DIE mode[HYBRID] pb[6] cmd[MAC GRF_B[0], GRF_A[0], EVEN_BANK, auto]
LOGIC_DIE_MAC mode[HYBRID] pb[6] row[0] col[0] cmd[MAC GRF_B[0], GRF_A[0], EVEN_BANK, auto]
PIMBLOCK_DISPATCH mode[HYBRID] pb[7] busType[READ] row[0] col[0] cmd[MAC GRF_B[0], GRF_A[0], EVEN_BANK, auto] logicEnabled[1] bankEnabled[1]
ROUTE_LOGIC_DIE mode[HYBRID] pb[7] cmd[MAC GRF_B[0], GRF_A[0], EVEN_BANK, auto]
LOGIC_DIE_MAC mode[HYBRID] pb[7] row[0] col[0] cmd[MAC GRF_B[0], GRF_A[0], EVEN_BANK, auto]
PIMBLOCK_DISPATCH mode[HYBRID] pb[0] busType[READ] row[0] col[0] cmd[MAC GRF_B[0], GRF_A[0], EVEN_BANK, auto] logicEnabled[1] bankEnabled[1]
ROUTE_LOGIC_DIE mode[HYBRID] pb[0] cmd[MAC GRF_B[0], GRF_A[0], EVEN_BANK, auto]
PIMBLOCK_DISPATCH mode[HYBRID] pb[1] busType[READ] row[0] col[0] cmd[MAC GRF_B[0], GRF_A[0], EVEN_BANK, auto] logicEnabled[1] bankEnabled[1]
ROUTE_LOGIC_DIE mode[HYBRID] pb[1] cmd[MAC GRF_B[0], GRF_A[0], EVEN_BANK, auto]
PIMBLOCK_DISPATCH mode[HYBRID] pb[2] busType[READ] row[0] col[0] cmd[MAC GRF_B[0], GRF_A[0], EVEN_BANK, auto] logicEnabled[1] bankEnabled[1]
ROUTE_LOGIC_DIE mode[HYBRID] pb[2] cmd[MAC GRF_B[0], GRF_A[0], EVEN_BANK, auto]
PIMBLOCK_DISPATCH mode[HYBRID] pb[3] busType[READ] row[0] col[0] cmd[MAC GRF_B[0], GRF_A[0], EVEN_BANK, auto] logicEnabled[1] bankEnabled[1]
ROUTE_LOGIC_DIE mode[HYBRID] pb[3] cmd[MAC GRF_B[0], GRF_A[0], EVEN_BANK, auto]
PIMBLOCK_DISPATCH mode[HYBRID] pb[4] busType[READ] row[0] col[0] cmd[MAC GRF_B[0], GRF_A[0], EVEN_BANK, auto] logicEnabled[1] bankEnabled[1]
PIMBLOCK_DISPATCH mode[HYBRID] pb[5] busType[READ] row[0] col[0] cmd[MAC GRF_B[0], GRF_A[0], EVEN_BANK, auto] logicEnabled[1] bankEnabled[1]
PIMBLOCK_DISPATCH mode[HYBRID] pb[6] busType[READ] row[0] col[0] cmd[MAC GRF_B[0], GRF_A[0], EVEN_BANK, auto] logicEnabled[1] bankEnabled[1]
PIMBLOCK_DISPATCH mode[HYBRID] pb[7] busType[READ] row[0] col[0] cmd[MAC GRF_B[0], GRF_A[0], EVEN_BANK, auto] logicEnabled[1] bankEnabled[1]
PIMBLOCK_DISPATCH mode[HYBRID] pb[0] busType[READ] row[0] col[0] cmd[MAC GRF_B[0], GRF_A[0], EVEN_BANK, auto] logicEnabled[1] bankEnabled[1]
PIMBLOCK_DISPATCH mode[HYBRID] pb[1] busType[READ] row[0] col[0] cmd[MAC GRF_B[0], GRF_A[0], EVEN_BANK, auto] logicEnabled[1] bankEnabled[1]
PIMBLOCK_DISPATCH mode[HYBRID] pb[2] busType[READ] row[0] col[0] cmd[MAC GRF_B[0], GRF_A[0], EVEN_BANK, auto] logicEnabled[1] bankEnabled[1]
PIMBLOCK_DISPATCH mode[HYBRID] pb[3] busType[READ] row[0] col[0] cmd[MAC GRF_B[0], GRF_A[0], EVEN_BANK, auto] logicEnabled[1] bankEnabled[1]
PIMBLOCK_DISPATCH mode[HYBRID] pb[4] busType[READ] row[0] col[0] cmd[MAC GRF_B[0], GRF_A[0], EVEN_BANK, auto] logicEnabled[1] bankEnabled[1]
PIMBLOCK_DISPATCH mode[HYBRID] pb[5] busType[READ] row[0] col[0] cmd[MAC GRF_B[0], GRF_A[0], EVEN_BANK, auto] logicEnabled[1] bankEnabled[1]
PIMBLOCK_DISPATCH mode[HYBRID] pb[6] busType[READ] row[0] col[0] cmd[MAC GRF_B[0], GRF_A[0], EVEN_BANK, auto] logicEnabled[1] bankEnabled[1]
PIMBLOCK_DISPATCH mode[HYBRID] pb[7] busType[READ] row[0] col[0] cmd[MAC GRF_B[0], GRF_A[0], EVEN_BANK, auto] logicEnabled[1] bankEnabled[1]
MOBILENETV4_BATCH_POINTWISE_RESULT name[uib14_ib_expand] positions[196] input_channels[96] output_channels[192] outputs_checked[37632] active_channels[3] physical_output_dim[192] spatial_groups[21] batch_waves[10] reads[94080] writes[46956] global_logic_commands[42336] global_logic_queue_cycles[5122656] global_logic_service_cycles[169344] global_logic_busy_until[195921] bank_side[1] logic_die[1] cycle[196262]
[       OK ] MobileNetV4WorkloadTest.PointwiseBatchRunsMobileNetV4Shape (24746 ms)
[----------] 1 test from MobileNetV4WorkloadTest (24756 ms total)

[----------] Global test environment tear-down
[==========] 1 test from 1 test suite ran. (24764 ms total)
[  PASSED  ] 1 test.
