Global logic PCU units: 16
scons: Reading SConscript files ...
running with -j 4
scons: done reading SConscript files.
scons: Building targets ...
g++ -o bin/CommandQueue.o -c -g -O2 -std=c++17 -Wall -Wno-reorder -Wno-sign-compare -Ilib -Isrc -Itools src/CommandQueue.cpp
g++ -o bin/CommandQueue.os -c -g -O2 -std=c++17 -Wall -Wno-reorder -Wno-sign-compare -fPIC -Ilib -Isrc -Itools src/CommandQueue.cpp
g++ -o bin/tests/PIMKernel.o -c -g -O2 -std=c++17 -Wall -Wno-reorder -Wno-sign-compare -Ilib -Isrc -Itools src/tests/PIMKernel.cpp
g++ -o bin/tests/PIMKernel.os -c -g -O2 -std=c++17 -Wall -Wno-reorder -Wno-sign-compare -fPIC -Ilib -Isrc -Itools src/tests/PIMKernel.cpp
g++ -o libdramsim/libdramsim2.so -g -O2 -std=c++17 -Wall -Wno-reorder -Wno-sign-compare -shared bin/AddressMapping.os bin/Bank.os bin/BankState.os bin/BusPacket.os bin/ClockDomain.os bin/CommandQueue.os bin/FP16.os bin/MemoryController.os bin/MemorySystem.os bin/MultiChannelMemorySystem.os bin/PIMBlock.os bin/PIMCmd.os bin/PIMRank.os bin/PrintMacros.os bin/Rank.os bin/SimulatorObject.os bin/Transaction.os bin/tests/PIMCmdGen.os bin/tests/PIMKernel.os bin/tests/KernelAddrGen.os bin/tools/emulator_api/PimSimulator.os -L. -lgtest -lpthread
g++ -o sim -g -O2 -std=c++17 -Wall -Wno-reorder -Wno-sign-compare bin/AddressMapping.o bin/Bank.o bin/BankState.o bin/BusPacket.o bin/ClockDomain.o bin/CommandQueue.o bin/FP16.o bin/MemoryController.o bin/MemorySystem.o bin/MultiChannelMemorySystem.o bin/PIMBlock.o bin/PIMCmd.o bin/PIMRank.o bin/PrintMacros.o bin/Rank.o bin/SimulatorObject.o bin/Transaction.o bin/tests/KernelAddrGen.o bin/tests/KernelTestCases.o bin/tests/MainTest.o bin/tests/MemTestCases.o bin/tests/MobileNetV4Workload.o bin/tests/MobileNetV4WorkloadTestCases.o bin/tests/PIMBenchTestCases.o bin/tests/PIMCmdGen.o bin/tests/PIMKernel.o bin/tools/emulator_api/PimSimulator.o -L. -lgtest -lpthread
ar rc libdramsim/libdramsim2.a bin/AddressMapping.o bin/Bank.o bin/BankState.o bin/BusPacket.o bin/ClockDomain.o bin/CommandQueue.o bin/FP16.o bin/MemoryController.o bin/MemorySystem.o bin/MultiChannelMemorySystem.o bin/PIMBlock.o bin/PIMCmd.o bin/PIMRank.o bin/PrintMacros.o bin/Rank.o bin/SimulatorObject.o bin/Transaction.o bin/tests/PIMCmdGen.o bin/tests/PIMKernel.o bin/tests/KernelAddrGen.o bin/tools/emulator_api/PimSimulator.o
ranlib libdramsim/libdramsim2.a
scons: done building targets.
Note: Google Test filter = MobileNetV4WorkloadTest.ActualShapeUibRunsEndToEnd
[==========] Running 1 test from 1 test suite.
[----------] Global test environment set-up.
[----------] 1 test from MobileNetV4WorkloadTest
[ RUN      ] MobileNetV4WorkloadTest.ActualShapeUibRunsEndToEnd
READ_RESULT_TRACE x[0] row[0] col[0] pb[1] bankOffset[1]
READ_RESULT_TRACE x[8] row[0] col[0] pb[1] bankOffset[1]
READ_RESULT_TRACE x[16] row[0] col[0] pb[1] bankOffset[1]
READ_RESULT_TRACE x[24] row[0] col[0] pb[1] bankOffset[1]
READ_RESULT_TRACE x[32] row[0] col[0] pb[1] bankOffset[1]
READ_RESULT_TRACE x[40] row[0] col[0] pb[1] bankOffset[1]
READ_RESULT_TRACE x[48] row[0] col[0] pb[1] bankOffset[1]
READ_RESULT_TRACE x[56] row[0] col[0] pb[1] bankOffset[1]
READ_RESULT_TRACE x[64] row[0] col[0] pb[1] bankOffset[1]
READ_RESULT_TRACE x[72] row[0] col[0] pb[1] bankOffset[1]
READ_RESULT_TRACE x[80] row[0] col[0] pb[1] bankOffset[1]
READ_RESULT_TRACE x[88] row[0] col[0] pb[1] bankOffset[1]
BANK_SIDE_SB_WRITE ch[0] ra[0] bank[0] row[0] col[0] tag[] v0[1]
BANK_SIDE_SB_WRITE ch[1] ra[0] bank[0] row[0] col[0] tag[] v0[0]
BANK_SIDE_SB_WRITE ch[2] ra[0] bank[0] row[0] col[0] tag[] v0[0]
BANK_SIDE_SB_WRITE ch[3] ra[0] bank[0] row[0] col[0] tag[] v0[1]
BANK_SIDE_SB_WRITE ch[4] ra[0] bank[0] row[0] col[0] tag[] v0[0]
BANK_SIDE_SB_WRITE ch[5] ra[0] bank[0] row[0] col[0] tag[] v0[0]
BANK_SIDE_SB_WRITE ch[6] ra[0] bank[0] row[0] col[0] tag[] v0[1]
BANK_SIDE_SB_WRITE ch[7] ra[0] bank[0] row[0] col[0] tag[] v0[0]
BANK_SIDE_SB_WRITE ch[8] ra[0] bank[0] row[0] col[0] tag[] v0[0]
BANK_SIDE_SB_WRITE ch[9] ra[0] bank[0] row[0] col[0] tag[] v0[1]
BANK_SIDE_SB_WRITE ch[10] ra[0] bank[0] row[0] col[0] tag[] v0[0]
BANK_SIDE_SB_WRITE ch[11] ra[0] bank[0] row[0] col[0] tag[] v0[0]
BANK_SIDE_SB_WRITE ch[12] ra[0] bank[0] row[0] col[0] tag[] v0[1]
BANK_SIDE_SB_WRITE ch[13] ra[0] bank[0] row[0] col[0] tag[] v0[0]
BANK_SIDE_SB_WRITE ch[14] ra[0] bank[0] row[0] col[0] tag[] v0[0]
BANK_SIDE_SB_WRITE ch[15] ra[0] bank[0] row[0] col[0] tag[] v0[1]
BANK_SIDE_SB_WRITE ch[16] ra[0] bank[0] row[0] col[0] tag[] v0[0]
BANK_SIDE_SB_WRITE ch[17] ra[0] bank[0] row[0] col[0] tag[] v0[0]
BANK_SIDE_SB_WRITE ch[18] ra[0] bank[0] row[0] col[0] tag[] v0[1]
BANK_SIDE_SB_WRITE ch[19] ra[0] bank[0] row[0] col[0] tag[] v0[0]
BANK_SIDE_SB_WRITE ch[20] ra[0] bank[0] row[0] col[0] tag[] v0[0]
BANK_SIDE_SB_WRITE ch[21] ra[0] bank[0] row[0] col[0] tag[] v0[1]
BANK_SIDE_SB_WRITE ch[22] ra[0] bank[0] row[0] col[0] tag[] v0[0]
BANK_SIDE_SB_WRITE ch[23] ra[0] bank[0] row[0] col[0] tag[] v0[0]
PIMBLOCK_DISPATCH mode[HYBRID] pb[0] busType[READ] row[0] col[0] cmd[MAC GRF_B[0], GRF_A[0], EVEN_BANK, auto] logicEnabled[1] bankEnabled[1]
ROUTE_LOGIC_DIE mode[HYBRID] pb[0] cmd[MAC GRF_B[0], GRF_A[0], EVEN_BANK, auto]
LOGIC_DIE_MAC mode[HYBRID] pb[0] row[0] col[0] cmd[MAC GRF_B[0], GRF_A[0], EVEN_BANK, auto]
PIMBLOCK_DISPATCH mode[HYBRID] pb[1] busType[READ] row[0] col[0] cmd[MAC GRF_B[0], GRF_A[0], EVEN_BANK, auto] logicEnabled[1] bankEnabled[1]
ROUTE_LOGIC_DIE mode[HYBRID] pb[1] cmd[MAC GRF_B[0], GRF_A[0], EVEN_BANK, auto]
LOGIC_DIE_MAC mode[HYBRID] pb[1] row[0] col[0] cmd[MAC GRF_B[0], GRF_A[0], EVEN_BANK, auto]
PIMBLOCK_DISPATCH mode[HYBRID] pb[2] busType[READ] row[0] col[0] cmd[MAC GRF_B[0], GRF_A[0], EVEN_BANK, auto] logicEnabled[1] bankEnabled[1]
ROUTE_LOGIC_DIE mode[HYBRID] pb[2] cmd[MAC GRF_B[0], GRF_A[0], EVEN_BANK, auto]
LOGIC_DIE_MAC mode[HYBRID] pb[2] row[0] col[0] cmd[MAC GRF_B[0], GRF_A[0], EVEN_BANK, auto]
PIMBLOCK_DISPATCH mode[HYBRID] pb[3] busType[READ] row[0] col[0] cmd[MAC GRF_B[0], GRF_A[0], EVEN_BANK, auto] logicEnabled[1] bankEnabled[1]
ROUTE_LOGIC_DIE mode[HYBRID] pb[3] cmd[MAC GRF_B[0], GRF_A[0], EVEN_BANK, auto]
LOGIC_DIE_MAC mode[HYBRID] pb[3] row[0] col[0] cmd[MAC GRF_B[0], GRF_A[0], EVEN_BANK, auto]
PIMBLOCK_DISPATCH mode[HYBRID] pb[4] busType[READ] row[0] col[0] cmd[MAC GRF_B[0], GRF_A[0], EVEN_BANK, auto] logicEnabled[1] bankEnabled[1]
ROUTE_LOGIC_DIE mode[HYBRID] pb[4] cmd[MAC GRF_B[0], GRF_A[0], EVEN_BANK, auto]
LOGIC_DIE_MAC mode[HYBRID] pb[4] row[0] col[0] cmd[MAC GRF_B[0], GRF_A[0], EVEN_BANK, auto]
PIMBLOCK_DISPATCH mode[HYBRID] pb[5] busType[READ] row[0] col[0] cmd[MAC GRF_B[0], GRF_A[0], EVEN_BANK, auto] logicEnabled[1] bankEnabled[1]
ROUTE_LOGIC_DIE mode[HYBRID] pb[5] cmd[MAC GRF_B[0], GRF_A[0], EVEN_BANK, auto]
LOGIC_DIE_MAC mode[HYBRID] pb[5] row[0] col[0] cmd[MAC GRF_B[0], GRF_A[0], EVEN_BANK, auto]
PIMBLOCK_DISPATCH mode[HYBRID] pb[6] busType[READ] row[0] col[0] cmd[MAC GRF_B[0], GRF_A[0], EVEN_BANK, auto] logicEnabled[1] bankEnabled[1]
ROUTE_LOGIC_DIE mode[HYBRID] pb[6] cmd[MAC GRF_B[0], GRF_A[0], EVEN_BANK, auto]
LOGIC_DIE_MAC mode[HYBRID] pb[6] row[0] col[0] cmd[MAC GRF_B[0], GRF_A[0], EVEN_BANK, auto]
PIMBLOCK_DISPATCH mode[HYBRID] pb[7] busType[READ] row[0] col[0] cmd[MAC GRF_B[0], GRF_A[0], EVEN_BANK, auto] logicEnabled[1] bankEnabled[1]
ROUTE_LOGIC_DIE mode[HYBRID] pb[7] cmd[MAC GRF_B[0], GRF_A[0], EVEN_BANK, auto]
LOGIC_DIE_MAC mode[HYBRID] pb[7] row[0] col[0] cmd[MAC GRF_B[0], GRF_A[0], EVEN_BANK, auto]
PIMBLOCK_DISPATCH mode[HYBRID] pb[0] busType[READ] row[0] col[0] cmd[MAC GRF_B[0], GRF_A[0], EVEN_BANK, auto] logicEnabled[1] bankEnabled[1]
ROUTE_LOGIC_DIE mode[HYBRID] pb[0] cmd[MAC GRF_B[0], GRF_A[0], EVEN_BANK, auto]
PIMBLOCK_DISPATCH mode[HYBRID] pb[1] busType[READ] row[0] col[0] cmd[MAC GRF_B[0], GRF_A[0], EVEN_BANK, auto] logicEnabled[1] bankEnabled[1]
ROUTE_LOGIC_DIE mode[HYBRID] pb[1] cmd[MAC GRF_B[0], GRF_A[0], EVEN_BANK, auto]
PIMBLOCK_DISPATCH mode[HYBRID] pb[2] busType[READ] row[0] col[0] cmd[MAC GRF_B[0], GRF_A[0], EVEN_BANK, auto] logicEnabled[1] bankEnabled[1]
ROUTE_LOGIC_DIE mode[HYBRID] pb[2] cmd[MAC GRF_B[0], GRF_A[0], EVEN_BANK, auto]
PIMBLOCK_DISPATCH mode[HYBRID] pb[3] busType[READ] row[0] col[0] cmd[MAC GRF_B[0], GRF_A[0], EVEN_BANK, auto] logicEnabled[1] bankEnabled[1]
ROUTE_LOGIC_DIE mode[HYBRID] pb[3] cmd[MAC GRF_B[0], GRF_A[0], EVEN_BANK, auto]
PIMBLOCK_DISPATCH mode[HYBRID] pb[4] busType[READ] row[0] col[0] cmd[MAC GRF_B[0], GRF_A[0], EVEN_BANK, auto] logicEnabled[1] bankEnabled[1]
PIMBLOCK_DISPATCH mode[HYBRID] pb[5] busType[READ] row[0] col[0] cmd[MAC GRF_B[0], GRF_A[0], EVEN_BANK, auto] logicEnabled[1] bankEnabled[1]
PIMBLOCK_DISPATCH mode[HYBRID] pb[6] busType[READ] row[0] col[0] cmd[MAC GRF_B[0], GRF_A[0], EVEN_BANK, auto] logicEnabled[1] bankEnabled[1]
PIMBLOCK_DISPATCH mode[HYBRID] pb[7] busType[READ] row[0] col[0] cmd[MAC GRF_B[0], GRF_A[0], EVEN_BANK, auto] logicEnabled[1] bankEnabled[1]
PIMBLOCK_DISPATCH mode[HYBRID] pb[0] busType[READ] row[0] col[0] cmd[MAC GRF_B[0], GRF_A[0], EVEN_BANK, auto] logicEnabled[1] bankEnabled[1]
PIMBLOCK_DISPATCH mode[HYBRID] pb[1] busType[READ] row[0] col[0] cmd[MAC GRF_B[0], GRF_A[0], EVEN_BANK, auto] logicEnabled[1] bankEnabled[1]
PIMBLOCK_DISPATCH mode[HYBRID] pb[2] busType[READ] row[0] col[0] cmd[MAC GRF_B[0], GRF_A[0], EVEN_BANK, auto] logicEnabled[1] bankEnabled[1]
PIMBLOCK_DISPATCH mode[HYBRID] pb[3] busType[READ] row[0] col[0] cmd[MAC GRF_B[0], GRF_A[0], EVEN_BANK, auto] logicEnabled[1] bankEnabled[1]
PIMBLOCK_DISPATCH mode[HYBRID] pb[4] busType[READ] row[0] col[0] cmd[MAC GRF_B[0], GRF_A[0], EVEN_BANK, auto] logicEnabled[1] bankEnabled[1]
PIMBLOCK_DISPATCH mode[HYBRID] pb[5] busType[READ] row[0] col[0] cmd[MAC GRF_B[0], GRF_A[0], EVEN_BANK, auto] logicEnabled[1] bankEnabled[1]
PIMBLOCK_DISPATCH mode[HYBRID] pb[6] busType[READ] row[0] col[0] cmd[MAC GRF_B[0], GRF_A[0], EVEN_BANK, auto] logicEnabled[1] bankEnabled[1]
PIMBLOCK_DISPATCH mode[HYBRID] pb[7] busType[READ] row[0] col[0] cmd[MAC GRF_B[0], GRF_A[0], EVEN_BANK, auto] logicEnabled[1] bankEnabled[1]
LOGIC_DIE_NOP_ENTER mode[HYBRID] pb[0] busType[WRITE] row[640] col[0] cmd[NOP 8x]
BANK_SIDE_NOP_WRITEBACK mode[HYBRID] pb[0] bank[0] row[640] col[0] grf[0] tag[GRF_TO_BANK]
LOGIC_DIE_NOP_ENTER mode[HYBRID] pb[1] busType[WRITE] row[640] col[0] cmd[NOP 8x]
BANK_SIDE_NOP_WRITEBACK mode[HYBRID] pb[1] bank[0] row[640] col[0] grf[0] tag[GRF_TO_BANK]
LOGIC_DIE_NOP_ENTER mode[HYBRID] pb[2] busType[WRITE] row[640] col[0] cmd[NOP 8x]
BANK_SIDE_NOP_WRITEBACK mode[HYBRID] pb[2] bank[0] row[640] col[0] grf[0] tag[GRF_TO_BANK]
LOGIC_DIE_NOP_ENTER mode[HYBRID] pb[3] busType[WRITE] row[640] col[0] cmd[NOP 8x]
BANK_SIDE_NOP_WRITEBACK mode[HYBRID] pb[3] bank[0] row[640] col[0] grf[0] tag[GRF_TO_BANK]
LOGIC_DIE_NOP_ENTER mode[HYBRID] pb[4] busType[WRITE] row[640] col[0] cmd[NOP 8x]
BANK_SIDE_NOP_WRITEBACK mode[HYBRID] pb[4] bank[0] row[640] col[0] grf[0] tag[GRF_TO_BANK]
LOGIC_DIE_NOP_ENTER mode[HYBRID] pb[5] busType[WRITE] row[640] col[0] cmd[NOP 8x]
BANK_SIDE_NOP_WRITEBACK mode[HYBRID] pb[5] bank[0] row[640] col[0] grf[0] tag[GRF_TO_BANK]
LOGIC_DIE_NOP_ENTER mode[HYBRID] pb[6] busType[WRITE] row[640] col[0] cmd[NOP 8x]
BANK_SIDE_NOP_WRITEBACK mode[HYBRID] pb[6] bank[0] row[640] col[0] grf[0] tag[GRF_TO_BANK]
LOGIC_DIE_NOP_ENTER mode[HYBRID] pb[7] busType[WRITE] row[640] col[0] cmd[NOP 8x]
BANK_SIDE_NOP_WRITEBACK mode[HYBRID] pb[7] bank[0] row[640] col[0] grf[0] tag[GRF_TO_BANK]
LOGIC_DIE_NOP_ENTER mode[HYBRID] pb[0] busType[WRITE] row[640] col[0] cmd[NOP 8x]
BANK_SIDE_NOP_WRITEBACK mode[HYBRID] pb[0] bank[0] row[640] col[0] grf[0] tag[GRF_TO_BANK]
LOGIC_DIE_NOP_ENTER mode[HYBRID] pb[1] busType[WRITE] row[640] col[0] cmd[NOP 8x]
BANK_SIDE_NOP_WRITEBACK mode[HYBRID] pb[1] bank[0] row[640] col[0] grf[0] tag[GRF_TO_BANK]
LOGIC_DIE_NOP_ENTER mode[HYBRID] pb[2] busType[WRITE] row[640] col[0] cmd[NOP 8x]
BANK_SIDE_NOP_WRITEBACK mode[HYBRID] pb[2] bank[0] row[640] col[0] grf[0] tag[GRF_TO_BANK]
LOGIC_DIE_NOP_ENTER mode[HYBRID] pb[3] busType[WRITE] row[640] col[0] cmd[NOP 8x]
BANK_SIDE_NOP_WRITEBACK mode[HYBRID] pb[3] bank[0] row[640] col[0] grf[0] tag[GRF_TO_BANK]
LOGIC_DIE_NOP_ENTER mode[HYBRID] pb[4] busType[WRITE] row[640] col[0] cmd[NOP 8x]
BANK_SIDE_NOP_WRITEBACK mode[HYBRID] pb[4] bank[0] row[640] col[0] grf[0] tag[GRF_TO_BANK]
LOGIC_DIE_NOP_ENTER mode[HYBRID] pb[5] busType[WRITE] row[640] col[0] cmd[NOP 8x]
BANK_SIDE_NOP_WRITEBACK mode[HYBRID] pb[5] bank[0] row[640] col[0] grf[0] tag[GRF_TO_BANK]
LOGIC_DIE_NOP_ENTER mode[HYBRID] pb[6] busType[WRITE] row[640] col[0] cmd[NOP 8x]
BANK_SIDE_NOP_WRITEBACK mode[HYBRID] pb[6] bank[0] row[640] col[0] grf[0] tag[GRF_TO_BANK]
LOGIC_DIE_NOP_ENTER mode[HYBRID] pb[7] busType[WRITE] row[640] col[0] cmd[NOP 8x]
BANK_SIDE_NOP_WRITEBACK mode[HYBRID] pb[7] bank[0] row[640] col[0] grf[0] tag[GRF_TO_BANK]
LOGIC_DIE_NOP_ENTER mode[HYBRID] pb[0] busType[WRITE] row[640] col[0] cmd[NOP 8x]
BANK_SIDE_NOP_WRITEBACK mode[HYBRID] pb[0] bank[0] row[640] col[0] grf[0] tag[GRF_TO_BANK]
LOGIC_DIE_NOP_ENTER mode[HYBRID] pb[1] busType[WRITE] row[640] col[0] cmd[NOP 8x]
BANK_SIDE_NOP_WRITEBACK mode[HYBRID] pb[1] bank[0] row[640] col[0] grf[0] tag[GRF_TO_BANK]
LOGIC_DIE_NOP_ENTER mode[HYBRID] pb[2] busType[WRITE] row[640] col[0] cmd[NOP 8x]
BANK_SIDE_NOP_WRITEBACK mode[HYBRID] pb[2] bank[0] row[640] col[0] grf[0] tag[GRF_TO_BANK]
LOGIC_DIE_NOP_ENTER mode[HYBRID] pb[3] busType[WRITE] row[640] col[0] cmd[NOP 8x]
BANK_SIDE_NOP_WRITEBACK mode[HYBRID] pb[3] bank[0] row[640] col[0] grf[0] tag[GRF_TO_BANK]
BANK_SIDE_NOP_WRITEBACK mode[HYBRID] pb[4] bank[0] row[640] col[0] grf[0] tag[GRF_TO_BANK]
BANK_SIDE_NOP_WRITEBACK mode[HYBRID] pb[5] bank[0] row[640] col[0] grf[0] tag[GRF_TO_BANK]
BANK_SIDE_NOP_WRITEBACK mode[HYBRID] pb[6] bank[0] row[640] col[0] grf[0] tag[GRF_TO_BANK]
BANK_SIDE_NOP_WRITEBACK mode[HYBRID] pb[7] bank[0] row[640] col[0] grf[0] tag[GRF_TO_BANK]
BANK_SIDE_GRF_B_WRITE pb[0] grf[0] auto[1] mac[0] row[0] col[0] v0[0]
BANK_SIDE_GRF_B_WRITE pb[1] grf[0] auto[1] mac[0] row[0] col[0] v0[1]
BANK_SIDE_GRF_B_WRITE pb[2] grf[0] auto[1] mac[0] row[0] col[0] v0[1]
BANK_SIDE_GRF_B_WRITE pb[3] grf[0] auto[1] mac[0] row[0] col[0] v0[1]
BANK_SIDE_GRF_B_WRITE pb[4] grf[0] auto[1] mac[0] row[0] col[0] v0[1]
BANK_SIDE_GRF_B_WRITE pb[5] grf[0] auto[1] mac[0] row[0] col[0] v0[1]
BANK_SIDE_GRF_B_WRITE pb[6] grf[0] auto[1] mac[0] row[0] col[0] v0[1]
BANK_SIDE_GRF_B_WRITE pb[7] grf[0] auto[1] mac[0] row[0] col[0] v0[1]
BANK_SIDE_GRF_B_WRITE pb[0] grf[0] auto[1] mac[0] row[0] col[0] v0[0]
BANK_SIDE_GRF_B_WRITE pb[1] grf[0] auto[1] mac[0] row[0] col[0] v0[1]
BANK_SIDE_GRF_B_WRITE pb[2] grf[0] auto[1] mac[0] row[0] col[0] v0[1]
BANK_SIDE_GRF_B_WRITE pb[3] grf[0] auto[1] mac[0] row[0] col[0] v0[1]
PIM_RUN_STALL cycle[209080] pending[4986] global_busy_until[212757] ch0_onfly[329]_pending[0]_mcq[0]_returns[329]_front[53]_bus[0] ch1_onfly[176]_pending[0]_mcq[0]_returns[176]_front[1653]_bus[0] ch2_onfly[329]_pending[0]_mcq[0]_returns[329]_front[53]_bus[0] ch3_onfly[176]_pending[0]_mcq[0]_returns[176]_front[1653]_bus[0] ch4_onfly[329]_pending[0]_mcq[0]_returns[329]_front[57]_bus[0] ch5_onfly[176]_pending[0]_mcq[0]_returns[176]_front[1657]_bus[0] ch6_onfly[329]_pending[0]_mcq[0]_returns[329]_front[57]_bus[0] ch7_onfly[176]_pending[0]_mcq[0]_returns[176]_front[1657]_bus[0] ch8_onfly[105]_pending[0]_mcq[0]_returns[105]_front[61]_bus[0] ch10_onfly[105]_pending[0]_mcq[0]_returns[105]_front[61]_bus[0] ch12_onfly[106]_pending[0]_mcq[0]_returns[106]_front[1]_bus[0] ch14_onfly[106]_pending[0]_mcq[0]_returns[106]_front[1]_bus[0] ch16_onfly[106]_pending[0]_mcq[0]_returns[106]_front[5]_bus[0] ch18_onfly[106]_pending[0]_mcq[0]_returns[106]_front[5]_bus[0] ch20_onfly[106]_pending[0]_mcq[0]_returns[106]_front[9]_bus[0] ch22_onfly[106]_pending[0]_mcq[0]_returns[106]_front[9]_bus[0] ch24_onfly[106]_pending[0]_mcq[0]_returns[106]_front[13]_bus[0] ch26_onfly[106]_pending[0]_mcq[0]_returns[106]_front[13]_bus[0] ch28_onfly[106]_pending[0]_mcq[0]_returns[106]_front[17]_bus[0] ch30_onfly[106]_pending[0]_mcq[0]_returns[106]_front[17]_bus[0] ch32_onfly[106]_pending[0]_mcq[0]_returns[106]_front[21]_bus[0] ch34_onfly[106]_pending[0]_mcq[0]_returns[106]_front[21]_bus[0] ch36_onfly[106]_pending[0]_mcq[0]_returns[106]_front[25]_bus[0] ch38_onfly[106]_pending[0]_mcq[0]_returns[106]_front[25]_bus[0] ch40_onfly[106]_pending[0]_mcq[0]_returns[106]_front[29]_bus[0] ch42_onfly[106]_pending[0]_mcq[0]_returns[106]_front[29]_bus[0] ch44_onfly[106]_pending[0]_mcq[0]_returns[106]_front[33]_bus[0] ch46_onfly[106]_pending[0]_mcq[0]_returns[106]_front[33]_bus[0] ch48_onfly[106]_pending[0]_mcq[0]_returns[106]_front[37]_bus[0] ch50_onfly[106]_pending[0]_mcq[0]_returns[106]_front[37]_bus[0] ch52_onfly[106]_pending[0]_mcq[0]_returns[106]_front[41]_bus[0] ch54_onfly[106]_pending[0]_mcq[0]_returns[106]_front[41]_bus[0] ch56_onfly[106]_pending[0]_mcq[0]_returns[106]_front[45]_bus[0] ch58_onfly[106]_pending[0]_mcq[0]_returns[106]_front[45]_bus[0] ch60_onfly[106]_pending[0]_mcq[0]_returns[106]_front[49]_bus[0] ch62_onfly[106]_pending[0]_mcq[0]_returns[106]_front[49]_bus[0]
MOBILENETV4_ACTUAL_UIB_RESULT shape[14x14x96_to_192_to_96] outputs_checked[18816] bank_side[1] logic_die[1] last_pointwise_active_channels[2] last_pointwise_physical_output_dim[128] expand_spatial_groups[21] expand_batch_waves[10] project_spatial_groups[32] project_batch_waves[7] reads[268800] writes[319668] global_logic_commands[92512] global_logic_queue_cycles[3954573696] global_logic_service_cycles[370048] global_logic_busy_until[212757] transfer_bytes[225792] transfer_cycles[3528] total_cycle[215687]
[       OK ] MobileNetV4WorkloadTest.ActualShapeUibRunsEndToEnd (25900 ms)
[----------] 1 test from MobileNetV4WorkloadTest (25902 ms total)

[----------] Global test environment tear-down
[==========] 1 test from 1 test suite ran. (25909 ms total)
[  PASSED  ] 1 test.
