Global logic PCU units: 8
scons: Reading SConscript files ...
running with -j 4
scons: done reading SConscript files.
scons: Building targets ...
scons: `.' is up to date.
scons: done building targets.
Note: Google Test filter = MobileNetV4WorkloadTest.ActualShapeUibRunsEndToEnd
[==========] Running 1 test from 1 test suite.
[----------] Global test environment set-up.
[----------] 1 test from MobileNetV4WorkloadTest
[ RUN      ] MobileNetV4WorkloadTest.ActualShapeUibRunsEndToEnd
READ_RESULT_TRACE x[0] row[0] col[0] pb[1] bankOffset[1]
READ_RESULT_TRACE x[8] row[0] col[0] pb[1] bankOffset[1]
READ_RESULT_TRACE x[16] row[0] col[0] pb[1] bankOffset[1]
READ_RESULT_TRACE x[24] row[0] col[0] pb[1] bankOffset[1]
READ_RESULT_TRACE x[32] row[0] col[0] pb[1] bankOffset[1]
READ_RESULT_TRACE x[40] row[0] col[0] pb[1] bankOffset[1]
READ_RESULT_TRACE x[48] row[0] col[0] pb[1] bankOffset[1]
READ_RESULT_TRACE x[56] row[0] col[0] pb[1] bankOffset[1]
READ_RESULT_TRACE x[64] row[0] col[0] pb[1] bankOffset[1]
READ_RESULT_TRACE x[72] row[0] col[0] pb[1] bankOffset[1]
READ_RESULT_TRACE x[80] row[0] col[0] pb[1] bankOffset[1]
READ_RESULT_TRACE x[88] row[0] col[0] pb[1] bankOffset[1]
BANK_SIDE_SB_WRITE ch[0] ra[0] bank[0] row[0] col[0] tag[] v0[1]
BANK_SIDE_SB_WRITE ch[1] ra[0] bank[0] row[0] col[0] tag[] v0[0]
BANK_SIDE_SB_WRITE ch[2] ra[0] bank[0] row[0] col[0] tag[] v0[0]
BANK_SIDE_SB_WRITE ch[3] ra[0] bank[0] row[0] col[0] tag[] v0[1]
BANK_SIDE_SB_WRITE ch[4] ra[0] bank[0] row[0] col[0] tag[] v0[0]
BANK_SIDE_SB_WRITE ch[5] ra[0] bank[0] row[0] col[0] tag[] v0[0]
BANK_SIDE_SB_WRITE ch[6] ra[0] bank[0] row[0] col[0] tag[] v0[1]
BANK_SIDE_SB_WRITE ch[7] ra[0] bank[0] row[0] col[0] tag[] v0[0]
BANK_SIDE_SB_WRITE ch[8] ra[0] bank[0] row[0] col[0] tag[] v0[0]
BANK_SIDE_SB_WRITE ch[9] ra[0] bank[0] row[0] col[0] tag[] v0[1]
BANK_SIDE_SB_WRITE ch[10] ra[0] bank[0] row[0] col[0] tag[] v0[0]
BANK_SIDE_SB_WRITE ch[11] ra[0] bank[0] row[0] col[0] tag[] v0[0]
BANK_SIDE_SB_WRITE ch[12] ra[0] bank[0] row[0] col[0] tag[] v0[1]
BANK_SIDE_SB_WRITE ch[13] ra[0] bank[0] row[0] col[0] tag[] v0[0]
BANK_SIDE_SB_WRITE ch[14] ra[0] bank[0] row[0] col[0] tag[] v0[0]
BANK_SIDE_SB_WRITE ch[15] ra[0] bank[0] row[0] col[0] tag[] v0[1]
BANK_SIDE_SB_WRITE ch[16] ra[0] bank[0] row[0] col[0] tag[] v0[0]
BANK_SIDE_SB_WRITE ch[17] ra[0] bank[0] row[0] col[0] tag[] v0[0]
BANK_SIDE_SB_WRITE ch[18] ra[0] bank[0] row[0] col[0] tag[] v0[1]
BANK_SIDE_SB_WRITE ch[19] ra[0] bank[0] row[0] col[0] tag[] v0[0]
BANK_SIDE_SB_WRITE ch[20] ra[0] bank[0] row[0] col[0] tag[] v0[0]
BANK_SIDE_SB_WRITE ch[21] ra[0] bank[0] row[0] col[0] tag[] v0[1]
BANK_SIDE_SB_WRITE ch[22] ra[0] bank[0] row[0] col[0] tag[] v0[0]
BANK_SIDE_SB_WRITE ch[23] ra[0] bank[0] row[0] col[0] tag[] v0[0]
PIMBLOCK_DISPATCH mode[HYBRID] pb[0] busType[READ] row[0] col[0] cmd[MAC GRF_B[0], GRF_A[0], EVEN_BANK, auto] logicEnabled[1] bankEnabled[1]
ROUTE_LOGIC_DIE mode[HYBRID] pb[0] cmd[MAC GRF_B[0], GRF_A[0], EVEN_BANK, auto]
LOGIC_DIE_MAC mode[HYBRID] pb[0] row[0] col[0] cmd[MAC GRF_B[0], GRF_A[0], EVEN_BANK, auto]
PIMBLOCK_DISPATCH mode[HYBRID] pb[1] busType[READ] row[0] col[0] cmd[MAC GRF_B[0], GRF_A[0], EVEN_BANK, auto] logicEnabled[1] bankEnabled[1]
ROUTE_LOGIC_DIE mode[HYBRID] pb[1] cmd[MAC GRF_B[0], GRF_A[0], EVEN_BANK, auto]
LOGIC_DIE_MAC mode[HYBRID] pb[1] row[0] col[0] cmd[MAC GRF_B[0], GRF_A[0], EVEN_BANK, auto]
PIMBLOCK_DISPATCH mode[HYBRID] pb[2] busType[READ] row[0] col[0] cmd[MAC GRF_B[0], GRF_A[0], EVEN_BANK, auto] logicEnabled[1] bankEnabled[1]
ROUTE_LOGIC_DIE mode[HYBRID] pb[2] cmd[MAC GRF_B[0], GRF_A[0], EVEN_BANK, auto]
LOGIC_DIE_MAC mode[HYBRID] pb[2] row[0] col[0] cmd[MAC GRF_B[0], GRF_A[0], EVEN_BANK, auto]
PIMBLOCK_DISPATCH mode[HYBRID] pb[3] busType[READ] row[0] col[0] cmd[MAC GRF_B[0], GRF_A[0], EVEN_BANK, auto] logicEnabled[1] bankEnabled[1]
ROUTE_LOGIC_DIE mode[HYBRID] pb[3] cmd[MAC GRF_B[0], GRF_A[0], EVEN_BANK, auto]
LOGIC_DIE_MAC mode[HYBRID] pb[3] row[0] col[0] cmd[MAC GRF_B[0], GRF_A[0], EVEN_BANK, auto]
PIMBLOCK_DISPATCH mode[HYBRID] pb[4] busType[READ] row[0] col[0] cmd[MAC GRF_B[0], GRF_A[0], EVEN_BANK, auto] logicEnabled[1] bankEnabled[1]
ROUTE_LOGIC_DIE mode[HYBRID] pb[4] cmd[MAC GRF_B[0], GRF_A[0], EVEN_BANK, auto]
LOGIC_DIE_MAC mode[HYBRID] pb[4] row[0] col[0] cmd[MAC GRF_B[0], GRF_A[0], EVEN_BANK, auto]
PIMBLOCK_DISPATCH mode[HYBRID] pb[5] busType[READ] row[0] col[0] cmd[MAC GRF_B[0], GRF_A[0], EVEN_BANK, auto] logicEnabled[1] bankEnabled[1]
ROUTE_LOGIC_DIE mode[HYBRID] pb[5] cmd[MAC GRF_B[0], GRF_A[0], EVEN_BANK, auto]
LOGIC_DIE_MAC mode[HYBRID] pb[5] row[0] col[0] cmd[MAC GRF_B[0], GRF_A[0], EVEN_BANK, auto]
PIMBLOCK_DISPATCH mode[HYBRID] pb[6] busType[READ] row[0] col[0] cmd[MAC GRF_B[0], GRF_A[0], EVEN_BANK, auto] logicEnabled[1] bankEnabled[1]
ROUTE_LOGIC_DIE mode[HYBRID] pb[6] cmd[MAC GRF_B[0], GRF_A[0], EVEN_BANK, auto]
LOGIC_DIE_MAC mode[HYBRID] pb[6] row[0] col[0] cmd[MAC GRF_B[0], GRF_A[0], EVEN_BANK, auto]
PIMBLOCK_DISPATCH mode[HYBRID] pb[7] busType[READ] row[0] col[0] cmd[MAC GRF_B[0], GRF_A[0], EVEN_BANK, auto] logicEnabled[1] bankEnabled[1]
ROUTE_LOGIC_DIE mode[HYBRID] pb[7] cmd[MAC GRF_B[0], GRF_A[0], EVEN_BANK, auto]
LOGIC_DIE_MAC mode[HYBRID] pb[7] row[0] col[0] cmd[MAC GRF_B[0], GRF_A[0], EVEN_BANK, auto]
PIMBLOCK_DISPATCH mode[HYBRID] pb[0] busType[READ] row[0] col[0] cmd[MAC GRF_B[0], GRF_A[0], EVEN_BANK, auto] logicEnabled[1] bankEnabled[1]
ROUTE_LOGIC_DIE mode[HYBRID] pb[0] cmd[MAC GRF_B[0], GRF_A[0], EVEN_BANK, auto]
PIMBLOCK_DISPATCH mode[HYBRID] pb[1] busType[READ] row[0] col[0] cmd[MAC GRF_B[0], GRF_A[0], EVEN_BANK, auto] logicEnabled[1] bankEnabled[1]
ROUTE_LOGIC_DIE mode[HYBRID] pb[1] cmd[MAC GRF_B[0], GRF_A[0], EVEN_BANK, auto]
PIMBLOCK_DISPATCH mode[HYBRID] pb[2] busType[READ] row[0] col[0] cmd[MAC GRF_B[0], GRF_A[0], EVEN_BANK, auto] logicEnabled[1] bankEnabled[1]
ROUTE_LOGIC_DIE mode[HYBRID] pb[2] cmd[MAC GRF_B[0], GRF_A[0], EVEN_BANK, auto]
PIMBLOCK_DISPATCH mode[HYBRID] pb[3] busType[READ] row[0] col[0] cmd[MAC GRF_B[0], GRF_A[0], EVEN_BANK, auto] logicEnabled[1] bankEnabled[1]
ROUTE_LOGIC_DIE mode[HYBRID] pb[3] cmd[MAC GRF_B[0], GRF_A[0], EVEN_BANK, auto]
PIMBLOCK_DISPATCH mode[HYBRID] pb[4] busType[READ] row[0] col[0] cmd[MAC GRF_B[0], GRF_A[0], EVEN_BANK, auto] logicEnabled[1] bankEnabled[1]
PIMBLOCK_DISPATCH mode[HYBRID] pb[5] busType[READ] row[0] col[0] cmd[MAC GRF_B[0], GRF_A[0], EVEN_BANK, auto] logicEnabled[1] bankEnabled[1]
PIMBLOCK_DISPATCH mode[HYBRID] pb[6] busType[READ] row[0] col[0] cmd[MAC GRF_B[0], GRF_A[0], EVEN_BANK, auto] logicEnabled[1] bankEnabled[1]
PIMBLOCK_DISPATCH mode[HYBRID] pb[7] busType[READ] row[0] col[0] cmd[MAC GRF_B[0], GRF_A[0], EVEN_BANK, auto] logicEnabled[1] bankEnabled[1]
PIMBLOCK_DISPATCH mode[HYBRID] pb[0] busType[READ] row[0] col[0] cmd[MAC GRF_B[0], GRF_A[0], EVEN_BANK, auto] logicEnabled[1] bankEnabled[1]
PIMBLOCK_DISPATCH mode[HYBRID] pb[1] busType[READ] row[0] col[0] cmd[MAC GRF_B[0], GRF_A[0], EVEN_BANK, auto] logicEnabled[1] bankEnabled[1]
PIMBLOCK_DISPATCH mode[HYBRID] pb[2] busType[READ] row[0] col[0] cmd[MAC GRF_B[0], GRF_A[0], EVEN_BANK, auto] logicEnabled[1] bankEnabled[1]
PIMBLOCK_DISPATCH mode[HYBRID] pb[3] busType[READ] row[0] col[0] cmd[MAC GRF_B[0], GRF_A[0], EVEN_BANK, auto] logicEnabled[1] bankEnabled[1]
PIMBLOCK_DISPATCH mode[HYBRID] pb[4] busType[READ] row[0] col[0] cmd[MAC GRF_B[0], GRF_A[0], EVEN_BANK, auto] logicEnabled[1] bankEnabled[1]
PIMBLOCK_DISPATCH mode[HYBRID] pb[5] busType[READ] row[0] col[0] cmd[MAC GRF_B[0], GRF_A[0], EVEN_BANK, auto] logicEnabled[1] bankEnabled[1]
PIMBLOCK_DISPATCH mode[HYBRID] pb[6] busType[READ] row[0] col[0] cmd[MAC GRF_B[0], GRF_A[0], EVEN_BANK, auto] logicEnabled[1] bankEnabled[1]
PIMBLOCK_DISPATCH mode[HYBRID] pb[7] busType[READ] row[0] col[0] cmd[MAC GRF_B[0], GRF_A[0], EVEN_BANK, auto] logicEnabled[1] bankEnabled[1]
PIM_RUN_STALL cycle[100588] pending[40874] global_busy_until[171997] ch0_onfly[755]_pending[0]_mcq[0]_returns[755]_front[117]_bus[0] ch1_onfly[755]_pending[0]_mcq[0]_returns[755]_front[121]_bus[0] ch2_onfly[755]_pending[0]_mcq[0]_returns[755]_front[125]_bus[0] ch3_onfly[755]_pending[0]_mcq[0]_returns[755]_front[129]_bus[0] ch4_onfly[755]_pending[0]_mcq[0]_returns[755]_front[133]_bus[0] ch5_onfly[755]_pending[0]_mcq[0]_returns[755]_front[137]_bus[0] ch6_onfly[755]_pending[0]_mcq[0]_returns[755]_front[141]_bus[0] ch7_onfly[755]_pending[0]_mcq[0]_returns[755]_front[145]_bus[0] ch8_onfly[755]_pending[0]_mcq[0]_returns[755]_front[149]_bus[0] ch9_onfly[755]_pending[0]_mcq[0]_returns[755]_front[153]_bus[0] ch10_onfly[755]_pending[0]_mcq[0]_returns[755]_front[157]_bus[0] ch11_onfly[755]_pending[0]_mcq[0]_returns[755]_front[161]_bus[0] ch12_onfly[755]_pending[0]_mcq[0]_returns[755]_front[165]_bus[0] ch13_onfly[755]_pending[0]_mcq[0]_returns[755]_front[169]_bus[0] ch14_onfly[755]_pending[0]_mcq[0]_returns[755]_front[173]_bus[0] ch15_onfly[755]_pending[0]_mcq[0]_returns[755]_front[177]_bus[0] ch16_onfly[755]_pending[0]_mcq[0]_returns[755]_front[181]_bus[0] ch17_onfly[755]_pending[0]_mcq[0]_returns[755]_front[185]_bus[0] ch18_onfly[755]_pending[0]_mcq[0]_returns[755]_front[189]_bus[0] ch19_onfly[755]_pending[0]_mcq[0]_returns[755]_front[193]_bus[0] ch20_onfly[755]_pending[0]_mcq[0]_returns[755]_front[197]_bus[0] ch21_onfly[595]_pending[0]_mcq[0]_returns[595]_front[201]_bus[0] ch22_onfly[595]_pending[0]_mcq[0]_returns[595]_front[205]_bus[0] ch23_onfly[595]_pending[0]_mcq[0]_returns[595]_front[209]_bus[0] ch24_onfly[595]_pending[0]_mcq[0]_returns[595]_front[213]_bus[0] ch25_onfly[595]_pending[0]_mcq[0]_returns[595]_front[217]_bus[0] ch26_onfly[595]_pending[0]_mcq[0]_returns[595]_front[221]_bus[0] ch27_onfly[595]_pending[0]_mcq[0]_returns[595]_front[225]_bus[0] ch28_onfly[595]_pending[0]_mcq[0]_returns[595]_front[229]_bus[0] ch29_onfly[595]_pending[0]_mcq[0]_returns[595]_front[233]_bus[0] ch30_onfly[595]_pending[0]_mcq[0]_returns[595]_front[237]_bus[0] ch31_onfly[595]_pending[0]_mcq[0]_returns[595]_front[241]_bus[0] ch32_onfly[595]_pending[0]_mcq[0]_returns[595]_front[245]_bus[0] ch33_onfly[595]_pending[0]_mcq[0]_returns[595]_front[249]_bus[0] ch34_onfly[596]_pending[0]_mcq[0]_returns[596]_front[1]_bus[0] ch35_onfly[596]_pending[0]_mcq[0]_returns[596]_front[5]_bus[0] ch36_onfly[596]_pending[0]_mcq[0]_returns[596]_front[9]_bus[0] ch37_onfly[596]_pending[0]_mcq[0]_returns[596]_front[13]_bus[0] ch38_onfly[596]_pending[0]_mcq[0]_returns[596]_front[17]_bus[0] ch39_onfly[596]_pending[0]_mcq[0]_returns[596]_front[21]_bus[0] ch40_onfly[596]_pending[0]_mcq[0]_returns[596]_front[25]_bus[0] ch41_onfly[596]_pending[0]_mcq[0]_returns[596]_front[29]_bus[0] ch42_onfly[596]_pending[0]_mcq[0]_returns[596]_front[33]_bus[0] ch43_onfly[596]_pending[0]_mcq[0]_returns[596]_front[37]_bus[0] ch44_onfly[596]_pending[0]_mcq[0]_returns[596]_front[41]_bus[0] ch45_onfly[596]_pending[0]_mcq[0]_returns[596]_front[45]_bus[0] ch46_onfly[596]_pending[0]_mcq[0]_returns[596]_front[49]_bus[0] ch47_onfly[596]_pending[0]_mcq[0]_returns[596]_front[53]_bus[0] ch48_onfly[596]_pending[0]_mcq[0]_returns[596]_front[57]_bus[0] ch49_onfly[596]_pending[0]_mcq[0]_returns[596]_front[61]_bus[0] ch50_onfly[596]_pending[0]_mcq[0]_returns[596]_front[65]_bus[0] ch51_onfly[596]_pending[0]_mcq[0]_returns[596]_front[69]_bus[0] ch52_onfly[596]_pending[0]_mcq[0]_returns[596]_front[73]_bus[0] ch53_onfly[596]_pending[0]_mcq[0]_returns[596]_front[77]_bus[0] ch54_onfly[596]_pending[0]_mcq[0]_returns[596]_front[81]_bus[0] ch55_onfly[596]_pending[0]_mcq[0]_returns[596]_front[85]_bus[0] ch56_onfly[596]_pending[0]_mcq[0]_returns[596]_front[89]_bus[0] ch57_onfly[596]_pending[0]_mcq[0]_returns[596]_front[93]_bus[0] ch58_onfly[596]_pending[0]_mcq[0]_returns[596]_front[97]_bus[0] ch59_onfly[596]_pending[0]_mcq[0]_returns[596]_front[101]_bus[0] ch60_onfly[596]_pending[0]_mcq[0]_returns[596]_front[105]_bus[0] ch61_onfly[596]_pending[0]_mcq[0]_returns[596]_front[109]_bus[0] ch62_onfly[596]_pending[0]_mcq[0]_returns[596]_front[113]_bus[0]
LOGIC_DIE_NOP_ENTER mode[HYBRID] pb[0] busType[WRITE] row[640] col[0] cmd[NOP 8x]
BANK_SIDE_NOP_WRITEBACK mode[HYBRID] pb[0] bank[0] row[640] col[0] grf[0] tag[GRF_TO_BANK]
LOGIC_DIE_NOP_ENTER mode[HYBRID] pb[1] busType[WRITE] row[640] col[0] cmd[NOP 8x]
BANK_SIDE_NOP_WRITEBACK mode[HYBRID] pb[1] bank[0] row[640] col[0] grf[0] tag[GRF_TO_BANK]
LOGIC_DIE_NOP_ENTER mode[HYBRID] pb[2] busType[WRITE] row[640] col[0] cmd[NOP 8x]
BANK_SIDE_NOP_WRITEBACK mode[HYBRID] pb[2] bank[0] row[640] col[0] grf[0] tag[GRF_TO_BANK]
LOGIC_DIE_NOP_ENTER mode[HYBRID] pb[3] busType[WRITE] row[640] col[0] cmd[NOP 8x]
BANK_SIDE_NOP_WRITEBACK mode[HYBRID] pb[3] bank[0] row[640] col[0] grf[0] tag[GRF_TO_BANK]
LOGIC_DIE_NOP_ENTER mode[HYBRID] pb[4] busType[WRITE] row[640] col[0] cmd[NOP 8x]
BANK_SIDE_NOP_WRITEBACK mode[HYBRID] pb[4] bank[0] row[640] col[0] grf[0] tag[GRF_TO_BANK]
LOGIC_DIE_NOP_ENTER mode[HYBRID] pb[5] busType[WRITE] row[640] col[0] cmd[NOP 8x]
BANK_SIDE_NOP_WRITEBACK mode[HYBRID] pb[5] bank[0] row[640] col[0] grf[0] tag[GRF_TO_BANK]
LOGIC_DIE_NOP_ENTER mode[HYBRID] pb[6] busType[WRITE] row[640] col[0] cmd[NOP 8x]
BANK_SIDE_NOP_WRITEBACK mode[HYBRID] pb[6] bank[0] row[640] col[0] grf[0] tag[GRF_TO_BANK]
LOGIC_DIE_NOP_ENTER mode[HYBRID] pb[7] busType[WRITE] row[640] col[0] cmd[NOP 8x]
BANK_SIDE_NOP_WRITEBACK mode[HYBRID] pb[7] bank[0] row[640] col[0] grf[0] tag[GRF_TO_BANK]
LOGIC_DIE_NOP_ENTER mode[HYBRID] pb[0] busType[WRITE] row[640] col[0] cmd[NOP 8x]
BANK_SIDE_NOP_WRITEBACK mode[HYBRID] pb[0] bank[0] row[640] col[0] grf[0] tag[GRF_TO_BANK]
LOGIC_DIE_NOP_ENTER mode[HYBRID] pb[1] busType[WRITE] row[640] col[0] cmd[NOP 8x]
BANK_SIDE_NOP_WRITEBACK mode[HYBRID] pb[1] bank[0] row[640] col[0] grf[0] tag[GRF_TO_BANK]
LOGIC_DIE_NOP_ENTER mode[HYBRID] pb[2] busType[WRITE] row[640] col[0] cmd[NOP 8x]
BANK_SIDE_NOP_WRITEBACK mode[HYBRID] pb[2] bank[0] row[640] col[0] grf[0] tag[GRF_TO_BANK]
LOGIC_DIE_NOP_ENTER mode[HYBRID] pb[3] busType[WRITE] row[640] col[0] cmd[NOP 8x]
BANK_SIDE_NOP_WRITEBACK mode[HYBRID] pb[3] bank[0] row[640] col[0] grf[0] tag[GRF_TO_BANK]
LOGIC_DIE_NOP_ENTER mode[HYBRID] pb[4] busType[WRITE] row[640] col[0] cmd[NOP 8x]
BANK_SIDE_NOP_WRITEBACK mode[HYBRID] pb[4] bank[0] row[640] col[0] grf[0] tag[GRF_TO_BANK]
LOGIC_DIE_NOP_ENTER mode[HYBRID] pb[5] busType[WRITE] row[640] col[0] cmd[NOP 8x]
BANK_SIDE_NOP_WRITEBACK mode[HYBRID] pb[5] bank[0] row[640] col[0] grf[0] tag[GRF_TO_BANK]
LOGIC_DIE_NOP_ENTER mode[HYBRID] pb[6] busType[WRITE] row[640] col[0] cmd[NOP 8x]
BANK_SIDE_NOP_WRITEBACK mode[HYBRID] pb[6] bank[0] row[640] col[0] grf[0] tag[GRF_TO_BANK]
LOGIC_DIE_NOP_ENTER mode[HYBRID] pb[7] busType[WRITE] row[640] col[0] cmd[NOP 8x]
BANK_SIDE_NOP_WRITEBACK mode[HYBRID] pb[7] bank[0] row[640] col[0] grf[0] tag[GRF_TO_BANK]
LOGIC_DIE_NOP_ENTER mode[HYBRID] pb[0] busType[WRITE] row[640] col[0] cmd[NOP 8x]
BANK_SIDE_NOP_WRITEBACK mode[HYBRID] pb[0] bank[0] row[640] col[0] grf[0] tag[GRF_TO_BANK]
LOGIC_DIE_NOP_ENTER mode[HYBRID] pb[1] busType[WRITE] row[640] col[0] cmd[NOP 8x]
BANK_SIDE_NOP_WRITEBACK mode[HYBRID] pb[1] bank[0] row[640] col[0] grf[0] tag[GRF_TO_BANK]
LOGIC_DIE_NOP_ENTER mode[HYBRID] pb[2] busType[WRITE] row[640] col[0] cmd[NOP 8x]
BANK_SIDE_NOP_WRITEBACK mode[HYBRID] pb[2] bank[0] row[640] col[0] grf[0] tag[GRF_TO_BANK]
LOGIC_DIE_NOP_ENTER mode[HYBRID] pb[3] busType[WRITE] row[640] col[0] cmd[NOP 8x]
BANK_SIDE_NOP_WRITEBACK mode[HYBRID] pb[3] bank[0] row[640] col[0] grf[0] tag[GRF_TO_BANK]
BANK_SIDE_NOP_WRITEBACK mode[HYBRID] pb[4] bank[0] row[640] col[0] grf[0] tag[GRF_TO_BANK]
BANK_SIDE_NOP_WRITEBACK mode[HYBRID] pb[5] bank[0] row[640] col[0] grf[0] tag[GRF_TO_BANK]
BANK_SIDE_NOP_WRITEBACK mode[HYBRID] pb[6] bank[0] row[640] col[0] grf[0] tag[GRF_TO_BANK]
BANK_SIDE_NOP_WRITEBACK mode[HYBRID] pb[7] bank[0] row[640] col[0] grf[0] tag[GRF_TO_BANK]
BANK_SIDE_GRF_B_WRITE pb[0] grf[0] auto[1] mac[0] row[0] col[0] v0[0]
BANK_SIDE_GRF_B_WRITE pb[1] grf[0] auto[1] mac[0] row[0] col[0] v0[1]
BANK_SIDE_GRF_B_WRITE pb[2] grf[0] auto[1] mac[0] row[0] col[0] v0[1]
BANK_SIDE_GRF_B_WRITE pb[3] grf[0] auto[1] mac[0] row[0] col[0] v0[1]
BANK_SIDE_GRF_B_WRITE pb[4] grf[0] auto[1] mac[0] row[0] col[0] v0[1]
BANK_SIDE_GRF_B_WRITE pb[5] grf[0] auto[1] mac[0] row[0] col[0] v0[1]
BANK_SIDE_GRF_B_WRITE pb[6] grf[0] auto[1] mac[0] row[0] col[0] v0[1]
BANK_SIDE_GRF_B_WRITE pb[7] grf[0] auto[1] mac[0] row[0] col[0] v0[1]
BANK_SIDE_GRF_B_WRITE pb[0] grf[0] auto[1] mac[0] row[0] col[0] v0[0]
BANK_SIDE_GRF_B_WRITE pb[1] grf[0] auto[1] mac[0] row[0] col[0] v0[1]
BANK_SIDE_GRF_B_WRITE pb[2] grf[0] auto[1] mac[0] row[0] col[0] v0[1]
BANK_SIDE_GRF_B_WRITE pb[3] grf[0] auto[1] mac[0] row[0] col[0] v0[1]
PIM_RUN_STALL cycle[292996] pending[44062] global_busy_until[397027] ch0_onfly[988]_pending[0]_mcq[0]_returns[988]_front[119]_bus[0] ch1_onfly[752]_pending[0]_mcq[0]_returns[752]_front[1655]_bus[0] ch2_onfly[988]_pending[0]_mcq[0]_returns[988]_front[123]_bus[0] ch3_onfly[752]_pending[0]_mcq[0]_returns[752]_front[1659]_bus[0] ch4_onfly[989]_pending[0]_mcq[0]_returns[988]_front[127]_bus[1] ch5_onfly[752]_pending[0]_mcq[0]_returns[752]_front[1663]_bus[0] ch6_onfly[989]_pending[0]_mcq[0]_returns[989]_front[3]_bus[0] ch7_onfly[752]_pending[0]_mcq[0]_returns[752]_front[1667]_bus[0] ch8_onfly[765]_pending[0]_mcq[0]_returns[765]_front[7]_bus[0] ch9_onfly[560]_pending[0]_mcq[0]_returns[560]_front[1671]_bus[0] ch10_onfly[765]_pending[0]_mcq[0]_returns[765]_front[11]_bus[0] ch11_onfly[560]_pending[0]_mcq[0]_returns[560]_front[1675]_bus[0] ch12_onfly[765]_pending[0]_mcq[0]_returns[765]_front[15]_bus[0] ch13_onfly[560]_pending[0]_mcq[0]_returns[560]_front[1679]_bus[0] ch14_onfly[765]_pending[0]_mcq[0]_returns[765]_front[19]_bus[0] ch15_onfly[560]_pending[0]_mcq[0]_returns[560]_front[1683]_bus[0] ch16_onfly[765]_pending[0]_mcq[0]_returns[765]_front[23]_bus[0] ch17_onfly[560]_pending[0]_mcq[0]_returns[560]_front[1687]_bus[0] ch18_onfly[765]_pending[0]_mcq[0]_returns[765]_front[27]_bus[0] ch19_onfly[560]_pending[0]_mcq[0]_returns[560]_front[1691]_bus[0] ch20_onfly[765]_pending[0]_mcq[0]_returns[765]_front[31]_bus[0] ch21_onfly[560]_pending[0]_mcq[0]_returns[560]_front[1695]_bus[0] ch22_onfly[765]_pending[0]_mcq[0]_returns[765]_front[35]_bus[0] ch23_onfly[560]_pending[0]_mcq[0]_returns[560]_front[1699]_bus[0] ch24_onfly[765]_pending[0]_mcq[0]_returns[765]_front[39]_bus[0] ch25_onfly[560]_pending[0]_mcq[0]_returns[560]_front[1703]_bus[0] ch26_onfly[765]_pending[0]_mcq[0]_returns[765]_front[43]_bus[0] ch27_onfly[560]_pending[0]_mcq[0]_returns[560]_front[1707]_bus[0] ch28_onfly[765]_pending[0]_mcq[0]_returns[765]_front[47]_bus[0] ch29_onfly[560]_pending[0]_mcq[0]_returns[560]_front[1711]_bus[0] ch30_onfly[765]_pending[0]_mcq[0]_returns[765]_front[51]_bus[0] ch31_onfly[560]_pending[0]_mcq[0]_returns[560]_front[1715]_bus[0] ch32_onfly[765]_pending[0]_mcq[0]_returns[765]_front[55]_bus[0] ch33_onfly[560]_pending[0]_mcq[0]_returns[560]_front[1719]_bus[0] ch34_onfly[765]_pending[0]_mcq[0]_returns[765]_front[59]_bus[0] ch35_onfly[560]_pending[0]_mcq[0]_returns[560]_front[1723]_bus[0] ch36_onfly[765]_pending[0]_mcq[0]_returns[765]_front[63]_bus[0] ch37_onfly[560]_pending[0]_mcq[0]_returns[560]_front[1727]_bus[0] ch38_onfly[765]_pending[0]_mcq[0]_returns[765]_front[67]_bus[0] ch39_onfly[560]_pending[0]_mcq[0]_returns[560]_front[1731]_bus[0] ch40_onfly[765]_pending[0]_mcq[0]_returns[765]_front[71]_bus[0] ch41_onfly[560]_pending[0]_mcq[0]_returns[560]_front[1735]_bus[0] ch42_onfly[765]_pending[0]_mcq[0]_returns[765]_front[75]_bus[0] ch43_onfly[560]_pending[0]_mcq[0]_returns[560]_front[1739]_bus[0] ch44_onfly[765]_pending[0]_mcq[0]_returns[765]_front[79]_bus[0] ch45_onfly[560]_pending[0]_mcq[0]_returns[560]_front[1743]_bus[0] ch46_onfly[765]_pending[0]_mcq[0]_returns[765]_front[83]_bus[0] ch47_onfly[560]_pending[0]_mcq[0]_returns[560]_front[1747]_bus[0] ch48_onfly[765]_pending[0]_mcq[0]_returns[765]_front[87]_bus[0] ch49_onfly[560]_pending[0]_mcq[0]_returns[560]_front[1751]_bus[0] ch50_onfly[765]_pending[0]_mcq[0]_returns[765]_front[91]_bus[0] ch51_onfly[560]_pending[0]_mcq[0]_returns[560]_front[1755]_bus[0] ch52_onfly[765]_pending[0]_mcq[0]_returns[765]_front[95]_bus[0] ch53_onfly[560]_pending[0]_mcq[0]_returns[560]_front[1759]_bus[0] ch54_onfly[765]_pending[0]_mcq[0]_returns[765]_front[99]_bus[0] ch55_onfly[560]_pending[0]_mcq[0]_returns[560]_front[1763]_bus[0] ch56_onfly[765]_pending[0]_mcq[0]_returns[765]_front[103]_bus[0] ch57_onfly[560]_pending[0]_mcq[0]_returns[560]_front[1767]_bus[0] ch58_onfly[765]_pending[0]_mcq[0]_returns[765]_front[107]_bus[0] ch59_onfly[560]_pending[0]_mcq[0]_returns[560]_front[1771]_bus[0] ch60_onfly[765]_pending[0]_mcq[0]_returns[765]_front[111]_bus[0] ch61_onfly[560]_pending[0]_mcq[0]_returns[560]_front[1775]_bus[0] ch62_onfly[765]_pending[0]_mcq[0]_returns[765]_front[115]_bus[0] ch63_onfly[560]_pending[0]_mcq[0]_returns[560]_front[1779]_bus[0]
PIM_RUN_STALL cycle[392996] pending[2486] global_busy_until[397027] ch0_onfly[221]_pending[0]_mcq[0]_returns[220]_front[0]_bus[1] ch1_onfly[173]_pending[0]_mcq[0]_returns[173]_front[7]_bus[0] ch2_onfly[223]_pending[0]_mcq[0]_returns[222]_front[0]_bus[1] ch3_onfly[173]_pending[0]_mcq[0]_returns[173]_front[11]_bus[0] ch4_onfly[225]_pending[0]_mcq[0]_returns[224]_front[0]_bus[1] ch5_onfly[174]_pending[0]_mcq[0]_returns[173]_front[15]_bus[1] ch6_onfly[227]_pending[0]_mcq[0]_returns[226]_front[0]_bus[1] ch7_onfly[174]_pending[0]_mcq[0]_returns[174]_front[3]_bus[0] ch8_onfly[5]_pending[0]_mcq[0]_returns[4]_front[0]_bus[1] ch10_onfly[7]_pending[0]_mcq[0]_returns[6]_front[0]_bus[1] ch12_onfly[9]_pending[0]_mcq[0]_returns[8]_front[0]_bus[1] ch14_onfly[11]_pending[0]_mcq[0]_returns[10]_front[0]_bus[1] ch16_onfly[13]_pending[0]_mcq[0]_returns[12]_front[0]_bus[1] ch18_onfly[15]_pending[0]_mcq[0]_returns[14]_front[0]_bus[1] ch20_onfly[17]_pending[0]_mcq[0]_returns[16]_front[0]_bus[1] ch22_onfly[19]_pending[0]_mcq[0]_returns[18]_front[0]_bus[1] ch24_onfly[21]_pending[0]_mcq[0]_returns[20]_front[0]_bus[1] ch26_onfly[23]_pending[0]_mcq[0]_returns[22]_front[0]_bus[1] ch28_onfly[25]_pending[0]_mcq[0]_returns[24]_front[0]_bus[1] ch30_onfly[27]_pending[0]_mcq[0]_returns[26]_front[0]_bus[1] ch32_onfly[29]_pending[0]_mcq[0]_returns[28]_front[0]_bus[1] ch34_onfly[31]_pending[0]_mcq[0]_returns[30]_front[0]_bus[1] ch36_onfly[33]_pending[0]_mcq[0]_returns[32]_front[0]_bus[1] ch38_onfly[35]_pending[0]_mcq[0]_returns[34]_front[0]_bus[1] ch40_onfly[37]_pending[0]_mcq[0]_returns[36]_front[0]_bus[1] ch42_onfly[39]_pending[0]_mcq[0]_returns[38]_front[0]_bus[1] ch44_onfly[41]_pending[0]_mcq[0]_returns[40]_front[0]_bus[1] ch46_onfly[43]_pending[0]_mcq[0]_returns[42]_front[0]_bus[1] ch48_onfly[45]_pending[0]_mcq[0]_returns[44]_front[0]_bus[1] ch50_onfly[47]_pending[0]_mcq[0]_returns[46]_front[0]_bus[1] ch52_onfly[49]_pending[0]_mcq[0]_returns[48]_front[0]_bus[1] ch54_onfly[51]_pending[0]_mcq[0]_returns[50]_front[0]_bus[1] ch56_onfly[53]_pending[0]_mcq[0]_returns[52]_front[0]_bus[1] ch58_onfly[55]_pending[0]_mcq[0]_returns[54]_front[0]_bus[1] ch60_onfly[57]_pending[0]_mcq[0]_returns[56]_front[0]_bus[1] ch62_onfly[59]_pending[0]_mcq[0]_returns[58]_front[0]_bus[1]
MOBILENETV4_ACTUAL_UIB_RESULT shape[14x14x96_to_192_to_96] outputs_checked[18816] bank_side[1] logic_die[1] last_pointwise_active_channels[2] last_pointwise_physical_output_dim[128] expand_spatial_groups[21] expand_batch_waves[10] project_spatial_groups[32] project_batch_waves[7] reads[268800] writes[319668] global_logic_commands[92512] global_logic_queue_cycles[8255178272] global_logic_service_cycles[370048] global_logic_busy_until[397027] transfer_bytes[225792] transfer_cycles[3528] total_cycle[400340]
[       OK ] MobileNetV4WorkloadTest.ActualShapeUibRunsEndToEnd (45075 ms)
[----------] 1 test from MobileNetV4WorkloadTest (45079 ms total)

[----------] Global test environment tear-down
[==========] 1 test from 1 test suite ran. (45086 ms total)
[  PASSED  ] 1 test.
