Note: Google Test filter = MobileNetV4WorkloadTest.MiniatureUibRunsEndToEnd
[==========] Running 1 test from 1 test suite.
[----------] Global test environment set-up.
[----------] 1 test from MobileNetV4WorkloadTest
[ RUN      ] MobileNetV4WorkloadTest.MiniatureUibRunsEndToEnd
BANK_SIDE_SB_WRITE ch[0] ra[0] bank[0] row[2048] col[0] tag[LOGIC_WEIGHT_FILLBANK_SEQ_0_BANK_EPOCH_0_] v0[1]
BANK_SIDE_SB_WRITE ch[1] ra[0] bank[0] row[2048] col[0] tag[LOGIC_WEIGHT_FILLBANK_SEQ_0_BANK_EPOCH_0_] v0[0]
BANK_SIDE_SB_WRITE ch[2] ra[0] bank[0] row[2048] col[0] tag[LOGIC_WEIGHT_FILLBANK_SEQ_0_BANK_EPOCH_0_] v0[0]
BANK_SIDE_SB_WRITE ch[3] ra[0] bank[0] row[2048] col[0] tag[LOGIC_WEIGHT_FILLBANK_SEQ_0_BANK_EPOCH_0_] v0[0]
BANK_SIDE_SB_WRITE ch[4] ra[0] bank[0] row[2048] col[0] tag[LOGIC_WEIGHT_FILLBANK_SEQ_0_BANK_EPOCH_0_] v0[0]
BANK_SIDE_SB_WRITE ch[5] ra[0] bank[0] row[2048] col[0] tag[LOGIC_WEIGHT_FILLBANK_SEQ_0_BANK_EPOCH_0_] v0[0]
BANK_SIDE_SB_WRITE ch[6] ra[0] bank[0] row[2048] col[0] tag[LOGIC_WEIGHT_FILLBANK_SEQ_0_BANK_EPOCH_0_] v0[0]
BANK_SIDE_SB_WRITE ch[7] ra[0] bank[0] row[2048] col[0] tag[LOGIC_WEIGHT_FILLBANK_SEQ_0_BANK_EPOCH_0_] v0[0]
BANK_SIDE_SB_WRITE ch[8] ra[0] bank[0] row[2048] col[0] tag[LOGIC_WEIGHT_FILLBANK_SEQ_0_BANK_EPOCH_0_] v0[2]
BANK_SIDE_SB_WRITE ch[9] ra[0] bank[0] row[2048] col[0] tag[LOGIC_WEIGHT_FILLBANK_SEQ_0_BANK_EPOCH_0_] v0[0]
BANK_SIDE_SB_WRITE ch[10] ra[0] bank[0] row[2048] col[0] tag[LOGIC_WEIGHT_FILLBANK_SEQ_0_BANK_EPOCH_0_] v0[0]
BANK_SIDE_SB_WRITE ch[11] ra[0] bank[0] row[2048] col[0] tag[LOGIC_WEIGHT_FILLBANK_SEQ_0_BANK_EPOCH_0_] v0[0]
BANK_SIDE_SB_WRITE ch[12] ra[0] bank[0] row[2048] col[0] tag[LOGIC_WEIGHT_FILLBANK_SEQ_0_BANK_EPOCH_0_] v0[0]
BANK_SIDE_SB_WRITE ch[13] ra[0] bank[0] row[2048] col[0] tag[LOGIC_WEIGHT_FILLBANK_SEQ_0_BANK_EPOCH_0_] v0[0]
BANK_SIDE_SB_WRITE ch[14] ra[0] bank[0] row[2048] col[0] tag[LOGIC_WEIGHT_FILLBANK_SEQ_0_BANK_EPOCH_0_] v0[0]
BANK_SIDE_SB_WRITE ch[15] ra[0] bank[0] row[2048] col[0] tag[LOGIC_WEIGHT_FILLBANK_SEQ_0_BANK_EPOCH_0_] v0[0]
BANK_SIDE_SB_WRITE ch[16] ra[0] bank[0] row[2048] col[0] tag[LOGIC_WEIGHT_FILLBANK_SEQ_0_BANK_EPOCH_0_] v0[0]
BANK_SIDE_SB_WRITE ch[17] ra[0] bank[0] row[2048] col[0] tag[LOGIC_WEIGHT_FILLBANK_SEQ_0_BANK_EPOCH_0_] v0[0]
BANK_SIDE_SB_WRITE ch[18] ra[0] bank[0] row[2048] col[0] tag[LOGIC_WEIGHT_FILLBANK_SEQ_0_BANK_EPOCH_0_] v0[0]
BANK_SIDE_SB_WRITE ch[19] ra[0] bank[0] row[2048] col[0] tag[LOGIC_WEIGHT_FILLBANK_SEQ_0_BANK_EPOCH_0_] v0[0]
BANK_SIDE_SB_WRITE ch[20] ra[0] bank[0] row[2048] col[0] tag[LOGIC_WEIGHT_FILLBANK_SEQ_0_BANK_EPOCH_0_] v0[0]
BANK_SIDE_SB_WRITE ch[21] ra[0] bank[0] row[2048] col[0] tag[LOGIC_WEIGHT_FILLBANK_SEQ_0_BANK_EPOCH_0_] v0[0]
BANK_SIDE_SB_WRITE ch[22] ra[0] bank[0] row[2048] col[0] tag[LOGIC_WEIGHT_FILLBANK_SEQ_0_BANK_EPOCH_0_] v0[0]
BANK_SIDE_SB_WRITE ch[23] ra[0] bank[0] row[2048] col[0] tag[LOGIC_WEIGHT_FILLBANK_SEQ_0_BANK_EPOCH_0_] v0[0]
READ_RESULT_TRACE x[0] row[0] col[0] pb[1] bankOffset[1]
PIMBLOCK_DISPATCH mode[HYBRID] pb[0] busType[READ] row[0] col[0] cmd[MAC GRF_B[0], GRF_A[0], EVEN_BANK, auto] logicEnabled[1] bankEnabled[1]
ROUTE_LOGIC_DIE mode[HYBRID] pb[0] cmd[MAC GRF_B[0], GRF_A[0], EVEN_BANK, auto]
LOGIC_DIE_MAC mode[HYBRID] pb[0] row[0] col[0] cmd[MAC GRF_B[0], GRF_A[0], EVEN_BANK, auto]
PIMBLOCK_DISPATCH mode[HYBRID] pb[1] busType[READ] row[0] col[0] cmd[MAC GRF_B[0], GRF_A[0], EVEN_BANK, auto] logicEnabled[1] bankEnabled[1]
ROUTE_LOGIC_DIE mode[HYBRID] pb[1] cmd[MAC GRF_B[0], GRF_A[0], EVEN_BANK, auto]
LOGIC_DIE_MAC mode[HYBRID] pb[1] row[0] col[0] cmd[MAC GRF_B[0], GRF_A[0], EVEN_BANK, auto]
PIMBLOCK_DISPATCH mode[HYBRID] pb[2] busType[READ] row[0] col[0] cmd[MAC GRF_B[0], GRF_A[0], EVEN_BANK, auto] logicEnabled[1] bankEnabled[1]
ROUTE_LOGIC_DIE mode[HYBRID] pb[2] cmd[MAC GRF_B[0], GRF_A[0], EVEN_BANK, auto]
LOGIC_DIE_MAC mode[HYBRID] pb[2] row[0] col[0] cmd[MAC GRF_B[0], GRF_A[0], EVEN_BANK, auto]
PIMBLOCK_DISPATCH mode[HYBRID] pb[3] busType[READ] row[0] col[0] cmd[MAC GRF_B[0], GRF_A[0], EVEN_BANK, auto] logicEnabled[1] bankEnabled[1]
ROUTE_LOGIC_DIE mode[HYBRID] pb[3] cmd[MAC GRF_B[0], GRF_A[0], EVEN_BANK, auto]
LOGIC_DIE_MAC mode[HYBRID] pb[3] row[0] col[0] cmd[MAC GRF_B[0], GRF_A[0], EVEN_BANK, auto]
PIMBLOCK_DISPATCH mode[HYBRID] pb[4] busType[READ] row[0] col[0] cmd[MAC GRF_B[0], GRF_A[0], EVEN_BANK, auto] logicEnabled[1] bankEnabled[1]
ROUTE_LOGIC_DIE mode[HYBRID] pb[4] cmd[MAC GRF_B[0], GRF_A[0], EVEN_BANK, auto]
LOGIC_DIE_MAC mode[HYBRID] pb[4] row[0] col[0] cmd[MAC GRF_B[0], GRF_A[0], EVEN_BANK, auto]
PIMBLOCK_DISPATCH mode[HYBRID] pb[5] busType[READ] row[0] col[0] cmd[MAC GRF_B[0], GRF_A[0], EVEN_BANK, auto] logicEnabled[1] bankEnabled[1]
ROUTE_LOGIC_DIE mode[HYBRID] pb[5] cmd[MAC GRF_B[0], GRF_A[0], EVEN_BANK, auto]
LOGIC_DIE_MAC mode[HYBRID] pb[5] row[0] col[0] cmd[MAC GRF_B[0], GRF_A[0], EVEN_BANK, auto]
PIMBLOCK_DISPATCH mode[HYBRID] pb[6] busType[READ] row[0] col[0] cmd[MAC GRF_B[0], GRF_A[0], EVEN_BANK, auto] logicEnabled[1] bankEnabled[1]
ROUTE_LOGIC_DIE mode[HYBRID] pb[6] cmd[MAC GRF_B[0], GRF_A[0], EVEN_BANK, auto]
LOGIC_DIE_MAC mode[HYBRID] pb[6] row[0] col[0] cmd[MAC GRF_B[0], GRF_A[0], EVEN_BANK, auto]
PIMBLOCK_DISPATCH mode[HYBRID] pb[7] busType[READ] row[0] col[0] cmd[MAC GRF_B[0], GRF_A[0], EVEN_BANK, auto] logicEnabled[1] bankEnabled[1]
ROUTE_LOGIC_DIE mode[HYBRID] pb[7] cmd[MAC GRF_B[0], GRF_A[0], EVEN_BANK, auto]
LOGIC_DIE_MAC mode[HYBRID] pb[7] row[0] col[0] cmd[MAC GRF_B[0], GRF_A[0], EVEN_BANK, auto]
PIMBLOCK_DISPATCH mode[HYBRID] pb[0] busType[READ] row[0] col[1] cmd[MAC GRF_B[0], GRF_A[0], EVEN_BANK, auto] logicEnabled[1] bankEnabled[1]
ROUTE_LOGIC_DIE mode[HYBRID] pb[0] cmd[MAC GRF_B[0], GRF_A[0], EVEN_BANK, auto]
PIMBLOCK_DISPATCH mode[HYBRID] pb[1] busType[READ] row[0] col[1] cmd[MAC GRF_B[0], GRF_A[0], EVEN_BANK, auto] logicEnabled[1] bankEnabled[1]
ROUTE_LOGIC_DIE mode[HYBRID] pb[1] cmd[MAC GRF_B[0], GRF_A[0], EVEN_BANK, auto]
PIMBLOCK_DISPATCH mode[HYBRID] pb[2] busType[READ] row[0] col[1] cmd[MAC GRF_B[0], GRF_A[0], EVEN_BANK, auto] logicEnabled[1] bankEnabled[1]
ROUTE_LOGIC_DIE mode[HYBRID] pb[2] cmd[MAC GRF_B[0], GRF_A[0], EVEN_BANK, auto]
PIMBLOCK_DISPATCH mode[HYBRID] pb[3] busType[READ] row[0] col[1] cmd[MAC GRF_B[0], GRF_A[0], EVEN_BANK, auto] logicEnabled[1] bankEnabled[1]
ROUTE_LOGIC_DIE mode[HYBRID] pb[3] cmd[MAC GRF_B[0], GRF_A[0], EVEN_BANK, auto]
PIMBLOCK_DISPATCH mode[HYBRID] pb[4] busType[READ] row[0] col[1] cmd[MAC GRF_B[0], GRF_A[0], EVEN_BANK, auto] logicEnabled[1] bankEnabled[1]
PIMBLOCK_DISPATCH mode[HYBRID] pb[5] busType[READ] row[0] col[1] cmd[MAC GRF_B[0], GRF_A[0], EVEN_BANK, auto] logicEnabled[1] bankEnabled[1]
PIMBLOCK_DISPATCH mode[HYBRID] pb[6] busType[READ] row[0] col[1] cmd[MAC GRF_B[0], GRF_A[0], EVEN_BANK, auto] logicEnabled[1] bankEnabled[1]
PIMBLOCK_DISPATCH mode[HYBRID] pb[7] busType[READ] row[0] col[1] cmd[MAC GRF_B[0], GRF_A[0], EVEN_BANK, auto] logicEnabled[1] bankEnabled[1]
PIMBLOCK_DISPATCH mode[HYBRID] pb[0] busType[READ] row[0] col[2] cmd[MAC GRF_B[0], GRF_A[0], EVEN_BANK, auto] logicEnabled[1] bankEnabled[1]
PIMBLOCK_DISPATCH mode[HYBRID] pb[1] busType[READ] row[0] col[2] cmd[MAC GRF_B[0], GRF_A[0], EVEN_BANK, auto] logicEnabled[1] bankEnabled[1]
PIMBLOCK_DISPATCH mode[HYBRID] pb[2] busType[READ] row[0] col[2] cmd[MAC GRF_B[0], GRF_A[0], EVEN_BANK, auto] logicEnabled[1] bankEnabled[1]
PIMBLOCK_DISPATCH mode[HYBRID] pb[3] busType[READ] row[0] col[2] cmd[MAC GRF_B[0], GRF_A[0], EVEN_BANK, auto] logicEnabled[1] bankEnabled[1]
PIMBLOCK_DISPATCH mode[HYBRID] pb[4] busType[READ] row[0] col[2] cmd[MAC GRF_B[0], GRF_A[0], EVEN_BANK, auto] logicEnabled[1] bankEnabled[1]
PIMBLOCK_DISPATCH mode[HYBRID] pb[5] busType[READ] row[0] col[2] cmd[MAC GRF_B[0], GRF_A[0], EVEN_BANK, auto] logicEnabled[1] bankEnabled[1]
PIMBLOCK_DISPATCH mode[HYBRID] pb[6] busType[READ] row[0] col[2] cmd[MAC GRF_B[0], GRF_A[0], EVEN_BANK, auto] logicEnabled[1] bankEnabled[1]
PIMBLOCK_DISPATCH mode[HYBRID] pb[7] busType[READ] row[0] col[2] cmd[MAC GRF_B[0], GRF_A[0], EVEN_BANK, auto] logicEnabled[1] bankEnabled[1]
READ_RESULT_TRACE x[0] row[0] col[0] pb[1] bankOffset[1]
READ_RESULT_TRACE x[0] row[0] col[0] pb[1] bankOffset[1]
READ_RESULT_TRACE x[0] row[0] col[0] pb[1] bankOffset[1]
READ_RESULT_TRACE x[0] row[0] col[0] pb[1] bankOffset[1]
READ_RESULT_TRACE x[0] row[0] col[0] pb[1] bankOffset[1]
READ_RESULT_TRACE x[0] row[0] col[0] pb[1] bankOffset[1]
READ_RESULT_TRACE x[0] row[0] col[0] pb[1] bankOffset[1]
READ_RESULT_TRACE x[0] row[0] col[0] pb[1] bankOffset[1]
LOGIC_DIE_NOP_ENTER mode[HYBRID] pb[0] busType[WRITE] row[640] col[0] cmd[NOP 8x]
BANK_SIDE_NOP_WRITEBACK mode[HYBRID] pb[0] bank[0] row[640] col[0] grf[0] tag[BANK_DOMAIN_GRF_TO_BANKBANK_SEQ_2486_BANK_EPOCH_7_]
LOGIC_DIE_NOP_ENTER mode[HYBRID] pb[1] busType[WRITE] row[640] col[0] cmd[NOP 8x]
BANK_SIDE_NOP_WRITEBACK mode[HYBRID] pb[1] bank[0] row[640] col[0] grf[0] tag[BANK_DOMAIN_GRF_TO_BANKBANK_SEQ_2486_BANK_EPOCH_7_]
LOGIC_DIE_NOP_ENTER mode[HYBRID] pb[2] busType[WRITE] row[640] col[0] cmd[NOP 8x]
BANK_SIDE_NOP_WRITEBACK mode[HYBRID] pb[2] bank[0] row[640] col[0] grf[0] tag[BANK_DOMAIN_GRF_TO_BANKBANK_SEQ_2486_BANK_EPOCH_7_]
LOGIC_DIE_NOP_ENTER mode[HYBRID] pb[3] busType[WRITE] row[640] col[0] cmd[NOP 8x]
BANK_SIDE_NOP_WRITEBACK mode[HYBRID] pb[3] bank[0] row[640] col[0] grf[0] tag[BANK_DOMAIN_GRF_TO_BANKBANK_SEQ_2486_BANK_EPOCH_7_]
LOGIC_DIE_NOP_ENTER mode[HYBRID] pb[4] busType[WRITE] row[640] col[0] cmd[NOP 8x]
BANK_SIDE_NOP_WRITEBACK mode[HYBRID] pb[4] bank[0] row[640] col[0] grf[0] tag[BANK_DOMAIN_GRF_TO_BANKBANK_SEQ_2486_BANK_EPOCH_7_]
LOGIC_DIE_NOP_ENTER mode[HYBRID] pb[5] busType[WRITE] row[640] col[0] cmd[NOP 8x]
BANK_SIDE_NOP_WRITEBACK mode[HYBRID] pb[5] bank[0] row[640] col[0] grf[0] tag[BANK_DOMAIN_GRF_TO_BANKBANK_SEQ_2486_BANK_EPOCH_7_]
LOGIC_DIE_NOP_ENTER mode[HYBRID] pb[6] busType[WRITE] row[640] col[0] cmd[NOP 8x]
BANK_SIDE_NOP_WRITEBACK mode[HYBRID] pb[6] bank[0] row[640] col[0] grf[0] tag[BANK_DOMAIN_GRF_TO_BANKBANK_SEQ_2486_BANK_EPOCH_7_]
LOGIC_DIE_NOP_ENTER mode[HYBRID] pb[7] busType[WRITE] row[640] col[0] cmd[NOP 8x]
BANK_SIDE_NOP_WRITEBACK mode[HYBRID] pb[7] bank[0] row[640] col[0] grf[0] tag[BANK_DOMAIN_GRF_TO_BANKBANK_SEQ_2486_BANK_EPOCH_7_]
LOGIC_DIE_NOP_ENTER mode[HYBRID] pb[0] busType[WRITE] row[640] col[0] cmd[NOP 8x]
BANK_SIDE_NOP_WRITEBACK mode[HYBRID] pb[0] bank[0] row[640] col[0] grf[0] tag[BANK_DOMAIN_GRF_TO_BANKBANK_SEQ_2486_BANK_EPOCH_7_]
LOGIC_DIE_NOP_ENTER mode[HYBRID] pb[1] busType[WRITE] row[640] col[0] cmd[NOP 8x]
BANK_SIDE_NOP_WRITEBACK mode[HYBRID] pb[1] bank[0] row[640] col[0] grf[0] tag[BANK_DOMAIN_GRF_TO_BANKBANK_SEQ_2486_BANK_EPOCH_7_]
LOGIC_DIE_NOP_ENTER mode[HYBRID] pb[2] busType[WRITE] row[640] col[0] cmd[NOP 8x]
BANK_SIDE_NOP_WRITEBACK mode[HYBRID] pb[2] bank[0] row[640] col[0] grf[0] tag[BANK_DOMAIN_GRF_TO_BANKBANK_SEQ_2486_BANK_EPOCH_7_]
LOGIC_DIE_NOP_ENTER mode[HYBRID] pb[3] busType[WRITE] row[640] col[0] cmd[NOP 8x]
BANK_SIDE_NOP_WRITEBACK mode[HYBRID] pb[3] bank[0] row[640] col[0] grf[0] tag[BANK_DOMAIN_GRF_TO_BANKBANK_SEQ_2486_BANK_EPOCH_7_]
LOGIC_DIE_NOP_ENTER mode[HYBRID] pb[4] busType[WRITE] row[640] col[0] cmd[NOP 8x]
BANK_SIDE_NOP_WRITEBACK mode[HYBRID] pb[4] bank[0] row[640] col[0] grf[0] tag[BANK_DOMAIN_GRF_TO_BANKBANK_SEQ_2486_BANK_EPOCH_7_]
LOGIC_DIE_NOP_ENTER mode[HYBRID] pb[5] busType[WRITE] row[640] col[0] cmd[NOP 8x]
BANK_SIDE_NOP_WRITEBACK mode[HYBRID] pb[5] bank[0] row[640] col[0] grf[0] tag[BANK_DOMAIN_GRF_TO_BANKBANK_SEQ_2486_BANK_EPOCH_7_]
LOGIC_DIE_NOP_ENTER mode[HYBRID] pb[6] busType[WRITE] row[640] col[0] cmd[NOP 8x]
BANK_SIDE_NOP_WRITEBACK mode[HYBRID] pb[6] bank[0] row[640] col[0] grf[0] tag[BANK_DOMAIN_GRF_TO_BANKBANK_SEQ_2486_BANK_EPOCH_7_]
LOGIC_DIE_NOP_ENTER mode[HYBRID] pb[7] busType[WRITE] row[640] col[0] cmd[NOP 8x]
BANK_SIDE_NOP_WRITEBACK mode[HYBRID] pb[7] bank[0] row[640] col[0] grf[0] tag[BANK_DOMAIN_GRF_TO_BANKBANK_SEQ_2486_BANK_EPOCH_7_]
LOGIC_DIE_NOP_ENTER mode[HYBRID] pb[0] busType[WRITE] row[640] col[0] cmd[NOP 8x]
BANK_SIDE_NOP_WRITEBACK mode[HYBRID] pb[0] bank[0] row[640] col[0] grf[0] tag[BANK_DOMAIN_GRF_TO_BANKBANK_SEQ_2486_BANK_EPOCH_7_]
LOGIC_DIE_NOP_ENTER mode[HYBRID] pb[1] busType[WRITE] row[640] col[0] cmd[NOP 8x]
BANK_SIDE_NOP_WRITEBACK mode[HYBRID] pb[1] bank[0] row[640] col[0] grf[0] tag[BANK_DOMAIN_GRF_TO_BANKBANK_SEQ_2486_BANK_EPOCH_7_]
LOGIC_DIE_NOP_ENTER mode[HYBRID] pb[2] busType[WRITE] row[640] col[0] cmd[NOP 8x]
BANK_SIDE_NOP_WRITEBACK mode[HYBRID] pb[2] bank[0] row[640] col[0] grf[0] tag[BANK_DOMAIN_GRF_TO_BANKBANK_SEQ_2486_BANK_EPOCH_7_]
LOGIC_DIE_NOP_ENTER mode[HYBRID] pb[3] busType[WRITE] row[640] col[0] cmd[NOP 8x]
BANK_SIDE_NOP_WRITEBACK mode[HYBRID] pb[3] bank[0] row[640] col[0] grf[0] tag[BANK_DOMAIN_GRF_TO_BANKBANK_SEQ_2486_BANK_EPOCH_7_]
BANK_SIDE_NOP_WRITEBACK mode[HYBRID] pb[4] bank[0] row[640] col[0] grf[0] tag[BANK_DOMAIN_GRF_TO_BANKBANK_SEQ_2486_BANK_EPOCH_7_]
BANK_SIDE_NOP_WRITEBACK mode[HYBRID] pb[5] bank[0] row[640] col[0] grf[0] tag[BANK_DOMAIN_GRF_TO_BANKBANK_SEQ_2486_BANK_EPOCH_7_]
BANK_SIDE_NOP_WRITEBACK mode[HYBRID] pb[6] bank[0] row[640] col[0] grf[0] tag[BANK_DOMAIN_GRF_TO_BANKBANK_SEQ_2486_BANK_EPOCH_7_]
BANK_SIDE_NOP_WRITEBACK mode[HYBRID] pb[7] bank[0] row[640] col[0] grf[0] tag[BANK_DOMAIN_GRF_TO_BANKBANK_SEQ_2486_BANK_EPOCH_7_]
BANK_SIDE_GRF_B_WRITE pb[0] grf[0] auto[1] mac[0] row[0] col[0] v0[0]
BANK_SIDE_GRF_B_WRITE pb[1] grf[0] auto[1] mac[0] row[0] col[0] v0[0]
BANK_SIDE_GRF_B_WRITE pb[2] grf[0] auto[1] mac[0] row[0] col[0] v0[0]
BANK_SIDE_GRF_B_WRITE pb[3] grf[0] auto[1] mac[0] row[0] col[0] v0[0]
BANK_SIDE_GRF_B_WRITE pb[4] grf[0] auto[1] mac[0] row[0] col[0] v0[0]
BANK_SIDE_GRF_B_WRITE pb[5] grf[0] auto[1] mac[0] row[0] col[0] v0[0]
BANK_SIDE_GRF_B_WRITE pb[6] grf[0] auto[1] mac[0] row[0] col[0] v0[0]
BANK_SIDE_GRF_B_WRITE pb[7] grf[0] auto[1] mac[0] row[0] col[0] v0[0]
BANK_SIDE_GRF_B_WRITE pb[0] grf[0] auto[1] mac[0] row[0] col[0] v0[0]
BANK_SIDE_GRF_B_WRITE pb[1] grf[0] auto[1] mac[0] row[0] col[0] v0[0]
BANK_SIDE_GRF_B_WRITE pb[2] grf[0] auto[1] mac[0] row[0] col[0] v0[0]
BANK_SIDE_GRF_B_WRITE pb[3] grf[0] auto[1] mac[0] row[0] col[0] v0[0]
READ_RESULT_TRACE x[0] row[0] col[0] pb[1] bankOffset[1]
READ_RESULT_TRACE x[0] row[0] col[0] pb[1] bankOffset[1]
READ_RESULT_TRACE x[0] row[0] col[0] pb[1] bankOffset[1]
MOBILENETV4_MINI_UIB_RESULT elements[9] bank_side[1] logic_die[1] last_pointwise_active_channels[1] last_pointwise_physical_output_dim[64] last_pointwise_spatial_groups[1] last_pointwise_batch_waves[1] reads[95056] writes[203906] global_logic_commands[1296] global_logic_queue_cycles[0] global_logic_service_cycles[10368] global_logic_busy_until[50975] global_logic_dispatches[1296] global_logic_coalesced[0] global_logic_dispatch_overhead_cycles[5184] logic_release_epochs[18] logic_release_max_streams[1] logic_release_complete_masks[18] logic_release_incomplete_masks[0] logic_broadcast_masks[1296] logic_broadcast_fanout[1296] logic_broadcast_min_fanout[1] logic_broadcast_max_fanout[1] logic_epoch1_masks[72] logic_epoch1_fanout[72] logic_epoch1_max_residency[0] logic_epoch1_total_residency[0] logic_epoch1_peak_open_masks[1] logic_epoch1_online_peak_open_masks[1] logic_epoch1_online_full_events[0] logic_epoch1_incomplete_expected_masks[0] logic_epoch2_masks[72] logic_epoch2_fanout[72] logic_epoch2_max_residency[0] logic_epoch2_total_residency[0] logic_epoch2_peak_open_masks[1] logic_epoch2_online_peak_open_masks[1] logic_epoch2_online_full_events[0] logic_epoch2_incomplete_expected_masks[0] logic_broadcast_queue_stall_cycles[0] logic_broadcast_queue_full_events[0] logic_broadcast_queue_applied_cycles[0] logic_broadcast_queue_last_pre_stall_cycle[0] logic_online_issue_blocked_channel_cycles[0] logic_online_issue_busy_overlap_channel_cycles[0] logic_blocked_wall_cycles[0] logic_blocked_streams[0] logic_min_blocked_per_stream[0] logic_max_blocked_per_stream[0] logic_min_issued_per_stream[1296] logic_max_issued_per_stream[1296] logic_blocked_stream_mask_low[0] logic_blocked_stream_mask_high[0] command_predicate_reject_cycles[1235140] command_predicate_hol_cycles[0] command_predicate_hol_candidates[0] command_predicate_hol_max_candidates[0] command_predicate_bypass_issues[0] epoch_mismatch_rejects[4529562] barrier_outstanding_rejects[621852] write_bus_busy_rejects[92531837] rank_command_rejects[0] rank_mode_transition_rejects[0] rank_logic_queue_rejects[0] rank_bank_domain_rejects[0] rank_logic_domain_rejects[0] baseline_logic_weight_bytes[294912] physical_logic_weight_bytes[294912] modeled_logic_weight_bytes[294912] saved_logic_weight_bytes[0] modeled_writes[203906] logic_weight_buffer_fill_bursts[9216] logic_weight_buffer_read_hits[9216] logic_weight_buffer_read_misses[0] logic_weight_fill_active_channels[32] logic_weight_fill_completed_writes[9216] logic_weight_fill_min_writes_per_channel[288] logic_weight_fill_max_writes_per_channel[288] logic_weight_fill_min_completion_cycle[50424] logic_weight_fill_max_completion_cycle[50424] logic_weight_fill_activates[9216] logic_weight_fill_precharges[0] logic_weight_fill_barrier_cycles[1476] logic_post_fill_guard_cycles[0] logic_weight_buffer_port_wait_cycles[0] logic_weight_buffer_write_queue_cycles[0] total_refreshes[0] transfer_bytes[108] transfer_cycles[4] total_cycle[55472]
COMMAND_ISSUABILITY_RESULT rank_mode_blocked_controller_cycles[0] rank_logic_queue_blocked_controller_cycles[0] logic_busy_attempts[0] logic_busy_wall_cycles[0] mode_attempts[0] mode_wall_cycles[0] bank_state_attempts[104177350] bank_state_wall_cycles[2185802] timing_attempts[14264226] timing_wall_cycles[975790] row_mismatch_attempts[2971456] row_mismatch_wall_cycles[668480] row_limit_attempts[0] row_limit_wall_cycles[0] xaw_attempts[0] xaw_wall_cycles[0] bank_state_blocked_controller_cycles[1955748] timing_blocked_controller_cycles[894538] row_mismatch_blocked_controller_cycles[631680] mode_blocked_controller_cycles[0] total_cycle[55472]
[       OK ] MobileNetV4WorkloadTest.MiniatureUibRunsEndToEnd (206205 ms)
[----------] 1 test from MobileNetV4WorkloadTest (206205 ms total)

[----------] Global test environment tear-down
[==========] 1 test from 1 test suite ran. (206205 ms total)
[  PASSED  ] 1 test.
