scons: Reading SConscript files ...
running with -j 4
scons: done reading SConscript files.
scons: Building targets ...
scons: `.' is up to date.
scons: done building targets.
Note: Google Test filter = MobileNetV4WorkloadTest.PointwiseHabResidencyThreeChannelGroup
[==========] Running 1 test from 1 test suite.
[----------] Global test environment set-up.
[----------] 1 test from MobileNetV4WorkloadTest
[ RUN      ] MobileNetV4WorkloadTest.PointwiseHabResidencyThreeChannelGroup
BANK_SIDE_SB_WRITE ch[0] ra[0] bank[0] row[2048] col[0] tag[LOGIC_WEIGHT_FILLBANK_SEQ_0_BANK_EPOCH_0_] v0[1]
BANK_SIDE_SB_WRITE ch[1] ra[0] bank[0] row[2048] col[0] tag[LOGIC_WEIGHT_FILLBANK_SEQ_0_BANK_EPOCH_0_] v0[0]
BANK_SIDE_SB_WRITE ch[2] ra[0] bank[0] row[2048] col[0] tag[LOGIC_WEIGHT_FILLBANK_SEQ_0_BANK_EPOCH_0_] v0[0]
BANK_SIDE_SB_WRITE ch[3] ra[0] bank[0] row[2048] col[0] tag[LOGIC_WEIGHT_FILLBANK_SEQ_0_BANK_EPOCH_0_] v0[0]
BANK_SIDE_SB_WRITE ch[4] ra[0] bank[0] row[2048] col[0] tag[LOGIC_WEIGHT_FILLBANK_SEQ_0_BANK_EPOCH_0_] v0[0]
BANK_SIDE_SB_WRITE ch[5] ra[0] bank[0] row[2048] col[0] tag[LOGIC_WEIGHT_FILLBANK_SEQ_0_BANK_EPOCH_0_] v0[0]
BANK_SIDE_SB_WRITE ch[6] ra[0] bank[0] row[2048] col[0] tag[LOGIC_WEIGHT_FILLBANK_SEQ_0_BANK_EPOCH_0_] v0[0]
BANK_SIDE_SB_WRITE ch[7] ra[0] bank[0] row[2048] col[0] tag[LOGIC_WEIGHT_FILLBANK_SEQ_0_BANK_EPOCH_0_] v0[0]
BANK_SIDE_SB_WRITE ch[8] ra[0] bank[0] row[2048] col[0] tag[LOGIC_WEIGHT_FILLBANK_SEQ_0_BANK_EPOCH_0_] v0[0]
BANK_SIDE_SB_WRITE ch[9] ra[0] bank[0] row[2048] col[0] tag[LOGIC_WEIGHT_FILLBANK_SEQ_0_BANK_EPOCH_0_] v0[0]
BANK_SIDE_SB_WRITE ch[10] ra[0] bank[0] row[2048] col[0] tag[LOGIC_WEIGHT_FILLBANK_SEQ_0_BANK_EPOCH_0_] v0[0]
BANK_SIDE_SB_WRITE ch[11] ra[0] bank[0] row[2048] col[0] tag[LOGIC_WEIGHT_FILLBANK_SEQ_0_BANK_EPOCH_0_] v0[0]
BANK_SIDE_SB_WRITE ch[12] ra[0] bank[0] row[2048] col[0] tag[LOGIC_WEIGHT_FILLBANK_SEQ_0_BANK_EPOCH_0_] v0[0]
BANK_SIDE_SB_WRITE ch[13] ra[0] bank[0] row[2048] col[0] tag[LOGIC_WEIGHT_FILLBANK_SEQ_0_BANK_EPOCH_0_] v0[0]
BANK_SIDE_SB_WRITE ch[14] ra[0] bank[0] row[2048] col[0] tag[LOGIC_WEIGHT_FILLBANK_SEQ_0_BANK_EPOCH_0_] v0[0]
BANK_SIDE_SB_WRITE ch[15] ra[0] bank[0] row[2048] col[0] tag[LOGIC_WEIGHT_FILLBANK_SEQ_0_BANK_EPOCH_0_] v0[0]
BANK_SIDE_SB_WRITE ch[16] ra[0] bank[0] row[2048] col[0] tag[LOGIC_WEIGHT_FILLBANK_SEQ_0_BANK_EPOCH_0_] v0[0]
BANK_SIDE_SB_WRITE ch[17] ra[0] bank[0] row[2048] col[0] tag[LOGIC_WEIGHT_FILLBANK_SEQ_0_BANK_EPOCH_0_] v0[0]
BANK_SIDE_SB_WRITE ch[18] ra[0] bank[0] row[2048] col[0] tag[LOGIC_WEIGHT_FILLBANK_SEQ_0_BANK_EPOCH_0_] v0[0]
BANK_SIDE_SB_WRITE ch[19] ra[0] bank[0] row[2048] col[0] tag[LOGIC_WEIGHT_FILLBANK_SEQ_0_BANK_EPOCH_0_] v0[0]
BANK_SIDE_SB_WRITE ch[20] ra[0] bank[0] row[2048] col[0] tag[LOGIC_WEIGHT_FILLBANK_SEQ_0_BANK_EPOCH_0_] v0[0]
BANK_SIDE_SB_WRITE ch[21] ra[0] bank[0] row[2048] col[0] tag[LOGIC_WEIGHT_FILLBANK_SEQ_0_BANK_EPOCH_0_] v0[0]
BANK_SIDE_SB_WRITE ch[22] ra[0] bank[0] row[2048] col[0] tag[LOGIC_WEIGHT_FILLBANK_SEQ_0_BANK_EPOCH_0_] v0[0]
BANK_SIDE_SB_WRITE ch[23] ra[0] bank[0] row[2048] col[0] tag[LOGIC_WEIGHT_FILLBANK_SEQ_0_BANK_EPOCH_0_] v0[0]
READ_RESULT_TRACE x[0] row[0] col[0] pb[1] bankOffset[1]
READ_RESULT_TRACE x[8] row[0] col[0] pb[1] bankOffset[1]
READ_RESULT_TRACE x[16] row[0] col[0] pb[1] bankOffset[1]
READ_RESULT_TRACE x[24] row[0] col[0] pb[1] bankOffset[1]
READ_RESULT_TRACE x[32] row[0] col[0] pb[1] bankOffset[1]
READ_RESULT_TRACE x[40] row[0] col[0] pb[1] bankOffset[1]
READ_RESULT_TRACE x[48] row[0] col[0] pb[1] bankOffset[1]
READ_RESULT_TRACE x[56] row[0] col[0] pb[1] bankOffset[1]
READ_RESULT_TRACE x[64] row[0] col[0] pb[1] bankOffset[1]
READ_RESULT_TRACE x[72] row[0] col[0] pb[1] bankOffset[1]
READ_RESULT_TRACE x[80] row[0] col[0] pb[1] bankOffset[1]
READ_RESULT_TRACE x[88] row[0] col[0] pb[1] bankOffset[1]
PIMBLOCK_DISPATCH mode[HYBRID] pb[0] busType[READ] row[0] col[0] cmd[MAC GRF_B[0], GRF_A[0], EVEN_BANK, auto] logicEnabled[1] bankEnabled[1]
ROUTE_LOGIC_DIE mode[HYBRID] pb[0] cmd[MAC GRF_B[0], GRF_A[0], EVEN_BANK, auto]
LOGIC_DIE_MAC mode[HYBRID] pb[0] row[0] col[0] cmd[MAC GRF_B[0], GRF_A[0], EVEN_BANK, auto]
PIMBLOCK_DISPATCH mode[HYBRID] pb[1] busType[READ] row[0] col[0] cmd[MAC GRF_B[0], GRF_A[0], EVEN_BANK, auto] logicEnabled[1] bankEnabled[1]
ROUTE_LOGIC_DIE mode[HYBRID] pb[1] cmd[MAC GRF_B[0], GRF_A[0], EVEN_BANK, auto]
LOGIC_DIE_MAC mode[HYBRID] pb[1] row[0] col[0] cmd[MAC GRF_B[0], GRF_A[0], EVEN_BANK, auto]
PIMBLOCK_DISPATCH mode[HYBRID] pb[2] busType[READ] row[0] col[0] cmd[MAC GRF_B[0], GRF_A[0], EVEN_BANK, auto] logicEnabled[1] bankEnabled[1]
ROUTE_LOGIC_DIE mode[HYBRID] pb[2] cmd[MAC GRF_B[0], GRF_A[0], EVEN_BANK, auto]
LOGIC_DIE_MAC mode[HYBRID] pb[2] row[0] col[0] cmd[MAC GRF_B[0], GRF_A[0], EVEN_BANK, auto]
PIMBLOCK_DISPATCH mode[HYBRID] pb[3] busType[READ] row[0] col[0] cmd[MAC GRF_B[0], GRF_A[0], EVEN_BANK, auto] logicEnabled[1] bankEnabled[1]
ROUTE_LOGIC_DIE mode[HYBRID] pb[3] cmd[MAC GRF_B[0], GRF_A[0], EVEN_BANK, auto]
LOGIC_DIE_MAC mode[HYBRID] pb[3] row[0] col[0] cmd[MAC GRF_B[0], GRF_A[0], EVEN_BANK, auto]
PIMBLOCK_DISPATCH mode[HYBRID] pb[4] busType[READ] row[0] col[0] cmd[MAC GRF_B[0], GRF_A[0], EVEN_BANK, auto] logicEnabled[1] bankEnabled[1]
ROUTE_LOGIC_DIE mode[HYBRID] pb[4] cmd[MAC GRF_B[0], GRF_A[0], EVEN_BANK, auto]
LOGIC_DIE_MAC mode[HYBRID] pb[4] row[0] col[0] cmd[MAC GRF_B[0], GRF_A[0], EVEN_BANK, auto]
PIMBLOCK_DISPATCH mode[HYBRID] pb[5] busType[READ] row[0] col[0] cmd[MAC GRF_B[0], GRF_A[0], EVEN_BANK, auto] logicEnabled[1] bankEnabled[1]
ROUTE_LOGIC_DIE mode[HYBRID] pb[5] cmd[MAC GRF_B[0], GRF_A[0], EVEN_BANK, auto]
LOGIC_DIE_MAC mode[HYBRID] pb[5] row[0] col[0] cmd[MAC GRF_B[0], GRF_A[0], EVEN_BANK, auto]
PIMBLOCK_DISPATCH mode[HYBRID] pb[6] busType[READ] row[0] col[0] cmd[MAC GRF_B[0], GRF_A[0], EVEN_BANK, auto] logicEnabled[1] bankEnabled[1]
ROUTE_LOGIC_DIE mode[HYBRID] pb[6] cmd[MAC GRF_B[0], GRF_A[0], EVEN_BANK, auto]
LOGIC_DIE_MAC mode[HYBRID] pb[6] row[0] col[0] cmd[MAC GRF_B[0], GRF_A[0], EVEN_BANK, auto]
PIMBLOCK_DISPATCH mode[HYBRID] pb[7] busType[READ] row[0] col[0] cmd[MAC GRF_B[0], GRF_A[0], EVEN_BANK, auto] logicEnabled[1] bankEnabled[1]
ROUTE_LOGIC_DIE mode[HYBRID] pb[7] cmd[MAC GRF_B[0], GRF_A[0], EVEN_BANK, auto]
LOGIC_DIE_MAC mode[HYBRID] pb[7] row[0] col[0] cmd[MAC GRF_B[0], GRF_A[0], EVEN_BANK, auto]
PIMBLOCK_DISPATCH mode[HYBRID] pb[0] busType[READ] row[0] col[0] cmd[MAC GRF_B[0], GRF_A[0], EVEN_BANK, auto] logicEnabled[1] bankEnabled[1]
ROUTE_LOGIC_DIE mode[HYBRID] pb[0] cmd[MAC GRF_B[0], GRF_A[0], EVEN_BANK, auto]
PIMBLOCK_DISPATCH mode[HYBRID] pb[1] busType[READ] row[0] col[0] cmd[MAC GRF_B[0], GRF_A[0], EVEN_BANK, auto] logicEnabled[1] bankEnabled[1]
ROUTE_LOGIC_DIE mode[HYBRID] pb[1] cmd[MAC GRF_B[0], GRF_A[0], EVEN_BANK, auto]
PIMBLOCK_DISPATCH mode[HYBRID] pb[2] busType[READ] row[0] col[0] cmd[MAC GRF_B[0], GRF_A[0], EVEN_BANK, auto] logicEnabled[1] bankEnabled[1]
ROUTE_LOGIC_DIE mode[HYBRID] pb[2] cmd[MAC GRF_B[0], GRF_A[0], EVEN_BANK, auto]
PIMBLOCK_DISPATCH mode[HYBRID] pb[3] busType[READ] row[0] col[0] cmd[MAC GRF_B[0], GRF_A[0], EVEN_BANK, auto] logicEnabled[1] bankEnabled[1]
ROUTE_LOGIC_DIE mode[HYBRID] pb[3] cmd[MAC GRF_B[0], GRF_A[0], EVEN_BANK, auto]
PIMBLOCK_DISPATCH mode[HYBRID] pb[4] busType[READ] row[0] col[0] cmd[MAC GRF_B[0], GRF_A[0], EVEN_BANK, auto] logicEnabled[1] bankEnabled[1]
PIMBLOCK_DISPATCH mode[HYBRID] pb[5] busType[READ] row[0] col[0] cmd[MAC GRF_B[0], GRF_A[0], EVEN_BANK, auto] logicEnabled[1] bankEnabled[1]
PIMBLOCK_DISPATCH mode[HYBRID] pb[6] busType[READ] row[0] col[0] cmd[MAC GRF_B[0], GRF_A[0], EVEN_BANK, auto] logicEnabled[1] bankEnabled[1]
PIMBLOCK_DISPATCH mode[HYBRID] pb[7] busType[READ] row[0] col[0] cmd[MAC GRF_B[0], GRF_A[0], EVEN_BANK, auto] logicEnabled[1] bankEnabled[1]
PIMBLOCK_DISPATCH mode[HYBRID] pb[0] busType[READ] row[0] col[0] cmd[MAC GRF_B[0], GRF_A[0], EVEN_BANK, auto] logicEnabled[1] bankEnabled[1]
PIMBLOCK_DISPATCH mode[HYBRID] pb[1] busType[READ] row[0] col[0] cmd[MAC GRF_B[0], GRF_A[0], EVEN_BANK, auto] logicEnabled[1] bankEnabled[1]
PIMBLOCK_DISPATCH mode[HYBRID] pb[2] busType[READ] row[0] col[0] cmd[MAC GRF_B[0], GRF_A[0], EVEN_BANK, auto] logicEnabled[1] bankEnabled[1]
PIMBLOCK_DISPATCH mode[HYBRID] pb[3] busType[READ] row[0] col[0] cmd[MAC GRF_B[0], GRF_A[0], EVEN_BANK, auto] logicEnabled[1] bankEnabled[1]
PIMBLOCK_DISPATCH mode[HYBRID] pb[4] busType[READ] row[0] col[0] cmd[MAC GRF_B[0], GRF_A[0], EVEN_BANK, auto] logicEnabled[1] bankEnabled[1]
PIMBLOCK_DISPATCH mode[HYBRID] pb[5] busType[READ] row[0] col[0] cmd[MAC GRF_B[0], GRF_A[0], EVEN_BANK, auto] logicEnabled[1] bankEnabled[1]
PIMBLOCK_DISPATCH mode[HYBRID] pb[6] busType[READ] row[0] col[0] cmd[MAC GRF_B[0], GRF_A[0], EVEN_BANK, auto] logicEnabled[1] bankEnabled[1]
PIMBLOCK_DISPATCH mode[HYBRID] pb[7] busType[READ] row[0] col[0] cmd[MAC GRF_B[0], GRF_A[0], EVEN_BANK, auto] logicEnabled[1] bankEnabled[1]
HAB_GROUP_SCALE_RESULT channels[3] groups[1] positions[2] input_channels[3] output_channels[192] outputs_checked[384] hab_entries[1] hab_exits[1] rank_command_rejects[6294] rank_mode_transition_rejects[6294] rank_logic_queue_rejects[0] rank_bank_domain_rejects[0] rank_logic_domain_rejects[6294] total_cycle[1706]
[       OK ] MobileNetV4WorkloadTest.PointwiseHabResidencyThreeChannelGroup (545 ms)
[----------] 1 test from MobileNetV4WorkloadTest (557 ms total)

[----------] Global test environment tear-down
[==========] 1 test from 1 test suite ran. (581 ms total)
[  PASSED  ] 1 test.
