Note: Google Test filter = MobileNetV4WorkloadTest.ActualShapeUibRunsEndToEnd
[==========] Running 1 test from 1 test suite.
[----------] Global test environment set-up.
[----------] 1 test from MobileNetV4WorkloadTest
[ RUN      ] MobileNetV4WorkloadTest.ActualShapeUibRunsEndToEnd
BANK_SIDE_SB_WRITE ch[0] ra[0] bank[0] row[2048] col[0] tag[LOGIC_WEIGHT_FILLBANK_SEQ_0_BANK_EPOCH_0_] v0[1]
BANK_SIDE_SB_WRITE ch[1] ra[0] bank[0] row[2048] col[0] tag[LOGIC_WEIGHT_FILLBANK_SEQ_0_BANK_EPOCH_0_] v0[0]
BANK_SIDE_SB_WRITE ch[2] ra[0] bank[0] row[2048] col[0] tag[LOGIC_WEIGHT_FILLBANK_SEQ_0_BANK_EPOCH_0_] v0[0]
BANK_SIDE_SB_WRITE ch[3] ra[0] bank[0] row[2048] col[0] tag[LOGIC_WEIGHT_FILLBANK_SEQ_0_BANK_EPOCH_0_] v0[0]
BANK_SIDE_SB_WRITE ch[4] ra[0] bank[0] row[2048] col[0] tag[LOGIC_WEIGHT_FILLBANK_SEQ_0_BANK_EPOCH_0_] v0[0]
BANK_SIDE_SB_WRITE ch[5] ra[0] bank[0] row[2048] col[0] tag[LOGIC_WEIGHT_FILLBANK_SEQ_0_BANK_EPOCH_0_] v0[0]
BANK_SIDE_SB_WRITE ch[6] ra[0] bank[0] row[2048] col[0] tag[LOGIC_WEIGHT_FILLBANK_SEQ_0_BANK_EPOCH_0_] v0[0]
BANK_SIDE_SB_WRITE ch[7] ra[0] bank[0] row[2048] col[0] tag[LOGIC_WEIGHT_FILLBANK_SEQ_0_BANK_EPOCH_0_] v0[0]
BANK_SIDE_SB_WRITE ch[8] ra[0] bank[0] row[2048] col[0] tag[LOGIC_WEIGHT_FILLBANK_SEQ_0_BANK_EPOCH_0_] v0[0]
BANK_SIDE_SB_WRITE ch[9] ra[0] bank[0] row[2048] col[0] tag[LOGIC_WEIGHT_FILLBANK_SEQ_0_BANK_EPOCH_0_] v0[0]
BANK_SIDE_SB_WRITE ch[10] ra[0] bank[0] row[2048] col[0] tag[LOGIC_WEIGHT_FILLBANK_SEQ_0_BANK_EPOCH_0_] v0[0]
BANK_SIDE_SB_WRITE ch[11] ra[0] bank[0] row[2048] col[0] tag[LOGIC_WEIGHT_FILLBANK_SEQ_0_BANK_EPOCH_0_] v0[0]
BANK_SIDE_SB_WRITE ch[12] ra[0] bank[0] row[2048] col[0] tag[LOGIC_WEIGHT_FILLBANK_SEQ_0_BANK_EPOCH_0_] v0[0]
BANK_SIDE_SB_WRITE ch[13] ra[0] bank[0] row[2048] col[0] tag[LOGIC_WEIGHT_FILLBANK_SEQ_0_BANK_EPOCH_0_] v0[0]
BANK_SIDE_SB_WRITE ch[14] ra[0] bank[0] row[2048] col[0] tag[LOGIC_WEIGHT_FILLBANK_SEQ_0_BANK_EPOCH_0_] v0[0]
BANK_SIDE_SB_WRITE ch[15] ra[0] bank[0] row[2048] col[0] tag[LOGIC_WEIGHT_FILLBANK_SEQ_0_BANK_EPOCH_0_] v0[0]
BANK_SIDE_SB_WRITE ch[16] ra[0] bank[0] row[2048] col[0] tag[LOGIC_WEIGHT_FILLBANK_SEQ_0_BANK_EPOCH_0_] v0[0]
BANK_SIDE_SB_WRITE ch[17] ra[0] bank[0] row[2048] col[0] tag[LOGIC_WEIGHT_FILLBANK_SEQ_0_BANK_EPOCH_0_] v0[0]
BANK_SIDE_SB_WRITE ch[18] ra[0] bank[0] row[2048] col[0] tag[LOGIC_WEIGHT_FILLBANK_SEQ_0_BANK_EPOCH_0_] v0[0]
BANK_SIDE_SB_WRITE ch[19] ra[0] bank[0] row[2048] col[0] tag[LOGIC_WEIGHT_FILLBANK_SEQ_0_BANK_EPOCH_0_] v0[0]
BANK_SIDE_SB_WRITE ch[20] ra[0] bank[0] row[2048] col[0] tag[LOGIC_WEIGHT_FILLBANK_SEQ_0_BANK_EPOCH_0_] v0[0]
BANK_SIDE_SB_WRITE ch[21] ra[0] bank[0] row[2048] col[0] tag[LOGIC_WEIGHT_FILLBANK_SEQ_0_BANK_EPOCH_0_] v0[0]
BANK_SIDE_SB_WRITE ch[22] ra[0] bank[0] row[2048] col[0] tag[LOGIC_WEIGHT_FILLBANK_SEQ_0_BANK_EPOCH_0_] v0[0]
BANK_SIDE_SB_WRITE ch[23] ra[0] bank[0] row[2048] col[0] tag[LOGIC_WEIGHT_FILLBANK_SEQ_0_BANK_EPOCH_0_] v0[0]
READ_RESULT_TRACE x[0] row[0] col[0] pb[1] bankOffset[1]
READ_RESULT_TRACE x[8] row[0] col[0] pb[1] bankOffset[1]
READ_RESULT_TRACE x[16] row[0] col[0] pb[1] bankOffset[1]
READ_RESULT_TRACE x[24] row[0] col[0] pb[1] bankOffset[1]
READ_RESULT_TRACE x[32] row[0] col[0] pb[1] bankOffset[1]
READ_RESULT_TRACE x[40] row[0] col[0] pb[1] bankOffset[1]
READ_RESULT_TRACE x[48] row[0] col[0] pb[1] bankOffset[1]
READ_RESULT_TRACE x[56] row[0] col[0] pb[1] bankOffset[1]
READ_RESULT_TRACE x[64] row[0] col[0] pb[1] bankOffset[1]
READ_RESULT_TRACE x[72] row[0] col[0] pb[1] bankOffset[1]
READ_RESULT_TRACE x[80] row[0] col[0] pb[1] bankOffset[1]
READ_RESULT_TRACE x[88] row[0] col[0] pb[1] bankOffset[1]
PIMBLOCK_DISPATCH mode[HYBRID] pb[0] busType[READ] row[0] col[0] cmd[MAC GRF_B[0], GRF_A[0], EVEN_BANK, auto] logicEnabled[1] bankEnabled[1]
ROUTE_LOGIC_DIE mode[HYBRID] pb[0] cmd[MAC GRF_B[0], GRF_A[0], EVEN_BANK, auto]
LOGIC_DIE_MAC mode[HYBRID] pb[0] row[0] col[0] cmd[MAC GRF_B[0], GRF_A[0], EVEN_BANK, auto]
PIMBLOCK_DISPATCH mode[HYBRID] pb[1] busType[READ] row[0] col[0] cmd[MAC GRF_B[0], GRF_A[0], EVEN_BANK, auto] logicEnabled[1] bankEnabled[1]
ROUTE_LOGIC_DIE mode[HYBRID] pb[1] cmd[MAC GRF_B[0], GRF_A[0], EVEN_BANK, auto]
LOGIC_DIE_MAC mode[HYBRID] pb[1] row[0] col[0] cmd[MAC GRF_B[0], GRF_A[0], EVEN_BANK, auto]
PIMBLOCK_DISPATCH mode[HYBRID] pb[2] busType[READ] row[0] col[0] cmd[MAC GRF_B[0], GRF_A[0], EVEN_BANK, auto] logicEnabled[1] bankEnabled[1]
ROUTE_LOGIC_DIE mode[HYBRID] pb[2] cmd[MAC GRF_B[0], GRF_A[0], EVEN_BANK, auto]
LOGIC_DIE_MAC mode[HYBRID] pb[2] row[0] col[0] cmd[MAC GRF_B[0], GRF_A[0], EVEN_BANK, auto]
PIMBLOCK_DISPATCH mode[HYBRID] pb[3] busType[READ] row[0] col[0] cmd[MAC GRF_B[0], GRF_A[0], EVEN_BANK, auto] logicEnabled[1] bankEnabled[1]
ROUTE_LOGIC_DIE mode[HYBRID] pb[3] cmd[MAC GRF_B[0], GRF_A[0], EVEN_BANK, auto]
LOGIC_DIE_MAC mode[HYBRID] pb[3] row[0] col[0] cmd[MAC GRF_B[0], GRF_A[0], EVEN_BANK, auto]
PIMBLOCK_DISPATCH mode[HYBRID] pb[4] busType[READ] row[0] col[0] cmd[MAC GRF_B[0], GRF_A[0], EVEN_BANK, auto] logicEnabled[1] bankEnabled[1]
ROUTE_LOGIC_DIE mode[HYBRID] pb[4] cmd[MAC GRF_B[0], GRF_A[0], EVEN_BANK, auto]
LOGIC_DIE_MAC mode[HYBRID] pb[4] row[0] col[0] cmd[MAC GRF_B[0], GRF_A[0], EVEN_BANK, auto]
PIMBLOCK_DISPATCH mode[HYBRID] pb[5] busType[READ] row[0] col[0] cmd[MAC GRF_B[0], GRF_A[0], EVEN_BANK, auto] logicEnabled[1] bankEnabled[1]
ROUTE_LOGIC_DIE mode[HYBRID] pb[5] cmd[MAC GRF_B[0], GRF_A[0], EVEN_BANK, auto]
LOGIC_DIE_MAC mode[HYBRID] pb[5] row[0] col[0] cmd[MAC GRF_B[0], GRF_A[0], EVEN_BANK, auto]
PIMBLOCK_DISPATCH mode[HYBRID] pb[6] busType[READ] row[0] col[0] cmd[MAC GRF_B[0], GRF_A[0], EVEN_BANK, auto] logicEnabled[1] bankEnabled[1]
ROUTE_LOGIC_DIE mode[HYBRID] pb[6] cmd[MAC GRF_B[0], GRF_A[0], EVEN_BANK, auto]
LOGIC_DIE_MAC mode[HYBRID] pb[6] row[0] col[0] cmd[MAC GRF_B[0], GRF_A[0], EVEN_BANK, auto]
PIMBLOCK_DISPATCH mode[HYBRID] pb[7] busType[READ] row[0] col[0] cmd[MAC GRF_B[0], GRF_A[0], EVEN_BANK, auto] logicEnabled[1] bankEnabled[1]
ROUTE_LOGIC_DIE mode[HYBRID] pb[7] cmd[MAC GRF_B[0], GRF_A[0], EVEN_BANK, auto]
LOGIC_DIE_MAC mode[HYBRID] pb[7] row[0] col[0] cmd[MAC GRF_B[0], GRF_A[0], EVEN_BANK, auto]
PIMBLOCK_DISPATCH mode[HYBRID] pb[0] busType[READ] row[0] col[0] cmd[MAC GRF_B[0], GRF_A[0], EVEN_BANK, auto] logicEnabled[1] bankEnabled[1]
ROUTE_LOGIC_DIE mode[HYBRID] pb[0] cmd[MAC GRF_B[0], GRF_A[0], EVEN_BANK, auto]
PIMBLOCK_DISPATCH mode[HYBRID] pb[1] busType[READ] row[0] col[0] cmd[MAC GRF_B[0], GRF_A[0], EVEN_BANK, auto] logicEnabled[1] bankEnabled[1]
ROUTE_LOGIC_DIE mode[HYBRID] pb[1] cmd[MAC GRF_B[0], GRF_A[0], EVEN_BANK, auto]
PIMBLOCK_DISPATCH mode[HYBRID] pb[2] busType[READ] row[0] col[0] cmd[MAC GRF_B[0], GRF_A[0], EVEN_BANK, auto] logicEnabled[1] bankEnabled[1]
ROUTE_LOGIC_DIE mode[HYBRID] pb[2] cmd[MAC GRF_B[0], GRF_A[0], EVEN_BANK, auto]
PIMBLOCK_DISPATCH mode[HYBRID] pb[3] busType[READ] row[0] col[0] cmd[MAC GRF_B[0], GRF_A[0], EVEN_BANK, auto] logicEnabled[1] bankEnabled[1]
ROUTE_LOGIC_DIE mode[HYBRID] pb[3] cmd[MAC GRF_B[0], GRF_A[0], EVEN_BANK, auto]
PIMBLOCK_DISPATCH mode[HYBRID] pb[4] busType[READ] row[0] col[0] cmd[MAC GRF_B[0], GRF_A[0], EVEN_BANK, auto] logicEnabled[1] bankEnabled[1]
PIMBLOCK_DISPATCH mode[HYBRID] pb[5] busType[READ] row[0] col[0] cmd[MAC GRF_B[0], GRF_A[0], EVEN_BANK, auto] logicEnabled[1] bankEnabled[1]
PIMBLOCK_DISPATCH mode[HYBRID] pb[6] busType[READ] row[0] col[0] cmd[MAC GRF_B[0], GRF_A[0], EVEN_BANK, auto] logicEnabled[1] bankEnabled[1]
PIMBLOCK_DISPATCH mode[HYBRID] pb[7] busType[READ] row[0] col[0] cmd[MAC GRF_B[0], GRF_A[0], EVEN_BANK, auto] logicEnabled[1] bankEnabled[1]
PIMBLOCK_DISPATCH mode[HYBRID] pb[0] busType[READ] row[0] col[0] cmd[MAC GRF_B[0], GRF_A[0], EVEN_BANK, auto] logicEnabled[1] bankEnabled[1]
PIMBLOCK_DISPATCH mode[HYBRID] pb[1] busType[READ] row[0] col[0] cmd[MAC GRF_B[0], GRF_A[0], EVEN_BANK, auto] logicEnabled[1] bankEnabled[1]
PIMBLOCK_DISPATCH mode[HYBRID] pb[2] busType[READ] row[0] col[0] cmd[MAC GRF_B[0], GRF_A[0], EVEN_BANK, auto] logicEnabled[1] bankEnabled[1]
PIMBLOCK_DISPATCH mode[HYBRID] pb[3] busType[READ] row[0] col[0] cmd[MAC GRF_B[0], GRF_A[0], EVEN_BANK, auto] logicEnabled[1] bankEnabled[1]
PIMBLOCK_DISPATCH mode[HYBRID] pb[4] busType[READ] row[0] col[0] cmd[MAC GRF_B[0], GRF_A[0], EVEN_BANK, auto] logicEnabled[1] bankEnabled[1]
PIMBLOCK_DISPATCH mode[HYBRID] pb[5] busType[READ] row[0] col[0] cmd[MAC GRF_B[0], GRF_A[0], EVEN_BANK, auto] logicEnabled[1] bankEnabled[1]
PIMBLOCK_DISPATCH mode[HYBRID] pb[6] busType[READ] row[0] col[0] cmd[MAC GRF_B[0], GRF_A[0], EVEN_BANK, auto] logicEnabled[1] bankEnabled[1]
PIMBLOCK_DISPATCH mode[HYBRID] pb[7] busType[READ] row[0] col[0] cmd[MAC GRF_B[0], GRF_A[0], EVEN_BANK, auto] logicEnabled[1] bankEnabled[1]
BANK_SIDE_GRF_B_WRITE pb[0] grf[0] auto[1] mac[0] row[0] col[0] v0[0]
BANK_SIDE_GRF_B_WRITE pb[1] grf[0] auto[1] mac[0] row[0] col[0] v0[1]
BANK_SIDE_GRF_B_WRITE pb[2] grf[0] auto[1] mac[0] row[0] col[0] v0[1]
BANK_SIDE_GRF_B_WRITE pb[3] grf[0] auto[1] mac[0] row[0] col[0] v0[1]
BANK_SIDE_GRF_B_WRITE pb[4] grf[0] auto[1] mac[0] row[0] col[0] v0[1]
BANK_SIDE_GRF_B_WRITE pb[5] grf[0] auto[1] mac[0] row[0] col[0] v0[1]
BANK_SIDE_GRF_B_WRITE pb[6] grf[0] auto[1] mac[0] row[0] col[0] v0[1]
BANK_SIDE_GRF_B_WRITE pb[7] grf[0] auto[1] mac[0] row[0] col[0] v0[1]
BANK_SIDE_GRF_B_WRITE pb[0] grf[0] auto[1] mac[0] row[0] col[0] v0[0]
BANK_SIDE_GRF_B_WRITE pb[1] grf[0] auto[1] mac[0] row[0] col[0] v0[1]
BANK_SIDE_GRF_B_WRITE pb[2] grf[0] auto[1] mac[0] row[0] col[0] v0[1]
BANK_SIDE_GRF_B_WRITE pb[3] grf[0] auto[1] mac[0] row[0] col[0] v0[1]
LOGIC_DIE_NOP_ENTER mode[HYBRID] pb[0] busType[WRITE] row[512] col[0] cmd[NOP 8x]
BANK_SIDE_NOP_WRITEBACK mode[HYBRID] pb[0] bank[0] row[512] col[0] grf[0] tag[BANK_DOMAIN_GRF_TO_BANKBANK_SEQ_3655_BANK_EPOCH_127_]
LOGIC_DIE_NOP_ENTER mode[HYBRID] pb[1] busType[WRITE] row[512] col[0] cmd[NOP 8x]
BANK_SIDE_NOP_WRITEBACK mode[HYBRID] pb[1] bank[0] row[512] col[0] grf[0] tag[BANK_DOMAIN_GRF_TO_BANKBANK_SEQ_3655_BANK_EPOCH_127_]
LOGIC_DIE_NOP_ENTER mode[HYBRID] pb[2] busType[WRITE] row[512] col[0] cmd[NOP 8x]
BANK_SIDE_NOP_WRITEBACK mode[HYBRID] pb[2] bank[0] row[512] col[0] grf[0] tag[BANK_DOMAIN_GRF_TO_BANKBANK_SEQ_3655_BANK_EPOCH_127_]
LOGIC_DIE_NOP_ENTER mode[HYBRID] pb[3] busType[WRITE] row[512] col[0] cmd[NOP 8x]
BANK_SIDE_NOP_WRITEBACK mode[HYBRID] pb[3] bank[0] row[512] col[0] grf[0] tag[BANK_DOMAIN_GRF_TO_BANKBANK_SEQ_3655_BANK_EPOCH_127_]
LOGIC_DIE_NOP_ENTER mode[HYBRID] pb[4] busType[WRITE] row[512] col[0] cmd[NOP 8x]
BANK_SIDE_NOP_WRITEBACK mode[HYBRID] pb[4] bank[0] row[512] col[0] grf[0] tag[BANK_DOMAIN_GRF_TO_BANKBANK_SEQ_3655_BANK_EPOCH_127_]
LOGIC_DIE_NOP_ENTER mode[HYBRID] pb[5] busType[WRITE] row[512] col[0] cmd[NOP 8x]
BANK_SIDE_NOP_WRITEBACK mode[HYBRID] pb[5] bank[0] row[512] col[0] grf[0] tag[BANK_DOMAIN_GRF_TO_BANKBANK_SEQ_3655_BANK_EPOCH_127_]
LOGIC_DIE_NOP_ENTER mode[HYBRID] pb[6] busType[WRITE] row[512] col[0] cmd[NOP 8x]
BANK_SIDE_NOP_WRITEBACK mode[HYBRID] pb[6] bank[0] row[512] col[0] grf[0] tag[BANK_DOMAIN_GRF_TO_BANKBANK_SEQ_3655_BANK_EPOCH_127_]
LOGIC_DIE_NOP_ENTER mode[HYBRID] pb[7] busType[WRITE] row[512] col[0] cmd[NOP 8x]
BANK_SIDE_NOP_WRITEBACK mode[HYBRID] pb[7] bank[0] row[512] col[0] grf[0] tag[BANK_DOMAIN_GRF_TO_BANKBANK_SEQ_3655_BANK_EPOCH_127_]
LOGIC_DIE_NOP_ENTER mode[HYBRID] pb[0] busType[WRITE] row[512] col[0] cmd[NOP 8x]
BANK_SIDE_NOP_WRITEBACK mode[HYBRID] pb[0] bank[0] row[512] col[0] grf[0] tag[BANK_DOMAIN_GRF_TO_BANKBANK_SEQ_3655_BANK_EPOCH_127_]
LOGIC_DIE_NOP_ENTER mode[HYBRID] pb[1] busType[WRITE] row[512] col[0] cmd[NOP 8x]
BANK_SIDE_NOP_WRITEBACK mode[HYBRID] pb[1] bank[0] row[512] col[0] grf[0] tag[BANK_DOMAIN_GRF_TO_BANKBANK_SEQ_3655_BANK_EPOCH_127_]
LOGIC_DIE_NOP_ENTER mode[HYBRID] pb[2] busType[WRITE] row[512] col[0] cmd[NOP 8x]
BANK_SIDE_NOP_WRITEBACK mode[HYBRID] pb[2] bank[0] row[512] col[0] grf[0] tag[BANK_DOMAIN_GRF_TO_BANKBANK_SEQ_3655_BANK_EPOCH_127_]
LOGIC_DIE_NOP_ENTER mode[HYBRID] pb[3] busType[WRITE] row[512] col[0] cmd[NOP 8x]
BANK_SIDE_NOP_WRITEBACK mode[HYBRID] pb[3] bank[0] row[512] col[0] grf[0] tag[BANK_DOMAIN_GRF_TO_BANKBANK_SEQ_3655_BANK_EPOCH_127_]
LOGIC_DIE_NOP_ENTER mode[HYBRID] pb[4] busType[WRITE] row[512] col[0] cmd[NOP 8x]
BANK_SIDE_NOP_WRITEBACK mode[HYBRID] pb[4] bank[0] row[512] col[0] grf[0] tag[BANK_DOMAIN_GRF_TO_BANKBANK_SEQ_3655_BANK_EPOCH_127_]
LOGIC_DIE_NOP_ENTER mode[HYBRID] pb[5] busType[WRITE] row[512] col[0] cmd[NOP 8x]
BANK_SIDE_NOP_WRITEBACK mode[HYBRID] pb[5] bank[0] row[512] col[0] grf[0] tag[BANK_DOMAIN_GRF_TO_BANKBANK_SEQ_3655_BANK_EPOCH_127_]
LOGIC_DIE_NOP_ENTER mode[HYBRID] pb[6] busType[WRITE] row[512] col[0] cmd[NOP 8x]
BANK_SIDE_NOP_WRITEBACK mode[HYBRID] pb[6] bank[0] row[512] col[0] grf[0] tag[BANK_DOMAIN_GRF_TO_BANKBANK_SEQ_3655_BANK_EPOCH_127_]
LOGIC_DIE_NOP_ENTER mode[HYBRID] pb[7] busType[WRITE] row[512] col[0] cmd[NOP 8x]
BANK_SIDE_NOP_WRITEBACK mode[HYBRID] pb[7] bank[0] row[512] col[0] grf[0] tag[BANK_DOMAIN_GRF_TO_BANKBANK_SEQ_3655_BANK_EPOCH_127_]
LOGIC_DIE_NOP_ENTER mode[HYBRID] pb[0] busType[WRITE] row[512] col[0] cmd[NOP 8x]
BANK_SIDE_NOP_WRITEBACK mode[HYBRID] pb[0] bank[0] row[512] col[0] grf[0] tag[BANK_DOMAIN_GRF_TO_BANKBANK_SEQ_3655_BANK_EPOCH_127_]
LOGIC_DIE_NOP_ENTER mode[HYBRID] pb[1] busType[WRITE] row[512] col[0] cmd[NOP 8x]
BANK_SIDE_NOP_WRITEBACK mode[HYBRID] pb[1] bank[0] row[512] col[0] grf[0] tag[BANK_DOMAIN_GRF_TO_BANKBANK_SEQ_3655_BANK_EPOCH_127_]
LOGIC_DIE_NOP_ENTER mode[HYBRID] pb[2] busType[WRITE] row[512] col[0] cmd[NOP 8x]
BANK_SIDE_NOP_WRITEBACK mode[HYBRID] pb[2] bank[0] row[512] col[0] grf[0] tag[BANK_DOMAIN_GRF_TO_BANKBANK_SEQ_3655_BANK_EPOCH_127_]
LOGIC_DIE_NOP_ENTER mode[HYBRID] pb[3] busType[WRITE] row[512] col[0] cmd[NOP 8x]
BANK_SIDE_NOP_WRITEBACK mode[HYBRID] pb[3] bank[0] row[512] col[0] grf[0] tag[BANK_DOMAIN_GRF_TO_BANKBANK_SEQ_3655_BANK_EPOCH_127_]
BANK_SIDE_NOP_WRITEBACK mode[HYBRID] pb[4] bank[0] row[512] col[0] grf[0] tag[BANK_DOMAIN_GRF_TO_BANKBANK_SEQ_3655_BANK_EPOCH_127_]
BANK_SIDE_NOP_WRITEBACK mode[HYBRID] pb[5] bank[0] row[512] col[0] grf[0] tag[BANK_DOMAIN_GRF_TO_BANKBANK_SEQ_3655_BANK_EPOCH_127_]
BANK_SIDE_NOP_WRITEBACK mode[HYBRID] pb[6] bank[0] row[512] col[0] grf[0] tag[BANK_DOMAIN_GRF_TO_BANKBANK_SEQ_3655_BANK_EPOCH_127_]
BANK_SIDE_NOP_WRITEBACK mode[HYBRID] pb[7] bank[0] row[512] col[0] grf[0] tag[BANK_DOMAIN_GRF_TO_BANKBANK_SEQ_3655_BANK_EPOCH_127_]
MOBILENETV4_ACTUAL_UIB_RESULT shape[14x14x96_to_192_to_96] outputs_checked[18816] bank_side[1] logic_die[1] last_pointwise_active_channels[2] last_pointwise_physical_output_dim[128] expand_spatial_groups[21] expand_batch_waves[10] project_spatial_groups[32] project_batch_waves[7] expand_stage_cycles[48851] depthwise_stage_cycles[35001] depthwise_logic_accumulation[1] depthwise_bank_local_aggregation_taps[9] depthwise_bank_local_accumulator_entries[0] depthwise_bank_local_accumulator_ports[0] depthwise_bank_local_accumulator_latency[1] depthwise_bank_local_accumulator_banks[1] depthwise_bank_local_accumulator_peak_entries[128] depthwise_bank_local_accumulator_peak_entries_per_bank[128] depthwise_bank_local_accumulator_stalls[0] depthwise_accum_partial_bursts[8192] depthwise_accum_final_bursts[8192] depthwise_accum_peak_entries[8192] depthwise_accum_transfer_bytes[262144] depthwise_accum_transfer_cycles[4096] depthwise_accum_overlap_cycles[0] depthwise_accum_wait_cycles[4096] project_stage_cycles[56996] project_ordered_write_barriers[784] project_mode_write_barriers[1568] project_control_write_barriers[392] project_writeback_barriers[392] barrier_wait_ordered[5111394] barrier_wait_mode[58140] barrier_wait_control[0] barrier_wait_writeback[285970] epoch_wait_ordered[25185365] epoch_wait_mode[2714975] epoch_wait_control[149620] epoch_wait_writeback[903115] barrier_tag_park[0] barrier_tag_operand_load[251476] barrier_tag_alu[60544] barrier_tag_mac[4711286] barrier_tag_output[88088] barrier_tag_other[344110] epoch_tag_park[1086408] epoch_tag_operand_load[4376012] epoch_tag_alu[555392] epoch_tag_mac[16833457] epoch_tag_output[2334096] epoch_tag_other[3767710] barrier_raw_tags[ADD:5952|BANK_TO_GRF:81408|END_HAB_TO_SB:14048|END_SB_TO_HAB:44092|FILL&ReLU:3968|GRFB_TO_BANK:253842|GRF_A_TO_EVEN_BANK:6016|GRF_B_TO_ODD_BANK:6016|GRF_TO_BANK:12032|LOGIC_ACCUM_TO_BANK:8064|MAC:4711286|MUL_ACCUM:54592|PRELOAD_DATA:80128|WRIO_TO_GRF:85972|output:88088] epoch_raw_tags[ADD:7552|BANK_TO_GRF:597504|BANK_TO_LOGIC_ACCUM:32256|END_HAB_TO_SB:1398787|END_PARK_IN:117704|END_PARK_OUT:968704|END_SB_TO_HAB:492048|FILL&ReLU:5440|GRFB_TO_BANK:792459|GRF_A_TO_EVEN_BANK:11392|GRF_B_TO_ODD_BANK:43648|GRF_TO_BANK:18176|LOGIC_ACCUM_TO_BANK:5184|MAC:16833457|MUL_ACCUM:547840|PIM:824140|PRELOAD_DATA:2865792|PROGRAM_BANK_CRF:62656|PROGRAM_LOGIC_CRF:86964|WRIO_TO_GRF:907276|output:2334096] logic_output_buffer_reservations[392] logic_output_buffer_retirements[392] logic_output_buffer_full_stalls[388] logic_output_buffer_peak_entries[2] logic_output_buffer_enabled[0] logic_output_buffer_entries_setting[2] logic_output_drain_latency_setting[0] logic_output_drain_bw_setting[0] logic_output_drain_busy_cycles[0] logic_output_buffer_full_wall_cycles[0] add_stage_cycles[3669] relu_stage_cycles[715] reads[236032] writes[204468] global_logic_commands[92512] global_logic_queue_cycles[7254394] global_logic_service_cycles[376512] global_logic_busy_until[139966] global_logic_dispatches[1616] global_logic_coalesced[90896] global_logic_dispatch_overhead_cycles[6464] logic_release_epochs[2] logic_release_max_streams[64] logic_release_complete_masks[2] logic_release_incomplete_masks[0] logic_broadcast_masks[1616] logic_broadcast_fanout[92512] logic_broadcast_min_fanout[8] logic_broadcast_max_fanout[64] logic_epoch1_masks[720] logic_epoch1_fanout[42336] logic_epoch1_max_residency[4899] logic_epoch1_total_residency[1947012] logic_epoch1_peak_open_masks[72] logic_epoch1_online_peak_open_masks[72] logic_epoch1_online_full_events[0] logic_epoch1_incomplete_expected_masks[0] logic_epoch2_masks[896] logic_epoch2_fanout[50176] logic_epoch2_max_residency[3757] logic_epoch2_total_residency[1397883] logic_epoch2_peak_open_masks[54] logic_epoch2_online_peak_open_masks[53] logic_epoch2_online_full_events[0] logic_epoch2_incomplete_expected_masks[0] logic_broadcast_queue_stall_cycles[0] logic_broadcast_queue_full_events[0] logic_broadcast_queue_applied_cycles[0] logic_broadcast_queue_last_pre_stall_cycle[0] logic_online_issue_blocked_channel_cycles[15725823] logic_online_issue_busy_overlap_cha