Note: Google Test filter = MobileNetV4WorkloadTest.ActualShapeUibRunsEndToEnd
[==========] Running 1 test from 1 test suite.
[----------] Global test environment set-up.
[----------] 1 test from MobileNetV4WorkloadTest
[ RUN      ] MobileNetV4WorkloadTest.ActualShapeUibRunsEndToEnd
BANK_SIDE_SB_WRITE ch[0] ra[0] bank[0] row[2048] col[0] tag[LOGIC_WEIGHT_FILLBANK_SEQ_0_BANK_EPOCH_0_] v0[1]
BANK_SIDE_SB_WRITE ch[1] ra[0] bank[0] row[2048] col[0] tag[LOGIC_WEIGHT_FILLBANK_SEQ_0_BANK_EPOCH_0_] v0[0]
BANK_SIDE_SB_WRITE ch[2] ra[0] bank[0] row[2048] col[0] tag[LOGIC_WEIGHT_FILLBANK_SEQ_0_BANK_EPOCH_0_] v0[0]
BANK_SIDE_SB_WRITE ch[3] ra[0] bank[0] row[2048] col[0] tag[LOGIC_WEIGHT_FILLBANK_SEQ_0_BANK_EPOCH_0_] v0[0]
BANK_SIDE_SB_WRITE ch[4] ra[0] bank[0] row[2048] col[0] tag[LOGIC_WEIGHT_FILLBANK_SEQ_0_BANK_EPOCH_0_] v0[0]
BANK_SIDE_SB_WRITE ch[5] ra[0] bank[0] row[2048] col[0] tag[LOGIC_WEIGHT_FILLBANK_SEQ_0_BANK_EPOCH_0_] v0[0]
BANK_SIDE_SB_WRITE ch[6] ra[0] bank[0] row[2048] col[0] tag[LOGIC_WEIGHT_FILLBANK_SEQ_0_BANK_EPOCH_0_] v0[0]
BANK_SIDE_SB_WRITE ch[7] ra[0] bank[0] row[2048] col[0] tag[LOGIC_WEIGHT_FILLBANK_SEQ_0_BANK_EPOCH_0_] v0[0]
BANK_SIDE_SB_WRITE ch[8] ra[0] bank[0] row[2048] col[0] tag[LOGIC_WEIGHT_FILLBANK_SEQ_0_BANK_EPOCH_0_] v0[0]
BANK_SIDE_SB_WRITE ch[9] ra[0] bank[0] row[2048] col[0] tag[LOGIC_WEIGHT_FILLBANK_SEQ_0_BANK_EPOCH_0_] v0[0]
BANK_SIDE_SB_WRITE ch[10] ra[0] bank[0] row[2048] col[0] tag[LOGIC_WEIGHT_FILLBANK_SEQ_0_BANK_EPOCH_0_] v0[0]
BANK_SIDE_SB_WRITE ch[11] ra[0] bank[0] row[2048] col[0] tag[LOGIC_WEIGHT_FILLBANK_SEQ_0_BANK_EPOCH_0_] v0[0]
BANK_SIDE_SB_WRITE ch[12] ra[0] bank[0] row[2048] col[0] tag[LOGIC_WEIGHT_FILLBANK_SEQ_0_BANK_EPOCH_0_] v0[0]
BANK_SIDE_SB_WRITE ch[13] ra[0] bank[0] row[2048] col[0] tag[LOGIC_WEIGHT_FILLBANK_SEQ_0_BANK_EPOCH_0_] v0[0]
BANK_SIDE_SB_WRITE ch[14] ra[0] bank[0] row[2048] col[0] tag[LOGIC_WEIGHT_FILLBANK_SEQ_0_BANK_EPOCH_0_] v0[0]
BANK_SIDE_SB_WRITE ch[15] ra[0] bank[0] row[2048] col[0] tag[LOGIC_WEIGHT_FILLBANK_SEQ_0_BANK_EPOCH_0_] v0[0]
BANK_SIDE_SB_WRITE ch[16] ra[0] bank[0] row[2048] col[0] tag[LOGIC_WEIGHT_FILLBANK_SEQ_0_BANK_EPOCH_0_] v0[0]
BANK_SIDE_SB_WRITE ch[17] ra[0] bank[0] row[2048] col[0] tag[LOGIC_WEIGHT_FILLBANK_SEQ_0_BANK_EPOCH_0_] v0[0]
BANK_SIDE_SB_WRITE ch[18] ra[0] bank[0] row[2048] col[0] tag[LOGIC_WEIGHT_FILLBANK_SEQ_0_BANK_EPOCH_0_] v0[0]
BANK_SIDE_SB_WRITE ch[19] ra[0] bank[0] row[2048] col[0] tag[LOGIC_WEIGHT_FILLBANK_SEQ_0_BANK_EPOCH_0_] v0[0]
BANK_SIDE_SB_WRITE ch[20] ra[0] bank[0] row[2048] col[0] tag[LOGIC_WEIGHT_FILLBANK_SEQ_0_BANK_EPOCH_0_] v0[0]
BANK_SIDE_SB_WRITE ch[21] ra[0] bank[0] row[2048] col[0] tag[LOGIC_WEIGHT_FILLBANK_SEQ_0_BANK_EPOCH_0_] v0[0]
BANK_SIDE_SB_WRITE ch[22] ra[0] bank[0] row[2048] col[0] tag[LOGIC_WEIGHT_FILLBANK_SEQ_0_BANK_EPOCH_0_] v0[0]
BANK_SIDE_SB_WRITE ch[23] ra[0] bank[0] row[2048] col[0] tag[LOGIC_WEIGHT_FILLBANK_SEQ_0_BANK_EPOCH_0_] v0[0]
READ_RESULT_TRACE x[0] row[0] col[0] pb[1] bankOffset[1]
READ_RESULT_TRACE x[8] row[0] col[0] pb[1] bankOffset[1]
READ_RESULT_TRACE x[16] row[0] col[0] pb[1] bankOffset[1]
READ_RESULT_TRACE x[24] row[0] col[0] pb[1] bankOffset[1]
READ_RESULT_TRACE x[32] row[0] col[0] pb[1] bankOffset[1]
READ_RESULT_TRACE x[40] row[0] col[0] pb[1] bankOffset[1]
READ_RESULT_TRACE x[48] row[0] col[0] pb[1] bankOffset[1]
READ_RESULT_TRACE x[56] row[0] col[0] pb[1] bankOffset[1]
READ_RESULT_TRACE x[64] row[0] col[0] pb[1] bankOffset[1]
READ_RESULT_TRACE x[72] row[0] col[0] pb[1] bankOffset[1]
READ_RESULT_TRACE x[80] row[0] col[0] pb[1] bankOffset[1]
READ_RESULT_TRACE x[88] row[0] col[0] pb[1] bankOffset[1]
PIMBLOCK_DISPATCH mode[HYBRID] pb[0] busType[READ] row[0] col[0] cmd[MAC GRF_B[0], GRF_A[0], EVEN_BANK, auto] logicEnabled[1] bankEnabled[1]
ROUTE_LOGIC_DIE mode[HYBRID] pb[0] cmd[MAC GRF_B[0], GRF_A[0], EVEN_BANK, auto]
LOGIC_DIE_MAC mode[HYBRID] pb[0] row[0] col[0] cmd[MAC GRF_B[0], GRF_A[0], EVEN_BANK, auto]
PIMBLOCK_DISPATCH mode[HYBRID] pb[1] busType[READ] row[0] col[0] cmd[MAC GRF_B[0], GRF_A[0], EVEN_BANK, auto] logicEnabled[1] bankEnabled[1]
ROUTE_LOGIC_DIE mode[HYBRID] pb[1] cmd[MAC GRF_B[0], GRF_A[0], EVEN_BANK, auto]
LOGIC_DIE_MAC mode[HYBRID] pb[1] row[0] col[0] cmd[MAC GRF_B[0], GRF_A[0], EVEN_BANK, auto]
PIMBLOCK_DISPATCH mode[HYBRID] pb[2] busType[READ] row[0] col[0] cmd[MAC GRF_B[0], GRF_A[0], EVEN_BANK, auto] logicEnabled[1] bankEnabled[1]
ROUTE_LOGIC_DIE mode[HYBRID] pb[2] cmd[MAC GRF_B[0], GRF_A[0], EVEN_BANK, auto]
LOGIC_DIE_MAC mode[HYBRID] pb[2] row[0] col[0] cmd[MAC GRF_B[0], GRF_A[0], EVEN_BANK, auto]
PIMBLOCK_DISPATCH mode[HYBRID] pb[3] busType[READ] row[0] col[0] cmd[MAC GRF_B[0], GRF_A[0], EVEN_BANK, auto] logicEnabled[1] bankEnabled[1]
ROUTE_LOGIC_DIE mode[HYBRID] pb[3] cmd[MAC GRF_B[0], GRF_A[0], EVEN_BANK, auto]
LOGIC_DIE_MAC mode[HYBRID] pb[3] row[0] col[0] cmd[MAC GRF_B[0], GRF_A[0], EVEN_BANK, auto]
PIMBLOCK_DISPATCH mode[HYBRID] pb[4] busType[READ] row[0] col[0] cmd[MAC GRF_B[0], GRF_A[0], EVEN_BANK, auto] logicEnabled[1] bankEnabled[1]
ROUTE_LOGIC_DIE mode[HYBRID] pb[4] cmd[MAC GRF_B[0], GRF_A[0], EVEN_BANK, auto]
LOGIC_DIE_MAC mode[HYBRID] pb[4] row[0] col[0] cmd[MAC GRF_B[0], GRF_A[0], EVEN_BANK, auto]
PIMBLOCK_DISPATCH mode[HYBRID] pb[5] busType[READ] row[0] col[0] cmd[MAC GRF_B[0], GRF_A[0], EVEN_BANK, auto] logicEnabled[1] bankEnabled[1]
ROUTE_LOGIC_DIE mode[HYBRID] pb[5] cmd[MAC GRF_B[0], GRF_A[0], EVEN_BANK, auto]
LOGIC_DIE_MAC mode[HYBRID] pb[5] row[0] col[0] cmd[MAC GRF_B[0], GRF_A[0], EVEN_BANK, auto]
PIMBLOCK_DISPATCH mode[HYBRID] pb[6] busType[READ] row[0] col[0] cmd[MAC GRF_B[0], GRF_A[0], EVEN_BANK, auto] logicEnabled[1] bankEnabled[1]
ROUTE_LOGIC_DIE mode[HYBRID] pb[6] cmd[MAC GRF_B[0], GRF_A[0], EVEN_BANK, auto]
LOGIC_DIE_MAC mode[HYBRID] pb[6] row[0] col[0] cmd[MAC GRF_B[0], GRF_A[0], EVEN_BANK, auto]
PIMBLOCK_DISPATCH mode[HYBRID] pb[7] busType[READ] row[0] col[0] cmd[MAC GRF_B[0], GRF_A[0], EVEN_BANK, auto] logicEnabled[1] bankEnabled[1]
ROUTE_LOGIC_DIE mode[HYBRID] pb[7] cmd[MAC GRF_B[0], GRF_A[0], EVEN_BANK, auto]
LOGIC_DIE_MAC mode[HYBRID] pb[7] row[0] col[0] cmd[MAC GRF_B[0], GRF_A[0], EVEN_BANK, auto]
PIMBLOCK_DISPATCH mode[HYBRID] pb[0] busType[READ] row[0] col[0] cmd[MAC GRF_B[0], GRF_A[0], EVEN_BANK, auto] logicEnabled[1] bankEnabled[1]
ROUTE_LOGIC_DIE mode[HYBRID] pb[0] cmd[MAC GRF_B[0], GRF_A[0], EVEN_BANK, auto]
PIMBLOCK_DISPATCH mode[HYBRID] pb[1] busType[READ] row[0] col[0] cmd[MAC GRF_B[0], GRF_A[0], EVEN_BANK, auto] logicEnabled[1] bankEnabled[1]
ROUTE_LOGIC_DIE mode[HYBRID] pb[1] cmd[MAC GRF_B[0], GRF_A[0], EVEN_BANK, auto]
PIMBLOCK_DISPATCH mode[HYBRID] pb[2] busType[READ] row[0] col[0] cmd[MAC GRF_B[0], GRF_A[0], EVEN_BANK, auto] logicEnabled[1] bankEnabled[1]
ROUTE_LOGIC_DIE mode[HYBRID] pb[2] cmd[MAC GRF_B[0], GRF_A[0], EVEN_BANK, auto]
PIMBLOCK_DISPATCH mode[HYBRID] pb[3] busType[READ] row[0] col[0] cmd[MAC GRF_B[0], GRF_A[0], EVEN_BANK, auto] logicEnabled[1] bankEnabled[1]
ROUTE_LOGIC_DIE mode[HYBRID] pb[3] cmd[MAC GRF_B[0], GRF_A[0], EVEN_BANK, auto]
PIMBLOCK_DISPATCH mode[HYBRID] pb[4] busType[READ] row[0] col[0] cmd[MAC GRF_B[0], GRF_A[0], EVEN_BANK, auto] logicEnabled[1] bankEnabled[1]
PIMBLOCK_DISPATCH mode[HYBRID] pb[5] busType[READ] row[0] col[0] cmd[MAC GRF_B[0], GRF_A[0], EVEN_BANK, auto] logicEnabled[1] bankEnabled[1]
PIMBLOCK_DISPATCH mode[HYBRID] pb[6] busType[READ] row[0] col[0] cmd[MAC GRF_B[0], GRF_A[0], EVEN_BANK, auto] logicEnabled[1] bankEnabled[1]
PIMBLOCK_DISPATCH mode[HYBRID] pb[7] busType[READ] row[0] col[0] cmd[MAC GRF_B[0], GRF_A[0], EVEN_BANK, auto] logicEnabled[1] bankEnabled[1]
PIMBLOCK_DISPATCH mode[HYBRID] pb[0] busType[READ] row[0] col[0] cmd[MAC GRF_B[0], GRF_A[0], EVEN_BANK, auto] logicEnabled[1] bankEnabled[1]
PIMBLOCK_DISPATCH mode[HYBRID] pb[1] busType[READ] row[0] col[0] cmd[MAC GRF_B[0], GRF_A[0], EVEN_BANK, auto] logicEnabled[1] bankEnabled[1]
PIMBLOCK_DISPATCH mode[HYBRID] pb[2] busType[READ] row[0] col[0] cmd[MAC GRF_B[0], GRF_A[0], EVEN_BANK, auto] logicEnabled[1] bankEnabled[1]
PIMBLOCK_DISPATCH mode[HYBRID] pb[3] busType[READ] row[0] col[0] cmd[MAC GRF_B[0], GRF_A[0], EVEN_BANK, auto] logicEnabled[1] bankEnabled[1]
PIMBLOCK_DISPATCH mode[HYBRID] pb[4] busType[READ] row[0] col[0] cmd[MAC GRF_B[0], GRF_A[0], EVEN_BANK, auto] logicEnabled[1] bankEnabled[1]
PIMBLOCK_DISPATCH mode[HYBRID] pb[5] busType[READ] row[0] col[0] cmd[MAC GRF_B[0], GRF_A[0], EVEN_BANK, auto] logicEnabled[1] bankEnabled[1]
PIMBLOCK_DISPATCH mode[HYBRID] pb[6] busType[READ] row[0] col[0] cmd[MAC GRF_B[0], GRF_A[0], EVEN_BANK, auto] logicEnabled[1] bankEnabled[1]
PIMBLOCK_DISPATCH mode[HYBRID] pb[7] busType[READ] row[0] col[0] cmd[MAC GRF_B[0], GRF_A[0], EVEN_BANK, auto] logicEnabled[1] bankEnabled[1]
BANK_SIDE_GRF_B_WRITE pb[0] grf[0] auto[1] mac[0] row[0] col[0] v0[0]
BANK_SIDE_GRF_B_WRITE pb[1] grf[0] auto[1] mac[0] row[0] col[0] v0[1]
BANK_SIDE_GRF_B_WRITE pb[2] grf[0] auto[1] mac[0] row[0] col[0] v0[1]
BANK_SIDE_GRF_B_WRITE pb[3] grf[0] auto[1] mac[0] row[0] col[0] v0[1]
BANK_SIDE_GRF_B_WRITE pb[4] grf[0] auto[1] mac[0] row[0] col[0] v0[1]
BANK_SIDE_GRF_B_WRITE pb[5] grf[0] auto[1] mac[0] row[0] col[0] v0[1]
BANK_SIDE_GRF_B_WRITE pb[6] grf[0] auto[1] mac[0] row[0] col[0] v0[1]
BANK_SIDE_GRF_B_WRITE pb[7] grf[0] auto[1] mac[0] row[0] col[0] v0[1]
BANK_SIDE_GRF_B_WRITE pb[0] grf[0] auto[1] mac[0] row[0] col[0] v0[0]
BANK_SIDE_GRF_B_WRITE pb[1] grf[0] auto[1] mac[0] row[0] col[0] v0[1]
BANK_SIDE_GRF_B_WRITE pb[2] grf[0] auto[1] mac[0] row[0] col[0] v0[1]
BANK_SIDE_GRF_B_WRITE pb[3] grf[0] auto[1] mac[0] row[0] col[0] v0[1]
LOGIC_DIE_NOP_ENTER mode[HYBRID] pb[0] busType[WRITE] row[512] col[0] cmd[NOP 8x]
BANK_SIDE_NOP_WRITEBACK mode[HYBRID] pb[0] bank[0] row[512] col[0] grf[0] tag[BANK_DOMAIN_GRF_TO_BANKBANK_SEQ_3655_BANK_EPOCH_127_]
LOGIC_DIE_NOP_ENTER mode[HYBRID] pb[1] busType[WRITE] row[512] col[0] cmd[NOP 8x]
BANK_SIDE_NOP_WRITEBACK mode[HYBRID] pb[1] bank[0] row[512] col[0] grf[0] tag[BANK_DOMAIN_GRF_TO_BANKBANK_SEQ_3655_BANK_EPOCH_127_]
LOGIC_DIE_NOP_ENTER mode[HYBRID] pb[2] busType[WRITE] row[512] col[0] cmd[NOP 8x]
BANK_SIDE_NOP_WRITEBACK mode[HYBRID] pb[2] bank[0] row[512] col[0] grf[0] tag[BANK_DOMAIN_GRF_TO_BANKBANK_SEQ_3655_BANK_EPOCH_127_]
LOGIC_DIE_NOP_ENTER mode[HYBRID] pb[3] busType[WRITE] row[512] col[0] cmd[NOP 8x]
BANK_SIDE_NOP_WRITEBACK mode[HYBRID] pb[3] bank[0] row[512] col[0] grf[0] tag[BANK_DOMAIN_GRF_TO_BANKBANK_SEQ_3655_BANK_EPOCH_127_]
LOGIC_DIE_NOP_ENTER mode[HYBRID] pb[4] busType[WRITE] row[512] col[0] cmd[NOP 8x]
BANK_SIDE_NOP_WRITEBACK mode[HYBRID] pb[4] bank[0] row[512] col[0] grf[0] tag[BANK_DOMAIN_GRF_TO_BANKBANK_SEQ_3655_BANK_EPOCH_127_]
LOGIC_DIE_NOP_ENTER mode[HYBRID] pb[5] busType[WRITE] row[512] col[0] cmd[NOP 8x]
BANK_SIDE_NOP_WRITEBACK mode[HYBRID] pb[5] bank[0] row[512] col[0] grf[0] tag[BANK_DOMAIN_GRF_TO_BANKBANK_SEQ_3655_BANK_EPOCH_127_]
LOGIC_DIE_NOP_ENTER mode[HYBRID] pb[6] busType[WRITE] row[512] col[0] cmd[NOP 8x]
BANK_SIDE_NOP_WRITEBACK mode[HYBRID] pb[6] bank[0] row[512] col[0] grf[0] tag[BANK_DOMAIN_GRF_TO_BANKBANK_SEQ_3655_BANK_EPOCH_127_]
LOGIC_DIE_NOP_ENTER mode[HYBRID] pb[7] busType[WRITE] row[512] col[0] cmd[NOP 8x]
BANK_SIDE_NOP_WRITEBACK mode[HYBRID] pb[7] bank[0] row[512] col[0] grf[0] tag[BANK_DOMAIN_GRF_TO_BANKBANK_SEQ_3655_BANK_EPOCH_127_]
LOGIC_DIE_NOP_ENTER mode[HYBRID] pb[0] busType[WRITE] row[512] col[0] cmd[NOP 8x]
BANK_SIDE_NOP_WRITEBACK mode[HYBRID] pb[0] bank[0] row[512] col[0] grf[0] tag[BANK_DOMAIN_GRF_TO_BANKBANK_SEQ_3655_BANK_EPOCH_127_]
LOGIC_DIE_NOP_ENTER mode[HYBRID] pb[1] busType[WRITE] row[512] col[0] cmd[NOP 8x]
BANK_SIDE_NOP_WRITEBACK mode[HYBRID] pb[1] bank[0] row[512] col[0] grf[0] tag[BANK_DOMAIN_GRF_TO_BANKBANK_SEQ_3655_BANK_EPOCH_127_]
LOGIC_DIE_NOP_ENTER mode[HYBRID] pb[2] busType[WRITE] row[512] col[0] cmd[NOP 8x]
BANK_SIDE_NOP_WRITEBACK mode[HYBRID] pb[2] bank[0] row[512] col[0] grf[0] tag[BANK_DOMAIN_GRF_TO_BANKBANK_SEQ_3655_BANK_EPOCH_127_]
LOGIC_DIE_NOP_ENTER mode[HYBRID] pb[3] busType[WRITE] row[512] col[0] cmd[NOP 8x]
BANK_SIDE_NOP_WRITEBACK mode[HYBRID] pb[3] bank[0] row[512] col[0] grf[0] tag[BANK_DOMAIN_GRF_TO_BANKBANK_SEQ_3655_BANK_EPOCH_127_]
LOGIC_DIE_NOP_ENTER mode[HYBRID] pb[4] busType[WRITE] row[512] col[0] cmd[NOP 8x]
BANK_SIDE_NOP_WRITEBACK mode[HYBRID] pb[4] bank[0] row[512] col[0] grf[0] tag[BANK_DOMAIN_GRF_TO_BANKBANK_SEQ_3655_BANK_EPOCH_127_]
LOGIC_DIE_NOP_ENTER mode[HYBRID] pb[5] busType[WRITE] row[512] col[0] cmd[NOP 8x]
BANK_SIDE_NOP_WRITEBACK mode[HYBRID] pb[5] bank[0] row[512] col[0] grf[0] tag[BANK_DOMAIN_GRF_TO_BANKBANK_SEQ_3655_BANK_EPOCH_127_]
LOGIC_DIE_NOP_ENTER mode[HYBRID] pb[6] busType[WRITE] row[512] col[0] cmd[NOP 8x]
BANK_SIDE_NOP_WRITEBACK mode[HYBRID] pb[6] bank[0] row[512] col[0] grf[0] tag[BANK_DOMAIN_GRF_TO_BANKBANK_SEQ_3655_BANK_EPOCH_127_]
LOGIC_DIE_NOP_ENTER mode[HYBRID] pb[7] busType[WRITE] row[512] col[0] cmd[NOP 8x]
BANK_SIDE_NOP_WRITEBACK mode[HYBRID] pb[7] bank[0] row[512] col[0] grf[0] tag[BANK_DOMAIN_GRF_TO_BANKBANK_SEQ_3655_BANK_EPOCH_127_]
LOGIC_DIE_NOP_ENTER mode[HYBRID] pb[0] busType[WRITE] row[512] col[0] cmd[NOP 8x]
BANK_SIDE_NOP_WRITEBACK mode[HYBRID] pb[0] bank[0] row[512] col[0] grf[0] tag[BANK_DOMAIN_GRF_TO_BANKBANK_SEQ_3655_BANK_EPOCH_127_]
LOGIC_DIE_NOP_ENTER mode[HYBRID] pb[1] busType[WRITE] row[512] col[0] cmd[NOP 8x]
BANK_SIDE_NOP_WRITEBACK mode[HYBRID] pb[1] bank[0] row[512] col[0] grf[0] tag[BANK_DOMAIN_GRF_TO_BANKBANK_SEQ_3655_BANK_EPOCH_127_]
LOGIC_DIE_NOP_ENTER mode[HYBRID] pb[2] busType[WRITE] row[512] col[0] cmd[NOP 8x]
BANK_SIDE_NOP_WRITEBACK mode[HYBRID] pb[2] bank[0] row[512] col[0] grf[0] tag[BANK_DOMAIN_GRF_TO_BANKBANK_SEQ_3655_BANK_EPOCH_127_]
LOGIC_DIE_NOP_ENTER mode[HYBRID] pb[3] busType[WRITE] row[512] col[0] cmd[NOP 8x]
BANK_SIDE_NOP_WRITEBACK mode[HYBRID] pb[3] bank[0] row[512] col[0] grf[0] tag[BANK_DOMAIN_GRF_TO_BANKBANK_SEQ_3655_BANK_EPOCH_127_]
BANK_SIDE_NOP_WRITEBACK mode[HYBRID] pb[4] bank[0] row[512] col[0] grf[0] tag[BANK_DOMAIN_GRF_TO_BANKBANK_SEQ_3655_BANK_EPOCH_127_]
BANK_SIDE_NOP_WRITEBACK mode[HYBRID] pb[5] bank[0] row[512] col[0] grf[0] tag[BANK_DOMAIN_GRF_TO_BANKBANK_SEQ_3655_BANK_EPOCH_127_]
BANK_SIDE_NOP_WRITEBACK mode[HYBRID] pb[6] bank[0] row[512] col[0] grf[0] tag[BANK_DOMAIN_GRF_TO_BANKBANK_SEQ_3655_BANK_EPOCH_127_]
BANK_SIDE_NOP_WRITEBACK mode[HYBRID] pb[7] bank[0] row[512] col[0] grf[0] tag[BANK_DOMAIN_GRF_TO_BANKBANK_SEQ_3655_BANK_EPOCH_127_]
MOBILENETV4_ACTUAL_UIB_RESULT shape[14x14x96_to_192_to_96] outputs_checked[18816] bank_side[1] logic_die[1] last_pointwise_active_channels[2] last_pointwise_physical_output_dim[128] expand_spatial_groups[21] expand_batch_waves[10] project_spatial_groups[32] project_batch_waves[7] expand_stage_cycles[88033] depthwise_stage_cycles[34819] depthwise_logic_accumulation[1] depthwise_bank_local_aggregation_taps[9] depthwise_bank_local_accumulator_entries[0] depthwise_bank_local_accumulator_ports[0] depthwise_bank_local_accumulator_latency[1] depthwise_bank_local_accumulator_banks[1] depthwise_bank_local_accumulator_peak_entries[128] depthwise_bank_local_accumulator_peak_entries_per_bank[128] depthwise_bank_local_accumulator_stalls[0] depthwise_accum_partial_bursts[8192] depthwise_accum_final_bursts[8192] depthwise_accum_peak_entries[8192] depthwise_accum_transfer_bytes[262144] depthwise_accum_transfer_cycles[4096] depthwise_accum_overlap_cycles[0] depthwise_accum_wait_cycles[4096] project_stage_cycles[103620] project_ordered_write_barriers[784] project_mode_write_barriers[1568] project_control_write_barriers[392] project_writeback_barriers[392] barrier_wait_ordered[710295] barrier_wait_mode[58158] barrier_wait_control[0] barrier_wait_writeback[117129] epoch_wait_ordered[9662963] epoch_wait_mode[2708777] epoch_wait_control[149876] epoch_wait_writeback[715512] barrier_tag_park[0] barrier_tag_operand_load[251532] barrier_tag_alu[60608] barrier_tag_mac[317054] barrier_tag_output[81101] barrier_tag_other[175287] epoch_tag_park[1086424] epoch_tag_operand_load[4377204] epoch_tag_alu[555392] epoch_tag_mac[1335367] epoch_tag_output[2308576] epoch_tag_other[3574165] barrier_raw_tags[ADD:6016|BANK_TO_GRF:81408|END_HAB_TO_SB:14048|END_SB_TO_HAB:44110|FILL&ReLU:3968|GRFB_TO_BANK:85001|GRF_A_TO_EVEN_BANK:6016|GRF_B_TO_ODD_BANK:6016|GRF_TO_BANK:12032|LOGIC_ACCUM_TO_BANK:8064|MAC:317054|MUL_ACCUM:54592|PRELOAD_DATA:80128|WRIO_TO_GRF:86028|output:81101] epoch_raw_tags[ADD:7552|BANK_TO_GRF:597504|BANK_TO_LOGIC_ACCUM:32256|END_HAB_TO_SB:1392013|END_PARK_IN:117720|END_PARK_OUT:968704|END_SB_TO_HAB:492608|FILL&ReLU:5440|GRFB_TO_BANK:604856|GRF_A_TO_EVEN_BANK:11392|GRF_B_TO_ODD_BANK:43648|GRF_TO_BANK:18176|LOGIC_ACCUM_TO_BANK:5184|MAC:1335367|MUL_ACCUM:547840|PIM:824156|PRELOAD_DATA:2865792|PROGRAM_BANK_CRF:62656|PROGRAM_LOGIC_CRF:87220|WRIO_TO_GRF:908468|output:2308576] logic_output_buffer_reservations[392] logic_output_buffer_retirements[392] logic_output_buffer_full_stalls[388] logic_output_buffer_peak_entries[2] logic_output_buffer_enabled[0] logic_output_buffer_entries_setting[2] logic_output_drain_latency_setting[0] logic_output_drain_bw_setting[0] logic_output_drain_busy_cycles[0] logic_output_buffer_full_wall_cycles[0] add_stage_cycles[3669] relu_stage_cycles[715] reads[236032] writes[204468] global_logic_commands[92512] global_logic_queue_cycles[4060126937] global_logic_service_cycles[376512] global_logic_busy_until[225702] global_logic_dispatches[1616] global_logic_coalesced[90896] global_logic_dispatch_overhead_cycles[6464] logic_release_epochs[2] logic_release_max_streams[64] logic_release_complete_masks[2] logic_release_incomplete_masks[0] logic_broadcast_masks[1616] logic_broadcast_fanout[92512] logic_broadcast_min_fanout[8] logic_broadcast_max_fanout[64] logic_epoch1_masks[720] logic_epoch1_fanout[42336] logic_epoch1_max_residency[3] logic_epoch1_total_residency[1411] logic_epoch1_peak_open_masks[1] logic_epoch1_online_peak_open_masks[1] logic_epoch1_online_full_events[0] logic_epoch1_incomplete_expected_masks[0] logic_epoch2_masks[896] logic_epoch2_fanout[50176] logic_epoch2_max_residency[750] logic_epoch2_total_residency[200865] logic_epoch2_peak_open_masks[68] logic_epoch2_online_peak_open_masks[68] logic_epoch2_online_full_events[0] logic_epoch2_incomplete_expected_masks[0] logic_broadcast_queue_stall_cycles[0] logic_broadcast_queue_full_events[0] logic_broadcast_queue_applied_cycles[0] logic_broadcast_queue_last_pre_stall_cycle[0] logic_online_issue_blocked_channel_cycles[0] logic_online_issue_busy_overlap_channel_cycles[0] logic_blocked_wall_cycles[0] logic_blocked_streams[0] logic_min_blocked_per_stream[0] logic_max_blocked_per_stream[0] logic_min_issued_per_stream[768] logic_max_issued_per_stream[1616] logic_blocked_stream_mask_low[0] logic_blocked_stream_mask_high[0] command_predicate_reject_cycles[1191850] command_predicate_hol_cycles[0] command_predicate_hol_candidates[0] command_predicate_hol_max_candidates[0] command_predicate_bypass_issues[0] epoch_mismatch_rejects[13237128] barrier_outstanding_rejects[885582] write_bus_busy_rejects[92690051] rank_command_rejects[0] rank_mode_transition_rejects[0] rank_logic_queue_rejects[0] rank_bank_domain_rejects[0] rank_logic_domain_rejects[0] baseline_logic_weight_bytes[3129344] physical_logic_weight_bytes[114688] modeled_logic_weight_bytes[114688] saved_logic_weight_bytes[3014656] modeled_writes[204468] logic_weight_buffer_fill_bursts[3584] logic_weight_buffer_read_hits[702464] logic_weight_buffer_read_misses[0] logic_weight_fill_active_channels[32] logic_weight_fill_completed_writes[3584] logic_weight_fill_min_writes_per_channel[112] logic_weight_fill_max_writes_per_channel[112] logic_weight_fill_min_completion_cycle[123384] logic_weight_fill_max_completion_cycle[123384] logic_weight_fill_activates[1024] logic_weight_fill_precharges[0] logic_weight_fill_barrier_cycles[687] logic_post_fill_guard_cycles[0] logic_weight_buffer_port_wait_cycles[0] logic_weight_buffer_write_queue_cycles[0] total_refreshes[0] transfer_bytes[225792] transfer_cycles[3528] total_cycle[230856]
COMMAND_ISSUABILITY_RESULT rank_mode_blocked_controller_cycles[0] rank_logic_queue_blocked_controller_cycles[0] logic_busy_attempts[0] logic_busy_wall_cycles[0] mode_attempts[0] mode_wall_cycles[0] bank_state_attempts[132034138] bank_state_wall_cycles[2660706] timing_attempts[26482384] timing_wall_cycles[1281900] row_mismatch_attempts[2814864] row_mismatch_wall_cycles[647856] row_limit_attempts[0] row_limit_wall_cycles[0] xaw_attempts[0] xaw_wall_cycles[0] bank_state_blocked_controller_cycles[2381686] timing_blocked_controller_cycles[1179308] row_mismatch_blocked_controller_cycles[611056] mode_blocked_controller_cycles[0] total_cycle[230856]
GLOBAL_BLOCKED_RESULT rank_mode_any_cycles[0] rank_mode_all_active_cycles[0] rank_mode_peak_channels[0] bank_state_any_cycles[41953] bank_state_all_active_cycles[33982] bank_state_peak_channels[64] timing_any_cycles[22670] timing_all_active_cycles[15280] timing_peak_channels[64] row_mismatch_any_cycles[9620] row_mismatch_all_active_cycles[9523] row_mismatch_peak_channels[64] total_cycle[230856]
GLOBAL_PREDICATE_BLOCKED_RESULT epoch_any_cycles[21019] epoch_all_active_cycles[13436] epoch_peak_channels[64] barrier_any_cycles[18170] barrier_all_active_cycles[9673] barrier_peak_channels[64] write_bus_any_cycles[27019] write_bus_all_active_cycles[24265] write_bus_peak_channels[64] total_cycle[230856]
GLOBAL_EXCLUSIVE_BLOCKED_RESULT hierarchy_union_any_cycles[41669] hierarchy_union_all_active_cycles[34076] hierarchy_union_peak_channels[64] bank_all_no_hierarchy_cycles[1837] bank_all_with_hierarchy_cycles[32145] bank_state_only_cycles[413] hierarchy_all_no_issuability_cycles[525] bank_hierarchy_all_intersection_cycles[32137] total_cycle[230856]
STAGE_BLOCKED_RESULT expand_cycles[88033] expand_bank_only[0] expand_bank_all[4105] expand_hierarchy_all[4206] depthwise_cycles[34819] depthwise_bank_only[66] depthwise_bank_all[23350] depthwise_hierarchy_all[23087] project_cycles[103620] project_bank_only[347] project_bank_all[3214] project_hierarchy_all[3383] add_cycles[3669] add_bank_only[0] add_bank_all[2956] add_hierarchy_all[3061] relu_cycles[715] relu_bank_only[0] relu_bank_all[357] relu_hierarchy_all[339] total_cycle[230856]
POINTWISE_BANK_TAG_RESULT expand_weight_fill[56] expand_park[0] expand_mode[0] expand_crf[0] expand_input[0] expand_mac[1566] expand_output[2932] expand_other[0] project_weight_fill[419] project_park[0] project_mode[0] project_crf[0] project_input[0] project_mac[1718] project_output[711] project_other[0] total_cycle[230856]
STAGE_PREDICATE_RESULT expand_epoch[4162] expand_barrier[3406] expand_write_bus[1011] depthwise_epoch[3694] depthwise_barrier[2793] depthwise_write_bus[20522] project_epoch[3324] project_barrier[1948] project_write_bus[239] add_epoch[1922] add_barrier[1258] add_write_bus[2367] relu_epoch[334] relu_barrier[268] relu_write_bus[126] total_cycle[230856]
BANK_STATE_RAW_TAG_RESULT tags[ADD:65024|BANK_TO_GRF:200320|EMPTY:21440|FILL&ReLU:11456|GRFB_TO_BANK:160194|GRF_A_TO_EVEN_BANK:3520|GRF_B_TO_ODD_BANK:10880|GRF_TO_BANK:59520|LOGIC_WEIGHT_FILL:15200|MAC:371255|MUL_ACCUM:135168|PRELOAD_DATA:1538688|output:356827] total_cycle[230856]
[       OK ] MobileNetV4WorkloadTest.ActualShapeUibRunsEndToEnd (356240 ms)
[----------] 1 test from MobileNetV4WorkloadTest (356240 ms total)

[----------] Global test environment tear-down
[==========] 1 test from 1 test suite ran. (356243 ms total)
[  PASSED  ] 1 test.
