OpenROAD 26Q3-1080-gab6fd26351 
Features included (+) or not (-): +GPU +GUI +Python
This program is licensed under the BSD-3 license. See the LICENSE file for details.
Components of this program may be licensed under more restrictive licenses which must be honored.
Design area 895637 um^2 38% utilization.
Startpoint: g_channel[0].u_bank.u_dram.since_act_q[10]$_DFF_PN0_
            (rising edge-triggered flip-flop clocked by clk)
Endpoint: g_channel[0].u_bank.g_block[0].u_core.grf_b[3][14]$_DFFE_PP_
          (rising edge-triggered flip-flop clocked by clk)
Path Group: clk
Path Type: max

      Cap      Slew     Delay      Time   Description
-------------------------------------------------------------------------------
             0.0000    0.0000    0.0000   clock clk (rise edge)
                       0.0000    0.0000   clock network delay (ideal)
             0.0000    0.0000    0.0000 ^ g_channel[0].u_bank.u_dram.since_act_q[10]$_DFF_PN0_/CLK (sky130_fd_sc_hd__dfrtp_1)
   0.0148    0.0912    0.3949    0.3949 v g_channel[0].u_bank.u_dram.since_act_q[10]$_DFF_PN0_/Q (sky130_fd_sc_hd__dfrtp_1)
             0.0912    0.0004    0.3953 v _46906_/B (sky130_fd_sc_hd__or4_1)
   0.0094    0.1252    0.5699    0.9652 v _46906_/X (sky130_fd_sc_hd__or4_1)
             0.1252    0.0004    0.9656 v _46908_/C (sky130_fd_sc_hd__nor4_2)
   0.0182    0.4916    0.4662    1.4318 ^ _46908_/Y (sky130_fd_sc_hd__nor4_2)
             0.4916    0.0009    1.4327 ^ _46916_/A1 (sky130_fd_sc_hd__a21oi_4)
   0.0701    0.2220    0.2498    1.6825 v _46916_/Y (sky130_fd_sc_hd__a21oi_4)
             0.2241    0.0174    1.6999 v place31549/A (sky130_fd_sc_hd__buf_12)
   0.0745    0.0513    0.2292    1.9291 v place31549/X (sky130_fd_sc_hd__buf_12)
             0.0622    0.0182    1.9473 v _46923_/A (sky130_fd_sc_hd__and2_1)
   0.0061    0.0485    0.1547    2.1020 v _46923_/X (sky130_fd_sc_hd__and2_1)
             0.0485    0.0001    2.1021 v place31321/A (sky130_fd_sc_hd__buf_4)
   0.0507    0.0784    0.1865    2.2887 v place31321/X (sky130_fd_sc_hd__buf_4)
             0.0784    0.0019    2.2906 v _49731_/B1 (sky130_fd_sc_hd__a221oi_1)
   0.0111    0.4483    0.4269    2.7175 ^ _49731_/Y (sky130_fd_sc_hd__a221oi_1)
             0.4483    0.0005    2.7181 ^ place31185/A (sky130_fd_sc_hd__buf_4)
   0.0035    0.0356    0.1863    2.9044 ^ place31185/X (sky130_fd_sc_hd__buf_4)
             0.0356    0.0001    2.9045 ^ _49732_/C1 (sky130_fd_sc_hd__o221ai_1)
   0.0082    0.1408    0.1385    3.0430 v _49732_/Y (sky130_fd_sc_hd__o221ai_1)
             0.1408    0.0002    3.0433 v _72792_/A (sky130_fd_sc_hd__inv_1)
   0.0085    0.0869    0.1215    3.1647 ^ _72792_/Y (sky130_fd_sc_hd__inv_1)
             0.0869    0.0002    3.1649 ^ _83587_/A (sky130_fd_sc_hd__ha_1)
   0.0071    0.0860    0.1776    3.3426 ^ _83587_/COUT (sky130_fd_sc_hd__ha_1)
             0.0860    0.0002    3.3428 ^ _48312_/A (sky130_fd_sc_hd__inv_1)
   0.0066    0.0427    0.0616    3.4044 v _48312_/Y (sky130_fd_sc_hd__inv_1)
             0.0427    0.0002    3.4046 v _48314_/A (sky130_fd_sc_hd__nor3_2)
   0.0328    0.5589    0.4911    3.8957 ^ _48314_/Y (sky130_fd_sc_hd__nor3_2)
             0.5589    0.0039    3.8997 ^ _75063_/A (sky130_fd_sc_hd__nor2_1)
   0.0069    0.1251    0.1457    4.0454 v _75063_/Y (sky130_fd_sc_hd__nor2_1)
             0.1251    0.0002    4.0456 v _83229_/CIN (sky130_fd_sc_hd__fa_1)
   0.0066    0.0849    0.5301    4.5757 ^ _83229_/SUM (sky130_fd_sc_hd__fa_1)
             0.0849    0.0002    4.5758 ^ _83221_/CIN (sky130_fd_sc_hd__fa_1)
   0.0068    0.0956    0.4382    5.0141 v _83221_/SUM (sky130_fd_sc_hd__fa_1)
             0.0956    0.0002    5.0143 v _83188_/CIN (sky130_fd_sc_hd__fa_1)
   0.0098    0.1109    0.4930    5.5073 v _83188_/SUM (sky130_fd_sc_hd__fa_1)
             0.1110    0.0004    5.5076 v _83170_/B (sky130_fd_sc_hd__fa_1)
   0.0135    0.1275    0.5420    6.0496 v _83170_/SUM (sky130_fd_sc_hd__fa_1)
             0.1275    0.0007    6.0503 v _83205_/B (sky130_fd_sc_hd__fa_1)
   0.0080    0.0974    0.4493    6.4996 v _83205_/COUT (sky130_fd_sc_hd__fa_1)
             0.0974    0.0003    6.4999 v _83550_/A (sky130_fd_sc_hd__ha_1)
   0.0120    0.0924    0.3581    6.8581 v _83550_/SUM (sky130_fd_sc_hd__ha_1)
             0.0924    0.0003    6.8583 v _46163_/A1 (sky130_fd_sc_hd__a211oi_1)
   0.0089    0.3474    0.3405    7.1988 ^ _46163_/Y (sky130_fd_sc_hd__a211oi_1)
             0.3474    0.0004    7.1992 ^ place29998/A (sky130_fd_sc_hd__buf_4)
   0.0111    0.0493    0.1913    7.3905 ^ place29998/X (sky130_fd_sc_hd__buf_4)
             0.0493    0.0003    7.3908 ^ _46187_/A1 (sky130_fd_sc_hd__o21bai_1)
   0.0088    0.0887    0.1020    7.4929 v _46187_/Y (sky130_fd_sc_hd__o21bai_1)
             0.0887    0.0004    7.4932 v _46188_/C1 (sky130_fd_sc_hd__a211oi_1)
   0.0148    0.5145    0.4374    7.9306 ^ _46188_/Y (sky130_fd_sc_hd__a211oi_1)
             0.5145    0.0007    7.9313 ^ _46189_/B (sky130_fd_sc_hd__xnor2_1)
   0.0066    0.1141    0.1625    8.0938 v _46189_/Y (sky130_fd_sc_hd__xnor2_1)
             0.1141    0.0001    8.0939 v place29549/A (sky130_fd_sc_hd__buf_4)
   0.0120    0.0349    0.1720    8.2659 v place29549/X (sky130_fd_sc_hd__buf_4)
             0.0349    0.0002    8.2662 v _46194_/C1 (sky130_fd_sc_hd__a2111oi_0)
   0.0057    0.5182    0.4645    8.7307 ^ _46194_/Y (sky130_fd_sc_hd__a2111oi_0)
             0.5182    0.0002    8.7308 ^ _46195_/D (sky130_fd_sc_hd__and4_1)
   0.0395    0.3782    0.5073    9.2381 ^ _46195_/X (sky130_fd_sc_hd__and4_1)
             0.3783    0.0056    9.2437 ^ _46262_/A (sky130_fd_sc_hd__inv_2)
   0.0086    0.0769    0.0804    9.3242 v _46262_/Y (sky130_fd_sc_hd__inv_2)
             0.0769    0.0002    9.3244 v _46660_/A (sky130_fd_sc_hd__nor2_1)
   0.0078    0.1581    0.1703    9.4947 ^ _46660_/Y (sky130_fd_sc_hd__nor2_1)
             0.1581    0.0002    9.4949 ^ _75077_/A (sky130_fd_sc_hd__inv_1)
   0.0055    0.0519    0.0735    9.5684 v _75077_/Y (sky130_fd_sc_hd__inv_1)
             0.0519    0.0002    9.5686 v _83830_/A (sky130_fd_sc_hd__ha_1)
   0.0046    0.0558    0.2844    9.8530 ^ _83830_/SUM (sky130_fd_sc_hd__ha_1)
             0.0558    0.0001    9.8531 ^ _74841_/A (sky130_fd_sc_hd__inv_1)
   0.0080    0.0423    0.0570    9.9101 v _74841_/Y (sky130_fd_sc_hd__inv_1)
             0.0423    0.0003    9.9104 v _83893_/B (sky130_fd_sc_hd__ha_1)
   0.0061    0.0666    0.2861   10.1965 v _83893_/SUM (sky130_fd_sc_hd__ha_1)
             0.0666    0.0001   10.1967 v _45959_/A2 (sky130_fd_sc_hd__a211o_1)
   0.0099    0.0800    0.3346   10.5313 v _45959_/X (sky130_fd_sc_hd__a211o_1)
             0.0800    0.0004   10.5316 v _45961_/A1 (sky130_fd_sc_hd__a2111oi_1)
   0.0051    0.3975    0.4103   10.9420 ^ _45961_/Y (sky130_fd_sc_hd__a2111oi_1)
             0.3975    0.0001   10.9421 ^ place26904/A (sky130_fd_sc_hd__buf_4)
   0.0107    0.0497    0.1977   11.1398 ^ place26904/X (sky130_fd_sc_hd__buf_4)
             0.0497    0.0004   11.1403 ^ _45962_/A_N (sky130_fd_sc_hd__nand3b_1)
   0.0124    0.1533    0.1618   11.3021 ^ _45962_/Y (sky130_fd_sc_hd__nand3b_1)
             0.1533    0.0004   11.3025 ^ _45975_/A (sky130_fd_sc_hd__nand3_1)
   0.0032    0.0915    0.0913   11.3938 v _45975_/Y (sky130_fd_sc_hd__nand3_1)
             0.0915    0.0001   11.3938 v _45984_/A1 (sky130_fd_sc_hd__a221o_1)
   0.0095    0.0849    0.3666   11.7605 v _45984_/X (sky130_fd_sc_hd__a221o_1)
             0.0849    0.0003   11.7608 v _45985_/C (sky130_fd_sc_hd__nor3_1)
   0.0098    0.3246    0.2784   12.0392 ^ _45985_/Y (sky130_fd_sc_hd__nor3_1)
             0.3246    0.0003   12.0394 ^ _45986_/C (sky130_fd_sc_hd__nand3_1)
   0.0231    0.2448    0.2806   12.3201 v _45986_/Y (sky130_fd_sc_hd__nand3_1)
             0.2448    0.0015   12.3216 v place26537/A (sky130_fd_sc_hd__buf_4)
   0.0259    0.0508    0.2489   12.5705 v place26537/X (sky130_fd_sc_hd__buf_4)
             0.0508    0.0006   12.5711 v _46726_/A1 (sky130_fd_sc_hd__o32ai_1)
   0.0121    0.4656    0.4641   13.0352 ^ _46726_/Y (sky130_fd_sc_hd__o32ai_1)
             0.4656    0.0005   13.0357 ^ _74938_/B1 (sky130_fd_sc_hd__a21oi_1)
   0.0126    0.1476    0.1659   13.2016 v _74938_/Y (sky130_fd_sc_hd__a21oi_1)
             0.1476    0.0005   13.2022 v _74939_/B (sky130_fd_sc_hd__or2_2)
   0.0087    0.0707    0.3342   13.5363 v _74939_/X (sky130_fd_sc_hd__or2_2)
             0.0707    0.0002   13.5366 v _75003_/B (sky130_fd_sc_hd__or4_1)
   0.0097    0.1264    0.5657   14.1023 v _75003_/X (sky130_fd_sc_hd__or4_1)
             0.1264    0.0001   14.1024 v _83978_/A (sky130_fd_sc_hd__ha_1)
   0.0190    0.1135    0.3024   14.4048 v _83978_/COUT (sky130_fd_sc_hd__ha_1)
             0.1135    0.0003   14.4052 v _82518_/A (sky130_fd_sc_hd__nand2_1)
   0.0101    0.1046    0.1300   14.5351 ^ _82518_/Y (sky130_fd_sc_hd__nand2_1)
             0.1046    0.0002   14.5354 ^ place25958/A (sky130_fd_sc_hd__buf_4)
   0.0134    0.0494    0.1372   14.6726 ^ place25958/X (sky130_fd_sc_hd__buf_4)
             0.0494    0.0003   14.6729 ^ _82526_/B1 (sky130_fd_sc_hd__a21oi_1)
   0.0089    0.0825    0.0588   14.7317 v _82526_/Y (sky130_fd_sc_hd__a21oi_1)
             0.0825    0.0002   14.7319 v _82532_/A (sky130_fd_sc_hd__xor2_1)
   0.0027    0.0618    0.1682   14.9000 v _82532_/X (sky130_fd_sc_hd__xor2_1)
             0.0618    0.0001   14.9001 v _82548_/A2 (sky130_fd_sc_hd__a222oi_1)
   0.0053    0.3271    0.3794   15.2795 ^ _82548_/Y (sky130_fd_sc_hd__a222oi_1)
             0.3271    0.0001   15.2796 ^ place25813/A (sky130_fd_sc_hd__buf_4)
   0.0089    0.0441    0.1833   15.4629 ^ place25813/X (sky130_fd_sc_hd__buf_4)
             0.0441    0.0004   15.4633 ^ _82581_/A (sky130_fd_sc_hd__nand3_1)
   0.0038    0.0872    0.0651   15.5285 v _82581_/Y (sky130_fd_sc_hd__nand3_1)
             0.0872    0.0001   15.5285 v _82592_/B (sky130_fd_sc_hd__nor4_1)
   0.0038    0.2497    0.2904   15.8190 ^ _82592_/Y (sky130_fd_sc_hd__nor4_1)
             0.2497    0.0001   15.8191 ^ place25752/A (sky130_fd_sc_hd__buf_4)
   0.0221    0.0730    0.1953   16.0144 ^ place25752/X (sky130_fd_sc_hd__buf_4)
             0.0731    0.0018   16.0162 ^ _82616_/A (sky130_fd_sc_hd__nor2_1)
   0.0047    0.1284    0.0561   16.0723 v _82616_/Y (sky130_fd_sc_hd__nor2_1)
             0.1284    0.0001   16.0724 v _83645_/B (sky130_fd_sc_hd__ha_1)
   0.0260    0.1398    0.3121   16.3845 v _83645_/COUT (sky130_fd_sc_hd__ha_1)
             0.1399    0.0025   16.3870 v _83979_/B (sky130_fd_sc_hd__ha_1)
   0.0064    0.0579    0.2353   16.6224 v _83979_/COUT (sky130_fd_sc_hd__ha_1)
             0.0579    0.0001   16.6225 v _47620_/A (sky130_fd_sc_hd__nand4_1)
   0.0166    0.2045    0.1635   16.7859 ^ _47620_/Y (sky130_fd_sc_hd__nand4_1)
             0.2045    0.0007   16.7867 ^ _47633_/B1 (sky130_fd_sc_hd__a211oi_1)
   0.0031    0.0703    0.0792   16.8658 v _47633_/Y (sky130_fd_sc_hd__a211oi_1)
             0.0703    0.0001   16.8659 v _47642_/B1 (sky130_fd_sc_hd__a311oi_1)
   0.0072    0.3267    0.3420   17.2079 ^ _47642_/Y (sky130_fd_sc_hd__a311oi_1)
             0.3267    0.0002   17.2081 ^ _47652_/C1 (sky130_fd_sc_hd__o2111ai_2)
   0.0161    0.1883    0.2509   17.4590 v _47652_/Y (sky130_fd_sc_hd__o2111ai_2)
             0.1883    0.0009   17.4600 v place25111/A (sky130_fd_sc_hd__buf_4)
   0.0142    0.0384    0.2090   17.6690 v place25111/X (sky130_fd_sc_hd__buf_4)
             0.0384    0.0003   17.6693 v _47674_/A (sky130_fd_sc_hd__nor2_1)
   0.0242    0.4326    0.3558   18.0251 ^ _47674_/Y (sky130_fd_sc_hd__nor2_1)
             0.4326    0.0005   18.0256 ^ place25062/A (sky130_fd_sc_hd__buf_4)
   0.0037    0.0356    0.1848   18.2104 ^ place25062/X (sky130_fd_sc_hd__buf_4)
             0.0356    0.0001   18.2105 ^ _47700_/B (sky130_fd_sc_hd__nor4_1)
   0.0052    0.0801    0.0494   18.2598 v _47700_/Y (sky130_fd_sc_hd__nor4_1)
             0.0801    0.0001   18.2600 v _47742_/A2 (sky130_fd_sc_hd__o2111ai_1)
   0.0148    0.3784    0.3555   18.6155 ^ _47742_/Y (sky130_fd_sc_hd__o2111ai_1)
             0.3784    0.0008   18.6163 ^ _47743_/B (sky130_fd_sc_hd__nor2_1)
   0.0045    0.0815    0.0908   18.7071 v _47743_/Y (sky130_fd_sc_hd__nor2_1)
             0.0815    0.0001   18.7072 v place24871/A (sky130_fd_sc_hd__buf_4)
   0.0102    0.0326    0.1544   18.8617 v place24871/X (sky130_fd_sc_hd__buf_4)
             0.0326    0.0003   18.8620 v _47795_/A1 (sky130_fd_sc_hd__a31oi_2)
   0.0256    0.3738    0.2943   19.1562 ^ _47795_/Y (sky130_fd_sc_hd__a31oi_2)
             0.3738    0.0023   19.1585 ^ _72764_/A (sky130_fd_sc_hd__nor2_1)
   0.0074    0.0989    0.1288   19.2873 v _72764_/Y (sky130_fd_sc_hd__nor2_1)
             0.0989    0.0002   19.2874 v _72765_/B2 (sky130_fd_sc_hd__a22oi_1)
   0.0141    0.3556    0.3290   19.6164 ^ _72765_/Y (sky130_fd_sc_hd__a22oi_1)
             0.3556    0.0007   19.6171 ^ _72766_/A1 (sky130_fd_sc_hd__mux2i_1)
   0.0056    0.1139    0.1575   19.7746 v _72766_/Y (sky130_fd_sc_hd__mux2i_1)
             0.1139    0.0002   19.7748 v _72767_/A (sky130_fd_sc_hd__inv_1)
   0.0099    0.0914    0.1192   19.8940 ^ _72767_/Y (sky130_fd_sc_hd__inv_1)
             0.0914    0.0003   19.8943 ^ _83432_/A (sky130_fd_sc_hd__ha_1)
   0.0045    0.0597    0.2421   20.1364 v _83432_/SUM (sky130_fd_sc_hd__ha_1)
             0.0597    0.0001   20.1364 v _47818_/B_N (sky130_fd_sc_hd__nor2b_1)
   0.0090    0.0571    0.1576   20.2941 v _47818_/Y (sky130_fd_sc_hd__nor2b_1)
             0.0571    0.0004   20.2944 v _47819_/A2 (sky130_fd_sc_hd__o21a_1)
   0.0078    0.0582    0.1923   20.4867 v _47819_/X (sky130_fd_sc_hd__o21a_1)
             0.0582    0.0003   20.4870 v _47820_/A2 (sky130_fd_sc_hd__o21a_1)
   0.0043    0.0419    0.1756   20.6626 v _47820_/X (sky130_fd_sc_hd__o21a_1)
             0.0419    0.0001   20.6627 v _47821_/A2 (sky130_fd_sc_hd__o21a_1)
   0.0067    0.0529    0.1813   20.8441 v _47821_/X (sky130_fd_sc_hd__o21a_1)
             0.0529    0.0002   20.8443 v _47822_/A2 (sky130_fd_sc_hd__o21a_1)
   0.0047    0.0435    0.1752   21.0195 v _47822_/X (sky130_fd_sc_hd__o21a_1)
             0.0435    0.0001   21.0196 v _47823_/A2 (sky130_fd_sc_hd__o21a_1)
   0.0049    0.0443    0.1728   21.1924 v _47823_/X (sky130_fd_sc_hd__o21a_1)
             0.0443    0.0001   21.1925 v _47824_/A2 (sky130_fd_sc_hd__o21a_1)
   0.0043    0.0417    0.1701   21.3626 v _47824_/X (sky130_fd_sc_hd__o21a_1)
             0.0417    0.0001   21.3627 v _47828_/A2 (sky130_fd_sc_hd__o21ai_0)
   0.0080    0.2737    0.2456   21.6083 ^ _47828_/Y (sky130_fd_sc_hd__o21ai_0)
             0.2737    0.0003   21.6086 ^ _47835_/A1 (sky130_fd_sc_hd__a21boi_0)
   0.0028    0.0949    0.1343   21.7429 v _47835_/Y (sky130_fd_sc_hd__a21boi_0)
             0.0949    0.0001   21.7430 v _47836_/A2 (sky130_fd_sc_hd__o21ai_0)
   0.0041    0.1653    0.1844   21.9273 ^ _47836_/Y (sky130_fd_sc_hd__o21ai_0)
             0.1653    0.0001   21.9274 ^ _47837_/A (sky130_fd_sc_hd__inv_1)
   0.0101    0.0695    0.0996   22.0270 v _47837_/Y (sky130_fd_sc_hd__inv_1)
             0.0695    0.0003   22.0274 v _47841_/A2 (sky130_fd_sc_hd__o22ai_2)
   0.0164    0.2494    0.2379   22.2652 ^ _47841_/Y (sky130_fd_sc_hd__o22ai_2)
             0.2494    0.0003   22.2656 ^ _49944_/S (sky130_fd_sc_hd__mux2i_1)
   0.0032    0.0680    0.1140   22.3795 v _49944_/Y (sky130_fd_sc_hd__mux2i_1)
             0.0680    0.0001   22.3796 v _49945_/B1 (sky130_fd_sc_hd__a31oi_1)
   0.0095    0.2590    0.2417   22.6213 ^ _49945_/Y (sky130_fd_sc_hd__a31oi_1)
             0.2590    0.0002   22.6215 ^ _83738_/A (sky130_fd_sc_hd__ha_1)
   0.0033    0.0543    0.2796   22.9011 v _83738_/SUM (sky130_fd_sc_hd__ha_1)
             0.0543    0.0001   22.9012 v _48577_/B_N (sky130_fd_sc_hd__nor2b_1)
   0.0073    0.0558    0.1488   23.0499 v _48577_/Y (sky130_fd_sc_hd__nor2b_1)
             0.0558    0.0003   23.0502 v _48578_/A2 (sky130_fd_sc_hd__o21ai_0)
   0.0071    0.2489    0.2323   23.2824 ^ _48578_/Y (sky130_fd_sc_hd__o21ai_0)
             0.2489    0.0002   23.2827 ^ place22767/A (sky130_fd_sc_hd__buf_4)
   0.0044    0.0319    0.1571   23.4398 ^ place22767/X (sky130_fd_sc_hd__buf_4)
             0.0319    0.0001   23.4399 ^ _48579_/B (sky130_fd_sc_hd__nand2b_1)
   0.0079    0.0739    0.0741   23.5139 v _48579_/Y (sky130_fd_sc_hd__nand2b_1)
             0.0739    0.0002   23.5141 v _48584_/A2 (sky130_fd_sc_hd__a21o_1)
   0.0085    0.0577    0.2098   23.7239 v _48584_/X (sky130_fd_sc_hd__a21o_1)
             0.0577    0.0002   23.7241 v _48585_/A2 (sky130_fd_sc_hd__a21oi_1)
   0.0131    0.2986    0.2870   24.0111 ^ _48585_/Y (sky130_fd_sc_hd__a21oi_1)
             0.2986    0.0005   24.0116 ^ _48671_/B (sky130_fd_sc_hd__nor2_1)
   0.0063    0.0807    0.1019   24.1135 v _48671_/Y (sky130_fd_sc_hd__nor2_1)
             0.0807    0.0001   24.1136 v place22614/A (sky130_fd_sc_hd__buf_4)
   0.0424    0.0689    0.1915   24.3051 v place22614/X (sky130_fd_sc_hd__buf_4)
             0.0689    0.0005   24.3056 v _49361_/A2 (sky130_fd_sc_hd__a31oi_1)
   0.0058    0.1799    0.2108   24.5164 ^ _49361_/Y (sky130_fd_sc_hd__a31oi_1)
             0.1799    0.0001   24.5165 ^ _72978_/B1_N (sky130_fd_sc_hd__a21boi_0)
   0.0197    0.6245    0.5518   25.0684 ^ _72978_/Y (sky130_fd_sc_hd__a21boi_0)
             0.6245    0.0015   25.0699 ^ place22469/A (sky130_fd_sc_hd__buf_4)
   0.0079    0.0499    0.2243   25.2942 ^ place22469/X (sky130_fd_sc_hd__buf_4)
             0.0499    0.0002   25.2943 ^ _72979_/A1 (sky130_fd_sc_hd__mux2i_1)
   0.0071    0.0982    0.0889   25.3832 v _72979_/Y (sky130_fd_sc_hd__mux2i_1)
             0.0982    0.0001   25.3833 v _73010_/A2 (sky130_fd_sc_hd__o211ai_1)
   0.0021    0.1326    0.1620   25.5453 ^ _73010_/Y (sky130_fd_sc_hd__o211ai_1)
             0.1326    0.0000   25.5454 ^ _73011_/B1 (sky130_fd_sc_hd__o21ai_0)
   0.0049    0.0873    0.1216   25.6670 v _73011_/Y (sky130_fd_sc_hd__o21ai_0)
             0.0873    0.0001   25.6671 v _73012_/B1 (sky130_fd_sc_hd__a22oi_1)
   0.0158    0.3882    0.3335   26.0006 ^ _73012_/Y (sky130_fd_sc_hd__a22oi_1)
             0.3882    0.0009   26.0016 ^ _83418_/B (sky130_fd_sc_hd__ha_1)
   0.0141    0.1013    0.3557   26.3573 v _83418_/SUM (sky130_fd_sc_hd__ha_1)
             0.1013    0.0003   26.3576 v _49861_/A1 (sky130_fd_sc_hd__a21oi_1)
   0.0039    0.1249    0.1563   26.5139 ^ _49861_/Y (sky130_fd_sc_hd__a21oi_1)
             0.1249    0.0001   26.5140 ^ place22262/A (sky130_fd_sc_hd__buf_4)
   0.0081    0.0369    0.1331   26.6471 ^ place22262/X (sky130_fd_sc_hd__buf_4)
             0.0369    0.0003   26.6474 ^ _49862_/B (sky130_fd_sc_hd__nor2_1)
   0.0049    0.0406    0.0401   26.6874 v _49862_/Y (sky130_fd_sc_hd__nor2_1)
             0.0406    0.0001   26.6876 v _49863_/B (sky130_fd_sc_hd__nor2_1)
   0.0118    0.2257    0.1913   26.8789 ^ _49863_/Y (sky130_fd_sc_hd__nor2_1)
             0.2257    0.0004   26.8793 ^ _49864_/A2 (sky130_fd_sc_hd__o21bai_1)
   0.0101    0.0979    0.1401   27.0194 v _49864_/Y (sky130_fd_sc_hd__o21bai_1)
             0.0979    0.0004   27.0198 v _49887_/B (sky130_fd_sc_hd__or4_1)
   0.0041    0.0914    0.5239   27.5437 v _49887_/X (sky130_fd_sc_hd__or4_1)
             0.0914    0.0001   27.5438 v _49888_/B1 (sky130_fd_sc_hd__a21o_2)
   0.0126    0.0572    0.2309   27.7747 v _49888_/X (sky130_fd_sc_hd__a21o_2)
             0.0572    0.0003   27.7749 v _49889_/C1 (sky130_fd_sc_hd__o211a_1)
   0.0109    0.0735    0.1464   27.9213 v _49889_/X (sky130_fd_sc_hd__o211a_1)
             0.0735    0.0003   27.9216 v _50033_/A (sky130_fd_sc_hd__nand2_1)
   0.0102    0.1059    0.1129   28.0345 ^ _50033_/Y (sky130_fd_sc_hd__nand2_1)
             0.1059    0.0002   28.0347 ^ _50413_/B (sky130_fd_sc_hd__nor2_1)
   0.0059    0.0793    0.0655   28.1003 v _50413_/Y (sky130_fd_sc_hd__nor2_1)
             0.0793    0.0002   28.1004 v _50414_/B1 (sky130_fd_sc_hd__a21oi_1)
   0.0098    0.2342    0.2220   28.3224 ^ _50414_/Y (sky130_fd_sc_hd__a21oi_1)
             0.2342    0.0003   28.3227 ^ _83724_/B (sky130_fd_sc_hd__ha_1)
   0.0066    0.0818    0.2164   28.5392 ^ _83724_/COUT (sky130_fd_sc_hd__ha_1)
             0.0818    0.0001   28.5393 ^ _49987_/B_N (sky130_fd_sc_hd__nor2b_1)
   0.0102    0.2104    0.2271   28.7664 ^ _49987_/Y (sky130_fd_sc_hd__nor2b_1)
             0.2104    0.0002   28.7665 ^ _49988_/B (sky130_fd_sc_hd__nand2b_1)
   0.0044    0.0629    0.0936   28.8601 v _49988_/Y (sky130_fd_sc_hd__nand2b_1)
             0.0629    0.0001   28.8603 v _49989_/D (sky130_fd_sc_hd__nor4_1)
   0.0042    0.2632    0.2051   29.0654 ^ _49989_/Y (sky130_fd_sc_hd__nor4_1)
             0.2632    0.0001   29.0655 ^ _49995_/B1 (sky130_fd_sc_hd__a311oi_1)
   0.0075    0.1070    0.1151   29.1806 v _49995_/Y (sky130_fd_sc_hd__a311oi_1)
             0.1070    0.0002   29.1808 v _49996_/B1 (sky130_fd_sc_hd__a21oi_1)
   0.0086    0.2119    0.2155   29.3963 ^ _49996_/Y (sky130_fd_sc_hd__a21oi_1)
             0.2120    0.0002   29.3965 ^ _74995_/A2 (sky130_fd_sc_hd__a21o_1)
   0.0085    0.0837    0.1815   29.5780 ^ _74995_/X (sky130_fd_sc_hd__a21o_1)
             0.0837    0.0002   29.5781 ^ _83610_/B (sky130_fd_sc_hd__ha_1)
   0.0067    0.0814    0.1716   29.7497 ^ _83610_/COUT (sky130_fd_sc_hd__ha_1)
             0.0814    0.0002   29.7499 ^ _49934_/A (sky130_fd_sc_hd__xnor2_1)
   0.0093    0.0912    0.1105   29.8604 v _49934_/Y (sky130_fd_sc_hd__xnor2_1)
             0.0912    0.0003   29.8606 v _49935_/B1 (sky130_fd_sc_hd__a41o_1)
   0.0064    0.0549    0.2342   30.0948 v _49935_/X (sky130_fd_sc_hd__a41o_1)
             0.0549    0.0001   30.0949 v _49936_/B1 (sky130_fd_sc_hd__a21oi_1)
   0.0077    0.1946    0.1833   30.2782 ^ _49936_/Y (sky130_fd_sc_hd__a21oi_1)
             0.1946    0.0002   30.2784 ^ _49937_/B (sky130_fd_sc_hd__and2_1)
   0.0073    0.0865    0.1839   30.4623 ^ _49937_/X (sky130_fd_sc_hd__and2_1)
             0.0865    0.0002   30.4625 ^ _49968_/A (sky130_fd_sc_hd__nand2_1)
   0.0160    0.1255    0.1261   30.5885 v _49968_/Y (sky130_fd_sc_hd__nand2_1)
             0.1255    0.0005   30.5890 v _49979_/A (sky130_fd_sc_hd__xnor2_1)
   0.0031    0.0536    0.1575   30.7465 v _49979_/Y (sky130_fd_sc_hd__xnor2_1)
             0.0536    0.0001   30.7465 v place21621/A (sky130_fd_sc_hd__buf_4)
   0.0135    0.0369    0.1474   30.8939 v place21621/X (sky130_fd_sc_hd__buf_4)
             0.0369    0.0003   30.8942 v _83851_/A (sky130_fd_sc_hd__ha_1)
   0.0113    0.0789    0.2298   31.1240 v _83851_/COUT (sky130_fd_sc_hd__ha_1)
             0.0789    0.0002   31.1242 v place21467/A (sky130_fd_sc_hd__buf_4)
   0.0083    0.0305    0.1501   31.2743 v place21467/X (sky130_fd_sc_hd__buf_4)
             0.0305    0.0002   31.2745 v _50010_/A (sky130_fd_sc_hd__nor2_1)
   0.0139    0.2591    0.2267   31.5012 ^ _50010_/Y (sky130_fd_sc_hd__nor2_1)
             0.2591    0.0004   31.5016 ^ _50011_/B1 (sky130_fd_sc_hd__a31oi_1)
   0.0082    0.1165    0.1084   31.6100 v _50011_/Y (sky130_fd_sc_hd__a31oi_1)
             0.1165    0.0002   31.6102 v _50055_/A1 (sky130_fd_sc_hd__a21oi_2)
   0.0201    0.2612    0.2792   31.8893 ^ _50055_/Y (sky130_fd_sc_hd__a21oi_2)
             0.2612    0.0003   31.8896 ^ _72925_/A (sky130_fd_sc_hd__nor2_1)
   0.0094    0.0878    0.1241   32.0136 v _72925_/Y (sky130_fd_sc_hd__nor2_1)
             0.0878    0.0004   32.0140 v _72926_/B (sky130_fd_sc_hd__nor2_1)
   0.0130    0.2456    0.2233   32.2373 ^ _72926_/Y (sky130_fd_sc_hd__nor2_1)
             0.2457    0.0006   32.2379 ^ _83866_/B (sky130_fd_sc_hd__ha_1)
   0.0137    0.1456    0.2697   32.5076 ^ _83866_/COUT (sky130_fd_sc_hd__ha_1)
             0.1456    0.0005   32.5081 ^ place21232/A (sky130_fd_sc_hd__buf_4)
   0.0209    0.0684    0.1651   32.6731 ^ place21232/X (sky130_fd_sc_hd__buf_4)
             0.0684    0.0004   32.6735 ^ _50254_/B1 (sky130_fd_sc_hd__o211a_1)
   0.0031    0.0449    0.1448   32.8183 ^ _50254_/X (sky130_fd_sc_hd__o211a_1)
             0.0449    0.0001   32.8184 ^ _50255_/B1 (sky130_fd_sc_hd__a2bb2oi_1)
   0.0054    0.0538    0.0696   32.8880 v _50255_/Y (sky130_fd_sc_hd__a2bb2oi_1)
             0.0538    0.0001   32.8881 v _50256_/A_N (sky130_fd_sc_hd__nand4b_1)
   0.0142    0.1959    0.2647   33.1528 v _50256_/Y (sky130_fd_sc_hd__nand4b_1)
             0.1959    0.0007   33.1535 v _50257_/C (sky130_fd_sc_hd__or3_1)
   0.0164    0.1333    0.4428   33.5963 v _50257_/X (sky130_fd_sc_hd__or3_1)
             0.1333    0.0007   33.5970 v place21117/A (sky130_fd_sc_hd__buf_4)
   0.0116    0.0345    0.1800   33.7770 v place21117/X (sky130_fd_sc_hd__buf_4)
             0.0345    0.0003   33.7773 v _50258_/C (sky130_fd_sc_hd__nor3_2)
   0.0135    0.2669    0.2116   33.9889 ^ _50258_/Y (sky130_fd_sc_hd__nor3_2)
             0.2669    0.0005   33.9894 ^ _50364_/C (sky130_fd_sc_hd__nand3_1)
   0.0071    0.1044    0.1504   34.1397 v _50364_/Y (sky130_fd_sc_hd__nand3_1)
             0.1044    0.0001   34.1398 v _50365_/B_N (sky130_fd_sc_hd__nor2b_1)
   0.0083    0.0784    0.1758   34.3157 v _50365_/Y (sky130_fd_sc_hd__nor2b_1)
             0.0784    0.0002   34.3159 v place21010/A (sky130_fd_sc_hd__buf_4)
   0.0067    0.0287    0.1472   34.4631 v place21010/X (sky130_fd_sc_hd__buf_4)
             0.0287    0.0002   34.4633 v _50367_/D (sky130_fd_sc_hd__and4_1)
   0.0081    0.0608    0.2121   34.6754 v _50367_/X (sky130_fd_sc_hd__and4_1)
             0.0608    0.0002   34.6755 v _50405_/A2 (sky130_fd_sc_hd__a31oi_2)
   0.0186    0.2928    0.2947   34.9702 ^ _50405_/Y (sky130_fd_sc_hd__a31oi_2)
             0.2928    0.0004   34.9706 ^ _72928_/A (sky130_fd_sc_hd__nor2_1)
   0.0055    0.0780    0.1069   35.0775 v _72928_/Y (sky130_fd_sc_hd__nor2_1)
             0.0780    0.0002   35.0777 v _72929_/B (sky130_fd_sc_hd__nor2_1)
   0.0150    0.2773    0.2433   35.3209 ^ _72929_/Y (sky130_fd_sc_hd__nor2_1)
             0.2773    0.0009   35.3219 ^ place20800/A (sky130_fd_sc_hd__buf_4)
   0.0123    0.0503    0.1830   35.5048 ^ place20800/X (sky130_fd_sc_hd__buf_4)
             0.0503    0.0003   35.5051 ^ _83750_/B (sky130_fd_sc_hd__ha_1)
   0.0071    0.0843    0.1621   35.6673 ^ _83750_/COUT (sky130_fd_sc_hd__ha_1)
             0.0843    0.0001   35.6674 ^ _50570_/A1 (sky130_fd_sc_hd__o21ai_0)
   0.0051    0.1450    0.1123   35.7797 v _50570_/Y (sky130_fd_sc_hd__o21ai_0)
             0.1450    0.0001   35.7798 v place20783/A (sky130_fd_sc_hd__buf_4)
   0.0092    0.0317    0.1813   35.9611 v place20783/X (sky130_fd_sc_hd__buf_4)
             0.0318    0.0003   35.9614 v _50575_/A_N (sky130_fd_sc_hd__nand2b_1)
   0.0092    0.1012    0.1678   36.1292 v _50575_/Y (sky130_fd_sc_hd__nand2b_1)
             0.1012    0.0003   36.1295 v _50576_/D (sky130_fd_sc_hd__nor4_2)
   0.0035    0.1989    0.1533   36.2828 ^ _50576_/Y (sky130_fd_sc_hd__nor4_2)
             0.1989    0.0001   36.2829 ^ place20729/A (sky130_fd_sc_hd__buf_4)
   0.0154    0.0561    0.1688   36.4516 ^ place20729/X (sky130_fd_sc_hd__buf_4)
             0.0561    0.0004   36.4520 ^ _50588_/A3 (sky130_fd_sc_hd__a31oi_2)
   0.0102    0.1109    0.1148   36.5668 v _50588_/Y (sky130_fd_sc_hd__a31oi_2)
             0.1109    0.0003   36.5671 v _50589_/B (sky130_fd_sc_hd__xnor2_1)
   0.0044    0.0605    0.1553   36.7223 v _50589_/Y (sky130_fd_sc_hd__xnor2_1)
             0.0605    0.0001   36.7224 v place20649/A (sky130_fd_sc_hd__buf_4)
   0.0120    0.0349    0.1478   36.8703 v place20649/X (sky130_fd_sc_hd__buf_4)
             0.0349    0.0002   36.8705 v _50590_/A (sky130_fd_sc_hd__inv_1)
   0.0104    0.0930    0.0880   36.9585 ^ _50590_/Y (sky130_fd_sc_hd__inv_1)
             0.0930    0.0003   36.9588 ^ _83637_/A (sky130_fd_sc_hd__ha_1)
   0.0074    0.0872    0.1814   37.1403 ^ _83637_/COUT (sky130_fd_sc_hd__ha_1)
             0.0872    0.0001   37.1404 ^ _50671_/A1 (sky130_fd_sc_hd__o21ai_0)
   0.0059    0.1523    0.1204   37.2607 v _50671_/Y (sky130_fd_sc_hd__o21ai_0)
             0.1523    0.0002   37.2609 v place20551/A (sky130_fd_sc_hd__buf_4)
   0.0052    0.0277    0.1781   37.4391 v place20551/X (sky130_fd_sc_hd__buf_4)
             0.0277    0.0001   37.4392 v _50672_/C (sky130_fd_sc_hd__nor3_1)
   0.0060    0.2272    0.1864   37.6256 ^ _50672_/Y (sky130_fd_sc_hd__nor3_1)
             0.2272    0.0001   37.6257 ^ _50680_/C (sky130_fd_sc_hd__and4b_1)
   0.0084    0.1066    0.2655   37.8912 ^ _50680_/X (sky130_fd_sc_hd__and4b_1)
             0.1066    0.0003   37.8914 ^ _50735_/B (sky130_fd_sc_hd__and4_1)
   0.0109    0.1226    0.2499   38.1414 ^ _50735_/X (sky130_fd_sc_hd__and4_1)
             0.1226    0.0003   38.1417 ^ _50759_/A2 (sky130_fd_sc_hd__a21oi_2)
   0.0186    0.1089    0.1109   38.2525 v _50759_/Y (sky130_fd_sc_hd__a21oi_2)
             0.1090    0.0010   38.2535 v _50761_/B (sky130_fd_sc_hd__xnor2_1)
   0.0179    0.4149    0.3775   38.6310 ^ _50761_/Y (sky130_fd_sc_hd__xnor2_1)
             0.4149    0.0011   38.6321 ^ _66992_/A (sky130_fd_sc_hd__inv_1)
   0.0066    0.0985    0.1165   38.7486 v _66992_/Y (sky130_fd_sc_hd__inv_1)
             0.0985    0.0001   38.7487 v _83538_/A (sky130_fd_sc_hd__ha_1)
   0.0080    0.0657    0.2421   38.9908 v _83538_/COUT (sky130_fd_sc_hd__ha_1)
             0.0657    0.0002   38.9910 v _67042_/A (sky130_fd_sc_hd__nor2_1)
   0.0121    0.2306    0.2191   39.2102 ^ _67042_/Y (sky130_fd_sc_hd__nor2_1)
             0.2306    0.0006   39.2108 ^ _67043_/B (sky130_fd_sc_hd__nor2_1)
   0.0044    0.0598    0.0772   39.2880 v _67043_/Y (sky130_fd_sc_hd__nor2_1)
             0.0598    0.0001   39.2881 v _67071_/A (sky130_fd_sc_hd__nand4_1)
   0.0122    0.1599    0.1347   39.4228 ^ _67071_/Y (sky130_fd_sc_hd__nand4_1)
             0.1599    0.0003   39.4231 ^ place20297/A (sky130_fd_sc_hd__buf_4)
   0.0148    0.0540    0.1568   39.5800 ^ place20297/X (sky130_fd_sc_hd__buf_4)
             0.0540    0.0007   39.5807 ^ _67082_/B (sky130_fd_sc_hd__nor4_4)
   0.0097    0.0395    0.0489   39.6295 v _67082_/Y (sky130_fd_sc_hd__nor4_4)
             0.0395    0.0001   39.6297 v place20260/A (sky130_fd_sc_hd__buf_4)
   0.0700    0.0958    0.1995   39.8292 v place20260/X (sky130_fd_sc_hd__buf_4)
             0.0961    0.0038   39.8330 v _71879_/A1 (sky130_fd_sc_hd__a2111oi_2)
   0.0279    0.8022    0.7207   40.5537 ^ _71879_/Y (sky130_fd_sc_hd__a2111oi_2)
             0.8022    0.0029   40.5565 ^ place20181/A (sky130_fd_sc_hd__buf_4)
   0.0127    0.0633    0.2497   40.8063 ^ place20181/X (sky130_fd_sc_hd__buf_4)
             0.0633    0.0002   40.8065 ^ _71915_/A (sky130_fd_sc_hd__xor2_1)
   0.0127    0.2887    0.2676   41.0741 ^ _71915_/X (sky130_fd_sc_hd__xor2_1)
             0.2887    0.0006   41.0747 ^ _71937_/A (sky130_fd_sc_hd__nand4_1)
   0.0066    0.1365    0.1681   41.2427 v _71937_/Y (sky130_fd_sc_hd__nand4_1)
             0.1365    0.0001   41.2429 v _71952_/B (sky130_fd_sc_hd__nor3_1)
   0.0089    0.3027    0.3164   41.5592 ^ _71952_/Y (sky130_fd_sc_hd__nor3_1)
             0.3027    0.0004   41.5596 ^ place19971/A (sky130_fd_sc_hd__buf_4)
   0.0146    0.0563    0.1925   41.7521 ^ place19971/X (sky130_fd_sc_hd__buf_4)
             0.0563    0.0005   41.7526 ^ _72022_/B (sky130_fd_sc_hd__nand2_1)
   0.0075    0.1212    0.0755   41.8281 v _72022_/Y (sky130_fd_sc_hd__nand2_1)
             0.1212    0.0002   41.8282 v _72314_/B (sky130_fd_sc_hd__nand2_1)
   0.0066    0.0793    0.1191   41.9473 ^ _72314_/Y (sky130_fd_sc_hd__nand2_1)
             0.0793    0.0001   41.9474 ^ _72920_/B (sky130_fd_sc_hd__nor2_1)
   0.0044    0.0440    0.0512   41.9987 v _72920_/Y (sky130_fd_sc_hd__nor2_1)
             0.0440    0.0001   41.9988 v _72938_/A (sky130_fd_sc_hd__nor2_1)
   0.0155    0.2860    0.2516   42.2504 ^ _72938_/Y (sky130_fd_sc_hd__nor2_1)
             0.2860    0.0010   42.2514 ^ place19809/A (sky130_fd_sc_hd__buf_4)
   0.0129    0.0519    0.1862   42.4376 ^ place19809/X (sky130_fd_sc_hd__buf_4)
             0.0519    0.0003   42.4378 ^ _84056_/B (sky130_fd_sc_hd__ha_1)
   0.0069    0.0831    0.1617   42.5996 ^ _84056_/COUT (sky130_fd_sc_hd__ha_1)
             0.0831    0.0001   42.5997 ^ _72021_/A1 (sky130_fd_sc_hd__o211a_1)
   0.0077    0.0787    0.1868   42.7864 ^ _72021_/X (sky130_fd_sc_hd__o211a_1)
             0.0787    0.0002   42.7866 ^ _72043_/B1 (sky130_fd_sc_hd__o2111a_1)
   0.0160    0.1666    0.2796   43.0662 ^ _72043_/X (sky130_fd_sc_hd__o2111a_1)
             0.1666    0.0009   43.0670 ^ _72156_/A1 (sky130_fd_sc_hd__a31oi_2)
   0.0246    0.1752    0.1983   43.2654 v _72156_/Y (sky130_fd_sc_hd__a31oi_2)
             0.1752    0.0014   43.2668 v _72158_/B (sky130_fd_sc_hd__xnor2_1)
   0.0112    0.2819    0.3067   43.5735 ^ _72158_/Y (sky130_fd_sc_hd__xnor2_1)
             0.2819    0.0002   43.5737 ^ place19714/A (sky130_fd_sc_hd__buf_4)
   0.0102    0.0458    0.1796   43.7533 ^ place19714/X (sky130_fd_sc_hd__buf_4)
             0.0458    0.0004   43.7537 ^ _83459_/A (sky130_fd_sc_hd__ha_1)
   0.0031    0.0499    0.1361   43.8898 ^ _83459_/COUT (sky130_fd_sc_hd__ha_1)
             0.0499    0.0001   43.8899 ^ _72244_/A2 (sky130_fd_sc_hd__o211a_1)
   0.0055    0.0661    0.1455   44.0353 ^ _72244_/X (sky130_fd_sc_hd__o211a_1)
             0.0661    0.0002   44.0355 ^ _72245_/B1 (sky130_fd_sc_hd__o31ai_1)
   0.0162    0.1583    0.1400   44.1755 v _72245_/Y (sky130_fd_sc_hd__o31ai_1)
             0.1584    0.0010   44.1766 v _72255_/B (sky130_fd_sc_hd__nor4b_2)
   0.0045    0.2162    0.2990   44.4756 ^ _72255_/Y (sky130_fd_sc_hd__nor4b_2)
             0.2162    0.0001   44.4757 ^ place19517/A (sky130_fd_sc_hd__buf_4)
   0.0148    0.0552    0.1721   44.6478 ^ place19517/X (sky130_fd_sc_hd__buf_4)
             0.0552    0.0007   44.6485 ^ _72356_/D_N (sky130_fd_sc_hd__or4b_1)
   0.0296    0.2178    0.6053   45.2537 v _72356_/X (sky130_fd_sc_hd__or4b_1)
             0.2178    0.0014   45.2551 v place19502/A (sky130_fd_sc_hd__buf_4)
   0.0317    0.0569    0.2430   45.4981 v place19502/X (sky130_fd_sc_hd__buf_4)
             0.0569    0.0010   45.4991 v _72415_/B (sky130_fd_sc_hd__nor2_2)
   0.0242    0.2750    0.2338   45.7329 ^ _72415_/Y (sky130_fd_sc_hd__nor2_2)
             0.2750    0.0004   45.7334 ^ place19478/A (sky130_fd_sc_hd__buf_4)
   0.0122    0.0501    0.1822   45.9155 ^ place19478/X (sky130_fd_sc_hd__buf_4)
             0.0501    0.0004   45.9159 ^ _72530_/A1 (sky130_fd_sc_hd__o2111ai_1)
   0.0063    0.1226    0.1472   46.0631 v _72530_/Y (sky130_fd_sc_hd__o2111ai_1)
             0.1226    0.0002   46.0633 v _72531_/D (sky130_fd_sc_hd__nor4_2)
   0.0080    0.2857    0.2299   46.2932 ^ _72531_/Y (sky130_fd_sc_hd__nor4_2)
             0.2857    0.0003   46.2935 ^ place19380/A (sky130_fd_sc_hd__buf_4)
   0.0068    0.0386    0.1726   46.4660 ^ place19380/X (sky130_fd_sc_hd__buf_4)
             0.0386    0.0002   46.4662 ^ place19379/A (sky130_fd_sc_hd__buf_4)
   0.0128    0.0479    0.1117   46.5779 ^ place19379/X (sky130_fd_sc_hd__buf_4)
             0.0479    0.0004   46.5783 ^ _72566_/B (sky130_fd_sc_hd__nand2_2)
   0.0223    0.0940    0.0987   46.6770 v _72566_/Y (sky130_fd_sc_hd__nand2_2)
             0.0940    0.0004   46.6774 v _72613_/A3 (sky130_fd_sc_hd__o31ai_2)
   0.0091    0.2653    0.2605   46.9379 ^ _72613_/Y (sky130_fd_sc_hd__o31ai_2)
             0.2653    0.0003   46.9382 ^ _72941_/S (sky130_fd_sc_hd__mux2_2)
   0.0122    0.0736    0.4090   47.3472 v _72941_/X (sky130_fd_sc_hd__mux2_2)
             0.0736    0.0004   47.3475 v _83935_/B (sky130_fd_sc_hd__ha_1)
   0.0062    0.0570    0.2042   47.5518 v _83935_/COUT (sky130_fd_sc_hd__ha_1)
             0.0570    0.0001   47.5519 v _72689_/A1 (sky130_fd_sc_hd__o21ai_0)
   0.0106    0.3446    0.3179   47.8698 ^ _72689_/Y (sky130_fd_sc_hd__o21ai_0)
             0.3446    0.0005   47.8703 ^ _72703_/B1 (sky130_fd_sc_hd__a211oi_1)
   0.0091    0.1254    0.1368   48.0070 v _72703_/Y (sky130_fd_sc_hd__a211oi_1)
             0.1254    0.0003   48.0073 v _72731_/A (sky130_fd_sc_hd__and3_1)
   0.0089    0.0625    0.2039   48.2112 v _72731_/X (sky130_fd_sc_hd__and3_1)
             0.0625    0.0002   48.2114 v _72759_/A3 (sky130_fd_sc_hd__a31oi_2)
   0.0242    0.3578    0.3580   48.5694 ^ _72759_/Y (sky130_fd_sc_hd__a31oi_2)
             0.3578    0.0018   48.5712 ^ place19130/A (sky130_fd_sc_hd__buf_4)
   0.0132    0.0544    0.1977   48.7689 ^ place19130/X (sky130_fd_sc_hd__buf_4)
             0.0544    0.0004   48.7693 ^ _73518_/S (sky130_fd_sc_hd__mux2i_1)
   0.0057    0.1684    0.2143   48.9836 ^ _73518_/Y (sky130_fd_sc_hd__mux2i_1)
             0.1684    0.0002   48.9838 ^ _73519_/C1 (sky130_fd_sc_hd__a311oi_1)
   0.0048    0.1179    0.0767   49.0605 v _73519_/Y (sky130_fd_sc_hd__a311oi_1)
             0.1179    0.0001   49.0606 v _73528_/A2 (sky130_fd_sc_hd__a41oi_1)
   0.0111    0.3117    0.3313   49.3918 ^ _73528_/Y (sky130_fd_sc_hd__a41oi_1)
             0.3117    0.0003   49.3922 ^ _82509_/B (sky130_fd_sc_hd__and2_1)
   0.0074    0.0881    0.2066   49.5988 ^ _82509_/X (sky130_fd_sc_hd__and2_1)
             0.0881    0.0003   49.5990 ^ _83358_/A (sky130_fd_sc_hd__ha_1)
   0.0096    0.1064    0.1956   49.7946 ^ _83358_/COUT (sky130_fd_sc_hd__ha_1)
             0.1064    0.0003   49.7949 ^ _73251_/D1 (sky130_fd_sc_hd__o2111a_1)
   0.0144    0.1535    0.2584   50.0533 ^ _73251_/X (sky130_fd_sc_hd__o2111a_1)
             0.1535    0.0006   50.0539 ^ _73252_/B (sky130_fd_sc_hd__nand2_1)
   0.0073    0.0691    0.1006   50.1545 v _73252_/Y (sky130_fd_sc_hd__nand2_1)
             0.0691    0.0002   50.1546 v _73266_/B (sky130_fd_sc_hd__or3_1)
   0.0212    0.1577    0.4586   50.6132 v _73266_/X (sky130_fd_sc_hd__or3_1)
             0.1577    0.0011   50.6143 v _73462_/D1 (sky130_fd_sc_hd__a2111oi_0)
   0.0071    0.5777    0.5018   51.1161 ^ _73462_/Y (sky130_fd_sc_hd__a2111oi_0)
             0.5777    0.0002   51.1164 ^ place18920/A (sky130_fd_sc_hd__buf_4)
   0.0089    0.0505    0.2197   51.3361 ^ place18920/X (sky130_fd_sc_hd__buf_4)
             0.0505    0.0003   51.3364 ^ _73463_/S (sky130_fd_sc_hd__mux2i_1)
   0.0085    0.0981    0.0999   51.4363 v _73463_/Y (sky130_fd_sc_hd__mux2i_1)
             0.0981    0.0003   51.4366 v _73467_/C1 (sky130_fd_sc_hd__a2111oi_2)
   0.0124    0.4584    0.4478   51.8844 ^ _73467_/Y (sky130_fd_sc_hd__a2111oi_2)
             0.4584    0.0003   51.8848 ^ place18895/A (sky130_fd_sc_hd__buf_4)
   0.0080    0.0457    0.2003   52.0851 ^ place18895/X (sky130_fd_sc_hd__buf_4)
             0.0457    0.0003   52.0854 ^ _73493_/A (sky130_fd_sc_hd__nand2_1)
   0.0061    0.0512    0.0615   52.1469 v _73493_/Y (sky130_fd_sc_hd__nand2_1)
             0.0512    0.0002   52.1470 v _73550_/A3 (sky130_fd_sc_hd__o41ai_1)
   0.0063    0.3845    0.3987   52.5458 ^ _73550_/Y (sky130_fd_sc_hd__o41ai_1)
             0.3845    0.0002   52.5460 ^ place18877/A (sky130_fd_sc_hd__buf_4)
   0.0112    0.0504    0.1969   52.7429 ^ place18877/X (sky130_fd_sc_hd__buf_4)
             0.0504    0.0004   52.7434 ^ _73567_/A1 (sky130_fd_sc_hd__a221oi_1)
   0.0177    0.2444    0.1543   52.8976 v _73567_/Y (sky130_fd_sc_hd__a221oi_1)
             0.2445    0.0012   52.8988 v _73587_/A1 (sky130_fd_sc_hd__o21ai_2)
   0.0107    0.1823    0.2560   53.1548 ^ _73587_/Y (sky130_fd_sc_hd__o21ai_2)
             0.1823    0.0003   53.1551 ^ place18868/A (sky130_fd_sc_hd__buf_12)
   0.1273    0.1534    0.2011   53.3561 ^ place18868/X (sky130_fd_sc_hd__buf_12)
             0.1646    0.0319   53.3880 ^ _73914_/A1 (sky130_fd_sc_hd__o21ai_1)
   0.0043    0.1668    0.1021   53.4900 v _73914_/Y (sky130_fd_sc_hd__o21ai_1)
             0.1668    0.0001   53.4901 v g_channel[0].u_bank.g_block[0].u_core.grf_b[3][14]$_DFFE_PP_/D (sky130_fd_sc_hd__edfxtp_1)
                                53.4901   data arrival time

             0.0000   10.0000   10.0000   clock clk (rise edge)
                       0.0000   10.0000   clock network delay (ideal)
                      -0.2000    9.8000   clock uncertainty
                       0.0000    9.8000   clock reconvergence pessimism
                                 9.8000 ^ g_channel[0].u_bank.g_block[0].u_core.grf_b[3][14]$_DFFE_PP_/CLK (sky130_fd_sc_hd__edfxtp_1)
                      -0.3078    9.4922   library setup time
                                 9.4922   data required time
-------------------------------------------------------------------------------
                                 9.4922   data required time
                               -53.4901   data arrival time
-------------------------------------------------------------------------------
                               -43.9980   slack (VIOLATED)


worst slack max -44.00
tns max -144902.47
wns max -44.00
