/home/chandler/OpenROAD-flow-scripts/flow/scripts/flow.sh 5_2_route detail_route
Running detail_route.tcl, stage 5_2_route
read_liberty /home/chandler/OpenROAD-flow-scripts/flow/platforms/sky130hd/lib/sky130_fd_sc_hd__tt_025C_1v80.lib
read_db /mnt/c/Users/Admin/OneDrive/2026-summer/STOB_semiconductor_pim/STOB_PIM2/b1_logic_die_experiment/orfs/results/sky130hd/b1_logic_die_baseline/base/5_1_grt.odb
read_sdc /mnt/c/Users/Admin/OneDrive/2026-summer/STOB_semiconductor_pim/STOB_PIM2/b1_logic_die_experiment/orfs/results/sky130hd/b1_logic_die_baseline/base/5_1_grt.sdc
source /home/chandler/OpenROAD-flow-scripts/flow/platforms/sky130hd/setRC.tcl
source /mnt/c/Users/Admin/OneDrive/2026-summer/STOB_semiconductor_pim/STOB_PIM2/flow/designs/sky130hd/stob_pim2/openroad_compat.tcl
detailed_route -output_drc /mnt/c/Users/Admin/OneDrive/2026-summer/STOB_semiconductor_pim/STOB_PIM2/b1_logic_die_experiment/orfs/reports/sky130hd/b1_logic_die_baseline/base/5_route_drc.rpt -output_maze /mnt/c/Users/Admin/OneDrive/2026-summer/STOB_semiconductor_pim/STOB_PIM2/b1_logic_die_experiment/orfs/results/sky130hd/b1_logic_die_baseline/base/maze.log -droute_end_iter 0 -verbose 1 -drc_report_iter_step 5
[INFO DRT-0149] Reading tech and libs.
[WARNING DRT-0349] LEF58_ENCLOSURE with no CUTCLASS is not supported. Skipping for layer mcon
[WARNING DRT-0349] LEF58_ENCLOSURE with no CUTCLASS is not supported. Skipping for layer mcon
[WARNING DRT-0349] LEF58_ENCLOSURE with no CUTCLASS is not supported. Skipping for layer via
[WARNING DRT-0349] LEF58_ENCLOSURE with no CUTCLASS is not supported. Skipping for layer via
[WARNING DRT-0349] LEF58_ENCLOSURE with no CUTCLASS is not supported. Skipping for layer via2
[WARNING DRT-0349] LEF58_ENCLOSURE with no CUTCLASS is not supported. Skipping for layer via2
[WARNING DRT-0349] LEF58_ENCLOSURE with no CUTCLASS is not supported. Skipping for layer via3
[WARNING DRT-0349] LEF58_ENCLOSURE with no CUTCLASS is not supported. Skipping for layer via3
[WARNING DRT-0349] LEF58_ENCLOSURE with no CUTCLASS is not supported. Skipping for layer via4
[WARNING DRT-0349] LEF58_ENCLOSURE with no CUTCLASS is not supported. Skipping for layer via4

Units:                1000
Number of layers:     13
Number of macros:     441
Number of vias:       29
Number of viarulegen: 25

[INFO DRT-0150] Reading design.
[WARNING DRT-0120] Large net net30986 has 119 pins which may impact routing performance. Consider optimization.
[WARNING DRT-0120] Large net net36707 has 175 pins which may impact routing performance. Consider optimization.
[WARNING DRT-0120] Large net net33131 has 116 pins which may impact routing performance. Consider optimization.

Design:                   full_pim_system_top
Die area:                 ( 0 0 ) ( 1534545 1534545 )
Number of track patterns: 12
Number of DEF vias:       0
Number of components:     105733
Number of terminals:      1062
Number of snets:          2
Number of nets:           74873

[INFO DRT-0167] List of default vias:
  Layer via
    default via: M1M2_PR
  Layer via2
    default via: M2M3_PR
  Layer via3
    default via: M3M4_PR
  Layer via4
    default via: M4M5_PR
[INFO DRT-0162] Library cell analysis.
[INFO DRT-0163] Instance analysis.
  Complete 100000 instances.
[INFO DRT-0164] Number of unique instances = 386.
[INFO DRT-0168] Init region query.
[INFO DRT-0018]   Complete 100000 insts.
[INFO DRT-0024]   Complete FR_MASTERSLICE.
[INFO DRT-0024]   Complete Fr_VIA.
[INFO DRT-0024]   Complete li1.
[INFO DRT-0024]   Complete mcon.
[INFO DRT-0024]   Complete met1.
[INFO DRT-0024]   Complete via.
[INFO DRT-0024]   Complete met2.
[INFO DRT-0024]   Complete via2.
[INFO DRT-0024]   Complete met3.
[INFO DRT-0024]   Complete via3.
[INFO DRT-0024]   Complete met4.
[INFO DRT-0024]   Complete via4.
[INFO DRT-0024]   Complete met5.
[INFO DRT-0033] FR_MASTERSLICE shape region query size = 0.
[INFO DRT-0033] FR_VIA shape region query size = 0.
[INFO DRT-0033] li1 shape region query size = 2634375.
[INFO DRT-0033] mcon shape region query size = 1657830.
[INFO DRT-0033] met1 shape region query size = 445774.
[INFO DRT-0033] via shape region query size = 157640.
[INFO DRT-0033] met2 shape region query size = 95278.
[INFO DRT-0033] via2 shape region query size = 126112.
[INFO DRT-0033] met3 shape region query size = 94950.
[INFO DRT-0033] via3 shape region query size = 126112.
[INFO DRT-0033] met4 shape region query size = 37912.
[INFO DRT-0033] via4 shape region query size = 6272.
[INFO DRT-0033] met5 shape region query size = 6496.
[INFO DRT-0165] Start pin access.
[INFO DRT-0076]   Complete 1000 pins.
[INFO DRT-0076]   Complete 2000 pins.
[INFO DRT-0076]   Complete 3000 pins.
[INFO DRT-0078]   Complete 3204 pins.
[INFO DRT-0079]   Complete 100 unique inst patterns.
[INFO DRT-0079]   Complete 200 unique inst patterns.
[INFO DRT-0079]   Complete 300 unique inst patterns.
[INFO DRT-0081]   Complete 386 unique inst patterns.
[INFO DRT-0082]   Complete 10000 groups.
[INFO DRT-0082]   Complete 20000 groups.
[INFO DRT-0082]   Complete 30000 groups.
[INFO DRT-0082]   Complete 40000 groups.
[INFO DRT-0082]   Complete 50000 groups.
[INFO DRT-0082]   Complete 60000 groups.
[INFO DRT-0084]   Complete 62144 groups.
#scanned instances     = 105733
#unique  instances     = 386
#stdCellGenAp          = 13251
#stdCellValidPlanarAp  = 152
#stdCellValidViaAp     = 9506
#stdCellPinNoAp        = 6
#stdCellPinCnt         = 251894
#instTermValidViaApCnt = 0
#macroGenAp            = 0
#macroValidPlanarAp    = 0
#macroValidViaAp       = 0
#macroNoAp             = 0
[INFO DRT-0166] Complete pin access.
[INFO DRT-0267] cpu time = 00:05:48, elapsed time = 00:01:54, memory = 1100.37 (MB), peak = 1166.10 (MB)
[INFO DRT-0156] guideIn read 100000 guides.
[INFO DRT-0156] guideIn read 200000 guides.
[INFO DRT-0156] guideIn read 300000 guides.
[INFO DRT-0156] guideIn read 400000 guides.
[INFO DRT-0156] guideIn read 500000 guides.
[INFO DRT-0156] guideIn read 600000 guides.
[INFO DRT-0156] guideIn read 700000 guides.

[INFO DRT-0157] Number of guides:     712675

[INFO DRT-0169] Post process guides.
[INFO DRT-0176] GCELLGRID X 0 DO 222 STEP 6900 ;
[INFO DRT-0177] GCELLGRID Y 0 DO 222 STEP 6900 ;
[INFO DRT-0026]   Complete 100000 origin guides.
[INFO DRT-0026]   Complete 200000 origin guides.
[INFO DRT-0026]   Complete 300000 origin guides.
[INFO DRT-0026]   Complete 400000 origin guides.
[INFO DRT-0026]   Complete 500000 origin guides.
[INFO DRT-0026]   Complete 600000 origin guides.
[INFO DRT-0026]   Complete 700000 origin guides.
[INFO DRT-0028]   Complete FR_MASTERSLICE.
[INFO DRT-0028]   Complete Fr_VIA.
[INFO DRT-0028]   Complete li1.
[INFO DRT-0028]   Complete mcon.
[INFO DRT-0028]   Complete met1.
[INFO DRT-0028]   Complete via.
[INFO DRT-0028]   Complete met2.
[INFO DRT-0028]   Complete via2.
[INFO DRT-0028]   Complete met3.
[INFO DRT-0028]   Complete via3.
[INFO DRT-0028]   Complete met4.
[INFO DRT-0028]   Complete via4.
[INFO DRT-0028]   Complete met5.
[INFO DRT-0178] Init guide query.
[INFO DRT-0035]   Complete FR_MASTERSLICE (guide).
[INFO DRT-0035]   Complete Fr_VIA (guide).
[INFO DRT-0035]   Complete li1 (guide).
[INFO DRT-0035]   Complete mcon (guide).
[INFO DRT-0035]   Complete met1 (guide).
[INFO DRT-0035]   Complete via (guide).
[INFO DRT-0035]   Complete met2 (guide).
[INFO DRT-0035]   Complete via2 (guide).
[INFO DRT-0035]   Complete met3 (guide).
[INFO DRT-0035]   Complete via3 (guide).
[INFO DRT-0035]   Complete met4 (guide).
[INFO DRT-0035]   Complete via4 (guide).
[INFO DRT-0035]   Complete met5 (guide).
[INFO DRT-0036] FR_MASTERSLICE guide region query size = 0.
[INFO DRT-0036] FR_VIA guide region query size = 0.
[INFO DRT-0036] li1 guide region query size = 223040.
[INFO DRT-0036] mcon guide region query size = 0.
[INFO DRT-0036] met1 guide region query size = 213803.
[INFO DRT-0036] via guide region query size = 0.
[INFO DRT-0036] met2 guide region query size = 125174.
[INFO DRT-0036] via2 guide region query size = 0.
[INFO DRT-0036] met3 guide region query size = 18425.
[INFO DRT-0036] via3 guide region query size = 0.
[INFO DRT-0036] met4 guide region query size = 5842.
[INFO DRT-0036] via4 guide region query size = 0.
[INFO DRT-0036] met5 guide region query size = 183.
[INFO DRT-0179] Init gr pin query.
[INFO DRT-0267] cpu time = 00:00:02, elapsed time = 00:00:01, memory = 1348.95 (MB), peak = 1348.57 (MB)
[INFO DRT-0245] skipped writing guide updates to database.
[INFO DRT-0181] Start track assignment.
[INFO DRT-0184] Done with 354056 vertical wires in 5 frboxes and 232411 horizontal wires in 5 frboxes.
[INFO DRT-0186] Done with 49944 vertical wires in 5 frboxes and 69814 horizontal wires in 5 frboxes.
[INFO DRT-0182] Complete track assignment.
[INFO DRT-0267] cpu time = 00:00:41, elapsed time = 00:00:13, memory = 2256.77 (MB), peak = 2256.35 (MB)
[INFO DRT-0187] Start routing data preparation.
[INFO DRT-0267] cpu time = 00:00:00, elapsed time = 00:00:00, memory = 2256.77 (MB), peak = 2256.35 (MB)
[INFO DRT-0194] Start detail routing.
[INFO DRT-0195] Start 0th optimization iteration.
    Completing 10% with 0 violations.
    elapsed time = 00:00:36, memory = 2826.16 (MB).
    Completing 20% with 0 violations.
    elapsed time = 00:01:26, memory = 4241.76 (MB).
    Completing 30% with 13497 violations.
    elapsed time = 00:02:12, memory = 4802.05 (MB).
    Completing 40% with 13497 violations.
    elapsed time = 00:03:00, memory = 4459.74 (MB).
