/home/chandler/OpenROAD-flow-scripts/flow/scripts/synth.sh /home/chandler/OpenROAD-flow-scripts/flow/scripts/synth_canonicalize.tcl /mnt/c/Users/Admin/OneDrive/2026-summer/STOB_semiconductor_pim/STOB_PIM2/b1_logic_die_experiment/orfs/logs/sky130hd/b1_logic_die_baseline/base/1_1_yosys_canonicalize.log
Using ABC speed script.
Extracting clock period from SDC file: /mnt/c/Users/Admin/OneDrive/2026-summer/STOB_semiconductor_pim/STOB_PIM2/b1_logic_die_experiment/orfs/results/sky130hd/b1_logic_die_baseline/base/clock_period.txt
Setting clock period to 10.0
1. Executing Liberty frontend: /home/chandler/OpenROAD-flow-scripts/flow/platforms/sky130hd/lib/sky130_fd_sc_hd__tt_025C_1v80.lib
2. Executing Liberty frontend: /home/chandler/OpenROAD-flow-scripts/flow/platforms/sky130hd/lib/sky130_fd_sc_hd__tt_025C_1v80.lib
3. Executing Verilog-2005 frontend: /mnt/c/Users/Admin/OneDrive/2026-summer/STOB_semiconductor_pim/STOB_PIM2/rtl/pim_command_decoder.sv
4. Executing Verilog-2005 frontend: /mnt/c/Users/Admin/OneDrive/2026-summer/STOB_semiconductor_pim/STOB_PIM2/rtl/fp16_add.sv
5. Executing Verilog-2005 frontend: /mnt/c/Users/Admin/OneDrive/2026-summer/STOB_semiconductor_pim/STOB_PIM2/rtl/fp16_mul.sv
6. Executing Verilog-2005 frontend: /mnt/c/Users/Admin/OneDrive/2026-summer/STOB_semiconductor_pim/STOB_PIM2/rtl/fp16_vector_add.sv
7. Executing Verilog-2005 frontend: /mnt/c/Users/Admin/OneDrive/2026-summer/STOB_semiconductor_pim/STOB_PIM2/rtl/pim_vector_alu.sv
8. Executing Verilog-2005 frontend: /mnt/c/Users/Admin/OneDrive/2026-summer/STOB_semiconductor_pim/STOB_PIM2/rtl/pim_crf.sv
9. Executing Verilog-2005 frontend: /mnt/c/Users/Admin/OneDrive/2026-summer/STOB_semiconductor_pim/STOB_PIM2/rtl/dram_bank_array_model.sv
10. Executing Verilog-2005 frontend: /mnt/c/Users/Admin/OneDrive/2026-summer/STOB_semiconductor_pim/STOB_PIM2/rtl/bank_pim_core.sv
11. Executing Verilog-2005 frontend: /mnt/c/Users/Admin/OneDrive/2026-summer/STOB_semiconductor_pim/STOB_PIM2/rtl/bank_side_pim_subsystem.sv
12. Executing Verilog-2005 frontend: /mnt/c/Users/Admin/OneDrive/2026-summer/STOB_semiconductor_pim/STOB_PIM2/rtl/logic_die_link_arbiter.sv
13. Executing Verilog-2005 frontend: /mnt/c/Users/Admin/OneDrive/2026-summer/STOB_semiconductor_pim/STOB_PIM2/rtl/channel_tsv_interconnect.sv
14. Executing Verilog-2005 frontend: /mnt/c/Users/Admin/OneDrive/2026-summer/STOB_semiconductor_pim/STOB_PIM2/rtl/logic_epoch_barrier.sv
15. Executing Verilog-2005 frontend: /mnt/c/Users/Admin/OneDrive/2026-summer/STOB_semiconductor_pim/STOB_PIM2/rtl/logic_shared_buffer.sv
16. Executing Verilog-2005 frontend: /mnt/c/Users/Admin/OneDrive/2026-summer/STOB_semiconductor_pim/STOB_PIM2/rtl/logic_pcu.sv
17. Executing Verilog-2005 frontend: /mnt/c/Users/Admin/OneDrive/2026-summer/STOB_semiconductor_pim/STOB_PIM2/rtl/logic_pcu_scheduler.sv
18. Executing Verilog-2005 frontend: /mnt/c/Users/Admin/OneDrive/2026-summer/STOB_semiconductor_pim/STOB_PIM2/rtl/logic_command_coalescer.sv
19. Executing Verilog-2005 frontend: /mnt/c/Users/Admin/OneDrive/2026-summer/STOB_semiconductor_pim/STOB_PIM2/rtl/logic_operand_context_buffer.sv
20. Executing Verilog-2005 frontend: /mnt/c/Users/Admin/OneDrive/2026-summer/STOB_semiconductor_pim/STOB_PIM2/rtl/cross_channel_reduction_network.sv
21. Executing Verilog-2005 frontend: /mnt/c/Users/Admin/OneDrive/2026-summer/STOB_semiconductor_pim/STOB_PIM2/rtl/logic_result_router.sv
22. Executing Verilog-2005 frontend: /mnt/c/Users/Admin/OneDrive/2026-summer/STOB_semiconductor_pim/STOB_PIM2/rtl/logic_die_pim_top.sv
23. Executing Verilog-2005 frontend: /mnt/c/Users/Admin/OneDrive/2026-summer/STOB_semiconductor_pim/STOB_PIM2/rtl/fp16_rsqrt_lut256.sv
24. Executing Verilog-2005 frontend: /mnt/c/Users/Admin/OneDrive/2026-summer/STOB_semiconductor_pim/STOB_PIM2/rtl/logic_normalization_scalar_engine.sv
25. Executing Verilog-2005 frontend: /mnt/c/Users/Admin/OneDrive/2026-summer/STOB_semiconductor_pim/STOB_PIM2/rtl/logic_normalization_reduction_engine.sv
26. Executing Verilog-2005 frontend: /mnt/c/Users/Admin/OneDrive/2026-summer/STOB_semiconductor_pim/STOB_PIM2/rtl/full_pim_system_top.sv
27. Executing Verilog-2005 frontend: /home/chandler/OpenROAD-flow-scripts/flow/platforms/sky130hd/cells_clkgate_hd.v
28. Executing AST frontend in derive mode using pre-parsed AST for module `\full_pim_system_top'.
29. Executing AST frontend in derive mode using pre-parsed AST for module `\full_pim_system_top'.
30. Executing AST frontend in derive mode using pre-parsed AST for module `\full_pim_system_top'.
31. Executing AST frontend in derive mode using pre-parsed AST for module `\full_pim_system_top'.
32. Executing AST frontend in derive mode using pre-parsed AST for module `\full_pim_system_top'.
33. Executing AST frontend in derive mode using pre-parsed AST for module `\full_pim_system_top'.
34. Executing AST frontend in derive mode using pre-parsed AST for module `\full_pim_system_top'.
35. Executing AST frontend in derive mode using pre-parsed AST for module `\full_pim_system_top'.
36. Executing AST frontend in derive mode using pre-parsed AST for module `\full_pim_system_top'.
37. Executing AST frontend in derive mode using pre-parsed AST for module `\full_pim_system_top'.
38. Executing AST frontend in derive mode using pre-parsed AST for module `\full_pim_system_top'.
39. Executing HIERARCHY pass (managing design hierarchy).
40. Executing AST frontend in derive mode using pre-parsed AST for module `\full_pim_system_top'.
40.1. Analyzing design hierarchy..
40.2. Executing AST frontend in derive mode using pre-parsed AST for module `\logic_die_pim_top'.
40.3. Executing AST frontend in derive mode using pre-parsed AST for module `\logic_die_link_arbiter'.
40.4. Executing AST frontend in derive mode using pre-parsed AST for module `\bank_side_pim_subsystem'.
40.5. Executing AST frontend in derive mode using pre-parsed AST for module `\logic_result_router'.
40.6. Executing AST frontend in derive mode using pre-parsed AST for module `\channel_tsv_interconnect'.
40.7. Executing AST frontend in derive mode using pre-parsed AST for module `\logic_die_link_arbiter'.
40.8. Analyzing design hierarchy..
40.9. Analyzing design hierarchy..
40.10. Executing AST frontend in derive mode using pre-parsed AST for module `\cross_channel_reduction_network'.
40.11. Executing AST frontend in derive mode using pre-parsed AST for module `\logic_pcu_scheduler'.
40.12. Executing AST frontend in derive mode using pre-parsed AST for module `\logic_operand_context_buffer'.
Warning: Replacing memory \accum_q with list of registers. See /mnt/c/Users/Admin/OneDrive/2026-summer/STOB_semiconductor_pim/STOB_PIM2/rtl/logic_operand_context_buffer.sv:54
Warning: Replacing memory \src2_q with list of registers. See /mnt/c/Users/Admin/OneDrive/2026-summer/STOB_semiconductor_pim/STOB_PIM2/rtl/logic_operand_context_buffer.sv:53
Warning: Replacing memory \src1_q with list of registers. See /mnt/c/Users/Admin/OneDrive/2026-summer/STOB_semiconductor_pim/STOB_PIM2/rtl/logic_operand_context_buffer.sv:52
Warning: Replacing memory \src0_q with list of registers. See /mnt/c/Users/Admin/OneDrive/2026-summer/STOB_semiconductor_pim/STOB_PIM2/rtl/logic_operand_context_buffer.sv:51
Warning: Replacing memory \precision_q with list of registers. See /mnt/c/Users/Admin/OneDrive/2026-summer/STOB_semiconductor_pim/STOB_PIM2/rtl/logic_operand_context_buffer.sv:50
Warning: Replacing memory \tag_q with list of registers. See /mnt/c/Users/Admin/OneDrive/2026-summer/STOB_semiconductor_pim/STOB_PIM2/rtl/logic_operand_context_buffer.sv:49
40.13. Executing AST frontend in derive mode using pre-parsed AST for module `\logic_shared_buffer'.
Warning: Replacing memory \memory with list of registers. See /mnt/c/Users/Admin/OneDrive/2026-summer/STOB_semiconductor_pim/STOB_PIM2/rtl/logic_shared_buffer.sv:37
40.14. Executing AST frontend in derive mode using pre-parsed AST for module `\logic_epoch_barrier'.
40.15. Executing AST frontend in derive mode using pre-parsed AST for module `\logic_command_coalescer'.
Warning: Replacing memory \expected_q with list of registers. See /mnt/c/Users/Admin/OneDrive/2026-summer/STOB_semiconductor_pim/STOB_PIM2/rtl/logic_command_coalescer.sv:85
Warning: Replacing memory \command_q with list of registers. See /mnt/c/Users/Admin/OneDrive/2026-summer/STOB_semiconductor_pim/STOB_PIM2/rtl/logic_command_coalescer.sv:84
Warning: Replacing memory \signature_q with list of registers. See /mnt/c/Users/Admin/OneDrive/2026-summer/STOB_semiconductor_pim/STOB_PIM2/rtl/logic_command_coalescer.sv:83
Warning: Replacing memory \ordinal_q with list of registers. See /mnt/c/Users/Admin/OneDrive/2026-summer/STOB_semiconductor_pim/STOB_PIM2/rtl/logic_command_coalescer.sv:82
Warning: Replacing memory \epoch_q with list of registers. See /mnt/c/Users/Admin/OneDrive/2026-summer/STOB_semiconductor_pim/STOB_PIM2/rtl/logic_command_coalescer.sv:81
Warning: Replacing memory \mask_q with list of registers. See /mnt/c/Users/Admin/OneDrive/2026-summer/STOB_semiconductor_pim/STOB_PIM2/rtl/logic_command_coalescer.sv:78
40.16. Executing AST frontend in derive mode using pre-parsed AST for module `\bank_pim_core'.
Warning: Replacing memory \grf_a with list of registers. See /mnt/c/Users/Admin/OneDrive/2026-summer/STOB_semiconductor_pim/STOB_PIM2/rtl/bank_pim_core.sv:124
Warning: Replacing memory \grf_b with list of registers. See /mnt/c/Users/Admin/OneDrive/2026-summer/STOB_semiconductor_pim/STOB_PIM2/rtl/bank_pim_core.sv:123
40.17. Executing AST frontend in derive mode using pre-parsed AST for module `\pim_command_decoder'.
40.18. Executing AST frontend in derive mode using pre-parsed AST for module `\pim_crf'.
Warning: Replacing memory \memory with list of registers. See /mnt/c/Users/Admin/OneDrive/2026-summer/STOB_semiconductor_pim/STOB_PIM2/rtl/pim_crf.sv:53
40.19. Executing AST frontend in derive mode using pre-parsed AST for module `\dram_bank_array_model'.
Warning: Replacing memory \memory with list of registers. See /mnt/c/Users/Admin/OneDrive/2026-summer/STOB_semiconductor_pim/STOB_PIM2/rtl/dram_bank_array_model.sv:172
40.20. Analyzing design hierarchy..
40.21. Executing AST frontend in derive mode using pre-parsed AST for module `\fp16_vector_add'.
40.22. Executing AST frontend in derive mode using pre-parsed AST for module `\logic_pcu'.
40.23. Executing AST frontend in derive mode using pre-parsed AST for module `\pim_vector_alu'.
40.24. Analyzing design hierarchy..
40.25. Executing AST frontend in derive mode using pre-parsed AST for module `\fp16_add'.
40.26. Executing AST frontend in derive mode using pre-parsed AST for module `\fp16_mul'.
40.27. Analyzing design hierarchy..
40.28. Analyzing design hierarchy..
41. Executing OPT_CLEAN pass (remove unused cells and wires).
Warning: Ignoring module $paramod$2a1f6da2cdb64d7e632283afe02f3a8a1121a354\logic_pcu because it contains processes (run 'proc' command first).
Warning: Ignoring module $paramod$145884200132e0acf361f3b623e3c05b1b18ad8b\dram_bank_array_model because it contains processes (run 'proc' command first).
Warning: Ignoring module $paramod\pim_crf\DEPTH=32'00000000000000000000000000000010 because it contains processes (run 'proc' command first).
Warning: Ignoring module pim_command_decoder because it contains processes (run 'proc' command first).
Warning: Ignoring module $paramod$4f71396eede93dc2105d68c262aac327633e4f66\bank_pim_core because it contains processes (run 'proc' command first).
Warning: Ignoring module $paramod\logic_command_coalescer\CHANNELS=32'00000000000000000000000000000001 because it contains processes (run 'proc' command first).
Warning: Ignoring module $paramod$71d47b5ce33143519e8cc5af0c2167f71d3a6413\logic_epoch_barrier because it contains processes (run 'proc' command first).
Warning: Ignoring module $paramod$4ca364aa24c160c7b616e4c35486696cf8b910b6\logic_shared_buffer because it contains processes (run 'proc' command first).
Warning: Ignoring module $paramod$e2122496c836f66e82fe6acb8c5d6be1a2f40053\logic_operand_context_buffer because it contains processes (run 'proc' command first).
Warning: Ignoring module $paramod$ad5d657a4795afe2018b20e9cb7761c016f26fd8\cross_channel_reduction_network because it contains processes (run 'proc' command first).
Warning: Ignoring module $paramod$3da37a96703b50610107715ffe5bba2dba9336fc\channel_tsv_interconnect because it contains processes (run 'proc' command first).
Warning: Ignoring module $paramod$e75d1d40aa5510c506b0f91fa3b1dd6947b98d5e\logic_result_router because it contains processes (run 'proc' command first).
Warning: Ignoring module $paramod$5af3aa70cb83a39f84f22bfd3fa32a07f7888ccc\logic_die_link_arbiter because it contains processes (run 'proc' command first).
Warning: Ignoring module $paramod$ff25c87410d3a4b2bcb9fc54b2c1042b88c09a97\logic_die_pim_top because it contains processes (run 'proc' command first).
Warning: Ignoring module $paramod$8561ce8c4209784b03f61c3da9af23bb9fae896a\logic_die_link_arbiter because it contains processes (run 'proc' command first).
Warning: Ignoring module fp16_mul because it contains processes (run 'proc' command first).
Warning: Ignoring module fp16_add because it contains processes (run 'proc' command first).
Warning: Ignoring module $paramod\pim_vector_alu\DATA_WIDTH=32'00000000000000000000000000010000 because it contains processes (run 'proc' command first).
42. Executing RTLIL backend.
Warnings: 35 unique messages, 35 total
End of script. Logfile hash: 437c444d5d, time: 1.54s, user: 0.57s, system: 0.16s, MEM: 69.62 MB peak
Yosys 0.68+48 (git sha1 ff5817c34-dirty, Release, Clang /usr/bin/clang++ 21.1.8)
Time spent: 55% 1x hierarchy (0 sec), 19% 2x write_rtlil (0 sec), ...
Elapsed time: 0:01.57[h:]min:sec. CPU time: user 0.60 sys 0.17 (48%). Peak memory: 71416KB.
Log                       Ext     Elapsed/s Peak Memory/MB sha1sum result [0:20)
1_1_yosys_canonicalize    .rtlil          1             69 4755bb1f43296da117cb
/home/chandler/OpenROAD-flow-scripts/flow/scripts/synth.sh /home/chandler/OpenROAD-flow-scripts/flow/scripts/synth.tcl /mnt/c/Users/Admin/OneDrive/2026-summer/STOB_semiconductor_pim/STOB_PIM2/b1_logic_die_experiment/orfs/logs/sky130hd/b1_logic_die_baseline/base/1_2_yosys.log
Using ABC speed script.
Extracting clock period from SDC file: /mnt/c/Users/Admin/OneDrive/2026-summer/STOB_semiconductor_pim/STOB_PIM2/b1_logic_die_experiment/orfs/results/sky130hd/b1_logic_die_baseline/base/clock_period.txt
Setting clock period to 10.0
1. Executing RTLIL frontend.
2. Executing HIERARCHY pass (managing design hierarchy).
2.1. Analyzing design hierarchy..
2.2. Analyzing design hierarchy..
3. Executing SYNTH pass.
3.1. Executing HIERARCHY pass (managing design hierarchy).
3.1.1. Analyzing design hierarchy..
3.1.2. Analyzing design hierarchy..
3.2. Executing PROC pass (convert processes to netlists).
3.2.1. Executing PROC_CLEAN pass (remove empty switches from decision trees).
3.2.2. Executing PROC_RMDEAD pass (remove dead branches from decision trees).
3.2.3. Executing PROC_PRUNE pass (remove redundant assignments in processes).
3.2.4. Executing PROC_INIT pass (extract init attributes).
3.2.5. Executing PROC_ARST pass (detect async resets in processes).
3.2.6. Executing PROC_ROM pass (convert switches to ROMs).
3.2.7. Executing PROC_MUX pass (convert decision trees to multiplexers).
3.2.8. Executing PROC_DLATCH pass (convert process syncs to latches).
Warning: Latch inferred for signal `$paramod$4f71396eede93dc2105d68c262aac327633e4f66\bank_pim_core.\operand_value$func$/mnt/c/Users/Admin/OneDrive/2026-summer/STOB_semiconductor_pim/STOB_PIM2/rtl/bank_pim_core.sv:86$11178.$fordecl_block$5611.lane [0]' from process `$paramod$4f71396eede93dc2105d68c262aac327633e4f66\bank_pim_core.$proc$/mnt/c/Users/Admin/OneDrive/2026-summer/STOB_semiconductor_pim/STOB_PIM2/rtl/bank_pim_core.sv:85$11196': $auto$proc_dlatch.cc:545:proc_dlatch$120296
Warning: Latch inferred for signal `$paramod$4f71396eede93dc2105d68c262aac327633e4f66\bank_pim_core.\operand_value$func$/mnt/c/Users/Admin/OneDrive/2026-summer/STOB_semiconductor_pim/STOB_PIM2/rtl/bank_pim_core.sv:86$11178.$fordecl_block$5611.lane [31:1]' from process `$paramod$4f71396eede93dc2105d68c262aac327633e4f66\bank_pim_core.$proc$/mnt/c/Users/Admin/OneDrive/2026-summer/STOB_semiconductor_pim/STOB_PIM2/rtl/bank_pim_core.sv:85$11196': $auto$proc_dlatch.cc:543:proc_dlatch$120305
Warning: Latch inferred for signal `$paramod$4f71396eede93dc2105d68c262aac327633e4f66\bank_pim_core.\operand_value$func$/mnt/c/Users/Admin/OneDrive/2026-summer/STOB_semiconductor_pim/STOB_PIM2/rtl/bank_pim_core.sv:86$11178.$fordecl_block$5613.lane [0]' from process `$paramod$4f71396eede93dc2105d68c262aac327633e4f66\bank_pim_core.$proc$/mnt/c/Users/Admin/OneDrive/2026-summer/STOB_semiconductor_pim/STOB_PIM2/rtl/bank_pim_core.sv:85$11196': $auto$proc_dlatch.cc:545:proc_dlatch$120338
Warning: Latch inferred for signal `$paramod$4f71396eede93dc2105d68c262aac327633e4f66\bank_pim_core.\operand_value$func$/mnt/c/Users/Admin/OneDrive/2026-summer/STOB_semiconductor_pim/STOB_PIM2/rtl/bank_pim_core.sv:86$11178.$fordecl_block$5613.lane [31:1]' from process `$paramod$4f71396eede93dc2105d68c262aac327633e4f66\bank_pim_core.$proc$/mnt/c/Users/Admin/OneDrive/2026-summer/STOB_semiconductor_pim/STOB_PIM2/rtl/bank_pim_core.sv:85$11196': $auto$proc_dlatch.cc:543:proc_dlatch$120385
Warning: Latch inferred for signal `$paramod$4f71396eede93dc2105d68c262aac327633e4f66\bank_pim_core.\operand_value$func$/mnt/c/Users/Admin/OneDrive/2026-summer/STOB_semiconductor_pim/STOB_PIM2/rtl/bank_pim_core.sv:87$11179.$fordecl_block$5611.lane [0]' from process `$paramod$4f71396eede93dc2105d68c262aac327633e4f66\bank_pim_core.$proc$/mnt/c/Users/Admin/OneDrive/2026-summer/STOB_semiconductor_pim/STOB_PIM2/rtl/bank_pim_core.sv:85$11196': $auto$proc_dlatch.cc:545:proc_dlatch$120388
Warning: Latch inferred for signal `$paramod$4f71396eede93dc2105d68c262aac327633e4f66\bank_pim_core.\operand_value$func$/mnt/c/Users/Admin/OneDrive/2026-summer/STOB_semiconductor_pim/STOB_PIM2/rtl/bank_pim_core.sv:87$11179.$fordecl_block$5611.lane [31:1]' from process `$paramod$4f71396eede93dc2105d68c262aac327633e4f66\bank_pim_core.$proc$/mnt/c/Users/Admin/OneDrive/2026-summer/STOB_semiconductor_pim/STOB_PIM2/rtl/bank_pim_core.sv:85$11196': $auto$proc_dlatch.cc:543:proc_dlatch$120397
Warning: Latch inferred for signal `$paramod$4f71396eede93dc2105d68c262aac327633e4f66\bank_pim_core.\operand_value$func$/mnt/c/Users/Admin/OneDrive/2026-summer/STOB_semiconductor_pim/STOB_PIM2/rtl/bank_pim_core.sv:87$11179.$fordecl_block$5613.lane [0]' from process `$paramod$4f71396eede93dc2105d68c262aac327633e4f66\bank_pim_core.$proc$/mnt/c/Users/Admin/OneDrive/2026-summer/STOB_semiconductor_pim/STOB_PIM2/rtl/bank_pim_core.sv:85$11196': $auto$proc_dlatch.cc:545:proc_dlatch$120430
Warning: Latch inferred for signal `$paramod$4f71396eede93dc2105d68c262aac327633e4f66\bank_pim_core.\operand_value$func$/mnt/c/Users/Admin/OneDrive/2026-summer/STOB_semiconductor_pim/STOB_PIM2/rtl/bank_pim_core.sv:87$11179.$fordecl_block$5613.lane [31:1]' from process `$paramod$4f71396eede93dc2105d68c262aac327633e4f66\bank_pim_core.$proc$/mnt/c/Users/Admin/OneDrive/2026-summer/STOB_semiconductor_pim/STOB_PIM2/rtl/bank_pim_core.sv:85$11196': $auto$proc_dlatch.cc:543:proc_dlatch$120477
Warning: Latch inferred for signal `$paramod$4f71396eede93dc2105d68c262aac327633e4f66\bank_pim_core.\operand_value$func$/mnt/c/Users/Admin/OneDrive/2026-summer/STOB_semiconductor_pim/STOB_PIM2/rtl/bank_pim_core.sv:88$11180.$fordecl_block$5611.lane [0]' from process `$paramod$4f71396eede93dc2105d68c262aac327633e4f66\bank_pim_core.$proc$/mnt/c/Users/Admin/OneDrive/2026-summer/STOB_semiconductor_pim/STOB_PIM2/rtl/bank_pim_core.sv:85$11196': $auto$proc_dlatch.cc:545:proc_dlatch$120480
Warning: Latch inferred for signal `$paramod$4f71396eede93dc2105d68c262aac327633e4f66\bank_pim_core.\operand_value$func$/mnt/c/Users/Admin/OneDrive/2026-summer/STOB_semiconductor_pim/STOB_PIM2/rtl/bank_pim_core.sv:88$11180.$fordecl_block$5611.lane [31:1]' from process `$paramod$4f71396eede93dc2105d68c262aac327633e4f66\bank_pim_core.$proc$/mnt/c/Users/Admin/OneDrive/2026-summer/STOB_semiconductor_pim/STOB_PIM2/rtl/bank_pim_core.sv:85$11196': $auto$proc_dlatch.cc:543:proc_dlatch$120489
Warning: Latch inferred for signal `$paramod$4f71396eede93dc2105d68c262aac327633e4f66\bank_pim_core.\operand_value$func$/mnt/c/Users/Admin/OneDrive/2026-summer/STOB_semiconductor_pim/STOB_PIM2/rtl/bank_pim_core.sv:88$11180.$fordecl_block$5613.lane [0]' from process `$paramod$4f71396eede93dc2105d68c262aac327633e4f66\bank_pim_core.$proc$/mnt/c/Users/Admin/OneDrive/2026-summer/STOB_semiconductor_pim/STOB_PIM2/rtl/bank_pim_core.sv:85$11196': $auto$proc_dlatch.cc:545:proc_dlatch$120522
Warning: Latch inferred for signal `$paramod$4f71396eede93dc2105d68c262aac327633e4f66\bank_pim_core.\operand_value$func$/mnt/c/Users/Admin/OneDrive/2026-summer/STOB_semiconductor_pim/STOB_PIM2/rtl/bank_pim_core.sv:88$11180.$fordecl_block$5613.lane [31:1]' from process `$paramod$4f71396eede93dc2105d68c262aac327633e4f66\bank_pim_core.$proc$/mnt/c/Users/Admin/OneDrive/2026-summer/STOB_semiconductor_pim/STOB_PIM2/rtl/bank_pim_core.sv:85$11196': $auto$proc_dlatch.cc:543:proc_dlatch$120569
Warning: Latch inferred for signal `$paramod$4f71396eede93dc2105d68c262aac327633e4f66\bank_pim_core.\operand_value$func$/mnt/c/Users/Admin/OneDrive/2026-summer/STOB_semiconductor_pim/STOB_PIM2/rtl/bank_pim_core.sv:89$11181.$fordecl_block$5611.lane [0]' from process `$paramod$4f71396eede93dc2105d68c262aac327633e4f66\bank_pim_core.$proc$/mnt/c/Users/Admin/OneDrive/2026-summer/STOB_semiconductor_pim/STOB_PIM2/rtl/bank_pim_core.sv:85$11196': $auto$proc_dlatch.cc:545:proc_dlatch$120572
Warning: Latch inferred for signal `$paramod$4f71396eede93dc2105d68c262aac327633e4f66\bank_pim_core.\operand_value$func$/mnt/c/Users/Admin/OneDrive/2026-summer/STOB_semiconductor_pim/STOB_PIM2/rtl/bank_pim_core.sv:89$11181.$fordecl_block$5611.lane [31:1]' from process `$paramod$4f71396eede93dc2105d68c262aac327633e4f66\bank_pim_core.$proc$/mnt/c/Users/Admin/OneDrive/2026-summer/STOB_semiconductor_pim/STOB_PIM2/rtl/bank_pim_core.sv:85$11196': $auto$proc_dlatch.cc:543:proc_dlatch$120581
Warning: Latch inferred for signal `$paramod$4f71396eede93dc2105d68c262aac327633e4f66\bank_pim_core.\operand_value$func$/mnt/c/Users/Admin/OneDrive/2026-summer/STOB_semiconductor_pim/STOB_PIM2/rtl/bank_pim_core.sv:89$11181.$fordecl_block$5613.lane [0]' from process `$paramod$4f71396eede93dc2105d68c262aac327633e4f66\bank_pim_core.$proc$/mnt/c/Users/Admin/OneDrive/2026-summer/STOB_semiconductor_pim/STOB_PIM2/rtl/bank_pim_core.sv:85$11196': $auto$proc_dlatch.cc:545:proc_dlatch$120614
Warning: Latch inferred for signal `$paramod$4f71396eede93dc2105d68c262aac327633e4f66\bank_pim_core.\operand_value$func$/mnt/c/Users/Admin/OneDrive/2026-summer/STOB_semiconductor_pim/STOB_PIM2/rtl/bank_pim_core.sv:89$11181.$fordecl_block$5613.lane [31:1]' from process `$paramod$4f71396eede93dc2105d68c262aac327633e4f66\bank_pim_core.$proc$/mnt/c/Users/Admin/OneDrive/2026-summer/STOB_semiconductor_pim/STOB_PIM2/rtl/bank_pim_core.sv:85$11196': $auto$proc_dlatch.cc:543:proc_dlatch$120661
Warning: Latch inferred for signal `$paramod$4f71396eede93dc2105d68c262aac327633e4f66\bank_pim_core.$fordecl_block$5615.lane [0]' from process `$paramod$4f71396eede93dc2105d68c262aac327633e4f66\bank_pim_core.$proc$/mnt/c/Users/Admin/OneDrive/2026-summer/STOB_semiconductor_pim/STOB_PIM2/rtl/bank_pim_core.sv:85$11196': $auto$proc_dlatch.cc:545:proc_dlatch$120664
Warning: Latch inferred for signal `$paramod$4f71396eede93dc2105d68c262aac327633e4f66\bank_pim_core.$fordecl_block$5615.lane [31:1]' from process `$paramod$4f71396eede93dc2105d68c262aac327633e4f66\bank_pim_core.$proc$/mnt/c/Users/Admin/OneDrive/2026-summer/STOB_semiconductor_pim/STOB_PIM2/rtl/bank_pim_core.sv:85$11196': $auto$proc_dlatch.cc:543:proc_dlatch$120673
Warning: Latch inferred for signal `$paramod$3da37a96703b50610107715ffe5bba2dba9336fc\channel_tsv_interconnect.$unnamed_block$5626.$fordecl_block$5620.$for_loop$5621[0].$unnamed_block$5625.$fordecl_block$5622.offset [0]' from process `$paramod$3da37a96703b50610107715ffe5bba2dba9336fc\channel_tsv_interconnect.$proc$/mnt/c/Users/Admin/OneDrive/2026-summer/STOB_semiconductor_pim/STOB_PIM2/rtl/channel_tsv_interconnect.sv:27$6051': $auto$proc_dlatch.cc:545:proc_dlatch$120678
Warning: Latch inferred for signal `$paramod$3da37a96703b50610107715ffe5bba2dba9336fc\channel_tsv_interconnect.$unnamed_block$5626.$fordecl_block$5620.$for_loop$5621[0].$unnamed_block$5625.$fordecl_block$5622.offset [31:1]' from process `$paramod$3da37a96703b50610107715ffe5bba2dba9336fc\channel_tsv_interconnect.$proc$/mnt/c/Users/Admin/OneDrive/2026-summer/STOB_semiconductor_pim/STOB_PIM2/rtl/channel_tsv_interconnect.sv:27$6051': $auto$proc_dlatch.cc:543:proc_dlatch$120687
Warning: Latch inferred for signal `$paramod$3da37a96703b50610107715ffe5bba2dba9336fc\channel_tsv_interconnect.$unnamed_block$5626.$fordecl_block$5620.$for_loop$5621[0].$unnamed_block$5625.$fordecl_block$5622.$for_loop$5623[0].$unnamed_block$5624.candidate' from process `$paramod$3da37a96703b50610107715ffe5bba2dba9336fc\channel_tsv_interconnect.$proc$/mnt/c/Users/Admin/OneDrive/2026-summer/STOB_semiconductor_pim/STOB_PIM2/rtl/channel_tsv_interconnect.sv:27$6051': $auto$proc_dlatch.cc:547:proc_dlatch$120698
Warning: Latch inferred for signal `$paramod$3da37a96703b50610107715ffe5bba2dba9336fc\channel_tsv_interconnect.$unnamed_block$5626.$fordecl_block$5620.$for_loop$5621[1].$unnamed_block$5625.$fordecl_block$5622.offset [0]' from process `$paramod$3da37a96703b50610107715ffe5bba2dba9336fc\channel_tsv_interconnect.$proc$/mnt/c/Users/Admin/OneDrive/2026-summer/STOB_semiconductor_pim/STOB_PIM2/rtl/channel_tsv_interconnect.sv:27$6051': $auto$proc_dlatch.cc:545:proc_dlatch$120701
Warning: Latch inferred for signal `$paramod$3da37a96703b50610107715ffe5bba2dba9336fc\channel_tsv_interconnect.$unnamed_block$5626.$fordecl_block$5620.$for_loop$5621[1].$unnamed_block$5625.$fordecl_block$5622.offset [31:1]' from process `$paramod$3da37a96703b50610107715ffe5bba2dba9336fc\channel_tsv_interconnect.$proc$/mnt/c/Users/Admin/OneDrive/2026-summer/STOB_semiconductor_pim/STOB_PIM2/rtl/channel_tsv_interconnect.sv:27$6051': $auto$proc_dlatch.cc:543:proc_dlatch$120710
Warning: Latch inferred for signal `$paramod$3da37a96703b50610107715ffe5bba2dba9336fc\channel_tsv_interconnect.$unnamed_block$5626.$fordecl_block$5620.$for_loop$5621[1].$unnamed_block$5625.$fordecl_block$5622.$for_loop$5623[0].$unnamed_block$5624.candidate' from process `$paramod$3da37a96703b50610107715ffe5bba2dba9336fc\channel_tsv_interconnect.$proc$/mnt/c/Users/Admin/OneDrive/2026-summer/STOB_semiconductor_pim/STOB_PIM2/rtl/channel_tsv_interconnect.sv:27$6051': $auto$proc_dlatch.cc:547:proc_dlatch$120721
Warning: Latch inferred for signal `$paramod\pim_vector_alu\DATA_WIDTH=32'00000000000000000000000000010000.$fordecl_block$5599.lane' from process `$paramod\pim_vector_alu\DATA_WIDTH=32'00000000000000000000000000010000.$proc$/mnt/c/Users/Admin/OneDrive/2026-summer/STOB_semiconductor_pim/STOB_PIM2/rtl/pim_vector_alu.sv:33$11926': $auto$proc_dlatch.cc:543:proc_dlatch$120726
3.2.9. Executing PROC_DFF pass (convert process syncs to FFs).
3.2.10. Executing PROC_MEMWR pass (convert process memory writes to cells).
3.2.11. Executing PROC_CLEAN pass (remove empty switches from decision trees).
3.2.12. Executing OPT_EXPR pass (perform const folding).
3.3. Executing CHECK pass (checking for obvious problems).
3.4. Executing FLATTEN pass (flatten design).
3.5. Executing OPT_EXPR pass (perform const folding).
3.6. Executing OPT_CLEAN pass (remove unused cells and wires).
3.7. Executing CHECK pass (checking for obvious problems).
3.8. Executing OPT pass (performing simple optimizations).
3.8.1. Executing OPT_EXPR pass (perform const folding).
3.8.2. Executing OPT_MERGE pass (detect identical cells).
3.8.3. Executing OPT_MUXTREE pass (detect dead branches in mux trees).
3.8.4. Executing OPT_REDUCE pass (consolidate $*mux and $reduce_* inputs).
3.8.5. Executing OPT_MERGE pass (detect identical cells).
3.8.6. Executing OPT_DFF pass (perform DFF optimizations).
3.8.7. Executing OPT_CLEAN pass (remove unused cells and wires).
3.8.8. Executing OPT_EXPR pass (perform const folding).
3.8.9. Rerunning OPT passes. (Maybe there is more to do..)
3.8.10. Executing OPT_MUXTREE pass (detect dead branches in mux trees).
3.8.11. Executing OPT_REDUCE pass (consolidate $*mux and $reduce_* inputs).
3.8.12. Executing OPT_MERGE pass (detect identical cells).
3.8.13. Executing OPT_DFF pass (perform DFF optimizations).
3.8.14. Executing OPT_CLEAN pass (remove unused cells and wires).
3.8.15. Executing OPT_EXPR pass (perform const folding).
3.8.16. Rerunning OPT passes. (Maybe there is more to do..)
3.8.17. Executing OPT_MUXTREE pass (detect dead branches in mux trees).
3.8.18. Executing OPT_REDUCE pass (consolidate $*mux and $reduce_* inputs).
3.8.19. Executing OPT_MERGE pass (detect identical cells).
3.8.20. Executing OPT_DFF pass (perform DFF optimizations).
3.8.21. Executing OPT_CLEAN pass (remove unused cells and wires).
3.8.22. Executing OPT_EXPR pass (perform const folding).
3.8.23. Finished fast OPT passes. (There is nothing left to do.)
3.9. Executing FSM pass (extract and optimize FSM).
3.9.1. Executing FSM_DETECT pass (finding FSMs in design).
3.9.2. Executing FSM_EXTRACT pass (extracting FSM from design).
3.9.3. Executing FSM_OPT pass (simple optimizations of FSMs).
3.9.4. Executing OPT_CLEAN pass (remove unused cells and wires).
3.9.5. Executing FSM_OPT pass (simple optimizations of FSMs).
3.9.6. Executing FSM_RECODE pass (re-assigning FSM state encoding).
3.9.7. Executing FSM_INFO pass (dumping all available information on FSM cells).
3.9.8. Executing FSM_MAP pass (mapping FSMs to basic logic).
3.10. Executing OPT pass (performing simple optimizations).
3.10.1. Executing OPT_EXPR pass (perform const folding).
3.10.2. Executing OPT_MERGE pass (detect identical cells).
3.10.3. Executing OPT_MUXTREE pass (detect dead branches in mux trees).
3.10.4. Executing OPT_REDUCE pass (consolidate $*mux and $reduce_* inputs).
3.10.5. Executing OPT_MERGE pass (detect identical cells).
3.10.6. Executing OPT_DFF pass (perform DFF optimizations).
3.10.7. Executing OPT_CLEAN pass (remove unused cells and wires).
3.10.8. Executing OPT_EXPR pass (perform const folding).
3.10.9. Rerunning OPT passes. (Maybe there is more to do..)
3.10.10. Executing OPT_MUXTREE pass (detect dead branches in mux trees).
3.10.11. Executing OPT_REDUCE pass (consolidate $*mux and $reduce_* inputs).
3.10.12. Executing OPT_MERGE pass (detect identical cells).
3.10.13. Executing OPT_DFF pass (perform DFF optimizations).
3.10.14. Executing OPT_CLEAN pass (remove unused cells and wires).
3.10.15. Executing OPT_EXPR pass (perform const folding).
3.10.16. Rerunning OPT passes. (Maybe there is more to do..)
3.10.17. Executing OPT_MUXTREE pass (detect dead branches in mux trees).
3.10.18. Executing OPT_REDUCE pass (consolidate $*mux and $reduce_* inputs).
3.10.19. Executing OPT_MERGE pass (detect identical cells).
3.10.20. Executing OPT_DFF pass (perform DFF optimizations).
3.10.21. Executing OPT_CLEAN pass (remove unused cells and wires).
3.10.22. Executing OPT_EXPR pass (perform const folding).
3.10.23. Rerunning OPT passes. (Maybe there is more to do..)
3.10.24. Executing OPT_MUXTREE pass (detect dead branches in mux trees).
3.10.25. Executing OPT_REDUCE pass (consolidate $*mux and $reduce_* inputs).
3.10.26. Executing OPT_MERGE pass (detect identical cells).
3.10.27. Executing OPT_DFF pass (perform DFF optimizations).
3.10.28. Executing OPT_CLEAN pass (remove unused cells and wires).
3.10.29. Executing OPT_EXPR pass (perform const folding).
3.10.30. Finished fast OPT passes. (There is nothing left to do.)
3.11. Executing WREDUCE pass (reducing word size of cells).
3.12. Executing PEEPOPT pass (run peephole optimizers).
3.13. Executing OPT_CLEAN pass (remove unused cells and wires).
3.14. Executing ALUMACC pass (create $alu and $macc cells).
3.15. Executing SHARE pass (SAT-based resource sharing).
3.16. Executing OPT pass (performing simple optimizations).
3.16.1. Executing OPT_EXPR pass (perform const folding).
3.16.2. Executing OPT_MERGE pass (detect identical cells).
3.16.3. Executing OPT_MUXTREE pass (detect dead branches in mux trees).
3.16.4. Executing OPT_REDUCE pass (consolidate $*mux and $reduce_* inputs).
3.16.5. Executing OPT_MERGE pass (detect identical cells).
3.16.6. Executing OPT_DFF pass (perform DFF optimizations).
3.16.7. Executing OPT_CLEAN pass (remove unused cells and wires).
3.16.8. Executing OPT_EXPR pass (perform const folding).
3.16.9. Rerunning OPT passes. (Maybe there is more to do..)
3.16.10. Executing OPT_MUXTREE pass (detect dead branches in mux trees).
3.16.11. Executing OPT_REDUCE pass (consolidate $*mux and $reduce_* inputs).
3.16.12. Executing OPT_MERGE pass (detect identical cells).
3.16.13. Executing OPT_DFF pass (perform DFF optimizations).
3.16.14. Executing OPT_CLEAN pass (remove unused cells and wires).
3.16.15. Executing OPT_EXPR pass (perform const folding).
3.16.16. Rerunning OPT passes. (Maybe there is more to do..)
3.16.17. Executing OPT_MUXTREE pass (detect dead branches in mux trees).
3.16.18. Executing OPT_REDUCE pass (consolidate $*mux and $reduce_* inputs).
3.16.19. Executing OPT_MERGE pass (detect identical cells).
3.16.20. Executing OPT_DFF pass (perform DFF optimizations).
3.16.21. Executing OPT_CLEAN pass (remove unused cells and wires).
3.16.22. Executing OPT_EXPR pass (perform const folding).
3.16.23. Rerunning OPT passes. (Maybe there is more to do..)
3.16.24. Executing OPT_MUXTREE pass (detect dead branches in mux trees).
3.16.25. Executing OPT_REDUCE pass (consolidate $*mux and $reduce_* inputs).
3.16.26. Executing OPT_MERGE pass (detect identical cells).
3.16.27. Executing OPT_DFF pass (perform DFF optimizations).
3.16.28. Executing OPT_CLEAN pass (remove unused cells and wires).
3.16.29. Executing OPT_EXPR pass (perform const folding).
3.16.30. Finished fast OPT passes. (There is nothing left to do.)
3.17. Executing MEMORY pass.
3.17.1. Executing OPT_MEM pass (optimize memories).
3.17.2. Executing OPT_MEM_PRIORITY pass (removing unnecessary memory write priority relations).
3.17.3. Executing OPT_MEM_FEEDBACK pass (finding memory read-to-write feedback paths).
3.17.4. Executing MEMORY_BMUX2ROM pass (converting muxes to ROMs).
3.17.5. Executing MEMORY_DFF pass (merging $dff cells to $memrd).
3.17.6. Executing OPT_CLEAN pass (remove unused cells and wires).
3.17.7. Executing MEMORY_SHARE pass (consolidating $memrd/$memwr cells).
3.17.8. Executing OPT_MEM_WIDEN pass (optimize memories where all ports are wide).
3.17.9. Executing OPT_CLEAN pass (remove unused cells and wires).
3.17.10. Executing MEMORY_COLLECT pass (generating $mem cells).
3.18. Executing OPT_CLEAN pass (remove unused cells and wires).
4. Executing SYNTH pass.
4.1. Executing OPT pass (performing simple optimizations).
4.1.1. Executing OPT_EXPR pass (perform const folding).
4.1.2. Executing OPT_MERGE pass (detect identical cells).
4.1.3. Executing OPT_DFF pass (perform DFF optimizations).
4.1.4. Executing OPT_CLEAN pass (remove unused cells and wires).
4.1.5. Finished fast OPT passes.
4.2. Executing MEMORY_MAP pass (converting memories to logic and flip-flops).
4.3. Executing OPT pass (performing simple optimizations).
4.3.1. Executing OPT_EXPR pass (perform const folding).
4.3.2. Executing OPT_MERGE pass (detect identical cells).
4.3.3. Executing OPT_MUXTREE pass (detect dead branches in mux trees).
4.3.4. Executing OPT_REDUCE pass (consolidate $*mux and $reduce_* inputs).
4.3.5. Executing OPT_MERGE pass (detect identical cells).
4.3.6. Executing OPT_SHARE pass.
4.3.7. Executing OPT_DFF pass (perform DFF optimizations).
4.3.8. Executing OPT_CLEAN pass (remove unused cells and wires).
4.3.9. Executing OPT_EXPR pass (perform const folding).
4.3.10. Rerunning OPT passes. (Maybe there is more to do..)
4.3.11. Executing OPT_MUXTREE pass (detect dead branches in mux trees).
4.3.12. Executing OPT_REDUCE pass (consolidate $*mux and $reduce_* inputs).
4.3.13. Executing OPT_MERGE pass (detect identical cells).
4.3.14. Executing OPT_SHARE pass.
4.3.15. Executing OPT_DFF pass (perform DFF optimizations).
4.3.16. Executing OPT_CLEAN pass (remove unused cells and wires).
4.3.17. Executing OPT_EXPR pass (perform const folding).
4.3.18. Rerunning OPT passes. (Maybe there is more to do..)
4.3.19. Executing OPT_MUXTREE pass (detect dead branches in mux trees).
4.3.20. Executing OPT_REDUCE pass (consolidate $*mux and $reduce_* inputs).
4.3.21. Executing OPT_MERGE pass (detect identical cells).
4.3.22. Executing OPT_SHARE pass.
4.3.23. Executing OPT_DFF pass (perform DFF optimizations).
4.3.24. Executing OPT_CLEAN pass (remove unused cells and wires).
4.3.25. Executing OPT_EXPR pass (perform const folding).
4.3.26. Rerunning OPT passes. (Maybe there is more to do..)
4.3.27. Executing OPT_MUXTREE pass (detect dead branches in mux trees).
4.3.28. Executing OPT_REDUCE pass (consolidate $*mux and $reduce_* inputs).
4.3.29. Executing OPT_MERGE pass (detect identical cells).
4.3.30. Executing OPT_SHARE pass.
4.3.31. Executing OPT_DFF pass (perform DFF optimizations).
4.3.32. Executing OPT_CLEAN pass (remove unused cells and wires).
4.3.33. Executing OPT_EXPR pass (perform const folding).
4.3.34. Finished fast OPT passes. (There is nothing left to do.)
4.4. Executing TECHMAP pass (map to technology primitives).
4.4.1. Executing Verilog-2005 frontend: /home/chandler/.local/oss-cad-suite/lib/../share/yosys/techmap.v
4.4.2. Executing Verilog-2005 frontend: /home/chandler/OpenROAD-flow-scripts/flow/platforms/common/lcu_kogge_stone.v
4.4.3. Continuing TECHMAP pass.
4.4.134. Executing OPT_MUXTREE pass (detect dead branches in mux trees).
4.4.135. Executing OPT_EXPR pass (perform const folding).
4.4.136. Executing OPT_MUXTREE pass (detect dead branches in mux trees).
4.4.137. Executing OPT_EXPR pass (perform const folding).
4.4.153. Executing OPT_MUXTREE pass (detect dead branches in mux trees).
4.4.154. Executing OPT_EXPR pass (perform const folding).
4.5. Executing OPT pass (performing simple optimizations).
4.5.1. Executing OPT_EXPR pass (perform const folding).
4.5.2. Executing OPT_MERGE pass (detect identical cells).
4.5.3. Executing OPT_DFF pass (perform DFF optimizations).
4.5.4. Executing OPT_CLEAN pass (remove unused cells and wires).
4.5.5. Rerunning OPT passes. (Removed registers in this run.)
4.5.6. Executing OPT_EXPR pass (perform const folding).
4.5.7. Executing OPT_MERGE pass (detect identical cells).
4.5.8. Executing OPT_DFF pass (perform DFF optimizations).
4.5.9. Executing OPT_CLEAN pass (remove unused cells and wires).
4.5.10. Rerunning OPT passes. (Removed registers in this run.)
4.5.11. Executing OPT_EXPR pass (perform const folding).
4.5.12. Executing OPT_MERGE pass (detect identical cells).
4.5.13. Executing OPT_DFF pass (perform DFF optimizations).
4.5.14. Executing OPT_CLEAN pass (remove unused cells and wires).
4.5.15. Finished fast OPT passes.
4.6. Executing HIERARCHY pass (managing design hierarchy).
4.6.1. Analyzing design hierarchy..
4.6.2. Analyzing design hierarchy..
4.7. Printing statistics.
4.8. Executing CHECK pass (checking for obvious problems).
5. Executing OPT pass (performing simple optimizations).
5.1. Executing OPT_EXPR pass (perform const folding).
5.2. Executing OPT_MERGE pass (detect identical cells).
5.3. Executing OPT_MUXTREE pass (detect dead branches in mux trees).
5.4. Executing OPT_REDUCE pass (consolidate $*mux and $reduce_* inputs).
5.5. Executing OPT_MERGE pass (detect identical cells).
5.6. Executing OPT_DFF pass (perform DFF optimizations).
5.7. Executing OPT_CLEAN pass (remove unused cells and wires).
5.8. Executing OPT_EXPR pass (perform const folding).
5.9. Rerunning OPT passes. (Maybe there is more to do..)
5.10. Executing OPT_MUXTREE pass (detect dead branches in mux trees).
5.11. Executing OPT_REDUCE pass (consolidate $*mux and $reduce_* inputs).
5.12. Executing OPT_MERGE pass (detect identical cells).
5.13. Executing OPT_DFF pass (perform DFF optimizations).
5.14. Executing OPT_CLEAN pass (remove unused cells and wires).
5.15. Executing OPT_EXPR pass (perform const folding).
5.16. Finished fast OPT passes. (There is nothing left to do.)
6. Executing EXTRACT_FA pass (find and extract full/half adders).
7. Executing TECHMAP pass (map to technology primitives).
7.1. Executing Verilog-2005 frontend: /home/chandler/OpenROAD-flow-scripts/flow/platforms/sky130hd/cells_adders_hd.v
7.2. Continuing TECHMAP pass.
8. Executing TECHMAP pass (map to technology primitives).
8.1. Executing Verilog-2005 frontend: /home/chandler/.local/oss-cad-suite/lib/../share/yosys/techmap.v
8.2. Continuing TECHMAP pass.
9. Executing OPT pass (performing simple optimizations).
9.1. Executing OPT_EXPR pass (perform const folding).
9.2. Executing OPT_MERGE pass (detect identical cells).
9.3. Executing OPT_DFF pass (perform DFF optimizations).
9.4. Executing OPT_CLEAN pass (remove unused cells and wires).
9.5. Finished fast OPT passes.
10. Executing DFFLEGALIZE pass (convert FFs to types supported by the target).
11. Executing TECHMAP pass (map to technology primitives).
11.1. Executing Verilog-2005 frontend: /home/chandler/OpenROAD-flow-scripts/flow/platforms/sky130hd/cells_latch_hd.v
11.2. Continuing TECHMAP pass.
12. Executing DFFLIBMAP pass (mapping DFF cells to sequential cells from liberty file).
12.1. Executing DFFLEGALIZE pass (convert FFs to types supported by the target).
13. Executing OPT pass (performing simple optimizations).
13.1. Executing OPT_EXPR pass (perform const folding).
13.2. Executing OPT_MERGE pass (detect identical cells).
13.3. Executing OPT_MUXTREE pass (detect dead branches in mux trees).
13.4. Executing OPT_REDUCE pass (consolidate $*mux and $reduce_* inputs).
13.5. Executing OPT_MERGE pass (detect identical cells).
13.6. Executing OPT_DFF pass (perform DFF optimizations).
13.7. Executing OPT_CLEAN pass (remove unused cells and wires).
13.8. Executing OPT_EXPR pass (perform const folding).
13.9. Rerunning OPT passes. (Maybe there is more to do..)
13.10. Executing OPT_MUXTREE pass (detect dead branches in mux trees).
13.11. Executing OPT_REDUCE pass (consolidate $*mux and $reduce_* inputs).
13.12. Executing OPT_MERGE pass (detect identical cells).
13.13. Executing OPT_DFF pass (perform DFF optimizations).
13.14. Executing OPT_CLEAN pass (remove unused cells and wires).
13.15. Executing OPT_EXPR pass (perform const folding).
13.16. Finished fast OPT passes. (There is nothing left to do.)
14. Executing SETUNDEF pass (replace undef values with defined constants).
abc -script /home/chandler/OpenROAD-flow-scripts/flow/scripts/abc_speed.script -liberty /home/chandler/OpenROAD-flow-scripts/flow/platforms/sky130hd/lib/sky130_fd_sc_hd__tt_025C_1v80.lib -dont_use sky130_fd_sc_hd__probe_p_8 -dont_use sky130_fd_sc_hd__probec_p_8 -dont_use sky130_fd_sc_hd__lpflow_bleeder_1 -dont_use sky130_fd_sc_hd__lpflow_clkbufkapwr_1 -dont_use sky130_fd_sc_hd__lpflow_clkbufkapwr_16 -dont_use sky130_fd_sc_hd__lpflow_clkbufkapwr_2 -dont_use sky130_fd_sc_hd__lpflow_clkbufkapwr_4 -dont_use sky130_fd_sc_hd__lpflow_clkbufkapwr_8 -dont_use sky130_fd_sc_hd__lpflow_clkinvkapwr_1 -dont_use sky130_fd_sc_hd__lpflow_clkinvkapwr_16 -dont_use sky130_fd_sc_hd__lpflow_clkinvkapwr_2 -dont_use sky130_fd_sc_hd__lpflow_clkinvkapwr_4 -dont_use sky130_fd_sc_hd__lpflow_clkinvkapwr_8 -dont_use sky130_fd_sc_hd__lpflow_decapkapwr_12 -dont_use sky130_fd_sc_hd__lpflow_decapkapwr_3 -dont_use sky130_fd_sc_hd__lpflow_decapkapwr_4 -dont_use sky130_fd_sc_hd__lpflow_decapkapwr_6 -dont_use sky130_fd_sc_hd__lpflow_decapkapwr_8 -dont_use sky130_fd_sc_hd__lpflow_inputiso0n_1 -dont_use sky130_fd_sc_hd__lpflow_inputiso0p_1 -dont_use sky130_fd_sc_hd__lpflow_inputiso1n_1 -dont_use sky130_fd_sc_hd__lpflow_inputiso1p_1 -dont_use sky130_fd_sc_hd__lpflow_inputisolatch_1 -dont_use sky130_fd_sc_hd__lpflow_isobufsrc_1 -dont_use sky130_fd_sc_hd__lpflow_isobufsrc_16 -dont_use sky130_fd_sc_hd__lpflow_isobufsrc_2 -dont_use sky130_fd_sc_hd__lpflow_isobufsrc_4 -dont_use sky130_fd_sc_hd__lpflow_isobufsrc_8 -dont_use sky130_fd_sc_hd__lpflow_isobufsrckapwr_16 -dont_use sky130_fd_sc_hd__lpflow_lsbuf_lh_hl_isowell_tap_1 -dont_use sky130_fd_sc_hd__lpflow_lsbuf_lh_hl_isowell_tap_2 -dont_use sky130_fd_sc_hd__lpflow_lsbuf_lh_hl_isowell_tap_4 -dont_use sky130_fd_sc_hd__lpflow_lsbuf_lh_isowell_4 -dont_use sky130_fd_sc_hd__lpflow_lsbuf_lh_isowell_tap_1 -dont_use sky130_fd_sc_hd__lpflow_lsbuf_lh_isowell_tap_2 -dont_use sky130_fd_sc_hd__lpflow_lsbuf_lh_isowell_tap_4 -constr /mnt/c/Users/Admin/OneDrive/2026-summer/STOB_semiconductor_pim/STOB_PIM2/b1_logic_die_experiment/orfs/objects/sky130hd/b1_logic_die_baseline/base/abc.constr -D 10.0
15. Executing ABC pass (technology mapping using ABC).
15.1. Extracting gate netlist of module `\full_pim_system_top' to `<abc-temp-dir>/input.blif'..
15.1.1. Executed ABC.
15.1.2. Re-integrating ABC results.
Took 265 seconds: abc -script /home/chandler/OpenROAD-flow-scripts/flow/scripts/abc_speed.script -liberty /home/chandler/OpenROAD-flow-scripts/flow/platforms/sky130hd/lib/sky130_fd_sc_hd__tt_025C_1v80.lib -dont_use sky130_fd_sc_hd__probe_p_8 -dont_use sky130_fd_sc_hd__probec_p_8 -dont_use sky130_fd_sc_hd__lpflow_bleeder_1 -dont_use sky130_fd_sc_hd__lpflow_clkbufkapwr_1 -dont_use sky130_fd_sc_hd__lpflow_clkbufkapwr_16 -dont_use sky130_fd_sc_hd__lpflow_clkbufkapwr_2 -dont_use sky130_fd_sc_hd__lpflow_clkbufkapwr_4 -dont_use sky130_fd_sc_hd__lpflow_clkbufkapwr_8 -dont_use sky130_fd_sc_hd__lpflow_clkinvkapwr_1 -dont_use sky130_fd_sc_hd__lpflow_clkinvkapwr_16 -dont_use sky130_fd_sc_hd__lpflow_clkinvkapwr_2 -dont_use sky130_fd_sc_hd__lpflow_clkinvkapwr_4 -dont_use sky130_fd_sc_hd__lpflow_clkinvkapwr_8 -dont_use sky130_fd_sc_hd__lpflow_decapkapwr_12 -dont_use sky130_fd_sc_hd__lpflow_decapkapwr_3 -dont_use sky130_fd_sc_hd__lpflow_decapkapwr_4 -dont_use sky130_fd_sc_hd__lpflow_decapkapwr_6 -dont_use sky130_fd_sc_hd__lpflow_decapkapwr_8 -dont_use sky130_fd_sc_hd__lpflow_inputiso0n_1 -dont_use sky130_fd_sc_hd__lpflow_inputiso0p_1 -dont_use sky130_fd_sc_hd__lpflow_inputiso1n_1 -dont_use sky130_fd_sc_hd__lpflow_inputiso1p_1 -dont_use sky130_fd_sc_hd__lpflow_inputisolatch_1 -dont_use sky130_fd_sc_hd__lpflow_isobufsrc_1 -dont_use sky130_fd_sc_hd__lpflow_isobufsrc_16 -dont_use sky130_fd_sc_hd__lpflow_isobufsrc_2 -dont_use sky130_fd_sc_hd__lpflow_isobufsrc_4 -dont_use sky130_fd_sc_hd__lpflow_isobufsrc_8 -dont_use sky130_fd_sc_hd__lpflow_isobufsrckapwr_16 -dont_use sky130_fd_sc_hd__lpflow_lsbuf_lh_hl_isowell_tap_1 -dont_use sky130_fd_sc_hd__lpflow_lsbuf_lh_hl_isowell_tap_2 -dont_use sky130_fd_sc_hd__lpflow_lsbuf_lh_hl_isowell_tap_4 -dont_use sky130_fd_sc_hd__lpflow_lsbuf_lh_isowell_4 -dont_use sky130_fd_sc_hd__lpflow_lsbuf_lh_isowell_tap_1 -dont_use sky130_fd_sc_hd__lpflow_lsbuf_lh_isowell_tap_2 -dont_use sky130_fd_sc_hd__lpflow_lsbuf_lh_isowell_tap_4 -constr /mnt/c/Users/Admin/OneDrive/2026-summer/STOB_semiconductor_pim/STOB_PIM2/b1_logic_die_experiment/orfs/objects/sky130hd/b1_logic_die_baseline/base/abc.constr -D 10.0
16. Executing SPLITNETS pass (splitting up multi-bit signals).
17. Executing OPT_CLEAN pass (remove unused cells and wires).
18. Executing HILOMAP pass (mapping to constant drivers).
19. Executing INSBUF pass (insert buffer cells for connected wires).
20. Executing CHECK pass (checking for obvious problems).
21. Printing statistics.
22. Executing CHECK pass (checking for obvious problems).
23. Executing Verilog backend.
23.1. Executing BMUXMAP pass.
23.2. Executing DEMUXMAP pass.
Warnings: 25 unique messages, 25 total
End of script. Logfile hash: 3377e3d444, time: 452.20s, user: 187.77s, system: 1.37s, MEM: 547.78 MB peak
Yosys 0.68+48 (git sha1 ff5817c34-dirty, Release, Clang /usr/bin/clang++ 21.1.8)
Time spent: 58% 1x abc (265 sec), 32% 1x extract_fa (146 sec), ...
Elapsed time: 7:32.40[h:]min:sec. CPU time: user 452.52 sys 1.64 (100%). Peak memory: 562480KB.
Log                       Ext     Elapsed/s Peak Memory/MB sha1sum result [0:20)
1_2_yosys                 .v            452            549 89ee575410e8d8bef852
cp /mnt/c/Users/Admin/OneDrive/2026-summer/STOB_semiconductor_pim/STOB_PIM2/b1_logic_die_experiment/constraint.sdc /mnt/c/Users/Admin/OneDrive/2026-summer/STOB_semiconductor_pim/STOB_PIM2/b1_logic_die_experiment/orfs/results/sky130hd/b1_logic_die_baseline/base/1_2_yosys.sdc
touch -r /mnt/c/Users/Admin/OneDrive/2026-summer/STOB_semiconductor_pim/STOB_PIM2/b1_logic_die_experiment/constraint.sdc /mnt/c/Users/Admin/OneDrive/2026-summer/STOB_semiconductor_pim/STOB_PIM2/b1_logic_die_experiment/orfs/results/sky130hd/b1_logic_die_baseline/base/1_2_yosys.sdc
OpenROAD 26Q3-1080-gab6fd26351 
Features included (+) or not (-): +GPU +GUI +Python
This program is licensed under the BSD-3 license. See the LICENSE file for details.
Components of this program may be licensed under more restrictive licenses which must be honored.
[INFO ORD-0030] Using 4 thread(s).
mkdir -p /mnt/c/Users/Admin/OneDrive/2026-summer/STOB_semiconductor_pim/STOB_PIM2/b1_logic_die_experiment/orfs/objects/sky130hd/b1_logic_die_baseline/base
/home/chandler/OpenROAD-flow-scripts/flow/scripts/flow.sh 1_synth synth_odb
Running synth_odb.tcl, stage 1_synth
read_liberty /home/chandler/OpenROAD-flow-scripts/flow/platforms/sky130hd/lib/sky130_fd_sc_hd__tt_025C_1v80.lib
[INFO ODB-0227] LEF file: /home/chandler/OpenROAD-flow-scripts/flow/platforms/sky130hd/lef/sky130_fd_sc_hd.tlef, created 13 layers, 25 vias
[INFO ODB-0227] LEF file: /home/chandler/OpenROAD-flow-scripts/flow/platforms/sky130hd/lef/sky130_fd_sc_hd_merged.lef, created 441 library cells
link_design full_pim_system_top
read_sdc /mnt/c/Users/Admin/OneDrive/2026-summer/STOB_semiconductor_pim/STOB_PIM2/b1_logic_die_experiment/orfs/results/sky130hd/b1_logic_die_baseline/base/1_2_yosys.sdc
source /home/chandler/OpenROAD-flow-scripts/flow/platforms/sky130hd/setRC.tcl
source /mnt/c/Users/Admin/OneDrive/2026-summer/STOB_semiconductor_pim/STOB_PIM2/flow/designs/sky130hd/stob_pim2/openroad_compat.tcl
eliminate_dead_logic
Removed 0 unused instances and 0 unused nets.
Design area 702769 um^2 100% utilization.
write_db /mnt/c/Users/Admin/OneDrive/2026-summer/STOB_semiconductor_pim/STOB_PIM2/b1_logic_die_experiment/orfs/results/sky130hd/b1_logic_die_baseline/base/1_synth.odb
write_sdc -no_timestamp /mnt/c/Users/Admin/OneDrive/2026-summer/STOB_semiconductor_pim/STOB_PIM2/b1_logic_die_experiment/orfs/results/sky130hd/b1_logic_die_baseline/base/1_synth.sdc
Elapsed time: 0:03.41[h:]min:sec. CPU time: user 1.35 sys 0.38 (50%). Peak memory: 301304KB.
Log                       Ext     Elapsed/s Peak Memory/MB sha1sum result [0:20)
1_synth                   .odb            3            294 d7d2e9a681627b3a75b2
1_synth                   .sdc                             5969b4f742c8fcfba542
