
-- Running command `read_liberty -lib -ignore_miss_func /home/chandler/OpenROAD-flow-scripts/flow/platforms/sky130hd/lib/sky130_fd_sc_hd__tt_025C_1v80.lib; read_verilog -sv -I. rtl/bf16_to_fp32.sv rtl/fp32_to_bf16_rne.sv rtl/fp32_add.sv rtl/fp32_mul.sv rtl/fp32_add_pipe4.sv rtl/bf16_rsqrt_lut256.sv rtl/mixed_precision_bank_reducer4.sv rtl/mixed_precision_bank_reducer4_interleaved.sv rtl/mixed_precision_global_reducer16.sv rtl/mixed_precision_global_reducer16_pipe.sv rtl/mixed_precision_scalar_nr2.sv rtl/mixed_precision_bank_apply4.sv; hierarchy -check -top mixed_precision_global_reducer16; synth -noabc -top mixed_precision_global_reducer16; flatten; opt_clean; dfflibmap -liberty /home/chandler/OpenROAD-flow-scripts/flow/platforms/sky130hd/lib/sky130_fd_sc_hd__tt_025C_1v80.lib; abc -liberty /home/chandler/OpenROAD-flow-scripts/flow/platforms/sky130hd/lib/sky130_fd_sc_hd__tt_025C_1v80.lib; clean -purge; check -assert; stat -liberty /home/chandler/OpenROAD-flow-scripts/flow/platforms/sky130hd/lib/sky130_fd_sc_hd__tt_025C_1v80.lib; write_verilog -noattr reports/groot_normalization/results/mixed_precision_sky130/mixed_precision_global_reducer16.v' --

1. Executing Liberty frontend: /home/chandler/OpenROAD-flow-scripts/flow/platforms/sky130hd/lib/sky130_fd_sc_hd__tt_025C_1v80.lib
Imported 428 cell types from liberty file.

2. Executing Verilog-2005 frontend: rtl/bf16_to_fp32.sv
Parsing SystemVerilog input from `rtl/bf16_to_fp32.sv' to AST representation.
Generating RTLIL representation for module `\bf16_to_fp32'.
Successfully finished Verilog frontend.

3. Executing Verilog-2005 frontend: rtl/fp32_to_bf16_rne.sv
Parsing SystemVerilog input from `rtl/fp32_to_bf16_rne.sv' to AST representation.
Generating RTLIL representation for module `\fp32_to_bf16_rne'.
Successfully finished Verilog frontend.

4. Executing Verilog-2005 frontend: rtl/fp32_add.sv
Parsing SystemVerilog input from `rtl/fp32_add.sv' to AST representation.
Generating RTLIL representation for module `\fp32_add'.
Successfully finished Verilog frontend.

5. Executing Verilog-2005 frontend: rtl/fp32_mul.sv
Parsing SystemVerilog input from `rtl/fp32_mul.sv' to AST representation.
Generating RTLIL representation for module `\fp32_mul'.
Successfully finished Verilog frontend.

6. Executing Verilog-2005 frontend: rtl/fp32_add_pipe4.sv
Parsing SystemVerilog input from `rtl/fp32_add_pipe4.sv' to AST representation.
Generating RTLIL representation for module `\fp32_add_pipe4'.
Successfully finished Verilog frontend.

7. Executing Verilog-2005 frontend: rtl/bf16_rsqrt_lut256.sv
Parsing SystemVerilog input from `rtl/bf16_rsqrt_lut256.sv' to AST representation.
Generating RTLIL representation for module `\bf16_rsqrt_lut256'.
Successfully finished Verilog frontend.

8. Executing Verilog-2005 frontend: rtl/mixed_precision_bank_reducer4.sv
Parsing SystemVerilog input from `rtl/mixed_precision_bank_reducer4.sv' to AST representation.
Generating RTLIL representation for module `\mixed_precision_bank_reducer4'.
Successfully finished Verilog frontend.

9. Executing Verilog-2005 frontend: rtl/mixed_precision_bank_reducer4_interleaved.sv
Parsing SystemVerilog input from `rtl/mixed_precision_bank_reducer4_interleaved.sv' to AST representation.
Generating RTLIL representation for module `\mixed_precision_bank_reducer4_interleaved'.
Warning: Replacing memory \acc_slot_q with list of registers. See rtl/mixed_precision_bank_reducer4_interleaved.sv:47
Warning: Replacing memory \slot_delay_q with list of registers. See rtl/mixed_precision_bank_reducer4_interleaved.sv:47
Successfully finished Verilog frontend.

10. Executing Verilog-2005 frontend: rtl/mixed_precision_global_reducer16.sv
Parsing SystemVerilog input from `rtl/mixed_precision_global_reducer16.sv' to AST representation.
Generating RTLIL representation for module `\mixed_precision_global_reducer16'.
Successfully finished Verilog frontend.

11. Executing Verilog-2005 frontend: rtl/mixed_precision_global_reducer16_pipe.sv
Parsing SystemVerilog input from `rtl/mixed_precision_global_reducer16_pipe.sv' to AST representation.
Generating RTLIL representation for module `\mixed_precision_global_reducer16_pipe'.
Successfully finished Verilog frontend.

12. Executing Verilog-2005 frontend: rtl/mixed_precision_scalar_nr2.sv
Parsing SystemVerilog input from `rtl/mixed_precision_scalar_nr2.sv' to AST representation.
Generating RTLIL representation for module `\mixed_precision_scalar_nr2'.
Successfully finished Verilog frontend.

13. Executing Verilog-2005 frontend: rtl/mixed_precision_bank_apply4.sv
Parsing SystemVerilog input from `rtl/mixed_precision_bank_apply4.sv' to AST representation.
Generating RTLIL representation for module `\mixed_precision_bank_apply4'.
Successfully finished Verilog frontend.

14. Executing HIERARCHY pass (managing design hierarchy).

14.1. Analyzing design hierarchy..
Top module:  \mixed_precision_global_reducer16
Used module:     \fp32_add

14.2. Analyzing design hierarchy..
Top module:  \mixed_precision_global_reducer16
Used module:     \fp32_add
Removing unused module `\mixed_precision_bank_apply4'.
Removing unused module `\mixed_precision_scalar_nr2'.
Removing unused module `\mixed_precision_global_reducer16_pipe'.
Removing unused module `\mixed_precision_bank_reducer4_interleaved'.
Removing unused module `\mixed_precision_bank_reducer4'.
Removing unused module `\bf16_rsqrt_lut256'.
Removing unused module `\fp32_add_pipe4'.
Removing unused module `\fp32_mul'.
Removing unused module `\fp32_to_bf16_rne'.
Removing unused module `\bf16_to_fp32'.
Removed 10 unused modules.

15. Executing SYNTH pass.

15.1. Executing HIERARCHY pass (managing design hierarchy).

15.1.1. Analyzing design hierarchy..
Top module:  \mixed_precision_global_reducer16
Used module:     \fp32_add

15.1.2. Analyzing design hierarchy..
Top module:  \mixed_precision_global_reducer16
Used module:     \fp32_add
Removed 0 unused modules.

15.2. Executing PROC pass (convert processes to netlists).

15.2.1. Executing PROC_CLEAN pass (remove empty switches from decision trees).
Cleaned up 0 empty switches.

15.2.2. Executing PROC_RMDEAD pass (remove dead branches from decision trees).
Marked 1 switch rules as full_case in process $proc$rtl/mixed_precision_global_reducer16.sv:37$763 in module mixed_precision_global_reducer16.
Marked 39 switch rules as full_case in process $proc$rtl/fp32_add.sv:29$11 in module fp32_add.
Removed a total of 0 dead cases.

15.2.3. Executing PROC_PRUNE pass (remove redundant assignments in processes).
Removed 0 redundant assignments.
Promoted 29 assignments to connections.

15.2.4. Executing PROC_INIT pass (extract init attributes).

15.2.5. Executing PROC_ARST pass (detect async resets in processes).
Found async reset \rst_ni in `\mixed_precision_global_reducer16.$proc$rtl/mixed_precision_global_reducer16.sv:37$763'.

15.2.6. Executing PROC_ROM pass (convert switches to ROMs).
Converted 0 switches.
<suppressed ~44 debug messages>

15.2.7. Executing PROC_MUX pass (convert decision trees to multiplexers).
Creating decoders for process `\mixed_precision_global_reducer16.$proc$rtl/mixed_precision_global_reducer16.sv:37$763'.
     1/16: $0\tag_q[63:0] [63:48]
     2/16: $0\tag_q[63:0] [47:32]
     3/16: $0\tag_q[63:0] [31:16]
     4/16: $0\tag_q[63:0] [15:0]
     5/16: $0\valid_q[3:0] [2]
     6/16: $0\valid_q[3:0] [1]
     7/16: $0\valid_q[3:0] [0]
     8/16: $0\sum_l3_q[31:0]
     9/16: $0\sumsq_l2_q[63:0]
    10/16: $0\sum_l2_q[63:0]
    11/16: $0\sumsq_l1_q[127:0]
    12/16: $0\sum_l1_q[127:0]
    13/16: $0\sumsq_l0_q[255:0]
    14/16: $0\sum_l0_q[255:0]
    15/16: $0\valid_q[3:0] [3]
    16/16: $0\sumsq_l3_q[31:0]
Creating decoders for process `\fp32_add.$proc$rtl/fp32_add.sv:29$11'.
     1/79: $7\result_o[31:0]
     2/79: $6\result_o[31:0]
     3/79: $5\result_o[31:0]
     4/79: $4\result_o[31:0]
     5/79: $3\result_o[31:0]
     6/79: $2\result_o[31:0]
     7/79: $1\result_o[31:0]
     8/79: $29\result_exp[31:0]
     9/79: $1\rounded_sig[24:0]
    10/79: $28\result_exp[31:0]
    11/79: $28\magnitude_ext[26:0]
    12/79: $27\result_exp[31:0]
    13/79: $27\magnitude_ext[26:0]
    14/79: $26\result_exp[31:0]
    15/79: $26\magnitude_ext[26:0]
    16/79: $25\result_exp[31:0]
    17/79: $25\magnitude_ext[26:0]
    18/79: $24\result_exp[31:0]
    19/79: $24\magnitude_ext[26:0]
    20/79: $23\result_exp[31:0]
    21/79: $23\magnitude_ext[26:0]
    22/79: $22\result_exp[31:0]
    23/79: $22\magnitude_ext[26:0]
    24/79: $21\result_exp[31:0]
    25/79: $21\magnitude_ext[26:0]
    26/79: $20\result_exp[31:0]
    27/79: $20\magnitude_ext[26:0]
    28/79: $19\result_exp[31:0]
    29/79: $19\magnitude_ext[26:0]
    30/79: $18\result_exp[31:0]
    31/79: $18\magnitude_ext[26:0]
    32/79: $17\result_exp[31:0]
    33/79: $17\magnitude_ext[26:0]
    34/79: $16\result_exp[31:0]
    35/79: $16\magnitude_ext[26:0]
    36/79: $15\result_exp[31:0]
    37/79: $15\magnitude_ext[26:0]
    38/79: $14\result_exp[31:0]
    39/79: $14\magnitude_ext[26:0]
    40/79: $13\result_exp[31:0]
    41/79: $13\magnitude_ext[26:0]
    42/79: $12\result_exp[31:0]
    43/79: $12\magnitude_ext[26:0]
    44/79: $11\result_exp[31:0]
    45/79: $11\magnitude_ext[26:0]
    46/79: $10\result_exp[31:0]
    47/79: $10\magnitude_ext[26:0]
    48/79: $9\result_exp[31:0]
    49/79: $9\magnitude_ext[26:0]
    50/79: $8\result_exp[31:0]
    51/79: $8\magnitude_ext[26:0]
    52/79: $7\result_exp[31:0]
    53/79: $7\magnitude_ext[26:0]
    54/79: $6\result_exp[31:0]
    55/79: $6\magnitude_ext[26:0]
    56/79: $5\result_exp[31:0]
    57/79: $5\magnitude_ext[26:0]
    58/79: $4\result_exp[31:0]
    59/79: $4\magnitude_ext[26:0]
    60/79: $3\result_exp[31:0]
    61/79: $3\magnitude_ext[26:0]
    62/79: $2\magnitude_ext[26:0] [26:1]
    63/79: $2\result_exp[31:0]
    64/79: $2\magnitude_ext[26:0] [0]
    65/79: $1\result_exp[31:0]
    66/79: $1\magnitude_ext[26:0]
    67/79: $1\add_ext[27:0]
    68/79: $1\normalize_step[31:0]
    69/79: $2\shift_right_sticky$func$rtl/fp32_add.sv:48$10.$result[26:0]$36 [26:1]
    70/79: $2\shift_right_sticky$func$rtl/fp32_add.sv:48$10.$result[26:0]$36 [0]
    71/79: $2\shift_right_sticky$func$rtl/fp32_add.sv:48$10.sticky[0:0]$37
    72/79: $1\shift_right_sticky$func$rtl/fp32_add.sv:48$10.$result[26:0]$33
    73/79: $1\shift_right_sticky$func$rtl/fp32_add.sv:48$10.sticky[0:0]$34
    74/79: $1\small_sig[23:0]
    75/79: $1\large_sig[23:0]
    76/79: $1\small_exp[7:0]
    77/79: $1\large_exp[7:0]
    78/79: $1\small_sign[0:0]
    79/79: $1\large_sign[0:0]

15.2.8. Executing PROC_DLATCH pass (convert process syncs to latches).
No latch inferred for signal `\fp32_add.\round_up' from process `\fp32_add.$proc$rtl/fp32_add.sv:29$11'.
No latch inferred for signal `\fp32_add.\result_o' from process `\fp32_add.$proc$rtl/fp32_add.sv:29$11'.
No latch inferred for signal `\fp32_add.\lhs_sign' from process `\fp32_add.$proc$rtl/fp32_add.sv:29$11'.
No latch inferred for signal `\fp32_add.\rhs_sign' from process `\fp32_add.$proc$rtl/fp32_add.sv:29$11'.
No latch inferred for signal `\fp32_add.\large_sign' from process `\fp32_add.$proc$rtl/fp32_add.sv:29$11'.
No latch inferred for signal `\fp32_add.\small_sign' from process `\fp32_add.$proc$rtl/fp32_add.sv:29$11'.
No latch inferred for signal `\fp32_add.\result_sign' from process `\fp32_add.$proc$rtl/fp32_add.sv:29$11'.
No latch inferred for signal `\fp32_add.\lhs_exp' from process `\fp32_add.$proc$rtl/fp32_add.sv:29$11'.
No latch inferred for signal `\fp32_add.\rhs_exp' from process `\fp32_add.$proc$rtl/fp32_add.sv:29$11'.
No latch inferred for signal `\fp32_add.\large_exp' from process `\fp32_add.$proc$rtl/fp32_add.sv:29$11'.
No latch inferred for signal `\fp32_add.\small_exp' from process `\fp32_add.$proc$rtl/fp32_add.sv:29$11'.
No latch inferred for signal `\fp32_add.\lhs_frac' from process `\fp32_add.$proc$rtl/fp32_add.sv:29$11'.
No latch inferred for signal `\fp32_add.\rhs_frac' from process `\fp32_add.$proc$rtl/fp32_add.sv:29$11'.
No latch inferred for signal `\fp32_add.\lhs_sig' from process `\fp32_add.$proc$rtl/fp32_add.sv:29$11'.
No latch inferred for signal `\fp32_add.\rhs_sig' from process `\fp32_add.$proc$rtl/fp32_add.sv:29$11'.
No latch inferred for signal `\fp32_add.\large_sig' from process `\fp32_add.$proc$rtl/fp32_add.sv:29$11'.
No latch inferred for signal `\fp32_add.\small_sig' from process `\fp32_add.$proc$rtl/fp32_add.sv:29$11'.
No latch inferred for signal `\fp32_add.\large_ext' from process `\fp32_add.$proc$rtl/fp32_add.sv:29$11'.
No latch inferred for signal `\fp32_add.\small_ext' from process `\fp32_add.$proc$rtl/fp32_add.sv:29$11'.
No latch inferred for signal `\fp32_add.\magnitude_ext' from process `\fp32_add.$proc$rtl/fp32_add.sv:29$11'.
No latch inferred for signal `\fp32_add.\add_ext' from process `\fp32_add.$proc$rtl/fp32_add.sv:29$11'.
No latch inferred for signal `\fp32_add.\rounded_sig' from process `\fp32_add.$proc$rtl/fp32_add.sv:29$11'.
No latch inferred for signal `\fp32_add.\result_exp' from process `\fp32_add.$proc$rtl/fp32_add.sv:29$11'.
No latch inferred for signal `\fp32_add.\shift_amount' from process `\fp32_add.$proc$rtl/fp32_add.sv:29$11'.
No latch inferred for signal `\fp32_add.\normalize_step' from process `\fp32_add.$proc$rtl/fp32_add.sv:29$11'.

15.2.9. Executing PROC_DFF pass (convert process syncs to FFs).
Creating register for signal `\mixed_precision_global_reducer16.\valid_q' using process `\mixed_precision_global_reducer16.$proc$rtl/mixed_precision_global_reducer16.sv:37$763'.
  created $adff cell `$procdff$1368' with positive edge clock and positive level reset.
Creating register for signal `\mixed_precision_global_reducer16.\tag_q' using process `\mixed_precision_global_reducer16.$proc$rtl/mixed_precision_global_reducer16.sv:37$763'.
  created $adff cell `$procdff$1373' with positive edge clock and positive level reset.
Creating register for signal `\mixed_precision_global_reducer16.\sum_l0_q' using process `\mixed_precision_global_reducer16.$proc$rtl/mixed_precision_global_reducer16.sv:37$763'.
  created $adff cell `$procdff$1378' with positive edge clock and positive level reset.
Creating register for signal `\mixed_precision_global_reducer16.\sumsq_l0_q' using process `\mixed_precision_global_reducer16.$proc$rtl/mixed_precision_global_reducer16.sv:37$763'.
  created $adff cell `$procdff$1383' with positive edge clock and positive level reset.
Creating register for signal `\mixed_precision_global_reducer16.\sum_l1_q' using process `\mixed_precision_global_reducer16.$proc$rtl/mixed_precision_global_reducer16.sv:37$763'.
  created $adff cell `$procdff$1388' with positive edge clock and positive level reset.
Creating register for signal `\mixed_precision_global_reducer16.\sumsq_l1_q' using process `\mixed_precision_global_reducer16.$proc$rtl/mixed_precision_global_reducer16.sv:37$763'.
  created $adff cell `$procdff$1393' with positive edge clock and positive level reset.
Creating register for signal `\mixed_precision_global_reducer16.\sum_l2_q' using process `\mixed_precision_global_reducer16.$proc$rtl/mixed_precision_global_reducer16.sv:37$763'.
  created $adff cell `$procdff$1398' with positive edge clock and positive level reset.
Creating register for signal `\mixed_precision_global_reducer16.\sumsq_l2_q' using process `\mixed_precision_global_reducer16.$proc$rtl/mixed_precision_global_reducer16.sv:37$763'.
  created $adff cell `$procdff$1403' with positive edge clock and positive level reset.
Creating register for signal `\mixed_precision_global_reducer16.\sum_l3_q' using process `\mixed_precision_global_reducer16.$proc$rtl/mixed_precision_global_reducer16.sv:37$763'.
  created $adff cell `$procdff$1408' with positive edge clock and positive level reset.
Creating register for signal `\mixed_precision_global_reducer16.\sumsq_l3_q' using process `\mixed_precision_global_reducer16.$proc$rtl/mixed_precision_global_reducer16.sv:37$763'.
  created $adff cell `$procdff$1413' with positive edge clock and positive level reset.

15.2.10. Executing PROC_MEMWR pass (convert process memory writes to cells).

15.2.11. Executing PROC_CLEAN pass (remove empty switches from decision trees).
Found and cleaned up 5 empty switches in `\mixed_precision_global_reducer16.$proc$rtl/mixed_precision_global_reducer16.sv:37$763'.
Removing empty process `mixed_precision_global_reducer16.$proc$rtl/mixed_precision_global_reducer16.sv:37$763'.
Found and cleaned up 39 empty switches in `\fp32_add.$proc$rtl/fp32_add.sv:29$11'.
Removing empty process `fp32_add.$proc$rtl/fp32_add.sv:29$11'.
Cleaned up 44 empty switches.

15.2.12. Executing OPT_EXPR pass (perform const folding).
Optimizing module mixed_precision_global_reducer16.
<suppressed ~20 debug messages>
Optimizing module fp32_add.
<suppressed ~42 debug messages>

15.3. Executing OPT_EXPR pass (perform const folding).
Optimizing module mixed_precision_global_reducer16.
Optimizing module fp32_add.

15.4. Executing OPT_CLEAN pass (remove unused cells and wires).
Finding unused cells or wires in module \mixed_precision_global_reducer16..
Finding unused cells or wires in module \fp32_add..
Removed 16 unused cells and 377 unused wires.
<suppressed ~20 debug messages>

15.5. Executing CHECK pass (checking for obvious problems).
Checking module mixed_precision_global_reducer16...
Checking module fp32_add...
Found and reported 0 problems.

15.6. Executing OPT pass (performing simple optimizations).

15.6.1. Executing OPT_EXPR pass (perform const folding).
Optimizing module mixed_precision_global_reducer16.
Optimizing module fp32_add.

15.6.2. Executing OPT_MERGE pass (detect identical cells).
Finding identical cells in module `\mixed_precision_global_reducer16'.
Computing hashes of 66 cells of `\mixed_precision_global_reducer16'.
Finding duplicate cells in `\mixed_precision_global_reducer16'.
Finding identical cells in module `\fp32_add'.
Computing hashes of 320 cells of `\fp32_add'.
Finding duplicate cells in `\fp32_add'.
Computing hashes of 310 cells of `\fp32_add'.
Finding duplicate cells in `\fp32_add'.
<suppressed ~30 debug messages>
Removed a total of 10 cells.

15.6.3. Executing OPT_MUXTREE pass (detect dead branches in mux trees).
Running muxtree optimizer on module \mixed_precision_global_reducer16..
  Creating internal representation of mux trees.
  Evaluating internal representation of mux trees.
  Analyzing evaluation results.
Running muxtree optimizer on module \fp32_add..
  Creating internal representation of mux trees.
  Evaluating internal representation of mux trees.
      Replacing known input bits on port A of cell $procmux$978: $add$rtl/fp32_add.sv:68$183_Y -> { 1'0 $add$rtl/fp32_add.sv:68$183_Y [23:0] }
      Replacing known input bits on port B of cell $procmux$978: { 1'0 $add$rtl/fp32_add.sv:68$183_Y [24:1] } -> { 2'01 $add$rtl/fp32_add.sv:68$183_Y [23:1] }
      Replacing known input bits on port B of cell $procmux$1294: $add$rtl/fp32_add.sv:52$46_Y [27:2] -> { 1'1 $add$rtl/fp32_add.sv:52$46_Y [26:2] }
  Analyzing evaluation results.
    dead port 1/2 on $mux $procmux$990.
    dead port 1/2 on $mux $procmux$984.
    dead port 1/2 on $mux $procmux$969.
    dead port 1/2 on $mux $procmux$963.
    dead port 1/2 on $mux $procmux$960.
    dead port 1/2 on $mux $procmux$954.
    dead port 1/2 on $mux $procmux$951.
    dead port 1/2 on $mux $procmux$948.
    dead port 1/2 on $mux $procmux$942.
    dead port 1/2 on $mux $procmux$939.
    dead port 1/2 on $mux $procmux$936.
    dead port 1/2 on $mux $procmux$933.
    dead port 1/2 on $mux $procmux$927.
    dead port 1/2 on $mux $procmux$924.
    dead port 1/2 on $mux $procmux$921.
    dead port 1/2 on $mux $procmux$918.
    dead port 1/2 on $mux $procmux$915.
    dead port 1/2 on $mux $procmux$909.
    dead port 1/2 on $mux $procmux$906.
    dead port 1/2 on $mux $procmux$903.
    dead port 1/2 on $mux $procmux$900.
    dead port 1/2 on $mux $procmux$897.
    dead port 1/2 on $mux $procmux$894.
    dead port 2/2 on $mux $procmux$1296.
    dead port 2/2 on $mux $procmux$1302.
    dead port 2/2 on $mux $procmux$1308.
    dead port 1/2 on $mux $procmux$1326.
    dead port 1/2 on $mux $procmux$1332.
Removed 28 multiplexer ports.
<suppressed ~263 debug messages>

15.6.4. Executing OPT_REDUCE pass (consolidate $*mux and $reduce_* inputs).
  Optimizing cells in module \mixed_precision_global_reducer16.
  Optimizing cells in module \fp32_add.
    New input vector for $reduce_or cell $reduce_or$rtl/fp32_add.sv:11$38: \small_sig
  Optimizing cells in module \fp32_add.
Performed a total of 1 changes.

15.6.5. Executing OPT_MERGE pass (detect identical cells).
Finding identical cells in module `\mixed_precision_global_reducer16'.
Computing hashes of 66 cells of `\mixed_precision_global_reducer16'.
Finding duplicate cells in `\mixed_precision_global_reducer16'.
Finding identical cells in module `\fp32_add'.
Computing hashes of 282 cells of `\fp32_add'.
Finding duplicate cells in `\fp32_add'.
Computing hashes of 278 cells of `\fp32_add'.
Finding duplicate cells in `\fp32_add'.
<suppressed ~12 debug messages>
Removed a total of 4 cells.

15.6.6. Executing OPT_DFF pass (perform DFF optimizations).

15.6.7. Executing OPT_CLEAN pass (remove unused cells and wires).
Finding unused cells or wires in module \mixed_precision_global_reducer16..
Finding unused cells or wires in module \fp32_add..
Removed 0 unused cells and 42 unused wires.
<suppressed ~1 debug messages>

15.6.8. Executing OPT_EXPR pass (perform const folding).
Optimizing module mixed_precision_global_reducer16.
Optimizing module fp32_add.

15.6.9. Rerunning OPT passes. (Maybe there is more to do..)

15.6.10. Executing OPT_MUXTREE pass (detect dead branches in mux trees).
Running muxtree optimizer on module \mixed_precision_global_reducer16..
  Creating internal representation of mux trees.
  Evaluating internal representation of mux trees.
  Analyzing evaluation results.
Running muxtree optimizer on module \fp32_add..
  Creating internal representation of mux trees.
  Evaluating internal representation of mux trees.
  Analyzing evaluation results.
Removed 0 multiplexer ports.
<suppressed ~231 debug messages>

15.6.11. Executing OPT_REDUCE pass (consolidate $*mux and $reduce_* inputs).
  Optimizing cells in module \mixed_precision_global_reducer16.
  Optimizing cells in module \fp32_add.
Performed a total of 0 changes.

15.6.12. Executing OPT_MERGE pass (detect identical cells).
Finding identical cells in module `\mixed_precision_global_reducer16'.
Computing hashes of 66 cells of `\mixed_precision_global_reducer16'.
Finding duplicate cells in `\mixed_precision_global_reducer16'.
Finding identical cells in module `\fp32_add'.
Computing hashes of 278 cells of `\fp32_add'.
Finding duplicate cells in `\fp32_add'.
Removed a total of 0 cells.

15.6.13. Executing OPT_DFF pass (perform DFF optimizations).

15.6.14. Executing OPT_CLEAN pass (remove unused cells and wires).
Finding unused cells or wires in module \mixed_precision_global_reducer16..
Finding unused cells or wires in module \fp32_add..

15.6.15. Executing OPT_EXPR pass (perform const folding).
Optimizing module mixed_precision_global_reducer16.
Optimizing module fp32_add.

15.6.16. Finished fast OPT passes. (There is nothing left to do.)

15.7. Executing FSM pass (extract and optimize FSM).

15.7.1. Executing FSM_DETECT pass (finding FSMs in design).

15.7.2. Executing FSM_EXTRACT pass (extracting FSM from design).

15.7.3. Executing FSM_OPT pass (simple optimizations of FSMs).

15.7.4. Executing OPT_CLEAN pass (remove unused cells and wires).
Finding unused cells or wires in module \mixed_precision_global_reducer16..
Finding unused cells or wires in module \fp32_add..

15.7.5. Executing FSM_OPT pass (simple optimizations of FSMs).

15.7.6. Executing FSM_RECODE pass (re-assigning FSM state encoding).

15.7.7. Executing FSM_INFO pass (dumping all available information on FSM cells).

15.7.8. Executing FSM_MAP pass (mapping FSMs to basic logic).

15.8. Executing OPT pass (performing simple optimizations).

15.8.1. Executing OPT_EXPR pass (perform const folding).
Optimizing module mixed_precision_global_reducer16.
Optimizing module fp32_add.

15.8.2. Executing OPT_MERGE pass (detect identical cells).
Finding identical cells in module `\mixed_precision_global_reducer16'.
Computing hashes of 66 cells of `\mixed_precision_global_reducer16'.
Finding duplicate cells in `\mixed_precision_global_reducer16'.
Finding identical cells in module `\fp32_add'.
Computing hashes of 278 cells of `\fp32_add'.
Finding duplicate cells in `\fp32_add'.
Removed a total of 0 cells.

15.8.3. Executing OPT_MUXTREE pass (detect dead branches in mux trees).
Running muxtree optimizer on module \mixed_precision_global_reducer16..
  Creating internal representation of mux trees.
  Evaluating internal representation of mux trees.
  Analyzing evaluation results.
Running muxtree optimizer on module \fp32_add..
  Creating internal representation of mux trees.
  Evaluating internal representation of mux trees.
  Analyzing evaluation results.
Removed 0 multiplexer ports.
<suppressed ~231 debug messages>

15.8.4. Executing OPT_REDUCE pass (consolidate $*mux and $reduce_* inputs).
  Optimizing cells in module \mixed_precision_global_reducer16.
  Optimizing cells in module \fp32_add.
Performed a total of 0 changes.

15.8.5. Executing OPT_MERGE pass (detect identical cells).
Finding identical cells in module `\mixed_precision_global_reducer16'.
Computing hashes of 66 cells of `\mixed_precision_global_reducer16'.
Finding duplicate cells in `\mixed_precision_global_reducer16'.
Finding identical cells in module `\fp32_add'.
Computing hashes of 278 cells of `\fp32_add'.
Finding duplicate cells in `\fp32_add'.
Removed a total of 0 cells.

15.8.6. Executing OPT_DFF pass (perform DFF optimizations).
Adding EN signal on $procdff$1413 ($adff) from module mixed_precision_global_reducer16 (D = \sumsq_l3_d, Q = \sumsq_l3_q).
Adding EN signal on $procdff$1403 ($adff) from module mixed_precision_global_reducer16 (D = \sumsq_l2_d, Q = \sumsq_l2_q).
Adding EN signal on $procdff$1398 ($adff) from module mixed_precision_global_reducer16 (D = \sum_l2_d, Q = \sum_l2_q).
Adding EN signal on $procdff$1368 ($adff) from module mixed_precision_global_reducer16 (D = { \valid_q [2:0] \input_valid_i }, Q = \valid_q).
Adding EN signal on $procdff$1383 ($adff) from module mixed_precision_global_reducer16 (D = \sumsq_l0_d, Q = \sumsq_l0_q).
Adding EN signal on $procdff$1393 ($adff) from module mixed_precision_global_reducer16 (D = \sumsq_l1_d, Q = \sumsq_l1_q).
Adding EN signal on $procdff$1373 ($adff) from module mixed_precision_global_reducer16 (D = { \tag_q [47:0] \input_tag_i }, Q = \tag_q).
Adding EN signal on $procdff$1388 ($adff) from module mixed_precision_global_reducer16 (D = \sum_l1_d, Q = \sum_l1_q).
Adding EN signal on $procdff$1408 ($adff) from module mixed_precision_global_reducer16 (D = \sum_l3_d, Q = \sum_l3_q).
Adding EN signal on $procdff$1378 ($adff) from module mixed_precision_global_reducer16 (D = \sum_l0_d, Q = \sum_l0_q).

15.8.7. Executing OPT_CLEAN pass (remove unused cells and wires).
Finding unused cells or wires in module \mixed_precision_global_reducer16..
Finding unused cells or wires in module \fp32_add..
Removed 24 unused cells and 18 unused wires.
<suppressed ~25 debug messages>

15.8.8. Executing OPT_EXPR pass (perform const folding).
Optimizing module mixed_precision_global_reducer16.
Optimizing module fp32_add.

15.8.9. Rerunning OPT passes. (Maybe there is more to do..)

15.8.10. Executing OPT_MUXTREE pass (detect dead branches in mux trees).
Running muxtree optimizer on module \mixed_precision_global_reducer16..
  Creating internal representation of mux trees.
  No muxes found in this module.
Running muxtree optimizer on module \fp32_add..
  Creating internal representation of mux trees.
  Evaluating internal representation of mux trees.
  Analyzing evaluation results.
Removed 0 multiplexer ports.
<suppressed ~191 debug messages>

15.8.11. Executing OPT_REDUCE pass (consolidate $*mux and $reduce_* inputs).
  Optimizing cells in module \mixed_precision_global_reducer16.
  Optimizing cells in module \fp32_add.
Performed a total of 0 changes.

15.8.12. Executing OPT_MERGE pass (detect identical cells).
Finding identical cells in module `\mixed_precision_global_reducer16'.
Computing hashes of 50 cells of `\mixed_precision_global_reducer16'.
Finding duplicate cells in `\mixed_precision_global_reducer16'.
Computing hashes of 46 cells of `\mixed_precision_global_reducer16'.
Finding duplicate cells in `\mixed_precision_global_reducer16'.
<suppressed ~12 debug messages>
Finding identical cells in module `\fp32_add'.
Computing hashes of 278 cells of `\fp32_add'.
Finding duplicate cells in `\fp32_add'.
Removed a total of 4 cells.

15.8.13. Executing OPT_DFF pass (perform DFF optimizations).

15.8.14. Executing OPT_CLEAN pass (remove unused cells and wires).
Finding unused cells or wires in module \mixed_precision_global_reducer16..
Finding unused cells or wires in module \fp32_add..
Removed 0 unused cells and 4 unused wires.
<suppressed ~1 debug messages>

15.8.15. Executing OPT_EXPR pass (perform const folding).
Optimizing module mixed_precision_global_reducer16.
Optimizing module fp32_add.

15.8.16. Rerunning OPT passes. (Maybe there is more to do..)

15.8.17. Executing OPT_MUXTREE pass (detect dead branches in mux trees).
Running muxtree optimizer on module \mixed_precision_global_reducer16..
  Creating internal representation of mux trees.
  No muxes found in this module.
Running muxtree optimizer on module \fp32_add..
  Creating internal representation of mux trees.
  Evaluating internal representation of mux trees.
  Analyzing evaluation results.
Removed 0 multiplexer ports.
<suppressed ~191 debug messages>

15.8.18. Executing OPT_REDUCE pass (consolidate $*mux and $reduce_* inputs).
  Optimizing cells in module \mixed_precision_global_reducer16.
  Optimizing cells in module \fp32_add.
Performed a total of 0 changes.

15.8.19. Executing OPT_MERGE pass (detect identical cells).
Finding identical cells in module `\mixed_precision_global_reducer16'.
Computing hashes of 46 cells of `\mixed_precision_global_reducer16'.
Finding duplicate cells in `\mixed_precision_global_reducer16'.
Finding identical cells in module `\fp32_add'.
Computing hashes of 278 cells of `\fp32_add'.
Finding duplicate cells in `\fp32_add'.
Removed a total of 0 cells.

15.8.20. Executing OPT_DFF pass (perform DFF optimizations).

15.8.21. Executing OPT_CLEAN pass (remove unused cells and wires).
Finding unused cells or wires in module \mixed_precision_global_reducer16..
Finding unused cells or wires in module \fp32_add..

15.8.22. Executing OPT_EXPR pass (perform const folding).
Optimizing module mixed_precision_global_reducer16.
Optimizing module fp32_add.

15.8.23. Finished fast OPT passes. (There is nothing left to do.)

15.9. Executing WREDUCE pass (reducing word size of cells).
Removed top 23 bits (of 32) from port Y of cell fp32_add.$sub$rtl/fp32_add.sv:47$31 ($sub).
Removed top 23 bits (of 32) from port A of cell fp32_add.$le$rtl/fp32_add.sv:10$32 ($le).
Removed top 31 bits (of 32) from port B of cell fp32_add.$le$rtl/fp32_add.sv:10$32 ($le).
Removed top 23 bits (of 32) from port A of cell fp32_add.$ge$rtl/fp32_add.sv:11$35 ($ge).
Removed top 26 bits (of 32) from port B of cell fp32_add.$ge$rtl/fp32_add.sv:11$35 ($ge).
Removed top 26 bits (of 27) from port A of cell fp32_add.$shl$rtl/fp32_add.sv:13$39 ($shl).
Removed top 1 bits (of 28) from port A of cell fp32_add.$add$rtl/fp32_add.sv:52$46 ($add).
Removed top 1 bits (of 28) from port B of cell fp32_add.$add$rtl/fp32_add.sv:52$46 ($add).
Removed top 23 bits (of 32) from port A of cell fp32_add.$add$rtl/fp32_add.sv:56$48 ($add).
Removed top 30 bits (of 32) from port B of cell fp32_add.$add$rtl/fp32_add.sv:56$48 ($add).
Converting cell fp32_add.$add$rtl/fp32_add.sv:56$48 ($add) from signed to unsigned.
Removed top 22 bits (of 32) from port Y of cell fp32_add.$add$rtl/fp32_add.sv:56$48 ($add).
Removed top 1 bits (of 9) from port A of cell fp32_add.$add$rtl/fp32_add.sv:56$48 ($add).
Removed top 1 bits (of 2) from port B of cell fp32_add.$add$rtl/fp32_add.sv:56$48 ($add).
Removed top 1 bits (of 10) from port Y of cell fp32_add.$add$rtl/fp32_add.sv:56$48 ($add).
Removed top 23 bits (of 32) from port A of cell fp32_add.$gt$rtl/fp32_add.sv:61$51 ($gt).
Removed top 30 bits (of 32) from port B of cell fp32_add.$gt$rtl/fp32_add.sv:61$51 ($gt).
Converting cell fp32_add.$gt$rtl/fp32_add.sv:61$51 ($gt) from signed to unsigned.
Removed top 1 bits (of 9) from port A of cell fp32_add.$gt$rtl/fp32_add.sv:61$51 ($gt).
Removed top 1 bits (of 2) from port B of cell fp32_add.$gt$rtl/fp32_add.sv:61$51 ($gt).
Removed top 23 bits (of 32) from port A of cell fp32_add.$sub$rtl/fp32_add.sv:63$54 ($sub).
Removed top 30 bits (of 32) from port B of cell fp32_add.$sub$rtl/fp32_add.sv:63$54 ($sub).
Converting cell fp32_add.$sub$rtl/fp32_add.sv:63$54 ($sub) from signed to unsigned.
Removed top 22 bits (of 32) from port Y of cell fp32_add.$sub$rtl/fp32_add.sv:63$54 ($sub).
Removed top 1 bits (of 9) from port A of cell fp32_add.$sub$rtl/fp32_add.sv:63$54 ($sub).
Removed top 1 bits (of 2) from port B of cell fp32_add.$sub$rtl/fp32_add.sv:63$54 ($sub).
Removed top 1 bits (of 10) from port Y of cell fp32_add.$sub$rtl/fp32_add.sv:63$54 ($sub).
Removed top 30 bits (of 32) from port B of cell fp32_add.$gt$rtl/fp32_add.sv:61$56 ($gt).
Removed top 30 bits (of 32) from port B of cell fp32_add.$sub$rtl/fp32_add.sv:63$59 ($sub).
Removed top 30 bits (of 32) from port B of cell fp32_add.$gt$rtl/fp32_add.sv:61$61 ($gt).
Removed top 30 bits (of 32) from port B of cell fp32_add.$sub$rtl/fp32_add.sv:63$64 ($sub).
Removed top 30 bits (of 32) from port B of cell fp32_add.$gt$rtl/fp32_add.sv:61$66 ($gt).
Removed top 30 bits (of 32) from port B of cell fp32_add.$sub$rtl/fp32_add.sv:63$69 ($sub).
Removed top 30 bits (of 32) from port B of cell fp32_add.$gt$rtl/fp32_add.sv:61$71 ($gt).
Removed top 30 bits (of 32) from port B of cell fp32_add.$sub$rtl/fp32_add.sv:63$74 ($sub).
Removed top 30 bits (of 32) from port B of cell fp32_add.$gt$rtl/fp32_add.sv:61$76 ($gt).
Removed top 30 bits (of 32) from port B of cell fp32_add.$sub$rtl/fp32_add.sv:63$79 ($sub).
Removed top 30 bits (of 32) from port B of cell fp32_add.$gt$rtl/fp32_add.sv:61$81 ($gt).
Removed top 30 bits (of 32) from port B of cell fp32_add.$sub$rtl/fp32_add.sv:63$84 ($sub).
Removed top 30 bits (of 32) from port B of cell fp32_add.$gt$rtl/fp32_add.sv:61$86 ($gt).
Removed top 30 bits (of 32) from port B of cell fp32_add.$sub$rtl/fp32_add.sv:63$89 ($sub).
Removed top 30 bits (of 32) from port B of cell fp32_add.$gt$rtl/fp32_add.sv:61$91 ($gt).
Removed top 30 bits (of 32) from port B of cell fp32_add.$sub$rtl/fp32_add.sv:63$94 ($sub).
Removed top 30 bits (of 32) from port B of cell fp32_add.$gt$rtl/fp32_add.sv:61$96 ($gt).
Removed top 30 bits (of 32) from port B of cell fp32_add.$sub$rtl/fp32_add.sv:63$99 ($sub).
Removed top 30 bits (of 32) from port B of cell fp32_add.$gt$rtl/fp32_add.sv:61$101 ($gt).
Removed top 30 bits (of 32) from port B of cell fp32_add.$sub$rtl/fp32_add.sv:63$104 ($sub).
Removed top 30 bits (of 32) from port B of cell fp32_add.$gt$rtl/fp32_add.sv:61$106 ($gt).
Removed top 30 bits (of 32) from port B of cell fp32_add.$sub$rtl/fp32_add.sv:63$109 ($sub).
Removed top 30 bits (of 32) from port B of cell fp32_add.$gt$rtl/fp32_add.sv:61$111 ($gt).
Removed top 30 bits (of 32) from port B of cell fp32_add.$sub$rtl/fp32_add.sv:63$114 ($sub).
Removed top 30 bits (of 32) from port B of cell fp32_add.$gt$rtl/fp32_add.sv:61$116 ($gt).
Removed top 30 bits (of 32) from port B of cell fp32_add.$sub$rtl/fp32_add.sv:63$119 ($sub).
Removed top 30 bits (of 32) from port B of cell fp32_add.$gt$rtl/fp32_add.sv:61$121 ($gt).
Removed top 30 bits (of 32) from port B of cell fp32_add.$sub$rtl/fp32_add.sv:63$124 ($sub).
Removed top 30 bits (of 32) from port B of cell fp32_add.$gt$rtl/fp32_add.sv:61$126 ($gt).
Removed top 30 bits (of 32) from port B of cell fp32_add.$sub$rtl/fp32_add.sv:63$129 ($sub).
Removed top 30 bits (of 32) from port B of cell fp32_add.$gt$rtl/fp32_add.sv:61$131 ($gt).
Removed top 30 bits (of 32) from port B of cell fp32_add.$sub$rtl/fp32_add.sv:63$134 ($sub).
Removed top 30 bits (of 32) from port B of cell fp32_add.$gt$rtl/fp32_add.sv:61$136 ($gt).
Removed top 30 bits (of 32) from port B of cell fp32_add.$sub$rtl/fp32_add.sv:63$139 ($sub).
Removed top 30 bits (of 32) from port B of cell fp32_add.$gt$rtl/fp32_add.sv:61$141 ($gt).
Removed top 30 bits (of 32) from port B of cell fp32_add.$sub$rtl/fp32_add.sv:63$144 ($sub).
Removed top 30 bits (of 32) from port B of cell fp32_add.$gt$rtl/fp32_add.sv:61$146 ($gt).
Removed top 30 bits (of 32) from port B of cell fp32_add.$sub$rtl/fp32_add.sv:63$149 ($sub).
Removed top 30 bits (of 32) from port B of cell fp32_add.$gt$rtl/fp32_add.sv:61$151 ($gt).
Removed top 30 bits (of 32) from port B of cell fp32_add.$sub$rtl/fp32_add.sv:63$154 ($sub).
Removed top 30 bits (of 32) from port B of cell fp32_add.$gt$rtl/fp32_add.sv:61$156 ($gt).
Removed top 30 bits (of 32) from port B of cell fp32_add.$sub$rtl/fp32_add.sv:63$159 ($sub).
Removed top 30 bits (of 32) from port B of cell fp32_add.$gt$rtl/fp32_add.sv:61$161 ($gt).
Removed top 30 bits (of 32) from port B of cell fp32_add.$sub$rtl/fp32_add.sv:63$164 ($sub).
Removed top 30 bits (of 32) from port B of cell fp32_add.$gt$rtl/fp32_add.sv:61$166 ($gt).
Removed top 30 bits (of 32) from port B of cell fp32_add.$sub$rtl/fp32_add.sv:63$169 ($sub).
Removed top 30 bits (of 32) from port B of cell fp32_add.$gt$rtl/fp32_add.sv:61$171 ($gt).
Removed top 30 bits (of 32) from port B of cell fp32_add.$sub$rtl/fp32_add.sv:63$174 ($sub).
Removed top 30 bits (of 32) from port B of cell fp32_add.$gt$rtl/fp32_add.sv:61$176 ($gt).
Removed top 30 bits (of 32) from port B of cell fp32_add.$sub$rtl/fp32_add.sv:63$179 ($sub).
Removed top 1 bits (of 25) from port A of cell fp32_add.$add$rtl/fp32_add.sv:68$183 ($add).
Removed top 30 bits (of 32) from port B of cell fp32_add.$add$rtl/fp32_add.sv:71$185 ($add).
Removed top 23 bits (of 32) from port B of cell fp32_add.$ge$rtl/fp32_add.sv:84$210 ($ge).
Removed top 30 bits (of 32) from port B of cell fp32_add.$le$rtl/fp32_add.sv:85$211 ($le).
Removed top 1 bits (of 32) from mux cell fp32_add.$procmux$891 ($mux).
Removed top 1 bits (of 32) from mux cell fp32_add.$procmux$912 ($mux).
Removed top 1 bits (of 25) from mux cell fp32_add.$procmux$978 ($mux).
Removed top 23 bits (of 32) from mux cell fp32_add.$procmux$1300 ($mux).
Removed top 23 bits (of 32) from wire fp32_add.$add$rtl/fp32_add.sv:56$48_Y.
Removed top 23 bits (of 32) from wire fp32_add.$2\result_exp[31:0].
Removed top 1 bits (of 25) from wire fp32_add.rounded_sig.

15.10. Executing PEEPOPT pass (run peephole optimizers).

15.11. Executing OPT_CLEAN pass (remove unused cells and wires).
Finding unused cells or wires in module \mixed_precision_global_reducer16..
Finding unused cells or wires in module \fp32_add..
Removed 0 unused cells and 3 unused wires.
<suppressed ~1 debug messages>

15.12. Executing ALUMACC pass (create $alu and $macc cells).
Extracting $alu and $macc cells in module mixed_precision_global_reducer16:
  created 0 $alu and 0 $macc cells.
Extracting $alu and $macc cells in module fp32_add:
  creating $macc model for $add$rtl/fp32_add.sv:71$185 ($add).
  creating $macc model for $add$rtl/fp32_add.sv:68$183 ($add).
  creating $macc model for $sub$rtl/fp32_add.sv:63$179 ($sub).
  creating $macc model for $sub$rtl/fp32_add.sv:63$174 ($sub).
  creating $macc model for $sub$rtl/fp32_add.sv:63$169 ($sub).
  creating $macc model for $sub$rtl/fp32_add.sv:63$164 ($sub).
  creating $macc model for $sub$rtl/fp32_add.sv:63$159 ($sub).
  creating $macc model for $sub$rtl/fp32_add.sv:63$154 ($sub).
  creating $macc model for $sub$rtl/fp32_add.sv:63$149 ($sub).
  creating $macc model for $sub$rtl/fp32_add.sv:63$144 ($sub).
  creating $macc model for $sub$rtl/fp32_add.sv:63$139 ($sub).
  creating $macc model for $sub$rtl/fp32_add.sv:63$134 ($sub).
  creating $macc model for $sub$rtl/fp32_add.sv:63$129 ($sub).
  creating $macc model for $sub$rtl/fp32_add.sv:63$124 ($sub).
  creating $macc model for $sub$rtl/fp32_add.sv:63$119 ($sub).
  creating $macc model for $sub$rtl/fp32_add.sv:63$114 ($sub).
  creating $macc model for $sub$rtl/fp32_add.sv:63$109 ($sub).
  creating $macc model for $sub$rtl/fp32_add.sv:63$104 ($sub).
  creating $macc model for $sub$rtl/fp32_add.sv:63$99 ($sub).
  creating $macc model for $sub$rtl/fp32_add.sv:63$94 ($sub).
  creating $macc model for $sub$rtl/fp32_add.sv:63$89 ($sub).
  creating $macc model for $sub$rtl/fp32_add.sv:63$84 ($sub).
  creating $macc model for $sub$rtl/fp32_add.sv:63$79 ($sub).
  creating $macc model for $sub$rtl/fp32_add.sv:63$74 ($sub).
  creating $macc model for $sub$rtl/fp32_add.sv:63$69 ($sub).
  creating $macc model for $sub$rtl/fp32_add.sv:63$64 ($sub).
  creating $macc model for $sub$rtl/fp32_add.sv:63$59 ($sub).
  creating $macc model for $sub$rtl/fp32_add.sv:63$54 ($sub).
  creating $macc model for $sub$rtl/fp32_add.sv:59$49 ($sub).
  creating $macc model for $add$rtl/fp32_add.sv:56$48 ($add).
  creating $macc model for $add$rtl/fp32_add.sv:52$46 ($add).
  creating $macc model for $sub$rtl/fp32_add.sv:13$40 ($sub).
  creating $macc model for $sub$rtl/fp32_add.sv:47$31 ($sub).
  creating $alu model for $macc $sub$rtl/fp32_add.sv:47$31.
  creating $alu model for $macc $sub$rtl/fp32_add.sv:13$40.
  creating $alu model for $macc $add$rtl/fp32_add.sv:52$46.
  creating $alu model for $macc $add$rtl/fp32_add.sv:56$48.
  creating $alu model for $macc $sub$rtl/fp32_add.sv:59$49.
  creating $alu model for $macc $sub$rtl/fp32_add.sv:63$54.
  creating $alu model for $macc $sub$rtl/fp32_add.sv:63$59.
  creating $alu model for $macc $sub$rtl/fp32_add.sv:63$64.
  creating $alu model for $macc $sub$rtl/fp32_add.sv:63$69.
  creating $alu model for $macc $sub$rtl/fp32_add.sv:63$74.
  creating $alu model for $macc $sub$rtl/fp32_add.sv:63$79.
  creating $alu model for $macc $sub$rtl/fp32_add.sv:63$84.
  creating $alu model for $macc $sub$rtl/fp32_add.sv:63$89.
  creating $alu model for $macc $sub$rtl/fp32_add.sv:63$94.
  creating $alu model for $macc $sub$rtl/fp32_add.sv:63$99.
  creating $alu model for $macc $sub$rtl/fp32_add.sv:63$104.
  creating $alu model for $macc $sub$rtl/fp32_add.sv:63$109.
  creating $alu model for $macc $sub$rtl/fp32_add.sv:63$114.
  creating $alu model for $macc $sub$rtl/fp32_add.sv:63$119.
  creating $alu model for $macc $sub$rtl/fp32_add.sv:63$124.
  creating $alu model for $macc $sub$rtl/fp32_add.sv:63$129.
  creating $alu model for $macc $sub$rtl/fp32_add.sv:63$134.
  creating $alu model for $macc $sub$rtl/fp32_add.sv:63$139.
  creating $alu model for $macc $sub$rtl/fp32_add.sv:63$144.
  creating $alu model for $macc $sub$rtl/fp32_add.sv:63$149.
  creating $alu model for $macc $sub$rtl/fp32_add.sv:63$154.
  creating $alu model for $macc $sub$rtl/fp32_add.sv:63$159.
  creating $alu model for $macc $sub$rtl/fp32_add.sv:63$164.
  creating $alu model for $macc $sub$rtl/fp32_add.sv:63$169.
  creating $alu model for $macc $sub$rtl/fp32_add.sv:63$174.
  creating $alu model for $macc $sub$rtl/fp32_add.sv:63$179.
  creating $alu model for $macc $add$rtl/fp32_add.sv:68$183.
  creating $alu model for $macc $add$rtl/fp32_add.sv:71$185.
  creating $alu model for $le$rtl/fp32_add.sv:85$211 ($le): new $alu
  creating $alu model for $ge$rtl/fp32_add.sv:84$210 ($ge): new $alu
  creating $alu model for $gt$rtl/fp32_add.sv:61$176 ($gt): merged with $sub$rtl/fp32_add.sv:63$179.
  creating $alu model for $gt$rtl/fp32_add.sv:61$171 ($gt): merged with $sub$rtl/fp32_add.sv:63$174.
  creating $alu model for $gt$rtl/fp32_add.sv:61$166 ($gt): merged with $sub$rtl/fp32_add.sv:63$169.
  creating $alu model for $gt$rtl/fp32_add.sv:61$161 ($gt): merged with $sub$rtl/fp32_add.sv:63$164.
  creating $alu model for $gt$rtl/fp32_add.sv:61$156 ($gt): merged with $sub$rtl/fp32_add.sv:63$159.
  creating $alu model for $gt$rtl/fp32_add.sv:61$151 ($gt): merged with $sub$rtl/fp32_add.sv:63$154.
  creating $alu model for $gt$rtl/fp32_add.sv:61$146 ($gt): merged with $sub$rtl/fp32_add.sv:63$149.
  creating $alu model for $gt$rtl/fp32_add.sv:61$141 ($gt): merged with $sub$rtl/fp32_add.sv:63$144.
  creating $alu model for $gt$rtl/fp32_add.sv:61$136 ($gt): merged with $sub$rtl/fp32_add.sv:63$139.
  creating $alu model for $gt$rtl/fp32_add.sv:61$131 ($gt): merged with $sub$rtl/fp32_add.sv:63$134.
  creating $alu model for $gt$rtl/fp32_add.sv:61$126 ($gt): merged with $sub$rtl/fp32_add.sv:63$129.
  creating $alu model for $gt$rtl/fp32_add.sv:61$121 ($gt): merged with $sub$rtl/fp32_add.sv:63$124.
  creating $alu model for $gt$rtl/fp32_add.sv:61$116 ($gt): merged with $sub$rtl/fp32_add.sv:63$119.
  creating $alu model for $gt$rtl/fp32_add.sv:61$111 ($gt): merged with $sub$rtl/fp32_add.sv:63$114.
  creating $alu model for $gt$rtl/fp32_add.sv:61$106 ($gt): merged with $sub$rtl/fp32_add.sv:63$109.
  creating $alu model for $gt$rtl/fp32_add.sv:61$101 ($gt): merged with $sub$rtl/fp32_add.sv:63$104.
  creating $alu model for $gt$rtl/fp32_add.sv:61$96 ($gt): merged with $sub$rtl/fp32_add.sv:63$99.
  creating $alu model for $gt$rtl/fp32_add.sv:61$91 ($gt): merged with $sub$rtl/fp32_add.sv:63$94.
  creating $alu model for $gt$rtl/fp32_add.sv:61$86 ($gt): merged with $sub$rtl/fp32_add.sv:63$89.
  creating $alu model for $gt$rtl/fp32_add.sv:61$81 ($gt): merged with $sub$rtl/fp32_add.sv:63$84.
  creating $alu model for $gt$rtl/fp32_add.sv:61$76 ($gt): merged with $sub$rtl/fp32_add.sv:63$79.
  creating $alu model for $gt$rtl/fp32_add.sv:61$71 ($gt): merged with $sub$rtl/fp32_add.sv:63$74.
  creating $alu model for $gt$rtl/fp32_add.sv:61$66 ($gt): merged with $sub$rtl/fp32_add.sv:63$69.
  creating $alu model for $gt$rtl/fp32_add.sv:61$61 ($gt): merged with $sub$rtl/fp32_add.sv:63$64.
  creating $alu model for $gt$rtl/fp32_add.sv:61$56 ($gt): merged with $sub$rtl/fp32_add.sv:63$59.
  creating $alu model for $gt$rtl/fp32_add.sv:61$51 ($gt): merged with $sub$rtl/fp32_add.sv:63$54.
  creating $alu model for $ge$rtl/fp32_add.sv:11$35 ($ge): new $alu
  creating $alu model for $le$rtl/fp32_add.sv:10$32 ($le): new $alu
  creating $alu model for $gt$rtl/fp32_add.sv:39$26 ($gt): new $alu
  creating $alu cell for $gt$rtl/fp32_add.sv:39$26: $auto$alumacc.cc:548:replace_alu$1448
  creating $alu cell for $le$rtl/fp32_add.sv:10$32: $auto$alumacc.cc:548:replace_alu$1459
  creating $alu cell for $ge$rtl/fp32_add.sv:11$35: $auto$alumacc.cc:548:replace_alu$1470
  creating $alu cell for $ge$rtl/fp32_add.sv:84$210: $auto$alumacc.cc:548:replace_alu$1485
  creating $alu cell for $le$rtl/fp32_add.sv:85$211: $auto$alumacc.cc:548:replace_alu$1500
  creating $alu cell for $add$rtl/fp32_add.sv:71$185: $auto$alumacc.cc:548:replace_alu$1511
  creating $alu cell for $add$rtl/fp32_add.sv:68$183: $auto$alumacc.cc:548:replace_alu$1514
  creating $alu cell for $sub$rtl/fp32_add.sv:63$179, $gt$rtl/fp32_add.sv:61$176: $auto$alumacc.cc:548:replace_alu$1517
  creating $alu cell for $sub$rtl/fp32_add.sv:63$174, $gt$rtl/fp32_add.sv:61$171: $auto$alumacc.cc:548:replace_alu$1530
  creating $alu cell for $sub$rtl/fp32_add.sv:63$169, $gt$rtl/fp32_add.sv:61$166: $auto$alumacc.cc:548:replace_alu$1543
  creating $alu cell for $sub$rtl/fp32_add.sv:63$164, $gt$rtl/fp32_add.sv:61$161: $auto$alumacc.cc:548:replace_alu$1556
  creating $alu cell for $sub$rtl/fp32_add.sv:63$159, $gt$rtl/fp32_add.sv:61$156: $auto$alumacc.cc:548:replace_alu$1569
  creating $alu cell for $sub$rtl/fp32_add.sv:63$154, $gt$rtl/fp32_add.sv:61$151: $auto$alumacc.cc:548:replace_alu$1582
  creating $alu cell for $sub$rtl/fp32_add.sv:63$149, $gt$rtl/fp32_add.sv:61$146: $auto$alumacc.cc:548:replace_alu$1595
  creating $alu cell for $sub$rtl/fp32_add.sv:63$144, $gt$rtl/fp32_add.sv:61$141: $auto$alumacc.cc:548:replace_alu$1608
  creating $alu cell for $sub$rtl/fp32_add.sv:63$139, $gt$rtl/fp32_add.sv:61$136: $auto$alumacc.cc:548:replace_alu$1621
  creating $alu cell for $sub$rtl/fp32_add.sv:63$134, $gt$rtl/fp32_add.sv:61$131: $auto$alumacc.cc:548:replace_alu$1634
  creating $alu cell for $sub$rtl/fp32_add.sv:63$129, $gt$rtl/fp32_add.sv:61$126: $auto$alumacc.cc:548:replace_alu$1647
  creating $alu cell for $sub$rtl/fp32_add.sv:63$124, $gt$rtl/fp32_add.sv:61$121: $auto$alumacc.cc:548:replace_alu$1660
  creating $alu cell for $sub$rtl/fp32_add.sv:63$119, $gt$rtl/fp32_add.sv:61$116: $auto$alumacc.cc:548:replace_alu$1673
  creating $alu cell for $sub$rtl/fp32_add.sv:63$114, $gt$rtl/fp32_add.sv:61$111: $auto$alumacc.cc:548:replace_alu$1686
  creating $alu cell for $sub$rtl/fp32_add.sv:63$109, $gt$rtl/fp32_add.sv:61$106: $auto$alumacc.cc:548:replace_alu$1699
  creating $alu cell for $sub$rtl/fp32_add.sv:63$104, $gt$rtl/fp32_add.sv:61$101: $auto$alumacc.cc:548:replace_alu$1712
  creating $alu cell for $sub$rtl/fp32_add.sv:63$99, $gt$rtl/fp32_add.sv:61$96: $auto$alumacc.cc:548:replace_alu$1725
  creating $alu cell for $sub$rtl/fp32_add.sv:63$94, $gt$rtl/fp32_add.sv:61$91: $auto$alumacc.cc:548:replace_alu$1738
  creating $alu cell for $sub$rtl/fp32_add.sv:63$89, $gt$rtl/fp32_add.sv:61$86: $auto$alumacc.cc:548:replace_alu$1751
  creating $alu cell for $sub$rtl/fp32_add.sv:63$84, $gt$rtl/fp32_add.sv:61$81: $auto$alumacc.cc:548:replace_alu$1764
  creating $alu cell for $sub$rtl/fp32_add.sv:63$79, $gt$rtl/fp32_add.sv:61$76: $auto$alumacc.cc:548:replace_alu$1777
  creating $alu cell for $sub$rtl/fp32_add.sv:63$74, $gt$rtl/fp32_add.sv:61$71: $auto$alumacc.cc:548:replace_alu$1790
  creating $alu cell for $sub$rtl/fp32_add.sv:63$69, $gt$rtl/fp32_add.sv:61$66: $auto$alumacc.cc:548:replace_alu$1803
  creating $alu cell for $sub$rtl/fp32_add.sv:63$64, $gt$rtl/fp32_add.sv:61$61: $auto$alumacc.cc:548:replace_alu$1816
  creating $alu cell for $sub$rtl/fp32_add.sv:63$59, $gt$rtl/fp32_add.sv:61$56: $auto$alumacc.cc:548:replace_alu$1829
  creating $alu cell for $sub$rtl/fp32_add.sv:63$54, $gt$rtl/fp32_add.sv:61$51: $auto$alumacc.cc:548:replace_alu$1842
  creating $alu cell for $add$rtl/fp32_add.sv:56$48: $auto$alumacc.cc:548:replace_alu$1853
  creating $alu cell for $sub$rtl/fp32_add.sv:59$49: $auto$alumacc.cc:548:replace_alu$1856
  creating $alu cell for $add$rtl/fp32_add.sv:52$46: $auto$alumacc.cc:548:replace_alu$1859
  creating $alu cell for $sub$rtl/fp32_add.sv:13$40: $auto$alumacc.cc:548:replace_alu$1862
  creating $alu cell for $sub$rtl/fp32_add.sv:47$31: $auto$alumacc.cc:548:replace_alu$1865
  created 38 $alu and 0 $macc cells.

15.13. Executing SHARE pass (SAT-based resource sharing).
Found 2 cells in module fp32_add that may be considered for resource sharing.
  Analyzing resource sharing options for $shl$rtl/fp32_add.sv:13$39 ($shl):
    Found 4 activation_patterns using ctrl signal { $logic_and$rtl/fp32_add.sv:85$213_Y $eq$rtl/fp32_add.sv:83$209_Y $logic_and$rtl/fp32_add.sv:80$207_Y $logic_or$rtl/fp32_add.sv:74$198_Y $eq$rtl/fp32_add.sv:75$189_Y $eq$rtl/fp32_add.sv:74$186_Y $auto$rtlil.cc:3271:ReduceOr$1469 $auto$rtlil.cc:3271:ReduceOr$1484 $auto$rtlil.cc:3271:ReduceOr$1499 }.
    No candidates found.
  Analyzing resource sharing options for $shr$rtl/fp32_add.sv:14$43 ($shr):
    Found 4 activation_patterns using ctrl signal { $logic_and$rtl/fp32_add.sv:85$213_Y $eq$rtl/fp32_add.sv:83$209_Y $logic_and$rtl/fp32_add.sv:80$207_Y $logic_or$rtl/fp32_add.sv:74$198_Y $eq$rtl/fp32_add.sv:75$189_Y $eq$rtl/fp32_add.sv:74$186_Y $auto$rtlil.cc:3271:ReduceOr$1469 $auto$rtlil.cc:3271:ReduceOr$1484 $auto$rtlil.cc:3271:ReduceOr$1499 }.
    No candidates found.

15.14. Executing OPT pass (performing simple optimizations).

15.14.1. Executing OPT_EXPR pass (perform const folding).
Optimizing module mixed_precision_global_reducer16.
Optimizing module fp32_add.
<suppressed ~9 debug messages>

15.14.2. Executing OPT_MERGE pass (detect identical cells).
Finding identical cells in module `\mixed_precision_global_reducer16'.
Computing hashes of 46 cells of `\mixed_precision_global_reducer16'.
Finding duplicate cells in `\mixed_precision_global_reducer16'.
Finding identical cells in module `\fp32_add'.
Computing hashes of 404 cells of `\fp32_add'.
Finding duplicate cells in `\fp32_add'.
Removed a total of 0 cells.

15.14.3. Executing OPT_MUXTREE pass (detect dead branches in mux trees).
Running muxtree optimizer on module \mixed_precision_global_reducer16..
  Creating internal representation of mux trees.
  No muxes found in this module.
Running muxtree optimizer on module \fp32_add..
  Creating internal representation of mux trees.
  Evaluating internal representation of mux trees.
  Analyzing evaluation results.
Removed 0 multiplexer ports.
<suppressed ~191 debug messages>

15.14.4. Executing OPT_REDUCE pass (consolidate $*mux and $reduce_* inputs).
  Optimizing cells in module \mixed_precision_global_reducer16.
  Optimizing cells in module \fp32_add.
Performed a total of 0 changes.

15.14.5. Executing OPT_MERGE pass (detect identical cells).
Finding identical cells in module `\mixed_precision_global_reducer16'.
Computing hashes of 46 cells of `\mixed_precision_global_reducer16'.
Finding duplicate cells in `\mixed_precision_global_reducer16'.
Finding identical cells in module `\fp32_add'.
Computing hashes of 404 cells of `\fp32_add'.
Finding duplicate cells in `\fp32_add'.
Removed a total of 0 cells.

15.14.6. Executing OPT_DFF pass (perform DFF optimizations).

15.14.7. Executing OPT_CLEAN pass (remove unused cells and wires).
Finding unused cells or wires in module \mixed_precision_global_reducer16..
Finding unused cells or wires in module \fp32_add..
Removed 1 unused cells and 37 unused wires.
<suppressed ~3 debug messages>

15.14.8. Executing OPT_EXPR pass (perform const folding).
Optimizing module mixed_precision_global_reducer16.
Optimizing module fp32_add.

15.14.9. Rerunning OPT passes. (Maybe there is more to do..)

15.14.10. Executing OPT_MUXTREE pass (detect dead branches in mux trees).
Running muxtree optimizer on module \mixed_precision_global_reducer16..
  Creating internal representation of mux trees.
  No muxes found in this module.
Running muxtree optimizer on module \fp32_add..
  Creating internal representation of mux trees.
  Evaluating internal representation of mux trees.
  Analyzing evaluation results.
Removed 0 multiplexer ports.
<suppressed ~191 debug messages>

15.14.11. Executing OPT_REDUCE pass (consolidate $*mux and $reduce_* inputs).
  Optimizing cells in module \mixed_precision_global_reducer16.
  Optimizing cells in module \fp32_add.
Performed a total of 0 changes.

15.14.12. Executing OPT_MERGE pass (detect identical cells).
Finding identical cells in module `\mixed_precision_global_reducer16'.
Computing hashes of 46 cells of `\mixed_precision_global_reducer16'.
Finding duplicate cells in `\mixed_precision_global_reducer16'.
Finding identical cells in module `\fp32_add'.
Computing hashes of 402 cells of `\fp32_add'.
Finding duplicate cells in `\fp32_add'.
Removed a total of 0 cells.

15.14.13. Executing OPT_DFF pass (perform DFF optimizations).

15.14.14. Executing OPT_CLEAN pass (remove unused cells and wires).
Finding unused cells or wires in module \mixed_precision_global_reducer16..
Finding unused cells or wires in module \fp32_add..

15.14.15. Executing OPT_EXPR pass (perform const folding).
Optimizing module mixed_precision_global_reducer16.
Optimizing module fp32_add.

15.14.16. Finished fast OPT passes. (There is nothing left to do.)

15.15. Executing MEMORY pass.

15.15.1. Executing OPT_MEM pass (optimize memories).
Performed a total of 0 transformations.

15.15.2. Executing OPT_MEM_PRIORITY pass (removing unnecessary memory write priority relations).
Performed a total of 0 transformations.

15.15.3. Executing OPT_MEM_FEEDBACK pass (finding memory read-to-write feedback paths).

15.15.4. Executing MEMORY_BMUX2ROM pass (converting muxes to ROMs).

15.15.5. Executing MEMORY_DFF pass (merging $dff cells to $memrd).

15.15.6. Executing OPT_CLEAN pass (remove unused cells and wires).
Finding unused cells or wires in module \mixed_precision_global_reducer16..
Finding unused cells or wires in module \fp32_add..

15.15.7. Executing MEMORY_SHARE pass (consolidating $memrd/$memwr cells).

15.15.8. Executing OPT_MEM_WIDEN pass (optimize memories where all ports are wide).
Performed a total of 0 transformations.

15.15.9. Executing OPT_CLEAN pass (remove unused cells and wires).
Finding unused cells or wires in module \mixed_precision_global_reducer16..
Finding unused cells or wires in module \fp32_add..

15.15.10. Executing MEMORY_COLLECT pass (generating $mem cells).

15.16. Executing OPT_CLEAN pass (remove unused cells and wires).
Finding unused cells or wires in module \mixed_precision_global_reducer16..
Finding unused cells or wires in module \fp32_add..

15.17. Executing OPT pass (performing simple optimizations).

15.17.1. Executing OPT_EXPR pass (perform const folding).
Optimizing module mixed_precision_global_reducer16.
Optimizing module fp32_add.
<suppressed ~60 debug messages>

15.17.2. Executing OPT_MERGE pass (detect identical cells).
Finding identical cells in module `\mixed_precision_global_reducer16'.
Computing hashes of 46 cells of `\mixed_precision_global_reducer16'.
Finding duplicate cells in `\mixed_precision_global_reducer16'.
Finding identical cells in module `\fp32_add'.
Computing hashes of 352 cells of `\fp32_add'.
Finding duplicate cells in `\fp32_add'.
Removed a total of 0 cells.

15.17.3. Executing OPT_DFF pass (perform DFF optimizations).

15.17.4. Executing OPT_CLEAN pass (remove unused cells and wires).
Finding unused cells or wires in module \mixed_precision_global_reducer16..
Finding unused cells or wires in module \fp32_add..
Removed 0 unused cells and 52 unused wires.
<suppressed ~1 debug messages>

15.17.5. Finished fast OPT passes.

15.18. Executing MEMORY_MAP pass (converting memories to logic and flip-flops).

15.19. Executing OPT pass (performing simple optimizations).

15.19.1. Executing OPT_EXPR pass (perform const folding).
Optimizing module mixed_precision_global_reducer16.
Optimizing module fp32_add.

15.19.2. Executing OPT_MERGE pass (detect identical cells).
Finding identical cells in module `\mixed_precision_global_reducer16'.
Computing hashes of 46 cells of `\mixed_precision_global_reducer16'.
Finding duplicate cells in `\mixed_precision_global_reducer16'.
Finding identical cells in module `\fp32_add'.
Computing hashes of 352 cells of `\fp32_add'.
Finding duplicate cells in `\fp32_add'.
Removed a total of 0 cells.

15.19.3. Executing OPT_MUXTREE pass (detect dead branches in mux trees).
Running muxtree optimizer on module \mixed_precision_global_reducer16..
  Creating internal representation of mux trees.
  No muxes found in this module.
Running muxtree optimizer on module \fp32_add..
  Creating internal representation of mux trees.
  Evaluating internal representation of mux trees.
  Analyzing evaluation results.
Removed 0 multiplexer ports.
<suppressed ~141 debug messages>

15.19.4. Executing OPT_REDUCE pass (consolidate $*mux and $reduce_* inputs).
  Optimizing cells in module \mixed_precision_global_reducer16.
  Optimizing cells in module \fp32_add.
    Consolidated identical input bits for $mux cell $procmux$891:
      Old ports: A={ \result_exp [7:0] \rounded_sig [22:0] }, B={ 8'00000000 \rounded_sig [22:0] }, Y=$7\result_o[31:0] [30:0]
      New ports: A=\result_exp [7:0], B=8'00000000, Y=$7\result_o[31:0] [30:23]
      New connections: $7\result_o[31:0] [22:0] = \rounded_sig [22:0]
    Consolidated identical input bits for $mux cell $procmux$1281:
      Old ports: A={ 24'000000000000000000000000 \large_exp }, B={ $sub$rtl/fp32_add.sv:63$54_Y [8] $sub$rtl/fp32_add.sv:63$54_Y [8] $sub$rtl/fp32_add.sv:63$54_Y [8] $sub$rtl/fp32_add.sv:63$54_Y [8] $sub$rtl/fp32_add.sv:63$54_Y [8] $sub$rtl/fp32_add.sv:63$54_Y [8] $sub$rtl/fp32_add.sv:63$54_Y [8] $sub$rtl/fp32_add.sv:63$54_Y [8] $sub$rtl/fp32_add.sv:63$54_Y [8] $sub$rtl/fp32_add.sv:63$54_Y [8] $sub$rtl/fp32_add.sv:63$54_Y [8] $sub$rtl/fp32_add.sv:63$54_Y [8] $sub$rtl/fp32_add.sv:63$54_Y [8] $sub$rtl/fp32_add.sv:63$54_Y [8] $sub$rtl/fp32_add.sv:63$54_Y [8] $sub$rtl/fp32_add.sv:63$54_Y [8] $sub$rtl/fp32_add.sv:63$54_Y [8] $sub$rtl/fp32_add.sv:63$54_Y [8] $sub$rtl/fp32_add.sv:63$54_Y [8] $sub$rtl/fp32_add.sv:63$54_Y [8] $sub$rtl/fp32_add.sv:63$54_Y [8] $sub$rtl/fp32_add.sv:63$54_Y [8] $sub$rtl/fp32_add.sv:63$54_Y [8] $sub$rtl/fp32_add.sv:63$54_Y [8:0] }, Y=$3\result_exp[31:0]
      New ports: A={ 1'0 \large_exp }, B=$sub$rtl/fp32_add.sv:63$54_Y [8:0], Y=$3\result_exp[31:0] [8:0]
      New connections: $3\result_exp[31:0] [31:9] = { $3\result_exp[31:0] [8] $3\result_exp[31:0] [8] $3\result_exp[31:0] [8] $3\result_exp[31:0] [8] $3\result_exp[31:0] [8] $3\result_exp[31:0] [8] $3\result_exp[31:0] [8] $3\result_exp[31:0] [8] $3\result_exp[31:0] [8] $3\result_exp[31:0] [8] $3\result_exp[31:0] [8] $3\result_exp[31:0] [8] $3\result_exp[31:0] [8] $3\result_exp[31:0] [8] $3\result_exp[31:0] [8] $3\result_exp[31:0] [8] $3\result_exp[31:0] [8] $3\result_exp[31:0] [8] $3\result_exp[31:0] [8] $3\result_exp[31:0] [8] $3\result_exp[31:0] [8] $3\result_exp[31:0] [8] $3\result_exp[31:0] [8] }
  Optimizing cells in module \fp32_add.
Performed a total of 2 changes.

15.19.5. Executing OPT_MERGE pass (detect identical cells).
Finding identical cells in module `\mixed_precision_global_reducer16'.
Computing hashes of 46 cells of `\mixed_precision_global_reducer16'.
Finding duplicate cells in `\mixed_precision_global_reducer16'.
Finding identical cells in module `\fp32_add'.
Computing hashes of 352 cells of `\fp32_add'.
Finding duplicate cells in `\fp32_add'.
Removed a total of 0 cells.

15.19.6. Executing OPT_SHARE pass.

15.19.7. Executing OPT_DFF pass (perform DFF optimizations).

15.19.8. Executing OPT_CLEAN pass (remove unused cells and wires).
Finding unused cells or wires in module \mixed_precision_global_reducer16..
Finding unused cells or wires in module \fp32_add..

15.19.9. Executing OPT_EXPR pass (perform const folding).
Optimizing module mixed_precision_global_reducer16.
Optimizing module fp32_add.

15.19.10. Rerunning OPT passes. (Maybe there is more to do..)

15.19.11. Executing OPT_MUXTREE pass (detect dead branches in mux trees).
Running muxtree optimizer on module \mixed_precision_global_reducer16..
  Creating internal representation of mux trees.
  No muxes found in this module.
Running muxtree optimizer on module \fp32_add..
  Creating internal representation of mux trees.
  Evaluating internal representation of mux trees.
  Analyzing evaluation results.
Removed 0 multiplexer ports.
<suppressed ~141 debug messages>

15.19.12. Executing OPT_REDUCE pass (consolidate $*mux and $reduce_* inputs).
  Optimizing cells in module \mixed_precision_global_reducer16.
  Optimizing cells in module \fp32_add.
Performed a total of 0 changes.

15.19.13. Executing OPT_MERGE pass (detect identical cells).
Finding identical cells in module `\mixed_precision_global_reducer16'.
Computing hashes of 46 cells of `\mixed_precision_global_reducer16'.
Finding duplicate cells in `\mixed_precision_global_reducer16'.
Finding identical cells in module `\fp32_add'.
Computing hashes of 352 cells of `\fp32_add'.
Finding duplicate cells in `\fp32_add'.
Removed a total of 0 cells.

15.19.14. Executing OPT_SHARE pass.

15.19.15. Executing OPT_DFF pass (perform DFF optimizations).

15.19.16. Executing OPT_CLEAN pass (remove unused cells and wires).
Finding unused cells or wires in module \mixed_precision_global_reducer16..
Finding unused cells or wires in module \fp32_add..

15.19.17. Executing OPT_EXPR pass (perform const folding).
Optimizing module mixed_precision_global_reducer16.
Optimizing module fp32_add.

15.19.18. Finished fast OPT passes. (There is nothing left to do.)

15.20. Executing TECHMAP pass (map to technology primitives).

15.20.1. Executing Verilog-2005 frontend: /home/chandler/.local/oss-cad-suite/lib/../share/yosys/techmap.v
Parsing Verilog input from `/home/chandler/.local/oss-cad-suite/lib/../share/yosys/techmap.v' to AST representation.
Generating RTLIL representation for module `\_90_simplemap_bool_ops'.
Generating RTLIL representation for module `\_90_simplemap_reduce_ops'.
Generating RTLIL representation for module `\_90_simplemap_logic_ops'.
Generating RTLIL representation for module `\_90_simplemap_compare_ops'.
Generating RTLIL representation for module `\_90_simplemap_various'.
Generating RTLIL representation for module `\_90_simplemap_registers'.
Generating RTLIL representation for module `\_90_shift_ops_shr_shl_sshl_sshr'.
Generating RTLIL representation for module `\_90_shift_shiftx'.
Generating RTLIL representation for module `\_90_fa'.
Generating RTLIL representation for module `\_90_lcu_brent_kung'.
Generating RTLIL representation for module `\_90_alu'.
Generating RTLIL representation for module `\_90_macc'.
Generating RTLIL representation for module `\_90_alumacc'.
Generating RTLIL representation for module `$__div_mod_u'.
Generating RTLIL representation for module `$__div_mod_trunc'.
Generating RTLIL representation for module `\_90_div'.
Generating RTLIL representation for module `\_90_mod'.
Generating RTLIL representation for module `$__div_mod_floor'.
Generating RTLIL representation for module `\_90_divfloor'.
Generating RTLIL representation for module `\_90_modfloor'.
Generating RTLIL representation for module `\_90_pow'.
Generating RTLIL representation for module `\_90_demux'.
Generating RTLIL representation for module `\_90_lut'.
Generating RTLIL representation for module `$connect'.
Generating RTLIL representation for module `$input_port'.
Successfully finished Verilog frontend.

15.20.2. Continuing TECHMAP pass.
Using extmapper simplemap for cells of type $and.
Using extmapper simplemap for cells of type $not.
Using template $paramod$4ccbe221165818e15f326ddee3d1183c7924e12f\_90_alu for cells of type $alu.
Using template $paramod$constmap:5940edc780409ab992c39c4a6181c93139038017$paramod$9584a26118f4bcb3033fe760387b4d0b650980eb\_90_shift_ops_shr_shl_sshl_sshr for cells of type $shl.
Using template $paramod$d90c3448203144d55644b597072d6cf1b3e54430\_90_alu for cells of type $alu.
Using template $paramod$a7a1d5fc4563c49b9a54941942b1beedd64a98db\_90_alu for cells of type $alu.
Using template $paramod$f02bbbf710bba6238f4bdfa41b3051acfe2064a8\_90_alu for cells of type $alu.
Using template $paramod$a2af9b43308e3114c3b5dd3f4dc3329b2387395d\_90_alu for cells of type $alu.
Using extmapper simplemap for cells of type $or.
Using extmapper simplemap for cells of type $reduce_and.
Using template $paramod$19189243523493d505a4933d1bad417c570ea8a6\_90_alu for cells of type $alu.
Using extmapper simplemap for cells of type $xor.
Using template $paramod$050f15daba5036a0512adf25d3c6631f629623f7\_90_alu for cells of type $alu.
Using template $paramod$f137a8bfbd1456d75171dc760be33d0c1f0b83ab\_90_alu for cells of type $alu.
Using template $paramod$6412f7f13655de512a17af2c71a87b50b4a57324\_90_alu for cells of type $alu.
Using template $paramod$251dce7c157e9048c4b59aa3ffe9da5b787c11e7\_90_alu for cells of type $alu.
Using template $paramod$6f66f151d8048a3ab1c70205796615a945055b0d\_90_alu for cells of type $alu.
Using template $paramod$fbc7873bff55778c0b3173955b7e4bce1d9d6834\_90_alu for cells of type $alu.
Using extmapper simplemap for cells of type $reduce_bool.
Using template $paramod$constmap:1be8ac63e04f65aa7e5790e542000faa5701e3f9$paramod$d137e9f8c3237dc45a2f1807aeb7665ead8d1066\_90_shift_ops_shr_shl_sshl_sshr for cells of type $shr.
Using extmapper simplemap for cells of type $eq.
Using extmapper simplemap for cells of type $logic_not.
Using extmapper simplemap for cells of type $logic_and.
Using extmapper simplemap for cells of type $logic_or.
Using extmapper simplemap for cells of type $ne.
Using extmapper simplemap for cells of type $pos.
Using template $paramod\_90_fa\WIDTH=32'00000000000000000000000000100000 for cells of type $fa.
Using template $paramod\_90_lcu_brent_kung\WIDTH=32'00000000000000000000000000100000 for cells of type $lcu.
Using template $paramod\_90_fa\WIDTH=32'00000000000000000000000000001001 for cells of type $fa.
Using template $paramod\_90_lcu_brent_kung\WIDTH=32'00000000000000000000000000001001 for cells of type $lcu.
Using template $paramod\_90_fa\WIDTH=32'00000000000000000000000000011001 for cells of type $fa.
Using template $paramod\_90_lcu_brent_kung\WIDTH=32'00000000000000000000000000011001 for cells of type $lcu.
Using template $paramod\_90_fa\WIDTH=32'00000000000000000000000000011011 for cells of type $fa.
Using template $paramod\_90_lcu_brent_kung\WIDTH=32'00000000000000000000000000011011 for cells of type $lcu.
Using extmapper simplemap for cells of type $adffe.
No more expansions possible.
<suppressed ~7323 debug messages>

15.21. Executing OPT pass (performing simple optimizations).

15.21.1. Executing OPT_EXPR pass (perform const folding).
Optimizing module mixed_precision_global_reducer16.
Optimizing module fp32_add.
<suppressed ~7731 debug messages>

15.21.2. Executing OPT_MERGE pass (detect identical cells).
Finding identical cells in module `\mixed_precision_global_reducer16'.
Computing hashes of 1064 cells of `\mixed_precision_global_reducer16'.
Finding duplicate cells in `\mixed_precision_global_reducer16'.
Finding identical cells in module `\fp32_add'.
Computing hashes of 10256 cells of `\fp32_add'.
Finding duplicate cells in `\fp32_add'.
Computing hashes of 9682 cells of `\fp32_add'.
Finding duplicate cells in `\fp32_add'.
Computing hashes of 9429 cells of `\fp32_add'.
Finding duplicate cells in `\fp32_add'.
Computing hashes of 9307 cells of `\fp32_add'.
Finding duplicate cells in `\fp32_add'.
Computing hashes of 9258 cells of `\fp32_add'.
Finding duplicate cells in `\fp32_add'.
Computing hashes of 9246 cells of `\fp32_add'.
Finding duplicate cells in `\fp32_add'.
Computing hashes of 9241 cells of `\fp32_add'.
Finding duplicate cells in `\fp32_add'.
Computing hashes of 9238 cells of `\fp32_add'.
Finding duplicate cells in `\fp32_add'.
Computing hashes of 9237 cells of `\fp32_add'.
Finding duplicate cells in `\fp32_add'.
Computing hashes of 9236 cells of `\fp32_add'.
Finding duplicate cells in `\fp32_add'.
<suppressed ~3060 debug messages>
Removed a total of 1020 cells.

15.21.3. Executing OPT_DFF pass (perform DFF optimizations).

15.21.4. Executing OPT_CLEAN pass (remove unused cells and wires).
Finding unused cells or wires in module \mixed_precision_global_reducer16..
Finding unused cells or wires in module \fp32_add..
Removed 313 unused cells and 3580 unused wires.
<suppressed ~315 debug messages>

15.21.5. Finished fast OPT passes.

15.22. Executing HIERARCHY pass (managing design hierarchy).
Attribute `top' found on module `mixed_precision_global_reducer16'. Setting top module to mixed_precision_global_reducer16.

15.22.1. Analyzing design hierarchy..
Top module:  \mixed_precision_global_reducer16
Used module:     \fp32_add

15.22.2. Analyzing design hierarchy..
Top module:  \mixed_precision_global_reducer16
Used module:     \fp32_add
Removed 0 unused modules.

15.23. Printing statistics.

=== mixed_precision_global_reducer16 ===

        +----------Local Count, excluding submodules.
        | 
       36 wires
     3120 wire bits
       31 public wires
     3115 public wire bits
       12 ports
     1126 port bits
     1034 cells
        4   $_AND_
     1028   $_DFFE_PN0P_
        1   $_NOT_
        1   $_OR_
       30 submodules
       30   fp32_add

=== fp32_add ===

        +----------Local Count, excluding submodules.
        | 
     3078 wires
     9890 wire bits
       28 public wires
      505 public wire bits
        3 ports
       96 port bits
     8923 cells
     2767   $_AND_
     2265   $_MUX_
      998   $_NOT_
     1820   $_OR_
     1073   $_XOR_

=== design hierarchy ===

        +----------Count including submodules.
        | 
   268724 mixed_precision_global_reducer16
     8923 fp32_add

        +----------Count including submodules.
        | 
    92376 wires
   299820 wire bits
      871 public wires
    18265 public wire bits
      102 ports
     4006 port bits
        - memories
        - memory bits
        - processes
   268724 cells
    83014   $_AND_
     1028   $_DFFE_PN0P_
    67950   $_MUX_
    29941   $_NOT_
    54601   $_OR_
    32190   $_XOR_
       30 submodules
       30   fp32_add

15.24. Executing CHECK pass (checking for obvious problems).
Checking module mixed_precision_global_reducer16...
Checking module fp32_add...
Found and reported 0 problems.

16. Executing FLATTEN pass (flatten design).
Deleting now unused module fp32_add.
<suppressed ~30 debug messages>

17. Executing OPT_CLEAN pass (remove unused cells and wires).
Finding unused cells or wires in module \mixed_precision_global_reducer16..

18. Executing DFFLIBMAP pass (mapping DFF cells to sequential cells from liberty file).
  cell sky130_fd_sc_hd__dfxtp_1 (noninv, pins=3, area=20.02) is a direct match for cell type $_DFF_P_.
  cell sky130_fd_sc_hd__dfrtn_1 (noninv, pins=4, area=25.02) is a direct match for cell type $_DFF_NN0_.
  cell sky130_fd_sc_hd__dfrtp_1 (noninv, pins=4, area=25.02) is a direct match for cell type $_DFF_PN0_.
  cell sky130_fd_sc_hd__dfstp_2 (noninv, pins=4, area=26.28) is a direct match for cell type $_DFF_PN1_.
  cell sky130_fd_sc_hd__edfxtp_1 (noninv, pins=4, area=30.03) is a direct match for cell type $_DFFE_PP_.
  cell sky130_fd_sc_hd__dfbbn_1 (noninv, pins=6, area=32.53) is a direct match for cell type $_DFFSR_NNN_.
  cell sky130_fd_sc_hd__dfbbp_1 (noninv, pins=6, area=32.53) is a direct match for cell type $_DFFSR_PNN_.
  final dff cell mappings:
    unmapped dff cell: $_DFF_N_
    \sky130_fd_sc_hd__dfxtp_1 _DFF_P_ (.CLK( C), .D( D), .Q( Q));
    \sky130_fd_sc_hd__dfrtn_1 _DFF_NN0_ (.CLK_N( C), .D( D), .Q( Q), .RESET_B( R));
    unmapped dff cell: $_DFF_NN1_
    unmapped dff cell: $_DFF_NP0_
    unmapped dff cell: $_DFF_NP1_
    \sky130_fd_sc_hd__dfrtp_1 _DFF_PN0_ (.CLK( C), .D( D), .Q( Q), .RESET_B( R));
    \sky130_fd_sc_hd__dfstp_2 _DFF_PN1_ (.CLK( C), .D( D), .Q( Q), .SET_B( R));
    unmapped dff cell: $_DFF_PP0_
    unmapped dff cell: $_DFF_PP1_
    unmapped dff cell: $_DFFE_NN_
    unmapped dff cell: $_DFFE_NP_
    unmapped dff cell: $_DFFE_PN_
    \sky130_fd_sc_hd__edfxtp_1 _DFFE_PP_ (.CLK( C), .D( D), .DE( E), .Q( Q));
    \sky130_fd_sc_hd__dfbbn_1 _DFFSR_NNN_ (.CLK_N( C), .D( D), .Q( Q), .Q_N(~Q), .RESET_B( R), .SET_B( S));
    unmapped dff cell: $_DFFSR_NNP_
    unmapped dff cell: $_DFFSR_NPN_
    unmapped dff cell: $_DFFSR_NPP_
    \sky130_fd_sc_hd__dfbbp_1 _DFFSR_PNN_ (.CLK( C), .D( D), .Q( Q), .Q_N(~Q), .RESET_B( R), .SET_B( S));
    unmapped dff cell: $_DFFSR_PNP_
    unmapped dff cell: $_DFFSR_PPN_
    unmapped dff cell: $_DFFSR_PPP_

18.1. Executing DFFLEGALIZE pass (convert FFs to types supported by the target).
<suppressed ~24 debug messages>
Mapping DFF cells in module `\mixed_precision_global_reducer16':
  mapped 1028 $_DFF_PN0_ cells to \sky130_fd_sc_hd__dfrtp_1 cells.

19. Executing ABC pass (technology mapping using ABC).

19.1. Extracting gate netlist of module `\mixed_precision_global_reducer16' to `<abc-temp-dir>/input.blif'..
ABC: using cached merged SCL: /tmp/yosys-liberty-scl-cache/yosys_merged_d1704997.scl (1 files)

19.1.1. Executed ABC.
Extracted 268724 gates and 270796 wires to a netlist network with 2070 inputs and 1029 outputs.
Running ABC script: <abc-temp-dir>/abc.script
ABC: UC Berkeley, ABC 1.01 (compiled Aug 11 2026 02:40:08)
ABC: abc 01> empty
ABC: abc 01> source <abc-temp-dir>/abc.script
ABC: + read_blif <abc-temp-dir>/input.blif 
ABC: + read_scl /tmp/yosys-liberty-scl-cache/yosys_merged_d1704997.scl 
ABC: Warning: Detected 9 multi-output cells (for example, "sky130_fd_sc_hd__fa_1").
ABC: + strash 
ABC: + &get -n 
ABC: + &fraig -x 
ABC: + &put 
ABC: + scorr 
ABC: Warning: The network is combinational (run "fraig" or "fraig_sweep").
ABC: + dc2 
ABC: + dretime 
ABC: + strash 
ABC: + &get -n 
ABC: + &dch -f 
ABC: + &nf 
ABC: + &put 
ABC: + write_blif <abc-temp-dir>/output.blif 
ABC: 
ABC: YOSYS_ABC_DONE 

19.1.2. Re-integrating ABC results.
ABC RESULTS:   sky130_fd_sc_hd__a2111o_1 cells:       24
ABC RESULTS:   sky130_fd_sc_hd__a2111oi_0 cells:      167
ABC RESULTS:   sky130_fd_sc_hd__a211o_1 cells:       84
ABC RESULTS:   sky130_fd_sc_hd__a211oi_1 cells:      336
ABC RESULTS:   sky130_fd_sc_hd__a21bo_1 cells:       31
ABC RESULTS:   sky130_fd_sc_hd__a21boi_0 cells:      293
ABC RESULTS:   sky130_fd_sc_hd__a21o_1 cells:      455
ABC RESULTS:   sky130_fd_sc_hd__a21oi_1 cells:     4688
ABC RESULTS:   sky130_fd_sc_hd__a221o_1 cells:       56
ABC RESULTS:   sky130_fd_sc_hd__a221oi_1 cells:      198
ABC RESULTS:   sky130_fd_sc_hd__a222oi_1 cells:       22
ABC RESULTS:   sky130_fd_sc_hd__a22o_1 cells:      122
ABC RESULTS:   sky130_fd_sc_hd__a22oi_1 cells:      241
ABC RESULTS:   sky130_fd_sc_hd__a2bb2o_1 cells:        1
ABC RESULTS:   sky130_fd_sc_hd__a2bb2oi_1 cells:       49
ABC RESULTS:   sky130_fd_sc_hd__a311o_1 cells:       33
ABC RESULTS:   sky130_fd_sc_hd__a311oi_1 cells:      123
ABC RESULTS:   sky130_fd_sc_hd__a31o_1 cells:       82
ABC RESULTS:   sky130_fd_sc_hd__a31oi_1 cells:      708
ABC RESULTS:   sky130_fd_sc_hd__a32o_1 cells:      408
ABC RESULTS:   sky130_fd_sc_hd__a32oi_1 cells:       48
ABC RESULTS:   sky130_fd_sc_hd__a41o_1 cells:       36
ABC RESULTS:   sky130_fd_sc_hd__a41oi_1 cells:      246
ABC RESULTS:   sky130_fd_sc_hd__and2_0 cells:      666
ABC RESULTS:   sky130_fd_sc_hd__and3_1 cells:      408
ABC RESULTS:   sky130_fd_sc_hd__and3b_1 cells:       36
ABC RESULTS:   sky130_fd_sc_hd__and4_1 cells:      207
ABC RESULTS:   sky130_fd_sc_hd__and4b_1 cells:       68
ABC RESULTS:   sky130_fd_sc_hd__clkinv_1 cells:     2127
ABC RESULTS:   sky130_fd_sc_hd__lpflow_inputiso1p_1 cells:      797
ABC RESULTS:   sky130_fd_sc_hd__lpflow_isobufsrc_1 cells:     1179
ABC RESULTS:   sky130_fd_sc_hd__maj3_1 cells:      438
ABC RESULTS:   sky130_fd_sc_hd__mux2_1 cells:     1253
ABC RESULTS:   sky130_fd_sc_hd__mux2i_1 cells:     6878
ABC RESULTS:   sky130_fd_sc_hd__nand2_1 cells:     6115
ABC RESULTS:   sky130_fd_sc_hd__nand2b_1 cells:     1183
ABC RESULTS:   sky130_fd_sc_hd__nand3_1 cells:     1381
ABC RESULTS:   sky130_fd_sc_hd__nand3b_1 cells:      175
ABC RESULTS:   sky130_fd_sc_hd__nand4_1 cells:      936
ABC RESULTS:   sky130_fd_sc_hd__nand4b_1 cells:      160
ABC RESULTS:   sky130_fd_sc_hd__nand4bb_1 cells:       44
ABC RESULTS:   sky130_fd_sc_hd__nor2_1 cells:     6248
ABC RESULTS:   sky130_fd_sc_hd__nor2b_1 cells:      256
ABC RESULTS:   sky130_fd_sc_hd__nor3_1 cells:     1510
ABC RESULTS:   sky130_fd_sc_hd__nor3b_1 cells:      190
ABC RESULTS:   sky130_fd_sc_hd__nor4_1 cells:     1240
ABC RESULTS:   sky130_fd_sc_hd__nor4b_1 cells:      233
ABC RESULTS:   sky130_fd_sc_hd__nor4bb_1 cells:       72
ABC RESULTS:   sky130_fd_sc_hd__o2111a_1 cells:       27
ABC RESULTS:   sky130_fd_sc_hd__o2111ai_1 cells:      135
ABC RESULTS:   sky130_fd_sc_hd__o211a_1 cells:       47
ABC RESULTS:   sky130_fd_sc_hd__o211ai_1 cells:      344
ABC RESULTS:   sky130_fd_sc_hd__o21a_1 cells:      400
ABC RESULTS:   sky130_fd_sc_hd__o21ai_0 cells:     4130
ABC RESULTS:   sky130_fd_sc_hd__o21ba_1 cells:       33
ABC RESULTS:   sky130_fd_sc_hd__o21bai_1 cells:      242
ABC RESULTS:   sky130_fd_sc_hd__o221a_1 cells:       14
ABC RESULTS:   sky130_fd_sc_hd__o221ai_1 cells:      150
ABC RESULTS:   sky130_fd_sc_hd__o22a_1 cells:      344
ABC RESULTS:   sky130_fd_sc_hd__o22ai_1 cells:      957
ABC RESULTS:   sky130_fd_sc_hd__o2bb2ai_1 cells:       19
ABC RESULTS:   sky130_fd_sc_hd__o311a_1 cells:       27
ABC RESULTS:   sky130_fd_sc_hd__o311ai_0 cells:      101
ABC RESULTS:   sky130_fd_sc_hd__o31a_1 cells:      122
ABC RESULTS:   sky130_fd_sc_hd__o31ai_1 cells:      411
ABC RESULTS:   sky130_fd_sc_hd__o32a_1 cells:       48
ABC RESULTS:   sky130_fd_sc_hd__o32ai_1 cells:      122
ABC RESULTS:   sky130_fd_sc_hd__o41a_1 cells:       50
ABC RESULTS:   sky130_fd_sc_hd__o41ai_1 cells:      176
ABC RESULTS:   sky130_fd_sc_hd__or3_1 cells:      401
ABC RESULTS:   sky130_fd_sc_hd__or3b_1 cells:       51
ABC RESULTS:   sky130_fd_sc_hd__or4_1 cells:      312
ABC RESULTS:   sky130_fd_sc_hd__or4b_1 cells:       82
ABC RESULTS:   sky130_fd_sc_hd__xnor2_1 cells:     4469
ABC RESULTS:   sky130_fd_sc_hd__xor2_1 cells:     2142
ABC RESULTS:        internal signals:   267697
ABC RESULTS:           input signals:     2070
ABC RESULTS:          output signals:     1029
Removing temp directory.
Removing global temp directory.
Removed 30 unused cells and 95383 unused wires.

20. Executing CHECK pass (checking for obvious problems).
Checking module mixed_precision_global_reducer16...
Found and reported 0 problems.

21. Printing statistics.

=== mixed_precision_global_reducer16 ===

        +----------Local Count, excluding submodules.
        |        +-Local Area, excluding submodules.
        |        | 
    57698        - wires
    59700        - wire bits
       92        - public wires
     2094        - public wire bits
       12        - ports
     1126        - port bits
    58635 4.02E+05 cells
       24  270.259   sky130_fd_sc_hd__a2111o_1
      167 1.46E+03   sky130_fd_sc_hd__a2111oi_0
       84  735.706   sky130_fd_sc_hd__a211o_1
      336 2.52E+03   sky130_fd_sc_hd__a211oi_1
       31  310.298   sky130_fd_sc_hd__a21bo_1
      293  2199.61   sky130_fd_sc_hd__a21boi_0
      455 3.42E+03   sky130_fd_sc_hd__a21o_1
     4688 2.35E+04   sky130_fd_sc_hd__a21oi_1
       56  560.538   sky130_fd_sc_hd__a221o_1
      198 1.73E+03   sky130_fd_sc_hd__a221oi_1
       22  220.211   sky130_fd_sc_hd__a222oi_1
      122 1.07E+03   sky130_fd_sc_hd__a22o_1
      241 1.81E+03   sky130_fd_sc_hd__a22oi_1
        1    10.01   sky130_fd_sc_hd__a2bb2o_1
       49  429.162   sky130_fd_sc_hd__a2bb2oi_1
       33  330.317   sky130_fd_sc_hd__a311o_1
      123 1.08E+03   sky130_fd_sc_hd__a311oi_1
       82  718.189   sky130_fd_sc_hd__a31o_1
      708 4.43E+03   sky130_fd_sc_hd__a31oi_1
      408 4.08E+03   sky130_fd_sc_hd__a32o_1
       48  420.403   sky130_fd_sc_hd__a32oi_1
       36  360.346   sky130_fd_sc_hd__a41o_1
      246 2.15E+03   sky130_fd_sc_hd__a41oi_1
      666 4.17E+03   sky130_fd_sc_hd__and2_0
      408 2.55E+03   sky130_fd_sc_hd__and3_1
       36  315.302   sky130_fd_sc_hd__and3b_1
      207 1.81E+03   sky130_fd_sc_hd__and4_1
       68  680.653   sky130_fd_sc_hd__and4b_1
     2127 7.98E+03   sky130_fd_sc_hd__clkinv_1
     1028 2.57E+04   sky130_fd_sc_hd__dfrtp_1
      797 4.99E+03   sky130_fd_sc_hd__lpflow_inputiso1p_1
     1179 7.38E+03   sky130_fd_sc_hd__lpflow_isobufsrc_1
      438 4.38E+03   sky130_fd_sc_hd__maj3_1
     1253 1.41E+04   sky130_fd_sc_hd__mux2_1
     6878 6.88E+04   sky130_fd_sc_hd__mux2i_1
     6115  2.3E+04   sky130_fd_sc_hd__nand2_1
     1183  7.4E+03   sky130_fd_sc_hd__nand2b_1
     1381 6.91E+03   sky130_fd_sc_hd__nand3_1
      175  1313.76   sky130_fd_sc_hd__nand3b_1
      936 5.86E+03   sky130_fd_sc_hd__nand4_1
      160  1.4E+03   sky130_fd_sc_hd__nand4b_1
       44  495.475   sky130_fd_sc_hd__nand4bb_1
     6248 2.35E+04   sky130_fd_sc_hd__nor2_1
      256  1.6E+03   sky130_fd_sc_hd__nor2b_1
     1510 7.56E+03   sky130_fd_sc_hd__nor3_1
      190 1.43E+03   sky130_fd_sc_hd__nor3b_1
     1240  7757.44   sky130_fd_sc_hd__nor4_1
      233 2.04E+03   sky130_fd_sc_hd__nor4b_1
       72  720.691   sky130_fd_sc_hd__nor4bb_1
       27  304.042   sky130_fd_sc_hd__o2111a_1
      135 1.18E+03   sky130_fd_sc_hd__o2111ai_1
       47  470.451   sky130_fd_sc_hd__o211a_1
      344 2.58E+03   sky130_fd_sc_hd__o211ai_1
      400  3002.88   sky130_fd_sc_hd__o21a_1
     4130 2.07E+04   sky130_fd_sc_hd__o21ai_0
       33  330.317   sky130_fd_sc_hd__o21ba_1
      242 1.82E+03   sky130_fd_sc_hd__o21bai_1
       14  157.651   sky130_fd_sc_hd__o221a_1
      150  1313.76   sky130_fd_sc_hd__o221ai_1
      344  3012.89   sky130_fd_sc_hd__o22a_1
      957 5.99E+03   sky130_fd_sc_hd__o22ai_1
       19   166.41   sky130_fd_sc_hd__o2bb2ai_1
       27  270.259   sky130_fd_sc_hd__o311a_1
      101  884.598   sky130_fd_sc_hd__o311ai_0
      122 1.07E+03   sky130_fd_sc_hd__o31a_1
      411 3.09E+03   sky130_fd_sc_hd__o31ai_1
       48  480.461   sky130_fd_sc_hd__o32a_1
      122 1.07E+03   sky130_fd_sc_hd__o32ai_1
       50   563.04   sky130_fd_sc_hd__o41a_1
      176 1.54E+03   sky130_fd_sc_hd__o41ai_1
      401 2.51E+03   sky130_fd_sc_hd__or3_1
       51  446.678   sky130_fd_sc_hd__or3b_1
      312 2.34E+03   sky130_fd_sc_hd__or4_1
       82  820.787   sky130_fd_sc_hd__or4b_1
     4469 3.91E+04   sky130_fd_sc_hd__xnor2_1
     2142 1.88E+04   sky130_fd_sc_hd__xor2_1

   Chip area for module '\mixed_precision_global_reducer16': 401591.408000
     of which used for sequential elements: 25724.672000 (6.41%)

22. Executing Verilog backend.

22.1. Executing BMUXMAP pass.

22.2. Executing DEMUXMAP pass.
Dumping module `\mixed_precision_global_reducer16'.

Warnings: 2 unique messages, 2 total
End of script. Logfile hash: 1dc057d82a, time: 43.81s, user: 4.59s, system: 0.90s, MEM: 572.23 MB peak
Yosys 0.68+48 (git sha1 ff5817c34-dirty, Release, Clang /usr/bin/clang++ 21.1.8)
Time spent: 90% 1x abc (40 sec), 3% 22x opt_clean (1 sec), ...
