OpenROAD v2.0-17598-ga008522d8 
Features included (+) or not (-): +Charts +GPU +GUI +Python : None
This program is licensed under the BSD-3 license. See the LICENSE file for details.
Components of this program may be licensed under more restrictive licenses which must be honored.
[WARNING ODB-0176] error: undefined layer (li1) referenced
[WARNING ODB-0176] error: undefined layer (pwell) referenced
[WARNING ODB-0176] error: undefined layer (nwell) referenced
[WARNING ODB-0176] error: undefined layer (li1) referenced
[WARNING ODB-0176] error: undefined layer (li1) referenced
[WARNING ODB-0176] error: undefined layer (met1) referenced
[WARNING ODB-0176] error: undefined layer (pwell) referenced
[WARNING ODB-0176] error: undefined layer (nwell) referenced
[WARNING ODB-0176] error: undefined layer (met1) referenced
[WARNING ODB-0176] error: undefined layer (li1) referenced
[WARNING ODB-0186] macro sky130_ef_sc_hd__fakediode_2 references unknown site unithd
[WARNING ODB-0176] error: undefined layer (li1) referenced
[WARNING ODB-0176] error: undefined layer (met1) referenced
[WARNING ODB-0176] error: undefined layer (li1) referenced
[WARNING ODB-0176] error: undefined layer (met1) referenced
[WARNING ODB-0186] macro sky130_ef_sc_hd__fill_8 references unknown site unithd
[WARNING ODB-0176] error: undefined layer (nwell) referenced
[WARNING ODB-0186] macro sky130_ef_sc_hd__fill_12 references unknown site unithd
[WARNING ODB-0176] error: undefined layer (li1) referenced
[WARNING ODB-0176] error: undefined layer (li1) referenced
[WARNING ODB-0176] error: undefined layer (li1) referenced
[WARNING ODB-0176] error: undefined layer (li1) referenced
[WARNING ODB-0176] error: undefined layer (li1) referenced
[WARNING ODB-0176] error: undefined layer (met1) referenced
[WARNING ODB-0176] error: undefined layer (pwell) referenced
[WARNING ODB-0176] error: undefined layer (nwell) referenced
[WARNING ODB-0176] error: undefined layer (met1) referenced
[WARNING ODB-0176] error: undefined layer (li1) referenced
[WARNING ODB-0186] macro sky130_fd_sc_hd__a2bb2o_1 references unknown site unithd
[WARNING ODB-0176] error: undefined layer (li1) referenced
[WARNING ODB-0176] error: undefined layer (li1) referenced
[WARNING ODB-0176] error: undefined layer (li1) referenced
[WARNING ODB-0176] error: undefined layer (li1) referenced
[WARNING ODB-0176] error: undefined layer (li1) referenced
[WARNING ODB-0176] error: undefined layer (met1) referenced
[WARNING ODB-0176] error: undefined layer (pwell) referenced
[WARNING ODB-0176] error: undefined layer (nwell) referenced
[WARNING ODB-0176] error: undefined layer (met1) referenced
[WARNING ODB-0176] error: undefined layer (li1) referenced
[WARNING ODB-0186] macro sky130_fd_sc_hd__a2bb2o_2 references unknown site unithd
[WARNING ODB-0176] error: undefined layer (li1) referenced
[WARNING ODB-0176] error: undefined layer (li1) referenced
[WARNING ODB-0176] error: undefined layer (li1) referenced
[WARNING ODB-0176] error: undefined layer (li1) referenced
[WARNING ODB-0176] error: undefined layer (li1) referenced
[WARNING ODB-0176] error: undefined layer (met1) referenced
[WARNING ODB-0176] error: undefined layer (pwell) referenced
[WARNING ODB-0176] error: undefined layer (nwell) referenced
[WARNING ODB-0176] error: undefined layer (met1) referenced
[WARNING ODB-0176] error: undefined layer (li1) referenced
[WARNING ODB-0186] macro sky130_fd_sc_hd__a2bb2o_4 references unknown site unithd
[WARNING ODB-0176] error: undefined layer (li1) referenced
[WARNING ODB-0176] error: undefined layer (li1) referenced
[WARNING ODB-0176] error: undefined layer (li1) referenced
[WARNING ODB-0176] error: undefined layer (li1) referenced
[WARNING ODB-0176] error: undefined layer (li1) referenced
[WARNING ODB-0176] error: undefined layer (met1) referenced
[WARNING ODB-0176] error: undefined layer (pwell) referenced
[WARNING ODB-0176] error: undefined layer (nwell) referenced
[WARNING ODB-0176] error: undefined layer (met1) referenced
[WARNING ODB-0176] error: undefined layer (li1) referenced
[WARNING ODB-0186] macro sky130_fd_sc_hd__a2bb2oi_1 references unknown site unithd
[WARNING ODB-0176] error: undefined layer (li1) referenced
[WARNING ODB-0176] error: undefined layer (li1) referenced
[WARNING ODB-0176] error: undefined layer (li1) referenced
[WARNING ODB-0176] error: undefined layer (li1) referenced
[WARNING ODB-0176] error: undefined layer (li1) referenced
[WARNING ODB-0176] error: undefined layer (met1) referenced
[WARNING ODB-0176] error: undefined layer (pwell) referenced
[WARNING ODB-0176] error: undefined layer (nwell) referenced
[WARNING ODB-0176] error: undefined layer (met1) referenced
[WARNING ODB-0176] error: undefined layer (li1) referenced
[WARNING ODB-0186] macro sky130_fd_sc_hd__a2bb2oi_2 references unknown site unithd
[WARNING ODB-0176] error: undefined layer (li1) referenced
[WARNING ODB-0176] error: undefined layer (li1) referenced
[WARNING ODB-0176] error: undefined layer (li1) referenced
[WARNING ODB-0176] error: undefined layer (li1) referenced
[WARNING ODB-0176] error: undefined layer (li1) referenced
[WARNING ODB-0176] error: undefined layer (met1) referenced
[WARNING ODB-0176] error: undefined layer (pwell) referenced
[WARNING ODB-0176] error: undefined layer (nwell) referenced
[WARNING ODB-0176] error: undefined layer (met1) referenced
[WARNING ODB-0176] error: undefined layer (li1) referenced
[WARNING ODB-0186] macro sky130_fd_sc_hd__a2bb2oi_4 references unknown site unithd
[WARNING ODB-0176] error: undefined layer (li1) referenced
[WARNING ODB-0176] error: undefined layer (li1) referenced
[WARNING ODB-0176] error: undefined layer (li1) referenced
[WARNING ODB-0176] error: undefined layer (li1) referenced
[WARNING ODB-0176] error: undefined layer (met1) referenced
[WARNING ODB-0176] error: undefined layer (pwell) referenced
[WARNING ODB-0176] error: undefined layer (nwell) referenced
[WARNING ODB-0176] error: undefined layer (met1) referenced
[WARNING ODB-0176] error: undefined layer (li1) referenced
[WARNING ODB-0186] macro sky130_fd_sc_hd__a21bo_1 references unknown site unithd
[WARNING ODB-0176] error: undefined layer (li1) referenced
[WARNING ODB-0176] error: undefined layer (li1) referenced
[WARNING ODB-0176] error: undefined layer (li1) referenced
[WARNING ODB-0176] error: undefined layer (li1) referenced
[WARNING ODB-0176] error: undefined layer (met1) referenced
[WARNING ODB-0176] error: undefined layer (pwell) referenced
[WARNING ODB-0176] error: undefined layer (nwell) referenced
[WARNING ODB-0176] error: undefined layer (met1) referenced
[WARNING ODB-0176] error: undefined layer (li1) referenced
[WARNING ODB-0186] macro sky130_fd_sc_hd__a21bo_2 references unknown site unithd
[WARNING ODB-0176] error: undefined layer (li1) referenced
[WARNING ODB-0176] error: undefined layer (li1) referenced
[WARNING ODB-0176] error: undefined layer (li1) referenced
[WARNING ODB-0176] error: undefined layer (li1) referenced
[WARNING ODB-0176] error: undefined layer (met1) referenced
[WARNING ODB-0176] error: undefined layer (pwell) referenced
[WARNING ODB-0176] error: undefined layer (nwell) referenced
[WARNING ODB-0176] error: undefined layer (met1) referenced
[WARNING ODB-0176] error: undefined layer (li1) referenced
[WARNING ODB-0186] macro sky130_fd_sc_hd__a21bo_4 references unknown site unithd
[WARNING ODB-0176] error: undefined layer (li1) referenced
[WARNING ODB-0176] error: undefined layer (li1) referenced
[WARNING ODB-0176] error: undefined layer (li1) referenced
[WARNING ODB-0176] error: undefined layer (li1) referenced
[WARNING ODB-0176] error: undefined layer (met1) referenced
[WARNING ODB-0176] error: undefined layer (pwell) referenced
[WARNING ODB-0176] error: undefined layer (nwell) referenced
[WARNING ODB-0176] error: undefined layer (met1) referenced
[WARNING ODB-0176] error: undefined layer (li1) referenced
[WARNING ODB-0186] macro sky130_fd_sc_hd__a21boi_0 references unknown site unithd
[WARNING ODB-0176] error: undefined layer (li1) referenced
[WARNING ODB-0176] error: undefined layer (li1) referenced
[WARNING ODB-0176] error: undefined layer (li1) referenced
[WARNING ODB-0176] error: undefined layer (li1) referenced
[WARNING ODB-0176] error: undefined layer (met1) referenced
[WARNING ODB-0176] error: undefined layer (pwell) referenced
[WARNING ODB-0176] error: undefined layer (nwell) referenced
[WARNING ODB-0176] error: undefined layer (met1) referenced
[WARNING ODB-0176] error: undefined layer (li1) referenced
[WARNING ODB-0186] macro sky130_fd_sc_hd__a21boi_1 references unknown site unithd
[WARNING ODB-0176] error: undefined layer (li1) referenced
[WARNING ODB-0176] error: undefined layer (li1) referenced
[WARNING ODB-0176] error: undefined layer (li1) referenced
[WARNING ODB-0176] error: undefined layer (li1) referenced
[WARNING ODB-0176] error: undefined layer (met1) referenced
[WARNING ODB-0176] error: undefined layer (pwell) referenced
[WARNING ODB-0176] error: undefined layer (nwell) referenced
[WARNING ODB-0176] error: undefined layer (met1) referenced
[WARNING ODB-0176] error: undefined layer (li1) referenced
[WARNING ODB-0186] macro sky130_fd_sc_hd__a21boi_2 references unknown site unithd
[WARNING ODB-0176] error: undefined layer (li1) referenced
[WARNING ODB-0176] error: undefined layer (li1) referenced
[WARNING ODB-0176] error: undefined layer (li1) referenced
[WARNING ODB-0176] error: undefined layer (li1) referenced
[WARNING ODB-0176] error: undefined layer (met1) referenced
[WARNING ODB-0176] error: undefined layer (pwell) referenced
[WARNING ODB-0176] error: undefined layer (nwell) referenced
[WARNING ODB-0176] error: undefined layer (met1) referenced
[WARNING ODB-0176] error: undefined layer (li1) referenced
[WARNING ODB-0186] macro sky130_fd_sc_hd__a21boi_4 references unknown site unithd
[WARNING ODB-0176] error: undefined layer (li1) referenced
[WARNING ODB-0176] error: undefined layer (li1) referenced
[WARNING ODB-0176] error: undefined layer (li1) referenced
[WARNING ODB-0176] error: undefined layer (li1) referenced
[WARNING ODB-0176] error: undefined layer (met1) referenced
[WARNING ODB-0176] error: undefined layer (pwell) referenced
[WARNING ODB-0176] error: undefined layer (nwell) referenced
[WARNING ODB-0176] error: undefined layer (met1) referenced
[WARNING ODB-0176] error: undefined layer (li1) referenced
[WARNING ODB-0186] macro sky130_fd_sc_hd__a21o_1 references unknown site unithd
[WARNING ODB-0176] error: undefined layer (li1) referenced
[WARNING ODB-0176] error: undefined layer (li1) referenced
[WARNING ODB-0176] error: undefined layer (li1) referenced
[WARNING ODB-0176] error: undefined layer (li1) referenced
[WARNING ODB-0176] error: undefined layer (met1) referenced
[WARNING ODB-0176] error: undefined layer (pwell) referenced
[WARNING ODB-0176] error: undefined layer (nwell) referenced
[WARNING ODB-0176] error: undefined layer (met1) referenced
[WARNING ODB-0176] error: undefined layer (li1) referenced
[WARNING ODB-0186] macro sky130_fd_sc_hd__a21o_2 references unknown site unithd
[WARNING ODB-0176] error: undefined layer (li1) referenced
[WARNING ODB-0176] error: undefined layer (li1) referenced
[WARNING ODB-0176] error: undefined layer (li1) referenced
[WARNING ODB-0176] error: undefined layer (li1) referenced
[WARNING ODB-0176] error: undefined layer (met1) referenced
[WARNING ODB-0176] error: undefined layer (pwell) referenced
[WARNING ODB-0176] error: undefined layer (nwell) referenced
[WARNING ODB-0176] error: undefined layer (met1) referenced
[WARNING ODB-0176] error: undefined layer (li1) referenced
[WARNING ODB-0186] macro sky130_fd_sc_hd__a21o_4 references unknown site unithd
[WARNING ODB-0176] error: undefined layer (li1) referenced
[WARNING ODB-0176] error: undefined layer (li1) referenced
[WARNING ODB-0176] error: undefined layer (li1) referenced
[WARNING ODB-0176] error: undefined layer (li1) referenced
[WARNING ODB-0176] error: undefined layer (met1) referenced
[WARNING ODB-0176] error: undefined layer (pwell) referenced
[WARNING ODB-0176] error: undefined layer (nwell) referenced
[WARNING ODB-0176] error: undefined layer (met1) referenced
[WARNING ODB-0176] error: undefined layer (li1) referenced
[WARNING ODB-0186] macro sky130_fd_sc_hd__a21oi_1 references unknown site unithd
[WARNING ODB-0176] error: undefined layer (li1) referenced
[WARNING ODB-0176] error: undefined layer (li1) referenced
[WARNING ODB-0176] error: undefined layer (li1) referenced
[WARNING ODB-0176] error: undefined layer (li1) referenced
[WARNING ODB-0176] error: undefined layer (met1) referenced
[WARNING ODB-0176] error: undefined layer (pwell) referenced
[WARNING ODB-0176] error: undefined layer (nwell) referenced
[WARNING ODB-0176] error: undefined layer (met1) referenced
[WARNING ODB-0176] error: undefined layer (li1) referenced
[WARNING ODB-0186] macro sky130_fd_sc_hd__a21oi_2 references unknown site unithd
[WARNING ODB-0176] error: undefined layer (li1) referenced
[WARNING ODB-0176] error: undefined layer (li1) referenced
[WARNING ODB-0176] error: undefined layer (li1) referenced
[WARNING ODB-0176] error: undefined layer (li1) referenced
[WARNING ODB-0176] error: undefined layer (met1) referenced
[WARNING ODB-0176] error: undefined layer (pwell) referenced
[WARNING ODB-0176] error: undefined layer (nwell) referenced
[WARNING ODB-0176] error: undefined layer (met1) referenced
[WARNING ODB-0176] error: undefined layer (li1) referenced
[WARNING ODB-0186] macro sky130_fd_sc_hd__a21oi_4 references unknown site unithd
[WARNING ODB-0176] error: undefined layer (li1) referenced
[WARNING ODB-0176] error: undefined layer (li1) referenced
[WARNING ODB-0176] error: undefined layer (li1) referenced
[WARNING ODB-0176] error: undefined layer (li1) referenced
[WARNING ODB-0176] error: undefined layer (li1) referenced
[WARNING ODB-0176] error: undefined layer (met1) referenced
[WARNING ODB-0176] error: undefined layer (pwell) referenced
[WARNING ODB-0176] error: undefined layer (nwell) referenced
[WARNING ODB-0176] error: undefined layer (met1) referenced
[WARNING ODB-0176] error: undefined layer (li1) referenced
[WARNING ODB-0186] macro sky130_fd_sc_hd__a22o_1 references unknown site unithd
[WARNING ODB-0176] error: undefined layer (li1) referenced
[WARNING ODB-0176] error: undefined layer (li1) referenced
[WARNING ODB-0176] error: undefined layer (li1) referenced
[WARNING ODB-0176] error: undefined layer (li1) referenced
[WARNING ODB-0176] error: undefined layer (li1) referenced
[WARNING ODB-0176] error: undefined layer (met1) referenced
[WARNING ODB-0176] error: undefined layer (pwell) referenced
[WARNING ODB-0176] error: undefined layer (nwell) referenced
[WARNING ODB-0176] error: undefined layer (met1) referenced
[WARNING ODB-0176] error: undefined layer (li1) referenced
[WARNING ODB-0186] macro sky130_fd_sc_hd__a22o_2 references unknown site unithd
[WARNING ODB-0176] error: undefined layer (li1) referenced
[WARNING ODB-0176] error: undefined layer (li1) referenced
[WARNING ODB-0176] error: undefined layer (li1) referenced
[WARNING ODB-0176] error: undefined layer (li1) referenced
[WARNING ODB-0176] error: undefined layer (li1) referenced
[WARNING ODB-0176] error: undefined layer (met1) referenced
[WARNING ODB-0176] error: undefined layer (pwell) referenced
[WARNING ODB-0176] error: undefined layer (nwell) referenced
[WARNING ODB-0176] error: undefined layer (met1) referenced
[WARNING ODB-0176] error: undefined layer (li1) referenced
[WARNING ODB-0186] macro sky130_fd_sc_hd__a22o_4 references unknown site unithd
[WARNING ODB-0176] error: undefined layer (li1) referenced
[WARNING ODB-0176] error: undefined layer (li1) referenced
[WARNING ODB-0176] error: undefined layer (li1) referenced
[WARNING ODB-0176] error: undefined layer (li1) referenced
[WARNING ODB-0176] error: undefined layer (li1) referenced
[WARNING ODB-0176] error: undefined layer (met1) referenced
[WARNING ODB-0176] error: undefined layer (pwell) referenced
[WARNING ODB-0176] error: undefined layer (nwell) referenced
[WARNING ODB-0176] error: undefined layer (met1) referenced
[WARNING ODB-0176] error: undefined layer (li1) referenced
[WARNING ODB-0186] macro sky130_fd_sc_hd__a22oi_1 references unknown site unithd
[WARNING ODB-0176] error: undefined layer (li1) referenced
[WARNING ODB-0176] error: undefined layer (li1) referenced
[WARNING ODB-0176] error: undefined layer (li1) referenced
[WARNING ODB-0176] error: undefined layer (li1) referenced
[WARNING ODB-0176] error: undefined layer (li1) referenced
[WARNING ODB-0176] error: undefined layer (met1) referenced
[WARNING ODB-0176] error: undefined layer (pwell) referenced
[WARNING ODB-0176] error: undefined layer (nwell) referenced
[WARNING ODB-0176] error: undefined layer (met1) referenced
[WARNING ODB-0176] error: undefined layer (li1) referenced
[WARNING ODB-0186] macro sky130_fd_sc_hd__a22oi_2 references unknown site unithd
[WARNING ODB-0176] error: undefined layer (li1) referenced
[WARNING ODB-0176] error: undefined layer (li1) referenced
[WARNING ODB-0176] error: undefined layer (li1) referenced
[WARNING ODB-0176] error: undefined layer (li1) referenced
[WARNING ODB-0176] error: undefined layer (li1) referenced
[WARNING ODB-0176] error: undefined layer (met1) referenced
[WARNING ODB-0176] error: undefined layer (pwell) referenced
[WARNING ODB-0176] error: undefined layer (nwell) referenced
[WARNING ODB-0176] error: undefined layer (met1) referenced
[WARNING ODB-0176] error: undefined layer (li1) referenced
[WARNING ODB-0186] macro sky130_fd_sc_hd__a22oi_4 references unknown site unithd
[WARNING ODB-0176] error: undefined layer (li1) referenced
[WARNING ODB-0176] error: undefined layer (li1) referenced
[WARNING ODB-0176] error: undefined layer (li1) referenced
[WARNING ODB-0176] error: undefined layer (li1) referenced
[WARNING ODB-0176] error: undefined layer (li1) referenced
[WARNING ODB-0176] error: undefined layer (met1) referenced
[WARNING ODB-0176] error: undefined layer (pwell) referenced
[WARNING ODB-0176] error: undefined layer (nwell) referenced
[WARNING ODB-0176] error: undefined layer (met1) referenced
[WARNING ODB-0176] error: undefined layer (li1) referenced
[WARNING ODB-0186] macro sky130_fd_sc_hd__a31o_1 references unknown site unithd
[WARNING ODB-0176] error: undefined layer (li1) referenced
[WARNING ODB-0176] error: undefined layer (li1) referenced
[WARNING ODB-0176] error: undefined layer (li1) referenced
[WARNING ODB-0176] error: undefined layer (li1) referenced
[WARNING ODB-0176] error: undefined layer (li1) referenced
[WARNING ODB-0176] error: undefined layer (met1) referenced
[WARNING ODB-0176] error: undefined layer (pwell) referenced
[WARNING ODB-0176] error: undefined layer (nwell) referenced
[WARNING ODB-0176] error: undefined layer (met1) referenced
[WARNING ODB-0176] error: undefined layer (li1) referenced
[WARNING ODB-0186] macro sky130_fd_sc_hd__a31o_2 references unknown site unithd
[WARNING ODB-0176] error: undefined layer (li1) referenced
[WARNING ODB-0176] error: undefined layer (li1) referenced
[WARNING ODB-0176] error: undefined layer (li1) referenced
[WARNING ODB-0176] error: undefined layer (li1) referenced
[WARNING ODB-0176] error: undefined layer (li1) referenced
[WARNING ODB-0176] error: undefined layer (met1) referenced
[WARNING ODB-0176] error: undefined layer (pwell) referenced
[WARNING ODB-0176] error: undefined layer (nwell) referenced
[WARNING ODB-0176] error: undefined layer (met1) referenced
[WARNING ODB-0176] error: undefined layer (li1) referenced
[WARNING ODB-0186] macro sky130_fd_sc_hd__a31o_4 references unknown site unithd
[WARNING ODB-0176] error: undefined layer (li1) referenced
[WARNING ODB-0176] error: undefined layer (li1) referenced
[WARNING ODB-0176] error: undefined layer (li1) referenced
[WARNING ODB-0176] error: undefined layer (li1) referenced
[WARNING ODB-0176] error: undefined layer (li1) referenced
[WARNING ODB-0176] error: undefined layer (met1) referenced
[WARNING ODB-0176] error: undefined layer (pwell) referenced
[WARNING ODB-0176] error: undefined layer (nwell) referenced
[WARNING ODB-0176] error: undefined layer (met1) referenced
[WARNING ODB-0176] error: undefined layer (li1) referenced
[WARNING ODB-0186] macro sky130_fd_sc_hd__a31oi_1 references unknown site unithd
[WARNING ODB-0176] error: undefined layer (li1) referenced
[WARNING ODB-0176] error: undefined layer (li1) referenced
[WARNING ODB-0176] error: undefined layer (li1) referenced
[WARNING ODB-0176] error: undefined layer (li1) referenced
[WARNING ODB-0176] error: undefined layer (li1) referenced
[WARNING ODB-0176] error: undefined layer (met1) referenced
[WARNING ODB-0176] error: undefined layer (pwell) referenced
[WARNING ODB-0176] error: undefined layer (nwell) referenced
[WARNING ODB-0176] error: undefined layer (met1) referenced
[WARNING ODB-0176] error: undefined layer (li1) referenced
[WARNING ODB-0186] macro sky130_fd_sc_hd__a31oi_2 references unknown site unithd
[WARNING ODB-0176] error: undefined layer (li1) referenced
[WARNING ODB-0176] error: undefined layer (li1) referenced
[WARNING ODB-0176] error: undefined layer (li1) referenced
[WARNING ODB-0176] error: undefined layer (li1) referenced
[WARNING ODB-0176] error: undefined layer (li1) referenced
[WARNING ODB-0176] error: undefined layer (met1) referenced
[WARNING ODB-0176] error: undefined layer (pwell) referenced
[WARNING ODB-0176] error: undefined layer (nwell) referenced
[WARNING ODB-0176] error: undefined layer (met1) referenced
[WARNING ODB-0176] error: undefined layer (li1) referenced
[WARNING ODB-0186] macro sky130_fd_sc_hd__a31oi_4 references unknown site unithd
[WARNING ODB-0176] error: undefined layer (li1) referenced
[WARNING ODB-0176] error: undefined layer (li1) referenced
[WARNING ODB-0176] error: undefined layer (li1) referenced
[WARNING ODB-0176] error: undefined layer (li1) referenced
[WARNING ODB-0176] error: undefined layer (li1) referenced
[WARNING ODB-0176] error: undefined layer (li1) referenced
[WARNING ODB-0176] error: undefined layer (met1) referenced
[WARNING ODB-0176] error: undefined layer (pwell) referenced
[WARNING ODB-0176] error: undefined layer (nwell) referenced
[WARNING ODB-0176] error: undefined layer (met1) referenced
[WARNING ODB-0176] error: undefined layer (li1) referenced
[WARNING ODB-0186] macro sky130_fd_sc_hd__a32o_1 references unknown site unithd
[WARNING ODB-0176] error: undefined layer (li1) referenced
[WARNING ODB-0176] error: undefined layer (li1) referenced
[WARNING ODB-0176] error: undefined layer (li1) referenced
[WARNING ODB-0176] error: undefined layer (li1) referenced
[WARNING ODB-0176] error: undefined layer (li1) referenced
[WARNING ODB-0176] error: undefined layer (li1) referenced
[WARNING ODB-0176] error: undefined layer (met1) referenced
[WARNING ODB-0176] error: undefined layer (pwell) referenced
[WARNING ODB-0176] error: undefined layer (nwell) referenced
[WARNING ODB-0176] error: undefined layer (met1) referenced
[WARNING ODB-0176] error: undefined layer (li1) referenced
[WARNING ODB-0186] macro sky130_fd_sc_hd__a32o_2 references unknown site unithd
[WARNING ODB-0176] error: undefined layer (li1) referenced
[WARNING ODB-0176] error: undefined layer (li1) referenced
[WARNING ODB-0176] error: undefined layer (li1) referenced
[WARNING ODB-0176] error: undefined layer (li1) referenced
[WARNING ODB-0176] error: undefined layer (li1) referenced
[WARNING ODB-0176] error: undefined layer (li1) referenced
[WARNING ODB-0176] error: undefined layer (met1) referenced
[WARNING ODB-0176] error: undefined layer (pwell) referenced
[WARNING ODB-0176] error: undefined layer (nwell) referenced
[WARNING ODB-0176] error: undefined layer (met1) referenced
[WARNING ODB-0176] error: undefined layer (li1) referenced
[WARNING ODB-0186] macro sky130_fd_sc_hd__a32o_4 references unknown site unithd
[WARNING ODB-0176] error: undefined layer (li1) referenced
[WARNING ODB-0176] error: undefined layer (li1) referenced
[WARNING ODB-0176] error: undefined layer (li1) referenced
[WARNING ODB-0176] error: undefined layer (li1) referenced
[WARNING ODB-0176] error: undefined layer (li1) referenced
[WARNING ODB-0176] error: undefined layer (li1) referenced
[WARNING ODB-0176] error: undefined layer (met1) referenced
[WARNING ODB-0176] error: undefined layer (pwell) referenced
[WARNING ODB-0176] error: undefined layer (nwell) referenced
[WARNING ODB-0176] error: undefined layer (met1) referenced
[WARNING ODB-0176] error: undefined layer (li1) referenced
[WARNING ODB-0186] macro sky130_fd_sc_hd__a32oi_1 references unknown site unithd
[WARNING ODB-0176] error: undefined layer (li1) referenced
[WARNING ODB-0176] error: undefined layer (li1) referenced
[WARNING ODB-0176] error: undefined layer (li1) referenced
[WARNING ODB-0176] error: undefined layer (li1) referenced
[WARNING ODB-0176] error: undefined layer (li1) referenced
[WARNING ODB-0176] error: undefined layer (li1) referenced
[WARNING ODB-0176] error: undefined layer (met1) referenced
[WARNING ODB-0176] error: undefined layer (pwell) referenced
[WARNING ODB-0176] error: undefined layer (nwell) referenced
[WARNING ODB-0176] error: undefined layer (met1) referenced
[WARNING ODB-0176] error: undefined layer (li1) referenced
[WARNING ODB-0186] macro sky130_fd_sc_hd__a32oi_2 references unknown site unithd
[WARNING ODB-0176] error: undefined layer (li1) referenced
[WARNING ODB-0176] error: undefined layer (li1) referenced
[WARNING ODB-0176] error: undefined layer (li1) referenced
[WARNING ODB-0176] error: undefined layer (li1) referenced
[WARNING ODB-0176] error: undefined layer (li1) referenced
[WARNING ODB-0176] error: undefined layer (li1) referenced
[WARNING ODB-0176] error: undefined layer (met1) referenced
[WARNING ODB-0176] error: undefined layer (pwell) referenced
[WARNING ODB-0176] error: undefined layer (nwell) referenced
[WARNING ODB-0176] error: undefined layer (met1) referenced
[WARNING ODB-0176] error: undefined layer (li1) referenced
[WARNING ODB-0186] macro sky130_fd_sc_hd__a32oi_4 references unknown site unithd
[WARNING ODB-0176] error: undefined layer (li1) referenced
[WARNING ODB-0176] error: undefined layer (li1) referenced
[WARNING ODB-0176] error: undefined layer (li1) referenced
[WARNING ODB-0176] error: undefined layer (li1) referenced
[WARNING ODB-0176] error: undefined layer (li1) referenced
[WARNING ODB-0176] error: undefined layer (li1) referenced
[WARNING ODB-0176] error: undefined layer (met1) referenced
[WARNING ODB-0176] error: undefined layer (pwell) referenced
[WARNING ODB-0176] error: undefined layer (nwell) referenced
[WARNING ODB-0176] error: undefined layer (met1) referenced
[WARNING ODB-0176] error: undefined layer (li1) referenced
[WARNING ODB-0186] macro sky130_fd_sc_hd__a41o_1 references unknown site unithd
[WARNING ODB-0176] error: undefined layer (li1) referenced
[WARNING ODB-0176] error: undefined layer (li1) referenced
[WARNING ODB-0176] error: undefined layer (li1) referenced
[WARNING ODB-0176] error: undefined layer (li1) referenced
[WARNING ODB-0176] error: undefined layer (li1) referenced
[WARNING ODB-0176] error: undefined layer (li1) referenced
[WARNING ODB-0176] error: undefined layer (met1) referenced
[WARNING ODB-0176] error: undefined layer (pwell) referenced
[WARNING ODB-0176] error: undefined layer (nwell) referenced
[WARNING ODB-0176] error: undefined layer (met1) referenced
[WARNING ODB-0176] error: undefined layer (li1) referenced
[WARNING ODB-0186] macro sky130_fd_sc_hd__a41o_2 references unknown site unithd
[WARNING ODB-0176] error: undefined layer (li1) referenced
[WARNING ODB-0176] error: undefined layer (li1) referenced
[WARNING ODB-0176] error: undefined layer (li1) referenced
[WARNING ODB-0176] error: undefined layer (li1) referenced
[WARNING ODB-0176] error: undefined layer (li1) referenced
[WARNING ODB-0176] error: undefined layer (li1) referenced
[WARNING ODB-0176] error: undefined layer (met1) referenced
[WARNING ODB-0176] error: undefined layer (pwell) referenced
[WARNING ODB-0176] error: undefined layer (nwell) referenced
[WARNING ODB-0176] error: undefined layer (met1) referenced
[WARNING ODB-0176] error: undefined layer (li1) referenced
[WARNING ODB-0186] macro sky130_fd_sc_hd__a41o_4 references unknown site unithd
[WARNING ODB-0176] error: undefined layer (li1) referenced
[WARNING ODB-0176] error: undefined layer (li1) referenced
[WARNING ODB-0176] error: undefined layer (li1) referenced
[WARNING ODB-0176] error: undefined layer (li1) referenced
[WARNING ODB-0176] error: undefined layer (li1) referenced
[WARNING ODB-0176] error: undefined layer (li1) referenced
[WARNING ODB-0176] error: undefined layer (met1) referenced
[WARNING ODB-0176] error: undefined layer (pwell) referenced
[WARNING ODB-0176] error: undefined layer (nwell) referenced
[WARNING ODB-0176] error: undefined layer (met1) referenced
[WARNING ODB-0176] error: undefined layer (li1) referenced
[WARNING ODB-0186] macro sky130_fd_sc_hd__a41oi_1 references unknown site unithd
[WARNING ODB-0176] error: undefined layer (li1) referenced
[WARNING ODB-0176] error: undefined layer (li1) referenced
[WARNING ODB-0176] error: undefined layer (li1) referenced
[WARNING ODB-0176] error: undefined layer (li1) referenced
[WARNING ODB-0176] error: undefined layer (li1) referenced
[WARNING ODB-0176] error: undefined layer (li1) referenced
[WARNING ODB-0176] error: undefined layer (met1) referenced
[WARNING ODB-0176] error: undefined layer (pwell) referenced
[WARNING ODB-0176] error: undefined layer (nwell) referenced
[WARNING ODB-0176] error: undefined layer (met1) referenced
[WARNING ODB-0176] error: undefined layer (li1) referenced
[WARNING ODB-0186] macro sky130_fd_sc_hd__a41oi_2 references unknown site unithd
[WARNING ODB-0176] error: undefined layer (li1) referenced
[WARNING ODB-0176] error: undefined layer (li1) referenced
[WARNING ODB-0176] error: undefined layer (li1) referenced
[WARNING ODB-0176] error: undefined layer (li1) referenced
[WARNING ODB-0176] error: undefined layer (li1) referenced
[WARNING ODB-0176] error: undefined layer (li1) referenced
[WARNING ODB-0176] error: undefined layer (met1) referenced
[WARNING ODB-0176] error: undefined layer (pwell) referenced
[WARNING ODB-0176] error: undefined layer (nwell) referenced
[WARNING ODB-0176] error: undefined layer (met1) referenced
[WARNING ODB-0176] error: undefined layer (li1) referenced
[WARNING ODB-0186] macro sky130_fd_sc_hd__a41oi_4 references unknown site unithd
[WARNING ODB-0176] error: undefined layer (li1) referenced
[WARNING ODB-0176] error: undefined layer (li1) referenced
[WARNING ODB-0176] error: undefined layer (li1) referenced
[WARNING ODB-0176] error: undefined layer (li1) referenced
[WARNING ODB-0176] error: undefined layer (li1) referenced
[WARNING ODB-0176] error: undefined layer (met1) referenced
[WARNING ODB-0176] error: undefined layer (pwell) referenced
[WARNING ODB-0176] error: undefined layer (nwell) referenced
[WARNING ODB-0176] error: undefined layer (met1) referenced
[WARNING ODB-0176] error: undefined layer (li1) referenced
[WARNING ODB-0186] macro sky130_fd_sc_hd__a211o_1 references unknown site unithd
[WARNING ODB-0176] error: undefined layer (li1) referenced
[WARNING ODB-0176] error: undefined layer (li1) referenced
[WARNING ODB-0176] error: undefined layer (li1) referenced
[WARNING ODB-0176] error: undefined layer (li1) referenced
[WARNING ODB-0176] error: undefined layer (li1) referenced
[WARNING ODB-0176] error: undefined layer (met1) referenced
[WARNING ODB-0176] error: undefined layer (pwell) referenced
[WARNING ODB-0176] error: undefined layer (nwell) referenced
[WARNING ODB-0176] error: undefined layer (met1) referenced
[WARNING ODB-0176] error: undefined layer (li1) referenced
[WARNING ODB-0186] macro sky130_fd_sc_hd__a211o_2 references unknown site unithd
[WARNING ODB-0176] error: undefined layer (li1) referenced
[WARNING ODB-0176] error: undefined layer (li1) referenced
[WARNING ODB-0176] error: undefined layer (li1) referenced
[WARNING ODB-0176] error: undefined layer (li1) referenced
[WARNING ODB-0176] error: undefined layer (li1) referenced
[WARNING ODB-0176] error: undefined layer (met1) referenced
[WARNING ODB-0176] error: undefined layer (pwell) referenced
[WARNING ODB-0176] error: undefined layer (nwell) referenced
[WARNING ODB-0176] error: undefined layer (met1) referenced
[WARNING ODB-0176] error: undefined layer (li1) referenced
[WARNING ODB-0186] macro sky130_fd_sc_hd__a211o_4 references unknown site unithd
[WARNING ODB-0176] error: undefined layer (li1) referenced
[WARNING ODB-0176] error: undefined layer (li1) referenced
[WARNING ODB-0176] error: undefined layer (li1) referenced
[WARNING ODB-0176] error: undefined layer (li1) referenced
[WARNING ODB-0176] error: undefined layer (li1) referenced
[WARNING ODB-0176] error: undefined layer (met1) referenced
[WARNING ODB-0176] error: undefined layer (pwell) referenced
[WARNING ODB-0176] error: undefined layer (nwell) referenced
[WARNING ODB-0176] error: undefined layer (met1) referenced
[WARNING ODB-0176] error: undefined layer (li1) referenced
[WARNING ODB-0186] macro sky130_fd_sc_hd__a211oi_1 references unknown site unithd
[WARNING ODB-0176] error: undefined layer (li1) referenced
[WARNING ODB-0176] error: undefined layer (li1) referenced
[WARNING ODB-0176] error: undefined layer (li1) referenced
[WARNING ODB-0176] error: undefined layer (li1) referenced
[WARNING ODB-0176] error: undefined layer (li1) referenced
[WARNING ODB-0176] error: undefined layer (met1) referenced
[WARNING ODB-0176] error: undefined layer (pwell) referenced
[WARNING ODB-0176] error: undefined layer (nwell) referenced
[WARNING ODB-0176] error: undefined layer (met1) referenced
[WARNING ODB-0176] error: undefined layer (li1) referenced
[WARNING ODB-0186] macro sky130_fd_sc_hd__a211oi_2 references unknown site unithd
[WARNING ODB-0176] error: undefined layer (li1) referenced
[WARNING ODB-0176] error: undefined layer (li1) referenced
[WARNING ODB-0176] error: undefined layer (li1) referenced
[WARNING ODB-0176] error: undefined layer (li1) referenced
[WARNING ODB-0176] error: undefined layer (met1) referenced
[WARNING ODB-0176] error: undefined layer (li1) referenced
[WARNING ODB-0176] error: undefined layer (li1) referenced
[WARNING ODB-0176] error: undefined layer (met1) referenced
[WARNING ODB-0176] error: undefined layer (pwell) referenced
[WARNING ODB-0176] error: undefined layer (nwell) referenced
[WARNING ODB-0176] error: undefined layer (met1) referenced
[WARNING ODB-0176] error: undefined layer (li1) referenced
[WARNING ODB-0186] macro sky130_fd_sc_hd__a211oi_4 references unknown site unithd
[WARNING ODB-0176] error: undefined layer (li1) referenced
[WARNING ODB-0176] error: undefined layer (li1) referenced
[WARNING ODB-0176] error: undefined layer (li1) referenced
[WARNING ODB-0176] error: undefined layer (li1) referenced
[WARNING ODB-0176] error: undefined layer (li1) referenced
[WARNING ODB-0176] error: undefined layer (li1) referenced
[WARNING ODB-0176] error: undefined layer (met1) referenced
[WARNING ODB-0176] error: undefined layer (pwell) referenced
[WARNING ODB-0176] error: undefined layer (nwell) referenced
[WARNING ODB-0176] error: undefined layer (met1) referenced
[WARNING ODB-0176] error: undefined layer (li1) referenced
[WARNING ODB-0186] macro sky130_fd_sc_hd__a221o_1 references unknown site unithd
[WARNING ODB-0176] error: undefined layer (li1) referenced
[WARNING ODB-0176] error: undefined layer (li1) referenced
[WARNING ODB-0176] error: undefined layer (li1) referenced
[WARNING ODB-0176] error: undefined layer (li1) referenced
[WARNING ODB-0176] error: undefined layer (li1) referenced
[WARNING ODB-0176] error: undefined layer (li1) referenced
[WARNING ODB-0176] error: undefined layer (met1) referenced
[WARNING ODB-0176] error: undefined layer (pwell) referenced
[WARNING ODB-0176] error: undefined layer (nwell) referenced
[WARNING ODB-0176] error: undefined layer (met1) referenced
[WARNING ODB-0176] error: undefined layer (li1) referenced
[WARNING ODB-0186] macro sky130_fd_sc_hd__a221o_2 references unknown site unithd
[WARNING ODB-0176] error: undefined layer (li1) referenced
[WARNING ODB-0176] error: undefined layer (li1) referenced
[WARNING ODB-0176] error: undefined layer (li1) referenced
[WARNING ODB-0176] error: undefined layer (li1) referenced
[WARNING ODB-0176] error: undefined layer (li1) referenced
[WARNING ODB-0176] error: undefined layer (li1) referenced
[WARNING ODB-0176] error: undefined layer (met1) referenced
[WARNING ODB-0176] error: undefined layer (pwell) referenced
[WARNING ODB-0176] error: undefined layer (nwell) referenced
[WARNING ODB-0176] error: undefined layer (met1) referenced
[WARNING ODB-0176] error: undefined layer (li1) referenced
[WARNING ODB-0186] macro sky130_fd_sc_hd__a221o_4 references unknown site unithd
[WARNING ODB-0176] error: undefined layer (li1) referenced
[WARNING ODB-0176] error: undefined layer (li1) referenced
[WARNING ODB-0176] error: undefined layer (li1) referenced
[WARNING ODB-0176] error: undefined layer (li1) referenced
[WARNING ODB-0176] error: undefined layer (li1) referenced
[WARNING ODB-0176] error: undefined layer (li1) referenced
[WARNING ODB-0176] error: undefined layer (met1) referenced
[WARNING ODB-0176] error: undefined layer (pwell) referenced
[WARNING ODB-0176] error: undefined layer (nwell) referenced
[WARNING ODB-0176] error: undefined layer (met1) referenced
[WARNING ODB-0176] error: undefined layer (li1) referenced
[WARNING ODB-0186] macro sky130_fd_sc_hd__a221oi_1 references unknown site unithd
[WARNING ODB-0176] error: undefined layer (li1) referenced
[WARNING ODB-0176] error: undefined layer (li1) referenced
[WARNING ODB-0176] error: undefined layer (li1) referenced
[WARNING ODB-0176] error: undefined layer (li1) referenced
[WARNING ODB-0176] error: undefined layer (li1) referenced
[WARNING ODB-0176] error: undefined layer (li1) referenced
[WARNING ODB-0176] error: undefined layer (met1) referenced
[WARNING ODB-0176] error: undefined layer (pwell) referenced
[WARNING ODB-0176] error: undefined layer (nwell) referenced
[WARNING ODB-0176] error: undefined layer (met1) referenced
[WARNING ODB-0176] error: undefined layer (li1) referenced
[WARNING ODB-0186] macro sky130_fd_sc_hd__a221oi_2 references unknown site unithd
[WARNING ODB-0176] error: undefined layer (li1) referenced
[WARNING ODB-0176] error: undefined layer (li1) referenced
[WARNING ODB-0176] error: undefined layer (li1) referenced
[WARNING ODB-0176] error: undefined layer (li1) referenced
[WARNING ODB-0176] error: undefined layer (li1) referenced
[WARNING ODB-0176] error: undefined layer (li1) referenced
[WARNING ODB-0176] error: undefined layer (met1) referenced
[WARNING ODB-0176] error: undefined layer (pwell) referenced
[WARNING ODB-0176] error: undefined layer (nwell) referenced
[WARNING ODB-0176] error: undefined layer (met1) referenced
[WARNING ODB-0176] error: undefined layer (li1) referenced
[WARNING ODB-0186] macro sky130_fd_sc_hd__a221oi_4 references unknown site unithd
[WARNING ODB-0176] error: undefined layer (li1) referenced
[WARNING ODB-0176] error: undefined layer (li1) referenced
[WARNING ODB-0176] error: undefined layer (li1) referenced
[WARNING ODB-0176] error: undefined layer (li1) referenced
[WARNING ODB-0176] error: undefined layer (li1) referenced
[WARNING ODB-0176] error: undefined layer (li1) referenced
[WARNING ODB-0176] error: undefined layer (li1) referenced
[WARNING ODB-0176] error: undefined layer (met1) referenced
[WARNING ODB-0176] error: undefined layer (pwell) referenced
[WARNING ODB-0176] error: undefined layer (nwell) referenced
[WARNING ODB-0176] error: undefined layer (met1) referenced
[WARNING ODB-0176] error: undefined layer (li1) referenced
[WARNING ODB-0186] macro sky130_fd_sc_hd__a222oi_1 references unknown site unithd
[WARNING ODB-0176] error: undefined layer (li1) referenced
[WARNING ODB-0176] error: undefined layer (li1) referenced
[WARNING ODB-0176] error: undefined layer (li1) referenced
[WARNING ODB-0176] error: undefined layer (li1) referenced
[WARNING ODB-0176] error: undefined layer (li1) referenced
[WARNING ODB-0176] error: undefined layer (li1) referenced
[WARNING ODB-0176] error: undefined layer (met1) referenced
[WARNING ODB-0176] error: undefined layer (pwell) referenced
[WARNING ODB-0176] error: undefined layer (nwell) referenced
[WARNING ODB-0176] error: undefined layer (met1) referenced
[WARNING ODB-0176] error: undefined layer (li1) referenced
[WARNING ODB-0186] macro sky130_fd_sc_hd__a311o_1 references unknown site unithd
[WARNING ODB-0176] error: undefined layer (li1) referenced
[WARNING ODB-0176] error: undefined layer (li1) referenced
[WARNING ODB-0176] error: undefined layer (li1) referenced
[WARNING ODB-0176] error: undefined layer (li1) referenced
[WARNING ODB-0176] error: undefined layer (li1) referenced
[WARNING ODB-0176] error: undefined layer (li1) referenced
[WARNING ODB-0176] error: undefined layer (met1) referenced
[WARNING ODB-0176] error: undefined layer (pwell) referenced
[WARNING ODB-0176] error: undefined layer (nwell) referenced
[WARNING ODB-0176] error: undefined layer (met1) referenced
[WARNING ODB-0176] error: undefined layer (li1) referenced
[WARNING ODB-0186] macro sky130_fd_sc_hd__a311o_2 references unknown site unithd
[WARNING ODB-0176] error: undefined layer (li1) referenced
[WARNING ODB-0176] error: undefined layer (li1) referenced
[WARNING ODB-0176] error: undefined layer (li1) referenced
[WARNING ODB-0176] error: undefined layer (li1) referenced
[WARNING ODB-0176] error: undefined layer (li1) referenced
[WARNING ODB-0176] error: undefined layer (li1) referenced
[WARNING ODB-0176] error: undefined layer (met1) referenced
[WARNING ODB-0176] error: undefined layer (pwell) referenced
[WARNING ODB-0176] error: undefined layer (nwell) referenced
[WARNING ODB-0176] error: undefined layer (met1) referenced
[WARNING ODB-0176] error: undefined layer (li1) referenced
[WARNING ODB-0186] macro sky130_fd_sc_hd__a311o_4 references unknown site unithd
[WARNING ODB-0176] error: undefined layer (li1) referenced
[WARNING ODB-0176] error: undefined layer (li1) referenced
[WARNING ODB-0176] error: undefined layer (li1) referenced
[WARNING ODB-0176] error: undefined layer (li1) referenced
[WARNING ODB-0176] error: undefined layer (li1) referenced
[WARNING ODB-0176] error: undefined layer (li1) referenced
[WARNING ODB-0176] error: undefined layer (met1) referenced
[WARNING ODB-0176] error: undefined layer (pwell) referenced
[WARNING ODB-0176] error: undefined layer (nwell) referenced
[WARNING ODB-0176] error: undefined layer (met1) referenced
[WARNING ODB-0176] error: undefined layer (li1) referenced
[WARNING ODB-0186] macro sky130_fd_sc_hd__a311oi_1 references unknown site unithd
[WARNING ODB-0176] error: undefined layer (li1) referenced
[WARNING ODB-0176] error: undefined layer (li1) referenced
[WARNING ODB-0176] error: undefined layer (li1) referenced
[WARNING ODB-0176] error: undefined layer (li1) referenced
[WARNING ODB-0176] error: undefined layer (li1) referenced
[WARNING ODB-0176] error: undefined layer (li1) referenced
[WARNING ODB-0176] error: undefined layer (met1) referenced
[WARNING ODB-0176] error: undefined layer (pwell) referenced
[WARNING ODB-0176] error: undefined layer (nwell) referenced
[WARNING ODB-0176] error: undefined layer (met1) referenced
[WARNING ODB-0176] error: undefined layer (li1) referenced
[WARNING ODB-0186] macro sky130_fd_sc_hd__a311oi_2 references unknown site unithd
[WARNING ODB-0176] error: undefined layer (li1) referenced
[WARNING ODB-0176] error: undefined layer (li1) referenced
[WARNING ODB-0176] error: undefined layer (li1) referenced
[WARNING ODB-0176] error: undefined layer (li1) referenced
[WARNING ODB-0176] error: undefined layer (li1) referenced
[WARNING ODB-0176] error: undefined layer (li1) referenced
[WARNING ODB-0176] error: undefined layer (met1) referenced
[WARNING ODB-0176] error: undefined layer (pwell) referenced
[WARNING ODB-0176] error: undefined layer (nwell) referenced
[WARNING ODB-0176] error: undefined layer (met1) referenced
[WARNING ODB-0176] error: undefined layer (li1) referenced
[WARNING ODB-0186] macro sky130_fd_sc_hd__a311oi_4 references unknown site unithd
[WARNING ODB-0176] error: undefined layer (li1) referenced
[WARNING ODB-0176] error: undefined layer (li1) referenced
[WARNING ODB-0176] error: undefined layer (li1) referenced
[WARNING ODB-0176] error: undefined layer (li1) referenced
[WARNING ODB-0176] error: undefined layer (li1) referenced
[WARNING ODB-0176] error: undefined layer (li1) referenced
[WARNING ODB-0176] error: undefined layer (met1) referenced
[WARNING ODB-0176] error: undefined layer (pwell) referenced
[WARNING ODB-0176] error: undefined layer (pwell) referenced
[WARNING ODB-0176] error: undefined layer (nwell) referenced
[WARNING ODB-0176] error: undefined layer (met1) referenced
[WARNING ODB-0176] error: undefined layer (li1) referenced
[WARNING ODB-0186] macro sky130_fd_sc_hd__a2111o_1 references unknown site unithd
[WARNING ODB-0176] error: undefined layer (li1) referenced
[WARNING ODB-0176] error: undefined layer (li1) referenced
[WARNING ODB-0176] error: undefined layer (li1) referenced
[WARNING ODB-0176] error: undefined layer (li1) referenced
[WARNING ODB-0176] error: undefined layer (li1) referenced
[WARNING ODB-0176] error: undefined layer (li1) referenced
[WARNING ODB-0176] error: undefined layer (met1) referenced
[WARNING ODB-0176] error: undefined layer (pwell) referenced
[WARNING ODB-0176] error: undefined layer (nwell) referenced
[WARNING ODB-0176] error: undefined layer (met1) referenced
[WARNING ODB-0176] error: undefined layer (li1) referenced
[WARNING ODB-0186] macro sky130_fd_sc_hd__a2111o_2 references unknown site unithd
[WARNING ODB-0176] error: undefined layer (li1) referenced
[WARNING ODB-0176] error: undefined layer (li1) referenced
[WARNING ODB-0176] error: undefined layer (li1) referenced
[WARNING ODB-0176] error: undefined layer (li1) referenced
[WARNING ODB-0176] error: undefined layer (li1) referenced
[WARNING ODB-0176] error: undefined layer (li1) referenced
[WARNING ODB-0176] error: undefined layer (met1) referenced
[WARNING ODB-0176] error: undefined layer (pwell) referenced
[WARNING ODB-0176] error: undefined layer (nwell) referenced
[WARNING ODB-0176] error: undefined layer (met1) referenced
[WARNING ODB-0176] error: undefined layer (li1) referenced
[WARNING ODB-0186] macro sky130_fd_sc_hd__a2111o_4 references unknown site unithd
[WARNING ODB-0176] error: undefined layer (li1) referenced
[WARNING ODB-0176] error: undefined layer (li1) referenced
[WARNING ODB-0176] error: undefined layer (li1) referenced
[WARNING ODB-0176] error: undefined layer (li1) referenced
[WARNING ODB-0176] error: undefined layer (li1) referenced
[WARNING ODB-0176] error: undefined layer (li1) referenced
[WARNING ODB-0176] error: undefined layer (met1) referenced
[WARNING ODB-0176] error: undefined layer (pwell) referenced
[WARNING ODB-0176] error: undefined layer (nwell) referenced
[WARNING ODB-0176] error: undefined layer (met1) referenced
[WARNING ODB-0176] error: undefined layer (li1) referenced
[WARNING ODB-0186] macro sky130_fd_sc_hd__a2111oi_0 references unknown site unithd
[WARNING ODB-0176] error: undefined layer (li1) referenced
[WARNING ODB-0176] error: undefined layer (li1) referenced
[WARNING ODB-0176] error: undefined layer (li1) referenced
[WARNING ODB-0176] error: undefined layer (li1) referenced
[WARNING ODB-0176] error: undefined layer (li1) referenced
[WARNING ODB-0176] error: undefined layer (li1) referenced
[WARNING ODB-0176] error: undefined layer (met1) referenced
[WARNING ODB-0176] error: undefined layer (pwell) referenced
[WARNING ODB-0176] error: undefined layer (pwell) referenced
[WARNING ODB-0176] error: undefined layer (nwell) referenced
[WARNING ODB-0176] error: undefined layer (met1) referenced
[WARNING ODB-0176] error: undefined layer (li1) referenced
[WARNING ODB-0186] macro sky130_fd_sc_hd__a2111oi_1 references unknown site unithd
[WARNING ODB-0176] error: undefined layer (li1) referenced
[WARNING ODB-0176] error: undefined layer (li1) referenced
[WARNING ODB-0176] error: undefined layer (li1) referenced
[WARNING ODB-0176] error: undefined layer (li1) referenced
[WARNING ODB-0176] error: undefined layer (li1) referenced
[WARNING ODB-0176] error: undefined layer (li1) referenced
[WARNING ODB-0176] error: undefined layer (met1) referenced
[WARNING ODB-0176] error: undefined layer (pwell) referenced
[WARNING ODB-0176] error: undefined layer (nwell) referenced
[WARNING ODB-0176] error: undefined layer (met1) referenced
[WARNING ODB-0176] error: undefined layer (li1) referenced
[WARNING ODB-0186] macro sky130_fd_sc_hd__a2111oi_2 references unknown site unithd
[WARNING ODB-0176] error: undefined layer (li1) referenced
[WARNING ODB-0176] error: undefined layer (li1) referenced
[WARNING ODB-0176] error: undefined layer (li1) referenced
[WARNING ODB-0176] error: undefined layer (li1) referenced
[WARNING ODB-0176] error: undefined layer (li1) referenced
[WARNING ODB-0176] error: undefined layer (li1) referenced
[WARNING ODB-0176] error: undefined layer (met1) referenced
[WARNING ODB-0176] error: undefined layer (pwell) referenced
[WARNING ODB-0176] error: undefined layer (nwell) referenced
[WARNING ODB-0176] error: undefined layer (met1) referenced
[WARNING ODB-0176] error: undefined layer (li1) referenced
[WARNING ODB-0186] macro sky130_fd_sc_hd__a2111oi_4 references unknown site unithd
[WARNING ODB-0176] error: undefined layer (li1) referenced
[WARNING ODB-0176] error: undefined layer (li1) referenced
[WARNING ODB-0176] error: undefined layer (li1) referenced
[WARNING ODB-0176] error: undefined layer (met1) referenced
[WARNING ODB-0176] error: undefined layer (pwell) referenced
[WARNING ODB-0176] error: undefined layer (nwell) referenced
[WARNING ODB-0176] error: undefined layer (met1) referenced
[WARNING ODB-0176] error: undefined layer (li1) referenced
[WARNING ODB-0186] macro sky130_fd_sc_hd__and2_0 references unknown site unithd
[WARNING ODB-0176] error: undefined layer (li1) referenced
[WARNING ODB-0176] error: undefined layer (li1) referenced
[WARNING ODB-0176] error: undefined layer (li1) referenced
[WARNING ODB-0176] error: undefined layer (met1) referenced
[WARNING ODB-0176] error: undefined layer (pwell) referenced
[WARNING ODB-0176] error: undefined layer (nwell) referenced
[WARNING ODB-0176] error: undefined layer (met1) referenced
[WARNING ODB-0176] error: undefined layer (li1) referenced
[WARNING ODB-0186] macro sky130_fd_sc_hd__and2_1 references unknown site unithd
[WARNING ODB-0176] error: undefined layer (li1) referenced
[WARNING ODB-0176] error: undefined layer (li1) referenced
[WARNING ODB-0176] error: undefined layer (li1) referenced
[WARNING ODB-0176] error: undefined layer (met1) referenced
[WARNING ODB-0176] error: undefined layer (pwell) referenced
[WARNING ODB-0176] error: undefined layer (nwell) referenced
[WARNING ODB-0176] error: undefined layer (met1) referenced
[WARNING ODB-0176] error: undefined layer (li1) referenced
[WARNING ODB-0186] macro sky130_fd_sc_hd__and2_2 references unknown site unithd
[WARNING ODB-0176] error: undefined layer (li1) referenced
[WARNING ODB-0176] error: undefined layer (li1) referenced
[WARNING ODB-0176] error: undefined layer (li1) referenced
[WARNING ODB-0176] error: undefined layer (met1) referenced
[WARNING ODB-0176] error: undefined layer (pwell) referenced
[WARNING ODB-0176] error: undefined layer (nwell) referenced
[WARNING ODB-0176] error: undefined layer (met1) referenced
[WARNING ODB-0176] error: undefined layer (li1) referenced
[WARNING ODB-0186] macro sky130_fd_sc_hd__and2_4 references unknown site unithd
[WARNING ODB-0176] error: undefined layer (li1) referenced
[WARNING ODB-0176] error: undefined layer (li1) referenced
[WARNING ODB-0176] error: undefined layer (li1) referenced
[WARNING ODB-0176] error: undefined layer (met1) referenced
[WARNING ODB-0176] error: undefined layer (pwell) referenced
[WARNING ODB-0176] error: undefined layer (nwell) referenced
[WARNING ODB-0176] error: undefined layer (met1) referenced
[WARNING ODB-0176] error: undefined layer (li1) referenced
[WARNING ODB-0186] macro sky130_fd_sc_hd__and2b_1 references unknown site unithd
[WARNING ODB-0176] error: undefined layer (li1) referenced
[WARNING ODB-0176] error: undefined layer (li1) referenced
[WARNING ODB-0176] error: undefined layer (li1) referenced
[WARNING ODB-0176] error: undefined layer (met1) referenced
[WARNING ODB-0176] error: undefined layer (pwell) referenced
[WARNING ODB-0176] error: undefined layer (nwell) referenced
[WARNING ODB-0176] error: undefined layer (met1) referenced
[WARNING ODB-0176] error: undefined layer (li1) referenced
[WARNING ODB-0186] macro sky130_fd_sc_hd__and2b_2 references unknown site unithd
[WARNING ODB-0176] error: undefined layer (li1) referenced
[WARNING ODB-0176] error: undefined layer (li1) referenced
[WARNING ODB-0176] error: undefined layer (li1) referenced
[WARNING ODB-0176] error: undefined layer (met1) referenced
[WARNING ODB-0176] error: undefined layer (pwell) referenced
[WARNING ODB-0176] error: undefined layer (nwell) referenced
[WARNING ODB-0176] error: undefined layer (met1) referenced
[WARNING ODB-0176] error: undefined layer (li1) referenced
[WARNING ODB-0186] macro sky130_fd_sc_hd__and2b_4 references unknown site unithd
[WARNING ODB-0176] error: undefined layer (li1) referenced
[WARNING ODB-0176] error: undefined layer (li1) referenced
[WARNING ODB-0176] error: undefined layer (li1) referenced
[WARNING ODB-0176] error: undefined layer (li1) referenced
[WARNING ODB-0176] error: undefined layer (met1) referenced
[WARNING ODB-0176] error: undefined layer (pwell) referenced
[WARNING ODB-0176] error: undefined layer (nwell) referenced
[WARNING ODB-0176] error: undefined layer (met1) referenced
[WARNING ODB-0176] error: undefined layer (li1) referenced
[WARNING ODB-0186] macro sky130_fd_sc_hd__and3_1 references unknown site unithd
[WARNING ODB-0176] error: undefined layer (li1) referenced
[WARNING ODB-0176] error: undefined layer (li1) referenced
[WARNING ODB-0176] error: undefined layer (li1) referenced
[WARNING ODB-0176] error: undefined layer (li1) referenced
[WARNING ODB-0176] error: undefined layer (met1) referenced
[WARNING ODB-0176] error: undefined layer (pwell) referenced
[WARNING ODB-0176] error: undefined layer (nwell) referenced
[WARNING ODB-0176] error: undefined layer (met1) referenced
[WARNING ODB-0176] error: undefined layer (li1) referenced
[WARNING ODB-0186] macro sky130_fd_sc_hd__and3_2 references unknown site unithd
[WARNING ODB-0176] error: undefined layer (li1) referenced
[WARNING ODB-0176] error: undefined layer (li1) referenced
[WARNING ODB-0176] error: undefined layer (li1) referenced
[WARNING ODB-0176] error: undefined layer (li1) referenced
[WARNING ODB-0176] error: undefined layer (met1) referenced
[WARNING ODB-0176] error: undefined layer (pwell) referenced
[WARNING ODB-0176] error: undefined layer (nwell) referenced
[WARNING ODB-0176] error: undefined layer (met1) referenced
[WARNING ODB-0176] error: undefined layer (li1) referenced
[WARNING ODB-0186] macro sky130_fd_sc_hd__and3_4 references unknown site unithd
[WARNING ODB-0176] error: undefined layer (li1) referenced
[WARNING ODB-0176] error: undefined layer (li1) referenced
[WARNING ODB-0176] error: undefined layer (li1) referenced
[WARNING ODB-0176] error: undefined layer (li1) referenced
[WARNING ODB-0176] error: undefined layer (met1) referenced
[WARNING ODB-0176] error: undefined layer (pwell) referenced
[WARNING ODB-0176] error: undefined layer (nwell) referenced
[WARNING ODB-0176] error: undefined layer (met1) referenced
[WARNING ODB-0176] error: undefined layer (li1) referenced
[WARNING ODB-0186] macro sky130_fd_sc_hd__and3b_1 references unknown site unithd
[WARNING ODB-0176] error: undefined layer (li1) referenced
[WARNING ODB-0176] error: undefined layer (li1) referenced
[WARNING ODB-0176] error: undefined layer (li1) referenced
[WARNING ODB-0176] error: undefined layer (li1) referenced
[WARNING ODB-0176] error: undefined layer (met1) referenced
[WARNING ODB-0176] error: undefined layer (pwell) referenced
[WARNING ODB-0176] error: undefined layer (nwell) referenced
[WARNING ODB-0176] error: undefined layer (met1) referenced
[WARNING ODB-0176] error: undefined layer (li1) referenced
[WARNING ODB-0186] macro sky130_fd_sc_hd__and3b_2 references unknown site unithd
[WARNING ODB-0176] error: undefined layer (li1) referenced
[WARNING ODB-0176] error: undefined layer (li1) referenced
[WARNING ODB-0176] error: undefined layer (li1) referenced
[WARNING ODB-0176] error: undefined layer (li1) referenced
[WARNING ODB-0176] error: undefined layer (met1) referenced
[WARNING ODB-0176] error: undefined layer (pwell) referenced
[WARNING ODB-0176] error: undefined layer (nwell) referenced
[WARNING ODB-0176] error: undefined layer (met1) referenced
[WARNING ODB-0176] error: undefined layer (li1) referenced
[WARNING ODB-0186] macro sky130_fd_sc_hd__and3b_4 references unknown site unithd
[WARNING ODB-0176] error: undefined layer (li1) referenced
[WARNING ODB-0176] error: undefined layer (li1) referenced
[WARNING ODB-0176] error: undefined layer (li1) referenced
[WARNING ODB-0176] error: undefined layer (li1) referenced
[WARNING ODB-0176] error: undefined layer (li1) referenced
[WARNING ODB-0176] error: undefined layer (met1) referenced
[WARNING ODB-0176] error: undefined layer (pwell) referenced
[WARNING ODB-0176] error: undefined layer (nwell) referenced
[WARNING ODB-0176] error: undefined layer (met1) referenced
[WARNING ODB-0176] error: undefined layer (li1) referenced
[WARNING ODB-0186] macro sky130_fd_sc_hd__and4_1 references unknown site unithd
[WARNING ODB-0176] error: undefined layer (li1) referenced
[WARNING ODB-0176] error: undefined layer (li1) referenced
[WARNING ODB-0176] error: undefined layer (li1) referenced
[WARNING ODB-0176] error: undefined layer (li1) referenced
[WARNING ODB-0176] error: undefined layer (li1) referenced
[WARNING ODB-0176] error: undefined layer (met1) referenced
[WARNING ODB-0176] error: undefined layer (pwell) referenced
[WARNING ODB-0176] error: undefined layer (nwell) referenced
[WARNING ODB-0176] error: undefined layer (met1) referenced
[WARNING ODB-0176] error: undefined layer (li1) referenced
[WARNING ODB-0186] macro sky130_fd_sc_hd__and4_2 references unknown site unithd
[WARNING ODB-0176] error: undefined layer (li1) referenced
[WARNING ODB-0176] error: undefined layer (li1) referenced
[WARNING ODB-0176] error: undefined layer (li1) referenced
[WARNING ODB-0176] error: undefined layer (li1) referenced
[WARNING ODB-0176] error: undefined layer (li1) referenced
[WARNING ODB-0176] error: undefined layer (met1) referenced
[WARNING ODB-0176] error: undefined layer (pwell) referenced
[WARNING ODB-0176] error: undefined layer (nwell) referenced
[WARNING ODB-0176] error: undefined layer (met1) referenced
[WARNING ODB-0176] error: undefined layer (li1) referenced
[WARNING ODB-0186] macro sky130_fd_sc_hd__and4_4 references unknown site unithd
[WARNING ODB-0176] error: undefined layer (li1) referenced
[WARNING ODB-0176] error: undefined layer (li1) referenced
[WARNING ODB-0176] error: undefined layer (li1) referenced
[WARNING ODB-0176] error: undefined layer (li1) referenced
[WARNING ODB-0176] error: undefined layer (li1) referenced
[WARNING ODB-0176] error: undefined layer (met1) referenced
[WARNING ODB-0176] error: undefined layer (pwell) referenced
[WARNING ODB-0176] error: undefined layer (nwell) referenced
[WARNING ODB-0176] error: undefined layer (met1) referenced
[WARNING ODB-0176] error: undefined layer (li1) referenced
[WARNING ODB-0186] macro sky130_fd_sc_hd__and4b_1 references unknown site unithd
[WARNING ODB-0176] error: undefined layer (li1) referenced
[WARNING ODB-0176] error: undefined layer (li1) referenced
[WARNING ODB-0176] error: undefined layer (li1) referenced
[WARNING ODB-0176] error: undefined layer (li1) referenced
[WARNING ODB-0176] error: undefined layer (li1) referenced
[WARNING ODB-0176] error: undefined layer (met1) referenced
[WARNING ODB-0176] error: undefined layer (pwell) referenced
[WARNING ODB-0176] error: undefined layer (nwell) referenced
[WARNING ODB-0176] error: undefined layer (met1) referenced
[WARNING ODB-0176] error: undefined layer (li1) referenced
[WARNING ODB-0186] macro sky130_fd_sc_hd__and4b_2 references unknown site unithd
[WARNING ODB-0176] error: undefined layer (li1) referenced
[WARNING ODB-0176] error: undefined layer (li1) referenced
[WARNING ODB-0176] error: undefined layer (li1) referenced
[WARNING ODB-0176] error: undefined layer (li1) referenced
[WARNING ODB-0176] error: undefined layer (li1) referenced
[WARNING ODB-0176] error: undefined layer (met1) referenced
[WARNING ODB-0176] error: undefined layer (pwell) referenced
[WARNING ODB-0176] error: undefined layer (nwell) referenced
[WARNING ODB-0176] error: undefined layer (met1) referenced
[WARNING ODB-0176] error: undefined layer (li1) referenced
[WARNING ODB-0186] macro sky130_fd_sc_hd__and4b_4 references unknown site unithd
[WARNING ODB-0176] error: undefined layer (li1) referenced
[WARNING ODB-0176] error: undefined layer (li1) referenced
[WARNING ODB-0176] error: undefined layer (li1) referenced
[WARNING ODB-0176] error: undefined layer (li1) referenced
[WARNING ODB-0176] error: undefined layer (li1) referenced
[WARNING ODB-0176] error: undefined layer (met1) referenced
[WARNING ODB-0176] error: undefined layer (pwell) referenced
[WARNING ODB-0176] error: undefined layer (nwell) referenced
[WARNING ODB-0176] error: undefined layer (met1) referenced
[WARNING ODB-0176] error: undefined layer (li1) referenced
[WARNING ODB-0186] macro sky130_fd_sc_hd__and4bb_1 references unknown site unithd
[WARNING ODB-0176] error: undefined layer (li1) referenced
[WARNING ODB-0176] error: undefined layer (li1) referenced
[WARNING ODB-0176] error: undefined layer (li1) referenced
[WARNING ODB-0176] error: undefined layer (li1) referenced
[WARNING ODB-0176] error: undefined layer (li1) referenced
[WARNING ODB-0176] error: undefined layer (met1) referenced
[WARNING ODB-0176] error: undefined layer (pwell) referenced
[WARNING ODB-0176] error: undefined layer (nwell) referenced
[WARNING ODB-0176] error: undefined layer (met1) referenced
[WARNING ODB-0176] error: undefined layer (li1) referenced
[WARNING ODB-0186] macro sky130_fd_sc_hd__and4bb_2 references unknown site unithd
[WARNING ODB-0176] error: undefined layer (li1) referenced
[WARNING ODB-0176] error: undefined layer (li1) referenced
[WARNING ODB-0176] error: undefined layer (li1) referenced
[WARNING ODB-0176] error: undefined layer (li1) referenced
[WARNING ODB-0176] error: undefined layer (li1) referenced
[WARNING ODB-0176] error: undefined layer (met1) referenced
[WARNING ODB-0176] error: undefined layer (pwell) referenced
[WARNING ODB-0176] error: undefined layer (nwell) referenced
[WARNING ODB-0176] error: undefined layer (met1) referenced
[WARNING ODB-0176] error: undefined layer (li1) referenced
[WARNING ODB-0186] macro sky130_fd_sc_hd__and4bb_4 references unknown site unithd
[WARNING ODB-0176] error: undefined layer (li1) referenced
[WARNING ODB-0176] error: undefined layer (li1) referenced
[WARNING ODB-0176] error: undefined layer (met1) referenced
[WARNING ODB-0176] error: undefined layer (pwell) referenced
[WARNING ODB-0176] error: undefined layer (nwell) referenced
[WARNING ODB-0176] error: undefined layer (met1) referenced
[WARNING ODB-0176] error: undefined layer (li1) referenced
[WARNING ODB-0186] macro sky130_fd_sc_hd__buf_1 references unknown site unithd
[WARNING ODB-0176] error: undefined layer (li1) referenced
[WARNING ODB-0176] error: undefined layer (li1) referenced
[WARNING ODB-0176] error: undefined layer (met1) referenced
[WARNING ODB-0176] error: undefined layer (pwell) referenced
[WARNING ODB-0176] error: undefined layer (nwell) referenced
[WARNING ODB-0176] error: undefined layer (met1) referenced
[WARNING ODB-0176] error: undefined layer (li1) referenced
[WARNING ODB-0186] macro sky130_fd_sc_hd__buf_2 references unknown site unithd
[WARNING ODB-0176] error: undefined layer (li1) referenced
[WARNING ODB-0176] error: undefined layer (li1) referenced
[WARNING ODB-0176] error: undefined layer (met1) referenced
[WARNING ODB-0176] error: undefined layer (pwell) referenced
[WARNING ODB-0176] error: undefined layer (nwell) referenced
[WARNING ODB-0176] error: undefined layer (met1) referenced
[WARNING ODB-0176] error: undefined layer (li1) referenced
[WARNING ODB-0186] macro sky130_fd_sc_hd__buf_4 references unknown site unithd
[WARNING ODB-0176] error: undefined layer (li1) referenced
[WARNING ODB-0176] error: undefined layer (li1) referenced
[WARNING ODB-0176] error: undefined layer (met1) referenced
[WARNING ODB-0176] error: undefined layer (pwell) referenced
[WARNING ODB-0176] error: undefined layer (nwell) referenced
[WARNING ODB-0176] error: undefined layer (met1) referenced
[WARNING ODB-0176] error: undefined layer (li1) referenced
[WARNING ODB-0186] macro sky130_fd_sc_hd__buf_6 references unknown site unithd
[WARNING ODB-0176] error: undefined layer (li1) referenced
[WARNING ODB-0176] error: undefined layer (li1) referenced
[WARNING ODB-0176] error: undefined layer (met1) referenced
[WARNING ODB-0176] error: undefined layer (pwell) referenced
[WARNING ODB-0176] error: undefined layer (nwell) referenced
[WARNING ODB-0176] error: undefined layer (met1) referenced
[WARNING ODB-0176] error: undefined layer (li1) referenced
[WARNING ODB-0186] macro sky130_fd_sc_hd__buf_8 references unknown site unithd
[WARNING ODB-0176] error: undefined layer (li1) referenced
[WARNING ODB-0176] error: undefined layer (li1) referenced
[WARNING ODB-0176] error: undefined layer (met1) referenced
[WARNING ODB-0176] error: undefined layer (pwell) referenced
[WARNING ODB-0176] error: undefined layer (nwell) referenced
[WARNING ODB-0176] error: undefined layer (met1) referenced
[WARNING ODB-0176] error: undefined layer (li1) referenced
[WARNING ODB-0186] macro sky130_fd_sc_hd__buf_12 references unknown site unithd
[WARNING ODB-0176] error: undefined layer (li1) referenced
[WARNING ODB-0176] error: undefined layer (li1) referenced
[WARNING ODB-0176] error: undefined layer (met1) referenced
[WARNING ODB-0176] error: undefined layer (pwell) referenced
[WARNING ODB-0176] error: undefined layer (nwell) referenced
[WARNING ODB-0176] error: undefined layer (met1) referenced
[WARNING ODB-0176] error: undefined layer (li1) referenced
[WARNING ODB-0186] macro sky130_fd_sc_hd__buf_16 references unknown site unithd
[WARNING ODB-0176] error: undefined layer (li1) referenced
[WARNING ODB-0176] error: undefined layer (li1) referenced
[WARNING ODB-0176] error: undefined layer (met1) referenced
[WARNING ODB-0176] error: undefined layer (pwell) referenced
[WARNING ODB-0176] error: undefined layer (nwell) referenced
[WARNING ODB-0176] error: undefined layer (met1) referenced
[WARNING ODB-0176] error: undefined layer (li1) referenced
[WARNING ODB-0186] macro sky130_fd_sc_hd__bufbuf_8 references unknown site unithd
[WARNING ODB-0176] error: undefined layer (li1) referenced
[WARNING ODB-0176] error: undefined layer (li1) referenced
[WARNING ODB-0176] error: undefined layer (met1) referenced
[WARNING ODB-0176] error: undefined layer (pwell) referenced
[WARNING ODB-0176] error: undefined layer (nwell) referenced
[WARNING ODB-0176] error: undefined layer (met1) referenced
[WARNING ODB-0176] error: undefined layer (li1) referenced
[WARNING ODB-0186] macro sky130_fd_sc_hd__bufbuf_16 references unknown site unithd
[WARNING ODB-0176] error: undefined layer (li1) referenced
[WARNING ODB-0176] error: undefined layer (li1) referenced
[WARNING ODB-0176] error: undefined layer (met1) referenced
[WARNING ODB-0176] error: undefined layer (pwell) referenced
[WARNING ODB-0176] error: undefined layer (nwell) referenced
[WARNING ODB-0176] error: undefined layer (met1) referenced
[WARNING ODB-0176] error: undefined layer (li1) referenced
[WARNING ODB-0186] macro sky130_fd_sc_hd__bufinv_8 references unknown site unithd
[WARNING ODB-0176] error: undefined layer (li1) referenced
[WARNING ODB-0176] message limit (1000) reached. This message will no longer print.
[WARNING ODB-0186] macro sky130_fd_sc_hd__bufinv_16 references unknown site unithd
[WARNING ODB-0186] macro sky130_fd_sc_hd__clkbuf_1 references unknown site unithd
[WARNING ODB-0186] macro sky130_fd_sc_hd__clkbuf_2 references unknown site unithd
[WARNING ODB-0186] macro sky130_fd_sc_hd__clkbuf_4 references unknown site unithd
[WARNING ODB-0186] macro sky130_fd_sc_hd__clkbuf_8 references unknown site unithd
[WARNING ODB-0186] macro sky130_fd_sc_hd__clkbuf_16 references unknown site unithd
[WARNING ODB-0186] macro sky130_fd_sc_hd__clkdlybuf4s15_1 references unknown site unithd
[WARNING ODB-0186] macro sky130_fd_sc_hd__clkdlybuf4s15_2 references unknown site unithd
[WARNING ODB-0186] macro sky130_fd_sc_hd__clkdlybuf4s18_1 references unknown site unithd
[WARNING ODB-0186] macro sky130_fd_sc_hd__clkdlybuf4s18_2 references unknown site unithd
[WARNING ODB-0186] macro sky130_fd_sc_hd__clkdlybuf4s25_1 references unknown site unithd
[WARNING ODB-0186] macro sky130_fd_sc_hd__clkdlybuf4s25_2 references unknown site unithd
[WARNING ODB-0186] macro sky130_fd_sc_hd__clkdlybuf4s50_1 references unknown site unithd
[WARNING ODB-0186] macro sky130_fd_sc_hd__clkdlybuf4s50_2 references unknown site unithd
[WARNING ODB-0186] macro sky130_fd_sc_hd__clkinv_1 references unknown site unithd
[WARNING ODB-0186] macro sky130_fd_sc_hd__clkinv_2 references unknown site unithd
[WARNING ODB-0186] macro sky130_fd_sc_hd__clkinv_4 references unknown site unithd
[WARNING ODB-0186] macro sky130_fd_sc_hd__clkinv_8 references unknown site unithd
[WARNING ODB-0186] macro sky130_fd_sc_hd__clkinv_16 references unknown site unithd
[WARNING ODB-0186] macro sky130_fd_sc_hd__clkinvlp_2 references unknown site unithd
[WARNING ODB-0186] macro sky130_fd_sc_hd__clkinvlp_4 references unknown site unithd
[WARNING ODB-0186] macro sky130_fd_sc_hd__conb_1 references unknown site unithd
[WARNING ODB-0186] macro sky130_fd_sc_hd__decap_3 references unknown site unithd
[WARNING ODB-0186] macro sky130_fd_sc_hd__decap_4 references unknown site unithd
[WARNING ODB-0186] macro sky130_fd_sc_hd__decap_6 references unknown site unithd
[WARNING ODB-0186] macro sky130_fd_sc_hd__decap_8 references unknown site unithd
[WARNING ODB-0186] macro sky130_fd_sc_hd__decap_12 references unknown site unithd
[WARNING ODB-0186] macro sky130_fd_sc_hd__dfbbn_1 references unknown site unithd
[WARNING ODB-0186] macro sky130_fd_sc_hd__dfbbn_2 references unknown site unithd
[WARNING ODB-0186] macro sky130_fd_sc_hd__dfbbp_1 references unknown site unithd
[WARNING ODB-0186] macro sky130_fd_sc_hd__dfrbp_1 references unknown site unithd
[WARNING ODB-0186] macro sky130_fd_sc_hd__dfrbp_2 references unknown site unithd
[WARNING ODB-0186] macro sky130_fd_sc_hd__dfrtn_1 references unknown site unithd
[WARNING ODB-0186] macro sky130_fd_sc_hd__dfrtp_1 references unknown site unithd
[WARNING ODB-0186] macro sky130_fd_sc_hd__dfrtp_2 references unknown site unithd
[WARNING ODB-0186] macro sky130_fd_sc_hd__dfrtp_4 references unknown site unithd
[WARNING ODB-0186] macro sky130_fd_sc_hd__dfsbp_1 references unknown site unithd
[WARNING ODB-0186] macro sky130_fd_sc_hd__dfsbp_2 references unknown site unithd
[WARNING ODB-0186] macro sky130_fd_sc_hd__dfstp_1 references unknown site unithd
[WARNING ODB-0186] macro sky130_fd_sc_hd__dfstp_2 references unknown site unithd
[WARNING ODB-0186] macro sky130_fd_sc_hd__dfstp_4 references unknown site unithd
[WARNING ODB-0186] macro sky130_fd_sc_hd__dfxbp_1 references unknown site unithd
[WARNING ODB-0186] macro sky130_fd_sc_hd__dfxbp_2 references unknown site unithd
[WARNING ODB-0186] macro sky130_fd_sc_hd__dfxtp_1 references unknown site unithd
[WARNING ODB-0186] macro sky130_fd_sc_hd__dfxtp_2 references unknown site unithd
[WARNING ODB-0186] macro sky130_fd_sc_hd__dfxtp_4 references unknown site unithd
[WARNING ODB-0186] macro sky130_fd_sc_hd__diode_2 references unknown site unithd
[WARNING ODB-0186] macro sky130_fd_sc_hd__dlclkp_1 references unknown site unithd
[WARNING ODB-0186] macro sky130_fd_sc_hd__dlclkp_2 references unknown site unithd
[WARNING ODB-0186] macro sky130_fd_sc_hd__dlclkp_4 references unknown site unithd
[WARNING ODB-0186] macro sky130_fd_sc_hd__dlrbn_1 references unknown site unithd
[WARNING ODB-0186] macro sky130_fd_sc_hd__dlrbn_2 references unknown site unithd
[WARNING ODB-0186] macro sky130_fd_sc_hd__dlrbp_1 references unknown site unithd
[WARNING ODB-0186] macro sky130_fd_sc_hd__dlrbp_2 references unknown site unithd
[WARNING ODB-0186] macro sky130_fd_sc_hd__dlrtn_1 references unknown site unithd
[WARNING ODB-0186] macro sky130_fd_sc_hd__dlrtn_2 references unknown site unithd
[WARNING ODB-0186] macro sky130_fd_sc_hd__dlrtn_4 references unknown site unithd
[WARNING ODB-0186] macro sky130_fd_sc_hd__dlrtp_1 references unknown site unithd
[WARNING ODB-0186] macro sky130_fd_sc_hd__dlrtp_2 references unknown site unithd
[WARNING ODB-0186] macro sky130_fd_sc_hd__dlrtp_4 references unknown site unithd
[WARNING ODB-0186] macro sky130_fd_sc_hd__dlxbn_1 references unknown site unithd
[WARNING ODB-0186] macro sky130_fd_sc_hd__dlxbn_2 references unknown site unithd
[WARNING ODB-0186] macro sky130_fd_sc_hd__dlxbp_1 references unknown site unithd
[WARNING ODB-0186] macro sky130_fd_sc_hd__dlxtn_1 references unknown site unithd
[WARNING ODB-0186] macro sky130_fd_sc_hd__dlxtn_2 references unknown site unithd
[WARNING ODB-0186] macro sky130_fd_sc_hd__dlxtn_4 references unknown site unithd
[WARNING ODB-0186] macro sky130_fd_sc_hd__dlxtp_1 references unknown site unithd
[WARNING ODB-0186] macro sky130_fd_sc_hd__dlygate4sd1_1 references unknown site unithd
[WARNING ODB-0186] macro sky130_fd_sc_hd__dlygate4sd2_1 references unknown site unithd
[WARNING ODB-0186] macro sky130_fd_sc_hd__dlygate4sd3_1 references unknown site unithd
[WARNING ODB-0186] macro sky130_fd_sc_hd__dlymetal6s2s_1 references unknown site unithd
[WARNING ODB-0186] macro sky130_fd_sc_hd__dlymetal6s4s_1 references unknown site unithd
[WARNING ODB-0186] macro sky130_fd_sc_hd__dlymetal6s6s_1 references unknown site unithd
[WARNING ODB-0186] macro sky130_fd_sc_hd__ebufn_1 references unknown site unithd
[WARNING ODB-0186] macro sky130_fd_sc_hd__ebufn_2 references unknown site unithd
[WARNING ODB-0186] macro sky130_fd_sc_hd__ebufn_4 references unknown site unithd
[WARNING ODB-0186] macro sky130_fd_sc_hd__ebufn_8 references unknown site unithd
[WARNING ODB-0186] macro sky130_fd_sc_hd__edfxbp_1 references unknown site unithd
[WARNING ODB-0186] macro sky130_fd_sc_hd__edfxtp_1 references unknown site unithd
[WARNING ODB-0186] macro sky130_fd_sc_hd__einvn_0 references unknown site unithd
[WARNING ODB-0186] macro sky130_fd_sc_hd__einvn_1 references unknown site unithd
[WARNING ODB-0186] macro sky130_fd_sc_hd__einvn_2 references unknown site unithd
[WARNING ODB-0186] macro sky130_fd_sc_hd__einvn_4 references unknown site unithd
[WARNING ODB-0186] macro sky130_fd_sc_hd__einvn_8 references unknown site unithd
[WARNING ODB-0186] macro sky130_fd_sc_hd__einvp_1 references unknown site unithd
[WARNING ODB-0186] macro sky130_fd_sc_hd__einvp_2 references unknown site unithd
[WARNING ODB-0186] macro sky130_fd_sc_hd__einvp_4 references unknown site unithd
[WARNING ODB-0186] macro sky130_fd_sc_hd__einvp_8 references unknown site unithd
[WARNING ODB-0186] macro sky130_fd_sc_hd__fa_1 references unknown site unithd
[WARNING ODB-0186] macro sky130_fd_sc_hd__fa_2 references unknown site unithd
[WARNING ODB-0186] macro sky130_fd_sc_hd__fa_4 references unknown site unithd
[WARNING ODB-0186] macro sky130_fd_sc_hd__fah_1 references unknown site unithd
[WARNING ODB-0186] macro sky130_fd_sc_hd__fahcin_1 references unknown site unithd
[WARNING ODB-0186] macro sky130_fd_sc_hd__fahcon_1 references unknown site unithd
[WARNING ODB-0186] macro sky130_fd_sc_hd__fill_1 references unknown site unithd
[WARNING ODB-0186] macro sky130_fd_sc_hd__fill_2 references unknown site unithd
[WARNING ODB-0186] macro sky130_fd_sc_hd__fill_4 references unknown site unithd
[WARNING ODB-0186] macro sky130_fd_sc_hd__fill_8 references unknown site unithd
[WARNING ODB-0186] macro sky130_fd_sc_hd__ha_1 references unknown site unithd
[WARNING ODB-0186] macro sky130_fd_sc_hd__ha_2 references unknown site unithd
[WARNING ODB-0186] macro sky130_fd_sc_hd__ha_4 references unknown site unithd
[WARNING ODB-0186] macro sky130_fd_sc_hd__inv_1 references unknown site unithd
[WARNING ODB-0186] macro sky130_fd_sc_hd__inv_2 references unknown site unithd
[WARNING ODB-0186] macro sky130_fd_sc_hd__inv_4 references unknown site unithd
[WARNING ODB-0186] macro sky130_fd_sc_hd__inv_6 references unknown site unithd
[WARNING ODB-0186] macro sky130_fd_sc_hd__inv_8 references unknown site unithd
[WARNING ODB-0186] macro sky130_fd_sc_hd__inv_12 references unknown site unithd
[WARNING ODB-0186] macro sky130_fd_sc_hd__inv_16 references unknown site unithd
[WARNING ODB-0186] macro sky130_fd_sc_hd__lpflow_bleeder_1 references unknown site unithd
[WARNING ODB-0186] macro sky130_fd_sc_hd__lpflow_clkbufkapwr_1 references unknown site unithd
[WARNING ODB-0186] macro sky130_fd_sc_hd__lpflow_clkbufkapwr_2 references unknown site unithd
[WARNING ODB-0186] macro sky130_fd_sc_hd__lpflow_clkbufkapwr_4 references unknown site unithd
[WARNING ODB-0186] macro sky130_fd_sc_hd__lpflow_clkbufkapwr_8 references unknown site unithd
[WARNING ODB-0186] macro sky130_fd_sc_hd__lpflow_clkbufkapwr_16 references unknown site unithd
[WARNING ODB-0186] macro sky130_fd_sc_hd__lpflow_clkinvkapwr_1 references unknown site unithd
[WARNING ODB-0186] macro sky130_fd_sc_hd__lpflow_clkinvkapwr_2 references unknown site unithd
[WARNING ODB-0186] macro sky130_fd_sc_hd__lpflow_clkinvkapwr_4 references unknown site unithd
[WARNING ODB-0186] macro sky130_fd_sc_hd__lpflow_clkinvkapwr_8 references unknown site unithd
[WARNING ODB-0186] macro sky130_fd_sc_hd__lpflow_clkinvkapwr_16 references unknown site unithd
[WARNING ODB-0186] macro sky130_fd_sc_hd__lpflow_decapkapwr_3 references unknown site unithd
[WARNING ODB-0186] macro sky130_fd_sc_hd__lpflow_decapkapwr_4 references unknown site unithd
[WARNING ODB-0186] macro sky130_fd_sc_hd__lpflow_decapkapwr_6 references unknown site unithd
[WARNING ODB-0186] macro sky130_fd_sc_hd__lpflow_decapkapwr_8 references unknown site unithd
[WARNING ODB-0186] macro sky130_fd_sc_hd__lpflow_decapkapwr_12 references unknown site unithd
[WARNING ODB-0186] macro sky130_fd_sc_hd__lpflow_inputiso0n_1 references unknown site unithd
[WARNING ODB-0186] macro sky130_fd_sc_hd__lpflow_inputiso0p_1 references unknown site unithd
[WARNING ODB-0186] macro sky130_fd_sc_hd__lpflow_inputiso1n_1 references unknown site unithd
[WARNING ODB-0186] macro sky130_fd_sc_hd__lpflow_inputiso1p_1 references unknown site unithd
[WARNING ODB-0186] macro sky130_fd_sc_hd__lpflow_inputisolatch_1 references unknown site unithd
[WARNING ODB-0186] macro sky130_fd_sc_hd__lpflow_isobufsrc_1 references unknown site unithd
[WARNING ODB-0186] macro sky130_fd_sc_hd__lpflow_isobufsrc_2 references unknown site unithd
[WARNING ODB-0186] macro sky130_fd_sc_hd__lpflow_isobufsrc_4 references unknown site unithd
[WARNING ODB-0186] macro sky130_fd_sc_hd__lpflow_isobufsrc_8 references unknown site unithd
[WARNING ODB-0186] macro sky130_fd_sc_hd__lpflow_isobufsrc_16 references unknown site unithd
[WARNING ODB-0186] macro sky130_fd_sc_hd__lpflow_isobufsrckapwr_16 references unknown site unithd
[WARNING ODB-0186] macro sky130_fd_sc_hd__lpflow_lsbuf_lh_hl_isowell_tap_1 references unknown site unithd
[WARNING ODB-0186] macro sky130_fd_sc_hd__lpflow_lsbuf_lh_hl_isowell_tap_2 references unknown site unithd
[WARNING ODB-0186] macro sky130_fd_sc_hd__lpflow_lsbuf_lh_hl_isowell_tap_4 references unknown site unithd
[WARNING ODB-0186] macro sky130_fd_sc_hd__lpflow_lsbuf_lh_isowell_4 references unknown site unithd
[WARNING ODB-0186] macro sky130_fd_sc_hd__lpflow_lsbuf_lh_isowell_tap_1 references unknown site unithd
[WARNING ODB-0186] macro sky130_fd_sc_hd__lpflow_lsbuf_lh_isowell_tap_2 references unknown site unithd
[WARNING ODB-0186] macro sky130_fd_sc_hd__lpflow_lsbuf_lh_isowell_tap_4 references unknown site unithd
[WARNING ODB-0186] macro sky130_fd_sc_hd__macro_sparecell references unknown site unithd
[WARNING ODB-0186] macro sky130_fd_sc_hd__maj3_1 references unknown site unithd
[WARNING ODB-0186] macro sky130_fd_sc_hd__maj3_2 references unknown site unithd
[WARNING ODB-0186] macro sky130_fd_sc_hd__maj3_4 references unknown site unithd
[WARNING ODB-0186] macro sky130_fd_sc_hd__mux2_1 references unknown site unithd
[WARNING ODB-0186] macro sky130_fd_sc_hd__mux2_2 references unknown site unithd
[WARNING ODB-0186] macro sky130_fd_sc_hd__mux2_4 references unknown site unithd
[WARNING ODB-0186] macro sky130_fd_sc_hd__mux2_8 references unknown site unithd
[WARNING ODB-0186] macro sky130_fd_sc_hd__mux2i_1 references unknown site unithd
[WARNING ODB-0186] macro sky130_fd_sc_hd__mux2i_2 references unknown site unithd
[WARNING ODB-0186] macro sky130_fd_sc_hd__mux2i_4 references unknown site unithd
[WARNING ODB-0186] macro sky130_fd_sc_hd__mux4_1 references unknown site unithd
[WARNING ODB-0186] macro sky130_fd_sc_hd__mux4_2 references unknown site unithd
[WARNING ODB-0186] macro sky130_fd_sc_hd__mux4_4 references unknown site unithd
[WARNING ODB-0186] macro sky130_fd_sc_hd__nand2_1 references unknown site unithd
[WARNING ODB-0186] macro sky130_fd_sc_hd__nand2_2 references unknown site unithd
[WARNING ODB-0186] macro sky130_fd_sc_hd__nand2_4 references unknown site unithd
[WARNING ODB-0186] macro sky130_fd_sc_hd__nand2_8 references unknown site unithd
[WARNING ODB-0186] macro sky130_fd_sc_hd__nand2b_1 references unknown site unithd
[WARNING ODB-0186] macro sky130_fd_sc_hd__nand2b_2 references unknown site unithd
[WARNING ODB-0186] macro sky130_fd_sc_hd__nand2b_4 references unknown site unithd
[WARNING ODB-0186] macro sky130_fd_sc_hd__nand3_1 references unknown site unithd
[WARNING ODB-0186] macro sky130_fd_sc_hd__nand3_2 references unknown site unithd
[WARNING ODB-0186] macro sky130_fd_sc_hd__nand3_4 references unknown site unithd
[WARNING ODB-0186] macro sky130_fd_sc_hd__nand3b_1 references unknown site unithd
[WARNING ODB-0186] macro sky130_fd_sc_hd__nand3b_2 references unknown site unithd
[WARNING ODB-0186] macro sky130_fd_sc_hd__nand3b_4 references unknown site unithd
[WARNING ODB-0186] macro sky130_fd_sc_hd__nand4_1 references unknown site unithd
[WARNING ODB-0186] macro sky130_fd_sc_hd__nand4_2 references unknown site unithd
[WARNING ODB-0186] macro sky130_fd_sc_hd__nand4_4 references unknown site unithd
[WARNING ODB-0186] macro sky130_fd_sc_hd__nand4b_1 references unknown site unithd
[WARNING ODB-0186] macro sky130_fd_sc_hd__nand4b_2 references unknown site unithd
[WARNING ODB-0186] macro sky130_fd_sc_hd__nand4b_4 references unknown site unithd
[WARNING ODB-0186] macro sky130_fd_sc_hd__nand4bb_1 references unknown site unithd
[WARNING ODB-0186] macro sky130_fd_sc_hd__nand4bb_2 references unknown site unithd
[WARNING ODB-0186] macro sky130_fd_sc_hd__nand4bb_4 references unknown site unithd
[WARNING ODB-0186] macro sky130_fd_sc_hd__nor2_1 references unknown site unithd
[WARNING ODB-0186] macro sky130_fd_sc_hd__nor2_2 references unknown site unithd
[WARNING ODB-0186] macro sky130_fd_sc_hd__nor2_4 references unknown site unithd
[WARNING ODB-0186] macro sky130_fd_sc_hd__nor2_8 references unknown site unithd
[WARNING ODB-0186] macro sky130_fd_sc_hd__nor2b_1 references unknown site unithd
[WARNING ODB-0186] macro sky130_fd_sc_hd__nor2b_2 references unknown site unithd
[WARNING ODB-0186] macro sky130_fd_sc_hd__nor2b_4 references unknown site unithd
[WARNING ODB-0186] macro sky130_fd_sc_hd__nor3_1 references unknown site unithd
[WARNING ODB-0186] macro sky130_fd_sc_hd__nor3_2 references unknown site unithd
[WARNING ODB-0186] macro sky130_fd_sc_hd__nor3_4 references unknown site unithd
[WARNING ODB-0186] macro sky130_fd_sc_hd__nor3b_1 references unknown site unithd
[WARNING ODB-0186] macro sky130_fd_sc_hd__nor3b_2 references unknown site unithd
[WARNING ODB-0186] macro sky130_fd_sc_hd__nor3b_4 references unknown site unithd
[WARNING ODB-0186] macro sky130_fd_sc_hd__nor4_1 references unknown site unithd
[WARNING ODB-0186] macro sky130_fd_sc_hd__nor4_2 references unknown site unithd
[WARNING ODB-0186] macro sky130_fd_sc_hd__nor4_4 references unknown site unithd
[WARNING ODB-0186] macro sky130_fd_sc_hd__nor4b_1 references unknown site unithd
[WARNING ODB-0186] macro sky130_fd_sc_hd__nor4b_2 references unknown site unithd
[WARNING ODB-0186] macro sky130_fd_sc_hd__nor4b_4 references unknown site unithd
[WARNING ODB-0186] macro sky130_fd_sc_hd__nor4bb_1 references unknown site unithd
[WARNING ODB-0186] macro sky130_fd_sc_hd__nor4bb_2 references unknown site unithd
[WARNING ODB-0186] macro sky130_fd_sc_hd__nor4bb_4 references unknown site unithd
[WARNING ODB-0186] macro sky130_fd_sc_hd__o2bb2a_1 references unknown site unithd
[WARNING ODB-0186] macro sky130_fd_sc_hd__o2bb2a_2 references unknown site unithd
[WARNING ODB-0186] macro sky130_fd_sc_hd__o2bb2a_4 references unknown site unithd
[WARNING ODB-0186] macro sky130_fd_sc_hd__o2bb2ai_1 references unknown site unithd
[WARNING ODB-0186] macro sky130_fd_sc_hd__o2bb2ai_2 references unknown site unithd
[WARNING ODB-0186] macro sky130_fd_sc_hd__o2bb2ai_4 references unknown site unithd
[WARNING ODB-0186] macro sky130_fd_sc_hd__o21a_1 references unknown site unithd
[WARNING ODB-0186] macro sky130_fd_sc_hd__o21a_2 references unknown site unithd
[WARNING ODB-0186] macro sky130_fd_sc_hd__o21a_4 references unknown site unithd
[WARNING ODB-0186] macro sky130_fd_sc_hd__o21ai_0 references unknown site unithd
[WARNING ODB-0186] macro sky130_fd_sc_hd__o21ai_1 references unknown site unithd
[WARNING ODB-0186] macro sky130_fd_sc_hd__o21ai_2 references unknown site unithd
[WARNING ODB-0186] macro sky130_fd_sc_hd__o21ai_4 references unknown site unithd
[WARNING ODB-0186] macro sky130_fd_sc_hd__o21ba_1 references unknown site unithd
[WARNING ODB-0186] macro sky130_fd_sc_hd__o21ba_2 references unknown site unithd
[WARNING ODB-0186] macro sky130_fd_sc_hd__o21ba_4 references unknown site unithd
[WARNING ODB-0186] macro sky130_fd_sc_hd__o21bai_1 references unknown site unithd
[WARNING ODB-0186] macro sky130_fd_sc_hd__o21bai_2 references unknown site unithd
[WARNING ODB-0186] macro sky130_fd_sc_hd__o21bai_4 references unknown site unithd
[WARNING ODB-0186] macro sky130_fd_sc_hd__o22a_1 references unknown site unithd
[WARNING ODB-0186] macro sky130_fd_sc_hd__o22a_2 references unknown site unithd
[WARNING ODB-0186] macro sky130_fd_sc_hd__o22a_4 references unknown site unithd
[WARNING ODB-0186] macro sky130_fd_sc_hd__o22ai_1 references unknown site unithd
[WARNING ODB-0186] macro sky130_fd_sc_hd__o22ai_2 references unknown site unithd
[WARNING ODB-0186] macro sky130_fd_sc_hd__o22ai_4 references unknown site unithd
[WARNING ODB-0186] macro sky130_fd_sc_hd__o31a_1 references unknown site unithd
[WARNING ODB-0186] macro sky130_fd_sc_hd__o31a_2 references unknown site unithd
[WARNING ODB-0186] macro sky130_fd_sc_hd__o31a_4 references unknown site unithd
[WARNING ODB-0186] macro sky130_fd_sc_hd__o31ai_1 references unknown site unithd
[WARNING ODB-0186] macro sky130_fd_sc_hd__o31ai_2 references unknown site unithd
[WARNING ODB-0186] macro sky130_fd_sc_hd__o31ai_4 references unknown site unithd
[WARNING ODB-0186] macro sky130_fd_sc_hd__o32a_1 references unknown site unithd
[WARNING ODB-0186] macro sky130_fd_sc_hd__o32a_2 references unknown site unithd
[WARNING ODB-0186] macro sky130_fd_sc_hd__o32a_4 references unknown site unithd
[WARNING ODB-0186] macro sky130_fd_sc_hd__o32ai_1 references unknown site unithd
[WARNING ODB-0186] macro sky130_fd_sc_hd__o32ai_2 references unknown site unithd
[WARNING ODB-0186] macro sky130_fd_sc_hd__o32ai_4 references unknown site unithd
[WARNING ODB-0186] macro sky130_fd_sc_hd__o41a_1 references unknown site unithd
[WARNING ODB-0186] macro sky130_fd_sc_hd__o41a_2 references unknown site unithd
[WARNING ODB-0186] macro sky130_fd_sc_hd__o41a_4 references unknown site unithd
[WARNING ODB-0186] macro sky130_fd_sc_hd__o41ai_1 references unknown site unithd
[WARNING ODB-0186] macro sky130_fd_sc_hd__o41ai_2 references unknown site unithd
[WARNING ODB-0186] macro sky130_fd_sc_hd__o41ai_4 references unknown site unithd
[WARNING ODB-0186] macro sky130_fd_sc_hd__o211a_1 references unknown site unithd
[WARNING ODB-0186] macro sky130_fd_sc_hd__o211a_2 references unknown site unithd
[WARNING ODB-0186] macro sky130_fd_sc_hd__o211a_4 references unknown site unithd
[WARNING ODB-0186] macro sky130_fd_sc_hd__o211ai_1 references unknown site unithd
[WARNING ODB-0186] macro sky130_fd_sc_hd__o211ai_2 references unknown site unithd
[WARNING ODB-0186] macro sky130_fd_sc_hd__o211ai_4 references unknown site unithd
[WARNING ODB-0186] macro sky130_fd_sc_hd__o221a_1 references unknown site unithd
[WARNING ODB-0186] macro sky130_fd_sc_hd__o221a_2 references unknown site unithd
[WARNING ODB-0186] macro sky130_fd_sc_hd__o221a_4 references unknown site unithd
[WARNING ODB-0186] macro sky130_fd_sc_hd__o221ai_1 references unknown site unithd
[WARNING ODB-0186] macro sky130_fd_sc_hd__o221ai_2 references unknown site unithd
[WARNING ODB-0186] macro sky130_fd_sc_hd__o221ai_4 references unknown site unithd
[WARNING ODB-0186] macro sky130_fd_sc_hd__o311a_1 references unknown site unithd
[WARNING ODB-0186] macro sky130_fd_sc_hd__o311a_2 references unknown site unithd
[WARNING ODB-0186] macro sky130_fd_sc_hd__o311a_4 references unknown site unithd
[WARNING ODB-0186] macro sky130_fd_sc_hd__o311ai_0 references unknown site unithd
[WARNING ODB-0186] macro sky130_fd_sc_hd__o311ai_1 references unknown site unithd
[WARNING ODB-0186] macro sky130_fd_sc_hd__o311ai_2 references unknown site unithd
[WARNING ODB-0186] macro sky130_fd_sc_hd__o311ai_4 references unknown site unithd
[WARNING ODB-0186] macro sky130_fd_sc_hd__o2111a_1 references unknown site unithd
[WARNING ODB-0186] macro sky130_fd_sc_hd__o2111a_2 references unknown site unithd
[WARNING ODB-0186] macro sky130_fd_sc_hd__o2111a_4 references unknown site unithd
[WARNING ODB-0186] macro sky130_fd_sc_hd__o2111ai_1 references unknown site unithd
[WARNING ODB-0186] macro sky130_fd_sc_hd__o2111ai_2 references unknown site unithd
[WARNING ODB-0186] macro sky130_fd_sc_hd__o2111ai_4 references unknown site unithd
[WARNING ODB-0186] macro sky130_fd_sc_hd__or2_0 references unknown site unithd
[WARNING ODB-0186] macro sky130_fd_sc_hd__or2_1 references unknown site unithd
[WARNING ODB-0186] macro sky130_fd_sc_hd__or2_2 references unknown site unithd
[WARNING ODB-0186] macro sky130_fd_sc_hd__or2_4 references unknown site unithd
[WARNING ODB-0186] macro sky130_fd_sc_hd__or2b_1 references unknown site unithd
[WARNING ODB-0186] macro sky130_fd_sc_hd__or2b_2 references unknown site unithd
[WARNING ODB-0186] macro sky130_fd_sc_hd__or2b_4 references unknown site unithd
[WARNING ODB-0186] macro sky130_fd_sc_hd__or3_1 references unknown site unithd
[WARNING ODB-0186] macro sky130_fd_sc_hd__or3_2 references unknown site unithd
[WARNING ODB-0186] macro sky130_fd_sc_hd__or3_4 references unknown site unithd
[WARNING ODB-0186] macro sky130_fd_sc_hd__or3b_1 references unknown site unithd
[WARNING ODB-0186] macro sky130_fd_sc_hd__or3b_2 references unknown site unithd
[WARNING ODB-0186] macro sky130_fd_sc_hd__or3b_4 references unknown site unithd
[WARNING ODB-0186] macro sky130_fd_sc_hd__or4_1 references unknown site unithd
[WARNING ODB-0186] macro sky130_fd_sc_hd__or4_2 references unknown site unithd
[WARNING ODB-0186] macro sky130_fd_sc_hd__or4_4 references unknown site unithd
[WARNING ODB-0186] macro sky130_fd_sc_hd__or4b_1 references unknown site unithd
[WARNING ODB-0186] macro sky130_fd_sc_hd__or4b_2 references unknown site unithd
[WARNING ODB-0186] macro sky130_fd_sc_hd__or4b_4 references unknown site unithd
[WARNING ODB-0186] macro sky130_fd_sc_hd__or4bb_1 references unknown site unithd
[WARNING ODB-0186] macro sky130_fd_sc_hd__or4bb_2 references unknown site unithd
[WARNING ODB-0186] macro sky130_fd_sc_hd__or4bb_4 references unknown site unithd
[WARNING ODB-0186] macro sky130_fd_sc_hd__probe_p_8 references unknown site unithd
[WARNING ODB-0186] macro sky130_fd_sc_hd__probec_p_8 references unknown site unithd
[WARNING ODB-0186] macro sky130_fd_sc_hd__sdfbbn_1 references unknown site unithd
[WARNING ODB-0186] macro sky130_fd_sc_hd__sdfbbn_2 references unknown site unithd
[WARNING ODB-0186] macro sky130_fd_sc_hd__sdfbbp_1 references unknown site unithd
[WARNING ODB-0186] macro sky130_fd_sc_hd__sdfrbp_1 references unknown site unithd
[WARNING ODB-0186] macro sky130_fd_sc_hd__sdfrbp_2 references unknown site unithd
[WARNING ODB-0186] macro sky130_fd_sc_hd__sdfrtn_1 references unknown site unithd
[WARNING ODB-0186] macro sky130_fd_sc_hd__sdfrtp_1 references unknown site unithd
[WARNING ODB-0186] macro sky130_fd_sc_hd__sdfrtp_2 references unknown site unithd
[WARNING ODB-0186] macro sky130_fd_sc_hd__sdfrtp_4 references unknown site unithd
[WARNING ODB-0186] macro sky130_fd_sc_hd__sdfsbp_1 references unknown site unithd
[WARNING ODB-0186] macro sky130_fd_sc_hd__sdfsbp_2 references unknown site unithd
[WARNING ODB-0186] macro sky130_fd_sc_hd__sdfstp_1 references unknown site unithd
[WARNING ODB-0186] macro sky130_fd_sc_hd__sdfstp_2 references unknown site unithd
[WARNING ODB-0186] macro sky130_fd_sc_hd__sdfstp_4 references unknown site unithd
[WARNING ODB-0186] macro sky130_fd_sc_hd__sdfxbp_1 references unknown site unithd
[WARNING ODB-0186] macro sky130_fd_sc_hd__sdfxbp_2 references unknown site unithd
[WARNING ODB-0186] macro sky130_fd_sc_hd__sdfxtp_1 references unknown site unithd
[WARNING ODB-0186] macro sky130_fd_sc_hd__sdfxtp_2 references unknown site unithd
[WARNING ODB-0186] macro sky130_fd_sc_hd__sdfxtp_4 references unknown site unithd
[WARNING ODB-0186] macro sky130_fd_sc_hd__sdlclkp_1 references unknown site unithd
[WARNING ODB-0186] macro sky130_fd_sc_hd__sdlclkp_2 references unknown site unithd
[WARNING ODB-0186] macro sky130_fd_sc_hd__sdlclkp_4 references unknown site unithd
[WARNING ODB-0186] macro sky130_fd_sc_hd__sedfxbp_1 references unknown site unithd
[WARNING ODB-0186] macro sky130_fd_sc_hd__sedfxbp_2 references unknown site unithd
[WARNING ODB-0186] macro sky130_fd_sc_hd__sedfxtp_1 references unknown site unithd
[WARNING ODB-0186] macro sky130_fd_sc_hd__sedfxtp_2 references unknown site unithd
[WARNING ODB-0186] macro sky130_fd_sc_hd__sedfxtp_4 references unknown site unithd
[WARNING ODB-0186] macro sky130_fd_sc_hd__tap_1 references unknown site unithd
[WARNING ODB-0186] macro sky130_fd_sc_hd__tap_2 references unknown site unithd
[WARNING ODB-0186] macro sky130_fd_sc_hd__tapvgnd2_1 references unknown site unithd
[WARNING ODB-0186] macro sky130_fd_sc_hd__tapvgnd_1 references unknown site unithd
[WARNING ODB-0186] macro sky130_fd_sc_hd__tapvpwrvgnd_1 references unknown site unithd
[WARNING ODB-0186] macro sky130_fd_sc_hd__xnor2_1 references unknown site unithd
[WARNING ODB-0186] macro sky130_fd_sc_hd__xnor2_2 references unknown site unithd
[WARNING ODB-0186] macro sky130_fd_sc_hd__xnor2_4 references unknown site unithd
[WARNING ODB-0186] macro sky130_fd_sc_hd__xnor3_1 references unknown site unithd
[WARNING ODB-0186] macro sky130_fd_sc_hd__xnor3_2 references unknown site unithd
[WARNING ODB-0186] macro sky130_fd_sc_hd__xnor3_4 references unknown site unithd
[WARNING ODB-0186] macro sky130_fd_sc_hd__xor2_1 references unknown site unithd
[WARNING ODB-0186] macro sky130_fd_sc_hd__xor2_2 references unknown site unithd
[WARNING ODB-0186] macro sky130_fd_sc_hd__xor2_4 references unknown site unithd
[WARNING ODB-0186] macro sky130_fd_sc_hd__xor3_1 references unknown site unithd
[WARNING ODB-0186] macro sky130_fd_sc_hd__xor3_2 references unknown site unithd
[WARNING ODB-0186] macro sky130_fd_sc_hd__xor3_4 references unknown site unithd
[INFO ODB-0227] LEF file: /home/chandler/OpenROAD-flow-scripts/flow/platforms/sky130hd/lef/sky130_fd_sc_hd_merged.lef, created 441 library cells
Startpoint: _68204_ (rising edge-triggered flip-flop clocked by clk)
Endpoint: _68880_ (rising edge-triggered flip-flop clocked by clk)
Path Group: clk
Path Type: max

  Delay    Time   Description
---------------------------------------------------------
   0.00    0.00   clock clk (rise edge)
   0.00    0.00   clock network delay (ideal)
   0.00    0.00 ^ _68204_/CLK (sky130_fd_sc_hd__dfrtp_1)
   8.06    8.06 ^ _68204_/Q (sky130_fd_sc_hd__dfrtp_1)
   1.52    9.58 v _34454_/Y (sky130_fd_sc_hd__mux2i_1)
   0.50   10.08 ^ _34503_/Y (sky130_fd_sc_hd__nand4_1)
   0.12   10.20 v _34504_/Y (sky130_fd_sc_hd__nor4_1)
   0.23   10.43 v _34523_/Y (sky130_fd_sc_hd__nand2b_1)
   0.73   11.15 ^ _34537_/X (sky130_fd_sc_hd__xor2_1)
   0.25   11.40 ^ _34554_/X (sky130_fd_sc_hd__or4_1)
   0.05   11.45 v _34561_/Y (sky130_fd_sc_hd__a211oi_1)
   0.23   11.67 v _34562_/X (sky130_fd_sc_hd__and3_1)
   0.09   11.77 v _34614_/X (sky130_fd_sc_hd__o31a_1)
   5.46   17.23 ^ _34632_/Y (sky130_fd_sc_hd__o31ai_1)
  -0.05   17.18 v _34633_/Y (sky130_fd_sc_hd__nor2_1)
   0.34   17.52 ^ _34634_/Y (sky130_fd_sc_hd__a21oi_1)
   0.19   17.71 ^ _34635_/Y (sky130_fd_sc_hd__o21bai_1)
   0.13   17.84 v _34638_/Y (sky130_fd_sc_hd__o22ai_1)
   0.13   17.97 ^ _34639_/Y (sky130_fd_sc_hd__a21oi_1)
   0.07   18.04 v _34644_/Y (sky130_fd_sc_hd__a21oi_1)
   0.30   18.34 ^ _34647_/Y (sky130_fd_sc_hd__o31ai_1)
   0.14   18.48 v _34650_/Y (sky130_fd_sc_hd__a21oi_1)
   0.27   18.75 ^ _34654_/Y (sky130_fd_sc_hd__o21ai_0)
   0.12   18.87 v _34657_/Y (sky130_fd_sc_hd__a22oi_1)
   1.16   20.03 ^ _34659_/Y (sky130_fd_sc_hd__o21ai_0)
   0.51   20.54 v _35256_/Y (sky130_fd_sc_hd__nor2_1)
   0.38   20.91 v _35325_/X (sky130_fd_sc_hd__a22o_1)
   0.30   21.22 v _35326_/X (sky130_fd_sc_hd__mux2_1)
   0.09   21.30 ^ _35333_/Y (sky130_fd_sc_hd__nor2_1)
   0.07   21.37 v _35334_/Y (sky130_fd_sc_hd__a21oi_1)
   0.30   21.67 ^ _35339_/Y (sky130_fd_sc_hd__o21ai_0)
   0.05   21.72 v _35340_/Y (sky130_fd_sc_hd__nor2_1)
   0.45   22.17 v _35383_/X (sky130_fd_sc_hd__or4_1)
   0.00   22.17 v _68880_/D (sky130_fd_sc_hd__dfrtp_1)
          22.17   data arrival time

  10.00   10.00   clock clk (rise edge)
   0.00   10.00   clock network delay (ideal)
   0.00   10.00   clock reconvergence pessimism
          10.00 ^ _68880_/CLK (sky130_fd_sc_hd__dfrtp_1)
  -0.14    9.86   library setup time
           9.86   data required time
---------------------------------------------------------
           9.86   data required time
         -22.17   data arrival time
---------------------------------------------------------
         -12.31   slack (VIOLATED)


worst slack -12.31
