
-- Running command `read_verilog -sv -I. rtl/bf16_to_fp32.sv rtl/fp32_to_bf16_rne.sv rtl/fp32_add.sv rtl/fp32_mul.sv rtl/bf16_rsqrt_lut256.sv rtl/mixed_precision_bank_reducer4.sv rtl/mixed_precision_global_reducer16.sv rtl/mixed_precision_scalar_nr2.sv rtl/mixed_precision_bank_apply4.sv rtl/mixed_precision_normalization_datapath.sv; hierarchy -check -top fp32_to_bf16_rne; synth -top fp32_to_bf16_rne; check -assert; stat; flatten; opt; ltp -noff' --

1. Executing Verilog-2005 frontend: rtl/bf16_to_fp32.sv
Parsing SystemVerilog input from `rtl/bf16_to_fp32.sv' to AST representation.
Generating RTLIL representation for module `\bf16_to_fp32'.
Successfully finished Verilog frontend.

2. Executing Verilog-2005 frontend: rtl/fp32_to_bf16_rne.sv
Parsing SystemVerilog input from `rtl/fp32_to_bf16_rne.sv' to AST representation.
Generating RTLIL representation for module `\fp32_to_bf16_rne'.
Successfully finished Verilog frontend.

3. Executing Verilog-2005 frontend: rtl/fp32_add.sv
Parsing SystemVerilog input from `rtl/fp32_add.sv' to AST representation.
Generating RTLIL representation for module `\fp32_add'.
Successfully finished Verilog frontend.

4. Executing Verilog-2005 frontend: rtl/fp32_mul.sv
Parsing SystemVerilog input from `rtl/fp32_mul.sv' to AST representation.
Generating RTLIL representation for module `\fp32_mul'.
Successfully finished Verilog frontend.

5. Executing Verilog-2005 frontend: rtl/bf16_rsqrt_lut256.sv
Parsing SystemVerilog input from `rtl/bf16_rsqrt_lut256.sv' to AST representation.
Generating RTLIL representation for module `\bf16_rsqrt_lut256'.
Successfully finished Verilog frontend.

6. Executing Verilog-2005 frontend: rtl/mixed_precision_bank_reducer4.sv
Parsing SystemVerilog input from `rtl/mixed_precision_bank_reducer4.sv' to AST representation.
Generating RTLIL representation for module `\mixed_precision_bank_reducer4'.
Successfully finished Verilog frontend.

7. Executing Verilog-2005 frontend: rtl/mixed_precision_global_reducer16.sv
Parsing SystemVerilog input from `rtl/mixed_precision_global_reducer16.sv' to AST representation.
Generating RTLIL representation for module `\mixed_precision_global_reducer16'.
Successfully finished Verilog frontend.

8. Executing Verilog-2005 frontend: rtl/mixed_precision_scalar_nr2.sv
Parsing SystemVerilog input from `rtl/mixed_precision_scalar_nr2.sv' to AST representation.
Generating RTLIL representation for module `\mixed_precision_scalar_nr2'.
Successfully finished Verilog frontend.

9. Executing Verilog-2005 frontend: rtl/mixed_precision_bank_apply4.sv
Parsing SystemVerilog input from `rtl/mixed_precision_bank_apply4.sv' to AST representation.
Generating RTLIL representation for module `\mixed_precision_bank_apply4'.
Successfully finished Verilog frontend.

10. Executing Verilog-2005 frontend: rtl/mixed_precision_normalization_datapath.sv
Parsing SystemVerilog input from `rtl/mixed_precision_normalization_datapath.sv' to AST representation.
Generating RTLIL representation for module `\mixed_precision_normalization_datapath'.
Successfully finished Verilog frontend.

11. Executing HIERARCHY pass (managing design hierarchy).

11.1. Analyzing design hierarchy..
Top module:  \fp32_to_bf16_rne

11.2. Analyzing design hierarchy..
Top module:  \fp32_to_bf16_rne
Removing unused module `\mixed_precision_normalization_datapath'.
Removing unused module `\mixed_precision_bank_apply4'.
Removing unused module `\mixed_precision_scalar_nr2'.
Removing unused module `\mixed_precision_global_reducer16'.
Removing unused module `\mixed_precision_bank_reducer4'.
Removing unused module `\bf16_rsqrt_lut256'.
Removing unused module `\fp32_mul'.
Removing unused module `\fp32_add'.
Removing unused module `\bf16_to_fp32'.
Removed 9 unused modules.

12. Executing SYNTH pass.

12.1. Executing HIERARCHY pass (managing design hierarchy).

12.1.1. Analyzing design hierarchy..
Top module:  \fp32_to_bf16_rne

12.1.2. Analyzing design hierarchy..
Top module:  \fp32_to_bf16_rne
Removed 0 unused modules.

12.2. Executing PROC pass (convert processes to netlists).

12.2.1. Executing PROC_CLEAN pass (remove empty switches from decision trees).
Cleaned up 0 empty switches.

12.2.2. Executing PROC_RMDEAD pass (remove dead branches from decision trees).
Marked 3 switch rules as full_case in process $proc$rtl/fp32_to_bf16_rne.sv:9$1 in module fp32_to_bf16_rne.
Removed a total of 0 dead cases.

12.2.3. Executing PROC_PRUNE pass (remove redundant assignments in processes).
Removed 0 redundant assignments.
Promoted 5 assignments to connections.

12.2.4. Executing PROC_INIT pass (extract init attributes).

12.2.5. Executing PROC_ARST pass (detect async resets in processes).

12.2.6. Executing PROC_ROM pass (convert switches to ROMs).
Converted 0 switches.
<suppressed ~3 debug messages>

12.2.7. Executing PROC_MUX pass (convert decision trees to multiplexers).
Creating decoders for process `\fp32_to_bf16_rne.$proc$rtl/fp32_to_bf16_rne.sv:9$1'.
     1/3: $3\bf16_o[15:0]
     2/3: $2\bf16_o[15:0]
     3/3: $1\bf16_o[15:0]

12.2.8. Executing PROC_DLATCH pass (convert process syncs to latches).
No latch inferred for signal `\fp32_to_bf16_rne.\bf16_o' from process `\fp32_to_bf16_rne.$proc$rtl/fp32_to_bf16_rne.sv:9$1'.
No latch inferred for signal `\fp32_to_bf16_rne.\upper' from process `\fp32_to_bf16_rne.$proc$rtl/fp32_to_bf16_rne.sv:9$1'.
No latch inferred for signal `\fp32_to_bf16_rne.\lower' from process `\fp32_to_bf16_rne.$proc$rtl/fp32_to_bf16_rne.sv:9$1'.
No latch inferred for signal `\fp32_to_bf16_rne.\round_up' from process `\fp32_to_bf16_rne.$proc$rtl/fp32_to_bf16_rne.sv:9$1'.
No latch inferred for signal `\fp32_to_bf16_rne.\rounded' from process `\fp32_to_bf16_rne.$proc$rtl/fp32_to_bf16_rne.sv:9$1'.

12.2.9. Executing PROC_DFF pass (convert process syncs to FFs).

12.2.10. Executing PROC_MEMWR pass (convert process memory writes to cells).

12.2.11. Executing PROC_CLEAN pass (remove empty switches from decision trees).
Found and cleaned up 3 empty switches in `\fp32_to_bf16_rne.$proc$rtl/fp32_to_bf16_rne.sv:9$1'.
Removing empty process `fp32_to_bf16_rne.$proc$rtl/fp32_to_bf16_rne.sv:9$1'.
Cleaned up 3 empty switches.

12.2.12. Executing OPT_EXPR pass (perform const folding).
Optimizing module fp32_to_bf16_rne.

12.3. Executing OPT_EXPR pass (perform const folding).
Optimizing module fp32_to_bf16_rne.

12.4. Executing OPT_CLEAN pass (remove unused cells and wires).
Finding unused cells or wires in module \fp32_to_bf16_rne..
Removed 0 unused cells and 16 unused wires.
<suppressed ~1 debug messages>

12.5. Executing CHECK pass (checking for obvious problems).
Checking module fp32_to_bf16_rne...
Found and reported 0 problems.

12.6. Executing OPT pass (performing simple optimizations).

12.6.1. Executing OPT_EXPR pass (perform const folding).
Optimizing module fp32_to_bf16_rne.

12.6.2. Executing OPT_MERGE pass (detect identical cells).
Finding identical cells in module `\fp32_to_bf16_rne'.
Removed a total of 0 cells.

12.6.3. Executing OPT_MUXTREE pass (detect dead branches in mux trees).
Running muxtree optimizer on module \fp32_to_bf16_rne..
  Creating internal representation of mux trees.
  Evaluating internal representation of mux trees.
  Analyzing evaluation results.
    dead port 1/2 on $mux $procmux$575.
    dead port 2/2 on $mux $procmux$581.
Removed 2 multiplexer ports.
<suppressed ~1 debug messages>

12.6.4. Executing OPT_REDUCE pass (consolidate $*mux and $reduce_* inputs).
  Optimizing cells in module \fp32_to_bf16_rne.
Performed a total of 0 changes.

12.6.5. Executing OPT_MERGE pass (detect identical cells).
Finding identical cells in module `\fp32_to_bf16_rne'.
Removed a total of 0 cells.

12.6.6. Executing OPT_DFF pass (perform DFF optimizations).

12.6.7. Executing OPT_CLEAN pass (remove unused cells and wires).
Finding unused cells or wires in module \fp32_to_bf16_rne..
Removed 0 unused cells and 2 unused wires.
<suppressed ~1 debug messages>

12.6.8. Executing OPT_EXPR pass (perform const folding).
Optimizing module fp32_to_bf16_rne.

12.6.9. Rerunning OPT passes. (Maybe there is more to do..)

12.6.10. Executing OPT_MUXTREE pass (detect dead branches in mux trees).
Running muxtree optimizer on module \fp32_to_bf16_rne..
  Creating internal representation of mux trees.
  Evaluating internal representation of mux trees.
  Analyzing evaluation results.
Removed 0 multiplexer ports.
<suppressed ~1 debug messages>

12.6.11. Executing OPT_REDUCE pass (consolidate $*mux and $reduce_* inputs).
  Optimizing cells in module \fp32_to_bf16_rne.
Performed a total of 0 changes.

12.6.12. Executing OPT_MERGE pass (detect identical cells).
Finding identical cells in module `\fp32_to_bf16_rne'.
Removed a total of 0 cells.

12.6.13. Executing OPT_DFF pass (perform DFF optimizations).

12.6.14. Executing OPT_CLEAN pass (remove unused cells and wires).
Finding unused cells or wires in module \fp32_to_bf16_rne..

12.6.15. Executing OPT_EXPR pass (perform const folding).
Optimizing module fp32_to_bf16_rne.

12.6.16. Finished OPT passes. (There is nothing left to do.)

12.7. Executing FSM pass (extract and optimize FSM).

12.7.1. Executing FSM_DETECT pass (finding FSMs in design).

12.7.2. Executing FSM_EXTRACT pass (extracting FSM from design).

12.7.3. Executing FSM_OPT pass (simple optimizations of FSMs).

12.7.4. Executing OPT_CLEAN pass (remove unused cells and wires).
Finding unused cells or wires in module \fp32_to_bf16_rne..

12.7.5. Executing FSM_OPT pass (simple optimizations of FSMs).

12.7.6. Executing FSM_RECODE pass (re-assigning FSM state encoding).

12.7.7. Executing FSM_INFO pass (dumping all available information on FSM cells).

12.7.8. Executing FSM_MAP pass (mapping FSMs to basic logic).

12.8. Executing OPT pass (performing simple optimizations).

12.8.1. Executing OPT_EXPR pass (perform const folding).
Optimizing module fp32_to_bf16_rne.

12.8.2. Executing OPT_MERGE pass (detect identical cells).
Finding identical cells in module `\fp32_to_bf16_rne'.
Removed a total of 0 cells.

12.8.3. Executing OPT_MUXTREE pass (detect dead branches in mux trees).
Running muxtree optimizer on module \fp32_to_bf16_rne..
  Creating internal representation of mux trees.
  Evaluating internal representation of mux trees.
  Analyzing evaluation results.
Removed 0 multiplexer ports.
<suppressed ~1 debug messages>

12.8.4. Executing OPT_REDUCE pass (consolidate $*mux and $reduce_* inputs).
  Optimizing cells in module \fp32_to_bf16_rne.
Performed a total of 0 changes.

12.8.5. Executing OPT_MERGE pass (detect identical cells).
Finding identical cells in module `\fp32_to_bf16_rne'.
Removed a total of 0 cells.

12.8.6. Executing OPT_DFF pass (perform DFF optimizations).

12.8.7. Executing OPT_CLEAN pass (remove unused cells and wires).
Finding unused cells or wires in module \fp32_to_bf16_rne..

12.8.8. Executing OPT_EXPR pass (perform const folding).
Optimizing module fp32_to_bf16_rne.

12.8.9. Finished OPT passes. (There is nothing left to do.)

12.9. Executing WREDUCE pass (reducing word size of cells).
Removed top 1 bits (of 17) from port A of cell fp32_to_bf16_rne.$add$rtl/fp32_to_bf16_rne.sv:14$6 ($add).

12.10. Executing PEEPOPT pass (run peephole optimizers).

12.11. Executing OPT_CLEAN pass (remove unused cells and wires).
Finding unused cells or wires in module \fp32_to_bf16_rne..

12.12. Executing ALUMACC pass (create $alu and $macc cells).
Extracting $alu and $macc cells in module fp32_to_bf16_rne:
  creating $macc model for $add$rtl/fp32_to_bf16_rne.sv:14$6 ($add).
  creating $alu model for $macc $add$rtl/fp32_to_bf16_rne.sv:14$6.
  creating $alu model for $gt$rtl/fp32_to_bf16_rne.sv:12$2 ($gt): new $alu
  creating $alu model for $eq$rtl/fp32_to_bf16_rne.sv:13$3 ($eq): merged with $gt$rtl/fp32_to_bf16_rne.sv:12$2.
  creating $alu cell for $gt$rtl/fp32_to_bf16_rne.sv:12$2, $eq$rtl/fp32_to_bf16_rne.sv:13$3: $auto$alumacc.cc:495:replace_alu$587
  creating $alu cell for $add$rtl/fp32_to_bf16_rne.sv:14$6: $auto$alumacc.cc:495:replace_alu$598
  created 2 $alu and 0 $macc cells.

12.13. Executing SHARE pass (SAT-based resource sharing).

12.14. Executing OPT pass (performing simple optimizations).

12.14.1. Executing OPT_EXPR pass (perform const folding).
Optimizing module fp32_to_bf16_rne.

12.14.2. Executing OPT_MERGE pass (detect identical cells).
Finding identical cells in module `\fp32_to_bf16_rne'.
Removed a total of 0 cells.

12.14.3. Executing OPT_MUXTREE pass (detect dead branches in mux trees).
Running muxtree optimizer on module \fp32_to_bf16_rne..
  Creating internal representation of mux trees.
  Evaluating internal representation of mux trees.
  Analyzing evaluation results.
Removed 0 multiplexer ports.
<suppressed ~1 debug messages>

12.14.4. Executing OPT_REDUCE pass (consolidate $*mux and $reduce_* inputs).
  Optimizing cells in module \fp32_to_bf16_rne.
Performed a total of 0 changes.

12.14.5. Executing OPT_MERGE pass (detect identical cells).
Finding identical cells in module `\fp32_to_bf16_rne'.
Removed a total of 0 cells.

12.14.6. Executing OPT_DFF pass (perform DFF optimizations).

12.14.7. Executing OPT_CLEAN pass (remove unused cells and wires).
Finding unused cells or wires in module \fp32_to_bf16_rne..
Removed 0 unused cells and 2 unused wires.
<suppressed ~1 debug messages>

12.14.8. Executing OPT_EXPR pass (perform const folding).
Optimizing module fp32_to_bf16_rne.

12.14.9. Rerunning OPT passes. (Maybe there is more to do..)

12.14.10. Executing OPT_MUXTREE pass (detect dead branches in mux trees).
Running muxtree optimizer on module \fp32_to_bf16_rne..
  Creating internal representation of mux trees.
  Evaluating internal representation of mux trees.
  Analyzing evaluation results.
Removed 0 multiplexer ports.
<suppressed ~1 debug messages>

12.14.11. Executing OPT_REDUCE pass (consolidate $*mux and $reduce_* inputs).
  Optimizing cells in module \fp32_to_bf16_rne.
Performed a total of 0 changes.

12.14.12. Executing OPT_MERGE pass (detect identical cells).
Finding identical cells in module `\fp32_to_bf16_rne'.
Removed a total of 0 cells.

12.14.13. Executing OPT_DFF pass (perform DFF optimizations).

12.14.14. Executing OPT_CLEAN pass (remove unused cells and wires).
Finding unused cells or wires in module \fp32_to_bf16_rne..

12.14.15. Executing OPT_EXPR pass (perform const folding).
Optimizing module fp32_to_bf16_rne.

12.14.16. Finished OPT passes. (There is nothing left to do.)

12.15. Executing MEMORY pass.

12.15.1. Executing OPT_MEM pass (optimize memories).
Performed a total of 0 transformations.

12.15.2. Executing OPT_MEM_PRIORITY pass (removing unnecessary memory write priority relations).
Performed a total of 0 transformations.

12.15.3. Executing OPT_MEM_FEEDBACK pass (finding memory read-to-write feedback paths).

12.15.4. Executing MEMORY_BMUX2ROM pass (converting muxes to ROMs).

12.15.5. Executing MEMORY_DFF pass (merging $dff cells to $memrd).

12.15.6. Executing OPT_CLEAN pass (remove unused cells and wires).
Finding unused cells or wires in module \fp32_to_bf16_rne..

12.15.7. Executing MEMORY_SHARE pass (consolidating $memrd/$memwr cells).

12.15.8. Executing OPT_MEM_WIDEN pass (optimize memories where all ports are wide).
Performed a total of 0 transformations.

12.15.9. Executing OPT_CLEAN pass (remove unused cells and wires).
Finding unused cells or wires in module \fp32_to_bf16_rne..

12.15.10. Executing MEMORY_COLLECT pass (generating $mem cells).

12.16. Executing OPT_CLEAN pass (remove unused cells and wires).
Finding unused cells or wires in module \fp32_to_bf16_rne..

12.17. Executing OPT pass (performing simple optimizations).

12.17.1. Executing OPT_EXPR pass (perform const folding).
Optimizing module fp32_to_bf16_rne.
<suppressed ~1 debug messages>

12.17.2. Executing OPT_MERGE pass (detect identical cells).
Finding identical cells in module `\fp32_to_bf16_rne'.
Removed a total of 0 cells.

12.17.3. Executing OPT_DFF pass (perform DFF optimizations).

12.17.4. Executing OPT_CLEAN pass (remove unused cells and wires).
Finding unused cells or wires in module \fp32_to_bf16_rne..
Removed 0 unused cells and 15 unused wires.
<suppressed ~1 debug messages>

12.17.5. Finished fast OPT passes.

12.18. Executing MEMORY_MAP pass (converting memories to logic and flip-flops).

12.19. Executing OPT pass (performing simple optimizations).

12.19.1. Executing OPT_EXPR pass (perform const folding).
Optimizing module fp32_to_bf16_rne.

12.19.2. Executing OPT_MERGE pass (detect identical cells).
Finding identical cells in module `\fp32_to_bf16_rne'.
Removed a total of 0 cells.

12.19.3. Executing OPT_MUXTREE pass (detect dead branches in mux trees).
Running muxtree optimizer on module \fp32_to_bf16_rne..
  Creating internal representation of mux trees.
  Evaluating internal representation of mux trees.
  Analyzing evaluation results.
Removed 0 multiplexer ports.
<suppressed ~1 debug messages>

12.19.4. Executing OPT_REDUCE pass (consolidate $*mux and $reduce_* inputs).
  Optimizing cells in module \fp32_to_bf16_rne.
    Consolidated identical input bits for $mux cell $procmux$579:
      Old ports: A={ \fp32_i [31] 15'111111110000000 }, B=16'0111111111000000, Y=$2\bf16_o[15:0]
      New ports: A={ \fp32_i [31] 1'0 }, B=2'01, Y={ $2\bf16_o[15:0] [15] $2\bf16_o[15:0] [6] }
      New connections: { $2\bf16_o[15:0] [14:7] $2\bf16_o[15:0] [5:0] } = 14'11111111000000
  Optimizing cells in module \fp32_to_bf16_rne.
Performed a total of 1 changes.

12.19.5. Executing OPT_MERGE pass (detect identical cells).
Finding identical cells in module `\fp32_to_bf16_rne'.
Removed a total of 0 cells.

12.19.6. Executing OPT_SHARE pass.

12.19.7. Executing OPT_DFF pass (perform DFF optimizations).

12.19.8. Executing OPT_CLEAN pass (remove unused cells and wires).
Finding unused cells or wires in module \fp32_to_bf16_rne..

12.19.9. Executing OPT_EXPR pass (perform const folding).
Optimizing module fp32_to_bf16_rne.

12.19.10. Rerunning OPT passes. (Maybe there is more to do..)

12.19.11. Executing OPT_MUXTREE pass (detect dead branches in mux trees).
Running muxtree optimizer on module \fp32_to_bf16_rne..
  Creating internal representation of mux trees.
  Evaluating internal representation of mux trees.
  Analyzing evaluation results.
Removed 0 multiplexer ports.
<suppressed ~1 debug messages>

12.19.12. Executing OPT_REDUCE pass (consolidate $*mux and $reduce_* inputs).
  Optimizing cells in module \fp32_to_bf16_rne.
Performed a total of 0 changes.

12.19.13. Executing OPT_MERGE pass (detect identical cells).
Finding identical cells in module `\fp32_to_bf16_rne'.
Removed a total of 0 cells.

12.19.14. Executing OPT_SHARE pass.

12.19.15. Executing OPT_DFF pass (perform DFF optimizations).

12.19.16. Executing OPT_CLEAN pass (remove unused cells and wires).
Finding unused cells or wires in module \fp32_to_bf16_rne..

12.19.17. Executing OPT_EXPR pass (perform const folding).
Optimizing module fp32_to_bf16_rne.

12.19.18. Finished OPT passes. (There is nothing left to do.)

12.20. Executing TECHMAP pass (map to technology primitives).

12.20.1. Executing Verilog-2005 frontend: /home/chandler/.local/yosys/usr/bin/../share/yosys/techmap.v
Parsing Verilog input from `/home/chandler/.local/yosys/usr/bin/../share/yosys/techmap.v' to AST representation.
Generating RTLIL representation for module `\_90_simplemap_bool_ops'.
Generating RTLIL representation for module `\_90_simplemap_reduce_ops'.
Generating RTLIL representation for module `\_90_simplemap_logic_ops'.
Generating RTLIL representation for module `\_90_simplemap_compare_ops'.
Generating RTLIL representation for module `\_90_simplemap_various'.
Generating RTLIL representation for module `\_90_simplemap_registers'.
Generating RTLIL representation for module `\_90_shift_ops_shr_shl_sshl_sshr'.
Generating RTLIL representation for module `\_90_shift_shiftx'.
Generating RTLIL representation for module `\_90_fa'.
Generating RTLIL representation for module `\_90_lcu_brent_kung'.
Generating RTLIL representation for module `\_90_alu'.
Generating RTLIL representation for module `\_90_macc'.
Generating RTLIL representation for module `\_90_alumacc'.
Generating RTLIL representation for module `\$__div_mod_u'.
Generating RTLIL representation for module `\$__div_mod_trunc'.
Generating RTLIL representation for module `\_90_div'.
Generating RTLIL representation for module `\_90_mod'.
Generating RTLIL representation for module `\$__div_mod_floor'.
Generating RTLIL representation for module `\_90_divfloor'.
Generating RTLIL representation for module `\_90_modfloor'.
Generating RTLIL representation for module `\_90_pow'.
Generating RTLIL representation for module `\_90_pmux'.
Generating RTLIL representation for module `\_90_demux'.
Generating RTLIL representation for module `\_90_lut'.
Successfully finished Verilog frontend.

12.20.2. Continuing TECHMAP pass.
Using extmapper simplemap for cells of type $mux.
Using extmapper simplemap for cells of type $not.
Using template $paramod$f30f8fc2e30bd83d28cb1ad43b9d9ec083109075\_90_alu for cells of type $alu.
Using extmapper simplemap for cells of type $logic_and.
Using extmapper simplemap for cells of type $logic_or.
Using extmapper simplemap for cells of type $eq.
Using extmapper simplemap for cells of type $reduce_or.
Using extmapper simplemap for cells of type $reduce_and.
Using template $paramod$fc972a7a46956c1788f3cb5257b53c8f1df2d0cc\_90_alu for cells of type $alu.
Using extmapper simplemap for cells of type $or.
Using extmapper simplemap for cells of type $pos.
Using template $paramod\_90_lcu_brent_kung\WIDTH=32'00000000000000000000000000010001 for cells of type $lcu.
Using extmapper simplemap for cells of type $and.
Using extmapper simplemap for cells of type $xor.
Using template $paramod\_90_lcu_brent_kung\WIDTH=32'00000000000000000000000000000001 for cells of type $lcu.
No more expansions possible.
<suppressed ~454 debug messages>

12.21. Executing OPT pass (performing simple optimizations).

12.21.1. Executing OPT_EXPR pass (perform const folding).
Optimizing module fp32_to_bf16_rne.
<suppressed ~127 debug messages>

12.21.2. Executing OPT_MERGE pass (detect identical cells).
Finding identical cells in module `\fp32_to_bf16_rne'.
<suppressed ~27 debug messages>
Removed a total of 9 cells.

12.21.3. Executing OPT_DFF pass (perform DFF optimizations).

12.21.4. Executing OPT_CLEAN pass (remove unused cells and wires).
Finding unused cells or wires in module \fp32_to_bf16_rne..
Removed 9 unused cells and 99 unused wires.
<suppressed ~10 debug messages>

12.21.5. Finished fast OPT passes.

12.22. Executing ABC pass (technology mapping using ABC).

12.22.1. Extracting gate netlist of module `\fp32_to_bf16_rne' to `<abc-temp-dir>/input.blif'..
Extracted 148 gates and 182 wires to a netlist network with 32 inputs and 16 outputs.

12.22.1.1. Executing ABC.
Running ABC command: "<yosys-exe-dir>/yosys-abc" -s -f <abc-temp-dir>/abc.script 2>&1
ABC: ABC command line: "source <abc-temp-dir>/abc.script".
ABC: 
ABC: + read_blif <abc-temp-dir>/input.blif 
ABC: + read_library <abc-temp-dir>/stdcells.genlib 
ABC: + strash 
ABC: + dretime 
ABC: + map 
ABC: + write_blif <abc-temp-dir>/output.blif 

12.22.1.2. Re-integrating ABC results.
ABC RESULTS:               AND cells:        3
ABC RESULTS:            ANDNOT cells:       18
ABC RESULTS:               MUX cells:        4
ABC RESULTS:              NAND cells:        8
ABC RESULTS:               NOR cells:        1
ABC RESULTS:               NOT cells:        3
ABC RESULTS:                OR cells:       55
ABC RESULTS:             ORNOT cells:        5
ABC RESULTS:              XNOR cells:        4
ABC RESULTS:               XOR cells:       12
ABC RESULTS:        internal signals:      134
ABC RESULTS:           input signals:       32
ABC RESULTS:          output signals:       16
Removing temp directory.

12.23. Executing OPT pass (performing simple optimizations).

12.23.1. Executing OPT_EXPR pass (perform const folding).
Optimizing module fp32_to_bf16_rne.

12.23.2. Executing OPT_MERGE pass (detect identical cells).
Finding identical cells in module `\fp32_to_bf16_rne'.
Removed a total of 0 cells.

12.23.3. Executing OPT_DFF pass (perform DFF optimizations).

12.23.4. Executing OPT_CLEAN pass (remove unused cells and wires).
Finding unused cells or wires in module \fp32_to_bf16_rne..
Removed 0 unused cells and 88 unused wires.
<suppressed ~3 debug messages>

12.23.5. Finished fast OPT passes.

12.24. Executing HIERARCHY pass (managing design hierarchy).
Attribute `top' found on module `fp32_to_bf16_rne'. Setting top module to fp32_to_bf16_rne.

12.24.1. Analyzing design hierarchy..
Top module:  \fp32_to_bf16_rne

12.24.2. Analyzing design hierarchy..
Top module:  \fp32_to_bf16_rne
Removed 0 unused modules.

12.25. Printing statistics.

=== fp32_to_bf16_rne ===

   Number of wires:                101
   Number of wire bits:            177
   Number of public wires:           4
   Number of public wire bits:      80
   Number of ports:                  2
   Number of port bits:             48
   Number of memories:               0
   Number of memory bits:            0
   Number of processes:              0
   Number of cells:                113
     $_ANDNOT_                      18
     $_AND_                          3
     $_MUX_                          4
     $_NAND_                         8
     $_NOR_                          1
     $_NOT_                          3
     $_ORNOT_                        5
     $_OR_                          55
     $_XNOR_                         4
     $_XOR_                         12

12.26. Executing CHECK pass (checking for obvious problems).
Checking module fp32_to_bf16_rne...
Found and reported 0 problems.

13. Executing CHECK pass (checking for obvious problems).
Checking module fp32_to_bf16_rne...
Found and reported 0 problems.

14. Printing statistics.

=== fp32_to_bf16_rne ===

   Number of wires:                101
   Number of wire bits:            177
   Number of public wires:           4
   Number of public wire bits:      80
   Number of ports:                  2
   Number of port bits:             48
   Number of memories:               0
   Number of memory bits:            0
   Number of processes:              0
   Number of cells:                113
     $_ANDNOT_                      18
     $_AND_                          3
     $_MUX_                          4
     $_NAND_                         8
     $_NOR_                          1
     $_NOT_                          3
     $_ORNOT_                        5
     $_OR_                          55
     $_XNOR_                         4
     $_XOR_                         12

15. Executing FLATTEN pass (flatten design).

16. Executing OPT pass (performing simple optimizations).

16.1. Executing OPT_EXPR pass (perform const folding).
Optimizing module fp32_to_bf16_rne.

16.2. Executing OPT_MERGE pass (detect identical cells).
Finding identical cells in module `\fp32_to_bf16_rne'.
Removed a total of 0 cells.

16.3. Executing OPT_MUXTREE pass (detect dead branches in mux trees).
Running muxtree optimizer on module \fp32_to_bf16_rne..
  Creating internal representation of mux trees.
  No muxes found in this module.
Removed 0 multiplexer ports.

16.4. Executing OPT_REDUCE pass (consolidate $*mux and $reduce_* inputs).
  Optimizing cells in module \fp32_to_bf16_rne.
Performed a total of 0 changes.

16.5. Executing OPT_MERGE pass (detect identical cells).
Finding identical cells in module `\fp32_to_bf16_rne'.
Removed a total of 0 cells.

16.6. Executing OPT_DFF pass (perform DFF optimizations).

16.7. Executing OPT_CLEAN pass (remove unused cells and wires).
Finding unused cells or wires in module \fp32_to_bf16_rne..

16.8. Executing OPT_EXPR pass (perform const folding).
Optimizing module fp32_to_bf16_rne.

16.9. Finished OPT passes. (There is nothing left to do.)

17. Executing LTP pass (find longest path).

Longest topological path in fp32_to_bf16_rne (length=15):
    0: \fp32_i [15]
    1: $abc$1108$new_n62 (via $abc$1108$auto$blifparse.cc:396:parse_blif$1122)
    2: $abc$1108$new_n63 (via $abc$1108$auto$blifparse.cc:396:parse_blif$1123)
    3: $abc$1108$new_n64 (via $abc$1108$auto$blifparse.cc:396:parse_blif$1124)
    4: $abc$1108$new_n65 (via $abc$1108$auto$blifparse.cc:396:parse_blif$1125)
    5: $abc$1108$new_n66 (via $abc$1108$auto$blifparse.cc:396:parse_blif$1126)
    6: $abc$1108$new_n79 (via $abc$1108$auto$blifparse.cc:396:parse_blif$1139)
    7: $abc$1108$new_n80 (via $abc$1108$auto$blifparse.cc:396:parse_blif$1140)
    8: $abc$1108$new_n81 (via $abc$1108$auto$blifparse.cc:396:parse_blif$1141)
    9: $abc$1108$new_n82 (via $abc$1108$auto$blifparse.cc:396:parse_blif$1142)
   10: $abc$1108$new_n145 (via $abc$1108$auto$blifparse.cc:396:parse_blif$1205)
   11: $abc$1108$new_n153 (via $abc$1108$auto$blifparse.cc:396:parse_blif$1213)
   12: $abc$1108$new_n158 (via $abc$1108$auto$blifparse.cc:396:parse_blif$1218)
   13: $abc$1108$new_n159 (via $abc$1108$auto$blifparse.cc:396:parse_blif$1219)
   14: $abc$1108$new_n160 (via $abc$1108$auto$blifparse.cc:396:parse_blif$1220)
   15: \bf16_o [15] (via $abc$1108$auto$blifparse.cc:396:parse_blif$1221)

End of script. Logfile hash: 701618c257, CPU: user 0.21s system 0.04s, MEM: 22.47 MB peak
Yosys 0.52 (git sha1 fee39a3284c90249e1d9684cf6944ffbbcbb8f90)
Time spent: 32% 12x read_verilog (0 sec), 19% 1x abc (0 sec), ...
