
-- Running command `read_verilog -sv -I. rtl/bf16_to_fp32.sv rtl/fp32_to_bf16_rne.sv rtl/fp32_add.sv rtl/fp32_mul.sv rtl/bf16_rsqrt_lut256.sv rtl/mixed_precision_bank_reducer4.sv rtl/mixed_precision_global_reducer16.sv rtl/mixed_precision_scalar_nr2.sv rtl/mixed_precision_bank_apply4.sv rtl/mixed_precision_normalization_datapath.sv; hierarchy -check -top fp32_add; synth -top fp32_add; check -assert; stat; flatten; opt; ltp -noff' --

1. Executing Verilog-2005 frontend: rtl/bf16_to_fp32.sv
Parsing SystemVerilog input from `rtl/bf16_to_fp32.sv' to AST representation.
Generating RTLIL representation for module `\bf16_to_fp32'.
Successfully finished Verilog frontend.

2. Executing Verilog-2005 frontend: rtl/fp32_to_bf16_rne.sv
Parsing SystemVerilog input from `rtl/fp32_to_bf16_rne.sv' to AST representation.
Generating RTLIL representation for module `\fp32_to_bf16_rne'.
Successfully finished Verilog frontend.

3. Executing Verilog-2005 frontend: rtl/fp32_add.sv
Parsing SystemVerilog input from `rtl/fp32_add.sv' to AST representation.
Generating RTLIL representation for module `\fp32_add'.
Successfully finished Verilog frontend.

4. Executing Verilog-2005 frontend: rtl/fp32_mul.sv
Parsing SystemVerilog input from `rtl/fp32_mul.sv' to AST representation.
Generating RTLIL representation for module `\fp32_mul'.
Successfully finished Verilog frontend.

5. Executing Verilog-2005 frontend: rtl/bf16_rsqrt_lut256.sv
Parsing SystemVerilog input from `rtl/bf16_rsqrt_lut256.sv' to AST representation.
Generating RTLIL representation for module `\bf16_rsqrt_lut256'.
Successfully finished Verilog frontend.

6. Executing Verilog-2005 frontend: rtl/mixed_precision_bank_reducer4.sv
Parsing SystemVerilog input from `rtl/mixed_precision_bank_reducer4.sv' to AST representation.
Generating RTLIL representation for module `\mixed_precision_bank_reducer4'.
Successfully finished Verilog frontend.

7. Executing Verilog-2005 frontend: rtl/mixed_precision_global_reducer16.sv
Parsing SystemVerilog input from `rtl/mixed_precision_global_reducer16.sv' to AST representation.
Generating RTLIL representation for module `\mixed_precision_global_reducer16'.
Successfully finished Verilog frontend.

8. Executing Verilog-2005 frontend: rtl/mixed_precision_scalar_nr2.sv
Parsing SystemVerilog input from `rtl/mixed_precision_scalar_nr2.sv' to AST representation.
Generating RTLIL representation for module `\mixed_precision_scalar_nr2'.
Successfully finished Verilog frontend.

9. Executing Verilog-2005 frontend: rtl/mixed_precision_bank_apply4.sv
Parsing SystemVerilog input from `rtl/mixed_precision_bank_apply4.sv' to AST representation.
Generating RTLIL representation for module `\mixed_precision_bank_apply4'.
Successfully finished Verilog frontend.

10. Executing Verilog-2005 frontend: rtl/mixed_precision_normalization_datapath.sv
Parsing SystemVerilog input from `rtl/mixed_precision_normalization_datapath.sv' to AST representation.
Generating RTLIL representation for module `\mixed_precision_normalization_datapath'.
Successfully finished Verilog frontend.

11. Executing HIERARCHY pass (managing design hierarchy).

11.1. Analyzing design hierarchy..
Top module:  \fp32_add

11.2. Analyzing design hierarchy..
Top module:  \fp32_add
Removing unused module `\mixed_precision_normalization_datapath'.
Removing unused module `\mixed_precision_bank_apply4'.
Removing unused module `\mixed_precision_scalar_nr2'.
Removing unused module `\mixed_precision_global_reducer16'.
Removing unused module `\mixed_precision_bank_reducer4'.
Removing unused module `\bf16_rsqrt_lut256'.
Removing unused module `\fp32_mul'.
Removing unused module `\fp32_to_bf16_rne'.
Removing unused module `\bf16_to_fp32'.
Removed 9 unused modules.

12. Executing SYNTH pass.

12.1. Executing HIERARCHY pass (managing design hierarchy).

12.1.1. Analyzing design hierarchy..
Top module:  \fp32_add

12.1.2. Analyzing design hierarchy..
Top module:  \fp32_add
Removed 0 unused modules.

12.2. Executing PROC pass (convert processes to netlists).

12.2.1. Executing PROC_CLEAN pass (remove empty switches from decision trees).
Cleaned up 0 empty switches.

12.2.2. Executing PROC_RMDEAD pass (remove dead branches from decision trees).
Marked 39 switch rules as full_case in process $proc$rtl/fp32_add.sv:29$11 in module fp32_add.
Removed a total of 0 dead cases.

12.2.3. Executing PROC_PRUNE pass (remove redundant assignments in processes).
Removed 0 redundant assignments.
Promoted 29 assignments to connections.

12.2.4. Executing PROC_INIT pass (extract init attributes).

12.2.5. Executing PROC_ARST pass (detect async resets in processes).

12.2.6. Executing PROC_ROM pass (convert switches to ROMs).
Converted 0 switches.
<suppressed ~39 debug messages>

12.2.7. Executing PROC_MUX pass (convert decision trees to multiplexers).
Creating decoders for process `\fp32_add.$proc$rtl/fp32_add.sv:29$11'.
     1/79: $7\result_o[31:0]
     2/79: $6\result_o[31:0]
     3/79: $5\result_o[31:0]
     4/79: $4\result_o[31:0]
     5/79: $3\result_o[31:0]
     6/79: $2\result_o[31:0]
     7/79: $1\result_o[31:0]
     8/79: $29\result_exp[31:0]
     9/79: $1\rounded_sig[24:0]
    10/79: $28\result_exp[31:0]
    11/79: $28\magnitude_ext[26:0]
    12/79: $27\result_exp[31:0]
    13/79: $27\magnitude_ext[26:0]
    14/79: $26\result_exp[31:0]
    15/79: $26\magnitude_ext[26:0]
    16/79: $25\result_exp[31:0]
    17/79: $25\magnitude_ext[26:0]
    18/79: $24\result_exp[31:0]
    19/79: $24\magnitude_ext[26:0]
    20/79: $23\result_exp[31:0]
    21/79: $23\magnitude_ext[26:0]
    22/79: $22\result_exp[31:0]
    23/79: $22\magnitude_ext[26:0]
    24/79: $21\result_exp[31:0]
    25/79: $21\magnitude_ext[26:0]
    26/79: $20\result_exp[31:0]
    27/79: $20\magnitude_ext[26:0]
    28/79: $19\result_exp[31:0]
    29/79: $19\magnitude_ext[26:0]
    30/79: $18\result_exp[31:0]
    31/79: $18\magnitude_ext[26:0]
    32/79: $17\result_exp[31:0]
    33/79: $17\magnitude_ext[26:0]
    34/79: $16\result_exp[31:0]
    35/79: $16\magnitude_ext[26:0]
    36/79: $15\result_exp[31:0]
    37/79: $15\magnitude_ext[26:0]
    38/79: $14\result_exp[31:0]
    39/79: $14\magnitude_ext[26:0]
    40/79: $13\result_exp[31:0]
    41/79: $13\magnitude_ext[26:0]
    42/79: $12\result_exp[31:0]
    43/79: $12\magnitude_ext[26:0]
    44/79: $11\result_exp[31:0]
    45/79: $11\magnitude_ext[26:0]
    46/79: $10\result_exp[31:0]
    47/79: $10\magnitude_ext[26:0]
    48/79: $9\result_exp[31:0]
    49/79: $9\magnitude_ext[26:0]
    50/79: $8\result_exp[31:0]
    51/79: $8\magnitude_ext[26:0]
    52/79: $7\result_exp[31:0]
    53/79: $7\magnitude_ext[26:0]
    54/79: $6\result_exp[31:0]
    55/79: $6\magnitude_ext[26:0]
    56/79: $5\result_exp[31:0]
    57/79: $5\magnitude_ext[26:0]
    58/79: $4\result_exp[31:0]
    59/79: $4\magnitude_ext[26:0]
    60/79: $3\result_exp[31:0]
    61/79: $3\magnitude_ext[26:0]
    62/79: $2\magnitude_ext[26:0] [26:1]
    63/79: $2\result_exp[31:0]
    64/79: $2\magnitude_ext[26:0] [0]
    65/79: $1\result_exp[31:0]
    66/79: $1\magnitude_ext[26:0]
    67/79: $1\add_ext[27:0]
    68/79: $1\normalize_step[31:0]
    69/79: $2\shift_right_sticky$func$rtl/fp32_add.sv:48$10.$result[26:0]$36 [26:1]
    70/79: $2\shift_right_sticky$func$rtl/fp32_add.sv:48$10.$result[26:0]$36 [0]
    71/79: $2\shift_right_sticky$func$rtl/fp32_add.sv:48$10.sticky[0:0]$37
    72/79: $1\shift_right_sticky$func$rtl/fp32_add.sv:48$10.$result[26:0]$33
    73/79: $1\shift_right_sticky$func$rtl/fp32_add.sv:48$10.sticky[0:0]$34
    74/79: $1\small_sig[23:0]
    75/79: $1\large_sig[23:0]
    76/79: $1\small_exp[7:0]
    77/79: $1\large_exp[7:0]
    78/79: $1\small_sign[0:0]
    79/79: $1\large_sign[0:0]

12.2.8. Executing PROC_DLATCH pass (convert process syncs to latches).
No latch inferred for signal `\fp32_add.\round_up' from process `\fp32_add.$proc$rtl/fp32_add.sv:29$11'.
No latch inferred for signal `\fp32_add.\result_o' from process `\fp32_add.$proc$rtl/fp32_add.sv:29$11'.
No latch inferred for signal `\fp32_add.\lhs_sign' from process `\fp32_add.$proc$rtl/fp32_add.sv:29$11'.
No latch inferred for signal `\fp32_add.\rhs_sign' from process `\fp32_add.$proc$rtl/fp32_add.sv:29$11'.
No latch inferred for signal `\fp32_add.\large_sign' from process `\fp32_add.$proc$rtl/fp32_add.sv:29$11'.
No latch inferred for signal `\fp32_add.\small_sign' from process `\fp32_add.$proc$rtl/fp32_add.sv:29$11'.
No latch inferred for signal `\fp32_add.\result_sign' from process `\fp32_add.$proc$rtl/fp32_add.sv:29$11'.
No latch inferred for signal `\fp32_add.\lhs_exp' from process `\fp32_add.$proc$rtl/fp32_add.sv:29$11'.
No latch inferred for signal `\fp32_add.\rhs_exp' from process `\fp32_add.$proc$rtl/fp32_add.sv:29$11'.
No latch inferred for signal `\fp32_add.\large_exp' from process `\fp32_add.$proc$rtl/fp32_add.sv:29$11'.
No latch inferred for signal `\fp32_add.\small_exp' from process `\fp32_add.$proc$rtl/fp32_add.sv:29$11'.
No latch inferred for signal `\fp32_add.\lhs_frac' from process `\fp32_add.$proc$rtl/fp32_add.sv:29$11'.
No latch inferred for signal `\fp32_add.\rhs_frac' from process `\fp32_add.$proc$rtl/fp32_add.sv:29$11'.
No latch inferred for signal `\fp32_add.\lhs_sig' from process `\fp32_add.$proc$rtl/fp32_add.sv:29$11'.
No latch inferred for signal `\fp32_add.\rhs_sig' from process `\fp32_add.$proc$rtl/fp32_add.sv:29$11'.
No latch inferred for signal `\fp32_add.\large_sig' from process `\fp32_add.$proc$rtl/fp32_add.sv:29$11'.
No latch inferred for signal `\fp32_add.\small_sig' from process `\fp32_add.$proc$rtl/fp32_add.sv:29$11'.
No latch inferred for signal `\fp32_add.\large_ext' from process `\fp32_add.$proc$rtl/fp32_add.sv:29$11'.
No latch inferred for signal `\fp32_add.\small_ext' from process `\fp32_add.$proc$rtl/fp32_add.sv:29$11'.
No latch inferred for signal `\fp32_add.\magnitude_ext' from process `\fp32_add.$proc$rtl/fp32_add.sv:29$11'.
No latch inferred for signal `\fp32_add.\add_ext' from process `\fp32_add.$proc$rtl/fp32_add.sv:29$11'.
No latch inferred for signal `\fp32_add.\rounded_sig' from process `\fp32_add.$proc$rtl/fp32_add.sv:29$11'.
No latch inferred for signal `\fp32_add.\result_exp' from process `\fp32_add.$proc$rtl/fp32_add.sv:29$11'.
No latch inferred for signal `\fp32_add.\shift_amount' from process `\fp32_add.$proc$rtl/fp32_add.sv:29$11'.
No latch inferred for signal `\fp32_add.\normalize_step' from process `\fp32_add.$proc$rtl/fp32_add.sv:29$11'.
No latch inferred for signal `\fp32_add.\shift_right_sticky$func$rtl/fp32_add.sv:48$10.$result' from process `\fp32_add.$proc$rtl/fp32_add.sv:29$11'.
No latch inferred for signal `\fp32_add.\shift_right_sticky$func$rtl/fp32_add.sv:48$10.value' from process `\fp32_add.$proc$rtl/fp32_add.sv:29$11'.
No latch inferred for signal `\fp32_add.\shift_right_sticky$func$rtl/fp32_add.sv:48$10.amount' from process `\fp32_add.$proc$rtl/fp32_add.sv:29$11'.
No latch inferred for signal `\fp32_add.\shift_right_sticky$func$rtl/fp32_add.sv:48$10.sticky' from process `\fp32_add.$proc$rtl/fp32_add.sv:29$11'.

12.2.9. Executing PROC_DFF pass (convert process syncs to FFs).

12.2.10. Executing PROC_MEMWR pass (convert process memory writes to cells).

12.2.11. Executing PROC_CLEAN pass (remove empty switches from decision trees).
Found and cleaned up 39 empty switches in `\fp32_add.$proc$rtl/fp32_add.sv:29$11'.
Removing empty process `fp32_add.$proc$rtl/fp32_add.sv:29$11'.
Cleaned up 39 empty switches.

12.2.12. Executing OPT_EXPR pass (perform const folding).
Optimizing module fp32_add.
<suppressed ~42 debug messages>

12.3. Executing OPT_EXPR pass (perform const folding).
Optimizing module fp32_add.

12.4. Executing OPT_CLEAN pass (remove unused cells and wires).
Finding unused cells or wires in module \fp32_add..
Removed 5 unused cells and 315 unused wires.
<suppressed ~8 debug messages>

12.5. Executing CHECK pass (checking for obvious problems).
Checking module fp32_add...
Found and reported 0 problems.

12.6. Executing OPT pass (performing simple optimizations).

12.6.1. Executing OPT_EXPR pass (perform const folding).
Optimizing module fp32_add.

12.6.2. Executing OPT_MERGE pass (detect identical cells).
Finding identical cells in module `\fp32_add'.
<suppressed ~30 debug messages>
Removed a total of 10 cells.

12.6.3. Executing OPT_MUXTREE pass (detect dead branches in mux trees).
Running muxtree optimizer on module \fp32_add..
  Creating internal representation of mux trees.
  Evaluating internal representation of mux trees.
      Replacing known input bits on port A of cell $procmux$659: $add$rtl/fp32_add.sv:68$183_Y -> { 1'0 $add$rtl/fp32_add.sv:68$183_Y [23:0] }
      Replacing known input bits on port B of cell $procmux$659: { 1'0 $add$rtl/fp32_add.sv:68$183_Y [24:1] } -> { 2'01 $add$rtl/fp32_add.sv:68$183_Y [23:1] }
      Replacing known input bits on port B of cell $procmux$975: $add$rtl/fp32_add.sv:52$46_Y [27:2] -> { 1'1 $add$rtl/fp32_add.sv:52$46_Y [26:2] }
  Analyzing evaluation results.
    dead port 1/2 on $mux $procmux$1007.
    dead port 1/2 on $mux $procmux$1013.
    dead port 1/2 on $mux $procmux$575.
    dead port 1/2 on $mux $procmux$578.
    dead port 1/2 on $mux $procmux$581.
    dead port 1/2 on $mux $procmux$584.
    dead port 1/2 on $mux $procmux$587.
    dead port 1/2 on $mux $procmux$590.
    dead port 1/2 on $mux $procmux$596.
    dead port 1/2 on $mux $procmux$599.
    dead port 1/2 on $mux $procmux$602.
    dead port 1/2 on $mux $procmux$605.
    dead port 1/2 on $mux $procmux$608.
    dead port 1/2 on $mux $procmux$614.
    dead port 1/2 on $mux $procmux$617.
    dead port 1/2 on $mux $procmux$620.
    dead port 1/2 on $mux $procmux$623.
    dead port 1/2 on $mux $procmux$629.
    dead port 1/2 on $mux $procmux$632.
    dead port 1/2 on $mux $procmux$635.
    dead port 1/2 on $mux $procmux$641.
    dead port 1/2 on $mux $procmux$644.
    dead port 1/2 on $mux $procmux$650.
    dead port 1/2 on $mux $procmux$665.
    dead port 1/2 on $mux $procmux$671.
    dead port 2/2 on $mux $procmux$977.
    dead port 2/2 on $mux $procmux$983.
    dead port 2/2 on $mux $procmux$989.
Removed 28 multiplexer ports.
<suppressed ~64 debug messages>

12.6.4. Executing OPT_REDUCE pass (consolidate $*mux and $reduce_* inputs).
  Optimizing cells in module \fp32_add.
    New input vector for $reduce_or cell $reduce_or$rtl/fp32_add.sv:11$38: \small_sig
  Optimizing cells in module \fp32_add.
Performed a total of 1 changes.

12.6.5. Executing OPT_MERGE pass (detect identical cells).
Finding identical cells in module `\fp32_add'.
<suppressed ~12 debug messages>
Removed a total of 4 cells.

12.6.6. Executing OPT_DFF pass (perform DFF optimizations).

12.6.7. Executing OPT_CLEAN pass (remove unused cells and wires).
Finding unused cells or wires in module \fp32_add..
Removed 0 unused cells and 42 unused wires.
<suppressed ~1 debug messages>

12.6.8. Executing OPT_EXPR pass (perform const folding).
Optimizing module fp32_add.

12.6.9. Rerunning OPT passes. (Maybe there is more to do..)

12.6.10. Executing OPT_MUXTREE pass (detect dead branches in mux trees).
Running muxtree optimizer on module \fp32_add..
  Creating internal representation of mux trees.
  Evaluating internal representation of mux trees.
  Analyzing evaluation results.
Removed 0 multiplexer ports.
<suppressed ~64 debug messages>

12.6.11. Executing OPT_REDUCE pass (consolidate $*mux and $reduce_* inputs).
  Optimizing cells in module \fp32_add.
Performed a total of 0 changes.

12.6.12. Executing OPT_MERGE pass (detect identical cells).
Finding identical cells in module `\fp32_add'.
Removed a total of 0 cells.

12.6.13. Executing OPT_DFF pass (perform DFF optimizations).

12.6.14. Executing OPT_CLEAN pass (remove unused cells and wires).
Finding unused cells or wires in module \fp32_add..

12.6.15. Executing OPT_EXPR pass (perform const folding).
Optimizing module fp32_add.

12.6.16. Finished OPT passes. (There is nothing left to do.)

12.7. Executing FSM pass (extract and optimize FSM).

12.7.1. Executing FSM_DETECT pass (finding FSMs in design).

12.7.2. Executing FSM_EXTRACT pass (extracting FSM from design).

12.7.3. Executing FSM_OPT pass (simple optimizations of FSMs).

12.7.4. Executing OPT_CLEAN pass (remove unused cells and wires).
Finding unused cells or wires in module \fp32_add..

12.7.5. Executing FSM_OPT pass (simple optimizations of FSMs).

12.7.6. Executing FSM_RECODE pass (re-assigning FSM state encoding).

12.7.7. Executing FSM_INFO pass (dumping all available information on FSM cells).

12.7.8. Executing FSM_MAP pass (mapping FSMs to basic logic).

12.8. Executing OPT pass (performing simple optimizations).

12.8.1. Executing OPT_EXPR pass (perform const folding).
Optimizing module fp32_add.

12.8.2. Executing OPT_MERGE pass (detect identical cells).
Finding identical cells in module `\fp32_add'.
Removed a total of 0 cells.

12.8.3. Executing OPT_MUXTREE pass (detect dead branches in mux trees).
Running muxtree optimizer on module \fp32_add..
  Creating internal representation of mux trees.
  Evaluating internal representation of mux trees.
  Analyzing evaluation results.
Removed 0 multiplexer ports.
<suppressed ~64 debug messages>

12.8.4. Executing OPT_REDUCE pass (consolidate $*mux and $reduce_* inputs).
  Optimizing cells in module \fp32_add.
Performed a total of 0 changes.

12.8.5. Executing OPT_MERGE pass (detect identical cells).
Finding identical cells in module `\fp32_add'.
Removed a total of 0 cells.

12.8.6. Executing OPT_DFF pass (perform DFF optimizations).

12.8.7. Executing OPT_CLEAN pass (remove unused cells and wires).
Finding unused cells or wires in module \fp32_add..

12.8.8. Executing OPT_EXPR pass (perform const folding).
Optimizing module fp32_add.

12.8.9. Finished OPT passes. (There is nothing left to do.)

12.9. Executing WREDUCE pass (reducing word size of cells).
Removed top 1 bits (of 32) from mux cell fp32_add.$procmux$572 ($mux).
Removed top 1 bits (of 32) from mux cell fp32_add.$procmux$593 ($mux).
Removed top 23 bits (of 32) from port Y of cell fp32_add.$sub$rtl/fp32_add.sv:47$31 ($sub).
Removed top 23 bits (of 32) from port A of cell fp32_add.$le$rtl/fp32_add.sv:10$32 ($le).
Removed top 31 bits (of 32) from port B of cell fp32_add.$le$rtl/fp32_add.sv:10$32 ($le).
Removed top 23 bits (of 32) from port A of cell fp32_add.$ge$rtl/fp32_add.sv:11$35 ($ge).
Removed top 26 bits (of 32) from port B of cell fp32_add.$ge$rtl/fp32_add.sv:11$35 ($ge).
Removed top 26 bits (of 27) from port A of cell fp32_add.$shl$rtl/fp32_add.sv:13$39 ($shl).
Removed top 1 bits (of 28) from port A of cell fp32_add.$add$rtl/fp32_add.sv:52$46 ($add).
Removed top 1 bits (of 28) from port B of cell fp32_add.$add$rtl/fp32_add.sv:52$46 ($add).
Removed top 23 bits (of 32) from port A of cell fp32_add.$add$rtl/fp32_add.sv:56$48 ($add).
Removed top 30 bits (of 32) from port B of cell fp32_add.$add$rtl/fp32_add.sv:56$48 ($add).
Converting cell fp32_add.$add$rtl/fp32_add.sv:56$48 ($add) from signed to unsigned.
Removed top 22 bits (of 32) from port Y of cell fp32_add.$add$rtl/fp32_add.sv:56$48 ($add).
Removed top 1 bits (of 9) from port A of cell fp32_add.$add$rtl/fp32_add.sv:56$48 ($add).
Removed top 1 bits (of 2) from port B of cell fp32_add.$add$rtl/fp32_add.sv:56$48 ($add).
Removed top 1 bits (of 10) from port Y of cell fp32_add.$add$rtl/fp32_add.sv:56$48 ($add).
Removed top 23 bits (of 32) from port A of cell fp32_add.$gt$rtl/fp32_add.sv:61$51 ($gt).
Removed top 30 bits (of 32) from port B of cell fp32_add.$gt$rtl/fp32_add.sv:61$51 ($gt).
Converting cell fp32_add.$gt$rtl/fp32_add.sv:61$51 ($gt) from signed to unsigned.
Removed top 1 bits (of 9) from port A of cell fp32_add.$gt$rtl/fp32_add.sv:61$51 ($gt).
Removed top 1 bits (of 2) from port B of cell fp32_add.$gt$rtl/fp32_add.sv:61$51 ($gt).
Removed top 23 bits (of 32) from port A of cell fp32_add.$sub$rtl/fp32_add.sv:63$54 ($sub).
Removed top 30 bits (of 32) from port B of cell fp32_add.$sub$rtl/fp32_add.sv:63$54 ($sub).
Converting cell fp32_add.$sub$rtl/fp32_add.sv:63$54 ($sub) from signed to unsigned.
Removed top 22 bits (of 32) from port Y of cell fp32_add.$sub$rtl/fp32_add.sv:63$54 ($sub).
Removed top 1 bits (of 9) from port A of cell fp32_add.$sub$rtl/fp32_add.sv:63$54 ($sub).
Removed top 1 bits (of 2) from port B of cell fp32_add.$sub$rtl/fp32_add.sv:63$54 ($sub).
Removed top 1 bits (of 10) from port Y of cell fp32_add.$sub$rtl/fp32_add.sv:63$54 ($sub).
Removed top 30 bits (of 32) from port B of cell fp32_add.$gt$rtl/fp32_add.sv:61$56 ($gt).
Removed top 30 bits (of 32) from port B of cell fp32_add.$sub$rtl/fp32_add.sv:63$59 ($sub).
Removed top 30 bits (of 32) from port B of cell fp32_add.$gt$rtl/fp32_add.sv:61$61 ($gt).
Removed top 30 bits (of 32) from port B of cell fp32_add.$sub$rtl/fp32_add.sv:63$64 ($sub).
Removed top 30 bits (of 32) from port B of cell fp32_add.$gt$rtl/fp32_add.sv:61$66 ($gt).
Removed top 30 bits (of 32) from port B of cell fp32_add.$sub$rtl/fp32_add.sv:63$69 ($sub).
Removed top 30 bits (of 32) from port B of cell fp32_add.$gt$rtl/fp32_add.sv:61$71 ($gt).
Removed top 30 bits (of 32) from port B of cell fp32_add.$sub$rtl/fp32_add.sv:63$74 ($sub).
Removed top 30 bits (of 32) from port B of cell fp32_add.$gt$rtl/fp32_add.sv:61$76 ($gt).
Removed top 30 bits (of 32) from port B of cell fp32_add.$sub$rtl/fp32_add.sv:63$79 ($sub).
Removed top 30 bits (of 32) from port B of cell fp32_add.$gt$rtl/fp32_add.sv:61$81 ($gt).
Removed top 30 bits (of 32) from port B of cell fp32_add.$sub$rtl/fp32_add.sv:63$84 ($sub).
Removed top 30 bits (of 32) from port B of cell fp32_add.$gt$rtl/fp32_add.sv:61$86 ($gt).
Removed top 30 bits (of 32) from port B of cell fp32_add.$sub$rtl/fp32_add.sv:63$89 ($sub).
Removed top 30 bits (of 32) from port B of cell fp32_add.$gt$rtl/fp32_add.sv:61$91 ($gt).
Removed top 30 bits (of 32) from port B of cell fp32_add.$sub$rtl/fp32_add.sv:63$94 ($sub).
Removed top 30 bits (of 32) from port B of cell fp32_add.$gt$rtl/fp32_add.sv:61$96 ($gt).
Removed top 30 bits (of 32) from port B of cell fp32_add.$sub$rtl/fp32_add.sv:63$99 ($sub).
Removed top 30 bits (of 32) from port B of cell fp32_add.$gt$rtl/fp32_add.sv:61$101 ($gt).
Removed top 30 bits (of 32) from port B of cell fp32_add.$sub$rtl/fp32_add.sv:63$104 ($sub).
Removed top 30 bits (of 32) from port B of cell fp32_add.$gt$rtl/fp32_add.sv:61$106 ($gt).
Removed top 30 bits (of 32) from port B of cell fp32_add.$sub$rtl/fp32_add.sv:63$109 ($sub).
Removed top 30 bits (of 32) from port B of cell fp32_add.$gt$rtl/fp32_add.sv:61$111 ($gt).
Removed top 30 bits (of 32) from port B of cell fp32_add.$sub$rtl/fp32_add.sv:63$114 ($sub).
Removed top 30 bits (of 32) from port B of cell fp32_add.$gt$rtl/fp32_add.sv:61$116 ($gt).
Removed top 30 bits (of 32) from port B of cell fp32_add.$sub$rtl/fp32_add.sv:63$119 ($sub).
Removed top 30 bits (of 32) from port B of cell fp32_add.$gt$rtl/fp32_add.sv:61$121 ($gt).
Removed top 30 bits (of 32) from port B of cell fp32_add.$sub$rtl/fp32_add.sv:63$124 ($sub).
Removed top 30 bits (of 32) from port B of cell fp32_add.$gt$rtl/fp32_add.sv:61$126 ($gt).
Removed top 30 bits (of 32) from port B of cell fp32_add.$sub$rtl/fp32_add.sv:63$129 ($sub).
Removed top 30 bits (of 32) from port B of cell fp32_add.$gt$rtl/fp32_add.sv:61$131 ($gt).
Removed top 30 bits (of 32) from port B of cell fp32_add.$sub$rtl/fp32_add.sv:63$134 ($sub).
Removed top 30 bits (of 32) from port B of cell fp32_add.$gt$rtl/fp32_add.sv:61$136 ($gt).
Removed top 30 bits (of 32) from port B of cell fp32_add.$sub$rtl/fp32_add.sv:63$139 ($sub).
Removed top 30 bits (of 32) from port B of cell fp32_add.$gt$rtl/fp32_add.sv:61$141 ($gt).
Removed top 30 bits (of 32) from port B of cell fp32_add.$sub$rtl/fp32_add.sv:63$144 ($sub).
Removed top 30 bits (of 32) from port B of cell fp32_add.$gt$rtl/fp32_add.sv:61$146 ($gt).
Removed top 30 bits (of 32) from port B of cell fp32_add.$sub$rtl/fp32_add.sv:63$149 ($sub).
Removed top 30 bits (of 32) from port B of cell fp32_add.$gt$rtl/fp32_add.sv:61$151 ($gt).
Removed top 30 bits (of 32) from port B of cell fp32_add.$sub$rtl/fp32_add.sv:63$154 ($sub).
Removed top 30 bits (of 32) from port B of cell fp32_add.$gt$rtl/fp32_add.sv:61$156 ($gt).
Removed top 30 bits (of 32) from port B of cell fp32_add.$sub$rtl/fp32_add.sv:63$159 ($sub).
Removed top 30 bits (of 32) from port B of cell fp32_add.$gt$rtl/fp32_add.sv:61$161 ($gt).
Removed top 30 bits (of 32) from port B of cell fp32_add.$sub$rtl/fp32_add.sv:63$164 ($sub).
Removed top 30 bits (of 32) from port B of cell fp32_add.$gt$rtl/fp32_add.sv:61$166 ($gt).
Removed top 30 bits (of 32) from port B of cell fp32_add.$sub$rtl/fp32_add.sv:63$169 ($sub).
Removed top 30 bits (of 32) from port B of cell fp32_add.$gt$rtl/fp32_add.sv:61$171 ($gt).
Removed top 30 bits (of 32) from port B of cell fp32_add.$sub$rtl/fp32_add.sv:63$174 ($sub).
Removed top 30 bits (of 32) from port B of cell fp32_add.$gt$rtl/fp32_add.sv:61$176 ($gt).
Removed top 30 bits (of 32) from port B of cell fp32_add.$sub$rtl/fp32_add.sv:63$179 ($sub).
Removed top 1 bits (of 25) from port A of cell fp32_add.$add$rtl/fp32_add.sv:68$183 ($add).
Removed top 30 bits (of 32) from port B of cell fp32_add.$add$rtl/fp32_add.sv:71$185 ($add).
Removed top 23 bits (of 32) from port B of cell fp32_add.$ge$rtl/fp32_add.sv:84$210 ($ge).
Removed top 30 bits (of 32) from port B of cell fp32_add.$le$rtl/fp32_add.sv:85$211 ($le).
Removed top 1 bits (of 25) from mux cell fp32_add.$procmux$659 ($mux).
Removed top 23 bits (of 32) from mux cell fp32_add.$procmux$981 ($mux).
Removed top 23 bits (of 32) from wire fp32_add.$2\result_exp[31:0].
Removed top 23 bits (of 32) from wire fp32_add.$add$rtl/fp32_add.sv:56$48_Y.
Removed top 1 bits (of 25) from wire fp32_add.rounded_sig.

12.10. Executing PEEPOPT pass (run peephole optimizers).

12.11. Executing OPT_CLEAN pass (remove unused cells and wires).
Finding unused cells or wires in module \fp32_add..
Removed 0 unused cells and 3 unused wires.
<suppressed ~1 debug messages>

12.12. Executing ALUMACC pass (create $alu and $macc cells).
Extracting $alu and $macc cells in module fp32_add:
  creating $macc model for $add$rtl/fp32_add.sv:52$46 ($add).
  creating $macc model for $add$rtl/fp32_add.sv:56$48 ($add).
  creating $macc model for $add$rtl/fp32_add.sv:68$183 ($add).
  creating $macc model for $add$rtl/fp32_add.sv:71$185 ($add).
  creating $macc model for $sub$rtl/fp32_add.sv:13$40 ($sub).
  creating $macc model for $sub$rtl/fp32_add.sv:47$31 ($sub).
  creating $macc model for $sub$rtl/fp32_add.sv:59$49 ($sub).
  creating $macc model for $sub$rtl/fp32_add.sv:63$104 ($sub).
  creating $macc model for $sub$rtl/fp32_add.sv:63$109 ($sub).
  creating $macc model for $sub$rtl/fp32_add.sv:63$114 ($sub).
  creating $macc model for $sub$rtl/fp32_add.sv:63$119 ($sub).
  creating $macc model for $sub$rtl/fp32_add.sv:63$124 ($sub).
  creating $macc model for $sub$rtl/fp32_add.sv:63$129 ($sub).
  creating $macc model for $sub$rtl/fp32_add.sv:63$134 ($sub).
  creating $macc model for $sub$rtl/fp32_add.sv:63$139 ($sub).
  creating $macc model for $sub$rtl/fp32_add.sv:63$144 ($sub).
  creating $macc model for $sub$rtl/fp32_add.sv:63$149 ($sub).
  creating $macc model for $sub$rtl/fp32_add.sv:63$154 ($sub).
  creating $macc model for $sub$rtl/fp32_add.sv:63$159 ($sub).
  creating $macc model for $sub$rtl/fp32_add.sv:63$164 ($sub).
  creating $macc model for $sub$rtl/fp32_add.sv:63$169 ($sub).
  creating $macc model for $sub$rtl/fp32_add.sv:63$174 ($sub).
  creating $macc model for $sub$rtl/fp32_add.sv:63$179 ($sub).
  creating $macc model for $sub$rtl/fp32_add.sv:63$54 ($sub).
  creating $macc model for $sub$rtl/fp32_add.sv:63$59 ($sub).
  creating $macc model for $sub$rtl/fp32_add.sv:63$64 ($sub).
  creating $macc model for $sub$rtl/fp32_add.sv:63$69 ($sub).
  creating $macc model for $sub$rtl/fp32_add.sv:63$74 ($sub).
  creating $macc model for $sub$rtl/fp32_add.sv:63$79 ($sub).
  creating $macc model for $sub$rtl/fp32_add.sv:63$84 ($sub).
  creating $macc model for $sub$rtl/fp32_add.sv:63$89 ($sub).
  creating $macc model for $sub$rtl/fp32_add.sv:63$94 ($sub).
  creating $macc model for $sub$rtl/fp32_add.sv:63$99 ($sub).
  creating $alu model for $macc $sub$rtl/fp32_add.sv:63$99.
  creating $alu model for $macc $sub$rtl/fp32_add.sv:63$94.
  creating $alu model for $macc $sub$rtl/fp32_add.sv:63$89.
  creating $alu model for $macc $sub$rtl/fp32_add.sv:63$84.
  creating $alu model for $macc $sub$rtl/fp32_add.sv:63$79.
  creating $alu model for $macc $sub$rtl/fp32_add.sv:63$74.
  creating $alu model for $macc $sub$rtl/fp32_add.sv:63$69.
  creating $alu model for $macc $sub$rtl/fp32_add.sv:63$64.
  creating $alu model for $macc $sub$rtl/fp32_add.sv:63$59.
  creating $alu model for $macc $sub$rtl/fp32_add.sv:63$54.
  creating $alu model for $macc $sub$rtl/fp32_add.sv:63$179.
  creating $alu model for $macc $sub$rtl/fp32_add.sv:63$174.
  creating $alu model for $macc $sub$rtl/fp32_add.sv:63$169.
  creating $alu model for $macc $sub$rtl/fp32_add.sv:63$164.
  creating $alu model for $macc $sub$rtl/fp32_add.sv:63$159.
  creating $alu model for $macc $sub$rtl/fp32_add.sv:63$154.
  creating $alu model for $macc $sub$rtl/fp32_add.sv:63$149.
  creating $alu model for $macc $sub$rtl/fp32_add.sv:63$144.
  creating $alu model for $macc $sub$rtl/fp32_add.sv:63$139.
  creating $alu model for $macc $sub$rtl/fp32_add.sv:63$134.
  creating $alu model for $macc $sub$rtl/fp32_add.sv:63$129.
  creating $alu model for $macc $sub$rtl/fp32_add.sv:63$124.
  creating $alu model for $macc $sub$rtl/fp32_add.sv:63$119.
  creating $alu model for $macc $sub$rtl/fp32_add.sv:63$114.
  creating $alu model for $macc $sub$rtl/fp32_add.sv:63$109.
  creating $alu model for $macc $sub$rtl/fp32_add.sv:63$104.
  creating $alu model for $macc $sub$rtl/fp32_add.sv:59$49.
  creating $alu model for $macc $sub$rtl/fp32_add.sv:47$31.
  creating $alu model for $macc $sub$rtl/fp32_add.sv:13$40.
  creating $alu model for $macc $add$rtl/fp32_add.sv:71$185.
  creating $alu model for $macc $add$rtl/fp32_add.sv:68$183.
  creating $alu model for $macc $add$rtl/fp32_add.sv:56$48.
  creating $alu model for $macc $add$rtl/fp32_add.sv:52$46.
  creating $alu model for $ge$rtl/fp32_add.sv:11$35 ($ge): new $alu
  creating $alu model for $ge$rtl/fp32_add.sv:84$210 ($ge): new $alu
  creating $alu model for $gt$rtl/fp32_add.sv:39$26 ($gt): new $alu
  creating $alu model for $gt$rtl/fp32_add.sv:61$101 ($gt): merged with $sub$rtl/fp32_add.sv:63$104.
  creating $alu model for $gt$rtl/fp32_add.sv:61$106 ($gt): merged with $sub$rtl/fp32_add.sv:63$109.
  creating $alu model for $gt$rtl/fp32_add.sv:61$111 ($gt): merged with $sub$rtl/fp32_add.sv:63$114.
  creating $alu model for $gt$rtl/fp32_add.sv:61$116 ($gt): merged with $sub$rtl/fp32_add.sv:63$119.
  creating $alu model for $gt$rtl/fp32_add.sv:61$121 ($gt): merged with $sub$rtl/fp32_add.sv:63$124.
  creating $alu model for $gt$rtl/fp32_add.sv:61$126 ($gt): merged with $sub$rtl/fp32_add.sv:63$129.
  creating $alu model for $gt$rtl/fp32_add.sv:61$131 ($gt): merged with $sub$rtl/fp32_add.sv:63$134.
  creating $alu model for $gt$rtl/fp32_add.sv:61$136 ($gt): merged with $sub$rtl/fp32_add.sv:63$139.
  creating $alu model for $gt$rtl/fp32_add.sv:61$141 ($gt): merged with $sub$rtl/fp32_add.sv:63$144.
  creating $alu model for $gt$rtl/fp32_add.sv:61$146 ($gt): merged with $sub$rtl/fp32_add.sv:63$149.
  creating $alu model for $gt$rtl/fp32_add.sv:61$151 ($gt): merged with $sub$rtl/fp32_add.sv:63$154.
  creating $alu model for $gt$rtl/fp32_add.sv:61$156 ($gt): merged with $sub$rtl/fp32_add.sv:63$159.
  creating $alu model for $gt$rtl/fp32_add.sv:61$161 ($gt): merged with $sub$rtl/fp32_add.sv:63$164.
  creating $alu model for $gt$rtl/fp32_add.sv:61$166 ($gt): merged with $sub$rtl/fp32_add.sv:63$169.
  creating $alu model for $gt$rtl/fp32_add.sv:61$171 ($gt): merged with $sub$rtl/fp32_add.sv:63$174.
  creating $alu model for $gt$rtl/fp32_add.sv:61$176 ($gt): merged with $sub$rtl/fp32_add.sv:63$179.
  creating $alu model for $gt$rtl/fp32_add.sv:61$51 ($gt): merged with $sub$rtl/fp32_add.sv:63$54.
  creating $alu model for $gt$rtl/fp32_add.sv:61$56 ($gt): merged with $sub$rtl/fp32_add.sv:63$59.
  creating $alu model for $gt$rtl/fp32_add.sv:61$61 ($gt): merged with $sub$rtl/fp32_add.sv:63$64.
  creating $alu model for $gt$rtl/fp32_add.sv:61$66 ($gt): merged with $sub$rtl/fp32_add.sv:63$69.
  creating $alu model for $gt$rtl/fp32_add.sv:61$71 ($gt): merged with $sub$rtl/fp32_add.sv:63$74.
  creating $alu model for $gt$rtl/fp32_add.sv:61$76 ($gt): merged with $sub$rtl/fp32_add.sv:63$79.
  creating $alu model for $gt$rtl/fp32_add.sv:61$81 ($gt): merged with $sub$rtl/fp32_add.sv:63$84.
  creating $alu model for $gt$rtl/fp32_add.sv:61$86 ($gt): merged with $sub$rtl/fp32_add.sv:63$89.
  creating $alu model for $gt$rtl/fp32_add.sv:61$91 ($gt): merged with $sub$rtl/fp32_add.sv:63$94.
  creating $alu model for $gt$rtl/fp32_add.sv:61$96 ($gt): merged with $sub$rtl/fp32_add.sv:63$99.
  creating $alu model for $le$rtl/fp32_add.sv:10$32 ($le): new $alu
  creating $alu model for $le$rtl/fp32_add.sv:85$211 ($le): new $alu
  creating $alu cell for $le$rtl/fp32_add.sv:85$211: $auto$alumacc.cc:495:replace_alu$1053
  creating $alu cell for $le$rtl/fp32_add.sv:10$32: $auto$alumacc.cc:495:replace_alu$1064
  creating $alu cell for $gt$rtl/fp32_add.sv:39$26: $auto$alumacc.cc:495:replace_alu$1075
  creating $alu cell for $ge$rtl/fp32_add.sv:84$210: $auto$alumacc.cc:495:replace_alu$1086
  creating $alu cell for $ge$rtl/fp32_add.sv:11$35: $auto$alumacc.cc:495:replace_alu$1101
  creating $alu cell for $add$rtl/fp32_add.sv:52$46: $auto$alumacc.cc:495:replace_alu$1116
  creating $alu cell for $add$rtl/fp32_add.sv:56$48: $auto$alumacc.cc:495:replace_alu$1119
  creating $alu cell for $add$rtl/fp32_add.sv:68$183: $auto$alumacc.cc:495:replace_alu$1122
  creating $alu cell for $add$rtl/fp32_add.sv:71$185: $auto$alumacc.cc:495:replace_alu$1125
  creating $alu cell for $sub$rtl/fp32_add.sv:13$40: $auto$alumacc.cc:495:replace_alu$1128
  creating $alu cell for $sub$rtl/fp32_add.sv:47$31: $auto$alumacc.cc:495:replace_alu$1131
  creating $alu cell for $sub$rtl/fp32_add.sv:59$49: $auto$alumacc.cc:495:replace_alu$1134
  creating $alu cell for $sub$rtl/fp32_add.sv:63$104, $gt$rtl/fp32_add.sv:61$101: $auto$alumacc.cc:495:replace_alu$1137
  creating $alu cell for $sub$rtl/fp32_add.sv:63$109, $gt$rtl/fp32_add.sv:61$106: $auto$alumacc.cc:495:replace_alu$1150
  creating $alu cell for $sub$rtl/fp32_add.sv:63$114, $gt$rtl/fp32_add.sv:61$111: $auto$alumacc.cc:495:replace_alu$1163
  creating $alu cell for $sub$rtl/fp32_add.sv:63$119, $gt$rtl/fp32_add.sv:61$116: $auto$alumacc.cc:495:replace_alu$1176
  creating $alu cell for $sub$rtl/fp32_add.sv:63$124, $gt$rtl/fp32_add.sv:61$121: $auto$alumacc.cc:495:replace_alu$1189
  creating $alu cell for $sub$rtl/fp32_add.sv:63$129, $gt$rtl/fp32_add.sv:61$126: $auto$alumacc.cc:495:replace_alu$1202
  creating $alu cell for $sub$rtl/fp32_add.sv:63$134, $gt$rtl/fp32_add.sv:61$131: $auto$alumacc.cc:495:replace_alu$1215
  creating $alu cell for $sub$rtl/fp32_add.sv:63$139, $gt$rtl/fp32_add.sv:61$136: $auto$alumacc.cc:495:replace_alu$1228
  creating $alu cell for $sub$rtl/fp32_add.sv:63$144, $gt$rtl/fp32_add.sv:61$141: $auto$alumacc.cc:495:replace_alu$1241
  creating $alu cell for $sub$rtl/fp32_add.sv:63$149, $gt$rtl/fp32_add.sv:61$146: $auto$alumacc.cc:495:replace_alu$1254
  creating $alu cell for $sub$rtl/fp32_add.sv:63$154, $gt$rtl/fp32_add.sv:61$151: $auto$alumacc.cc:495:replace_alu$1267
  creating $alu cell for $sub$rtl/fp32_add.sv:63$159, $gt$rtl/fp32_add.sv:61$156: $auto$alumacc.cc:495:replace_alu$1280
  creating $alu cell for $sub$rtl/fp32_add.sv:63$164, $gt$rtl/fp32_add.sv:61$161: $auto$alumacc.cc:495:replace_alu$1293
  creating $alu cell for $sub$rtl/fp32_add.sv:63$169, $gt$rtl/fp32_add.sv:61$166: $auto$alumacc.cc:495:replace_alu$1306
  creating $alu cell for $sub$rtl/fp32_add.sv:63$174, $gt$rtl/fp32_add.sv:61$171: $auto$alumacc.cc:495:replace_alu$1319
  creating $alu cell for $sub$rtl/fp32_add.sv:63$179, $gt$rtl/fp32_add.sv:61$176: $auto$alumacc.cc:495:replace_alu$1332
  creating $alu cell for $sub$rtl/fp32_add.sv:63$54, $gt$rtl/fp32_add.sv:61$51: $auto$alumacc.cc:495:replace_alu$1345
  creating $alu cell for $sub$rtl/fp32_add.sv:63$59, $gt$rtl/fp32_add.sv:61$56: $auto$alumacc.cc:495:replace_alu$1356
  creating $alu cell for $sub$rtl/fp32_add.sv:63$64, $gt$rtl/fp32_add.sv:61$61: $auto$alumacc.cc:495:replace_alu$1369
  creating $alu cell for $sub$rtl/fp32_add.sv:63$69, $gt$rtl/fp32_add.sv:61$66: $auto$alumacc.cc:495:replace_alu$1382
  creating $alu cell for $sub$rtl/fp32_add.sv:63$74, $gt$rtl/fp32_add.sv:61$71: $auto$alumacc.cc:495:replace_alu$1395
  creating $alu cell for $sub$rtl/fp32_add.sv:63$79, $gt$rtl/fp32_add.sv:61$76: $auto$alumacc.cc:495:replace_alu$1408
  creating $alu cell for $sub$rtl/fp32_add.sv:63$84, $gt$rtl/fp32_add.sv:61$81: $auto$alumacc.cc:495:replace_alu$1421
  creating $alu cell for $sub$rtl/fp32_add.sv:63$89, $gt$rtl/fp32_add.sv:61$86: $auto$alumacc.cc:495:replace_alu$1434
  creating $alu cell for $sub$rtl/fp32_add.sv:63$94, $gt$rtl/fp32_add.sv:61$91: $auto$alumacc.cc:495:replace_alu$1447
  creating $alu cell for $sub$rtl/fp32_add.sv:63$99, $gt$rtl/fp32_add.sv:61$96: $auto$alumacc.cc:495:replace_alu$1460
  created 38 $alu and 0 $macc cells.

12.13. Executing SHARE pass (SAT-based resource sharing).
Found 2 cells in module fp32_add that may be considered for resource sharing.
  Analyzing resource sharing options for $shr$rtl/fp32_add.sv:14$43 ($shr):
    Found 4 activation_patterns using ctrl signal { $auto$rtlil.cc:2783:ReduceOr$1115 $auto$rtlil.cc:2783:ReduceOr$1074 $auto$rtlil.cc:2783:ReduceOr$1100 $logic_and$rtl/fp32_add.sv:85$213_Y $eq$rtl/fp32_add.sv:83$209_Y $logic_and$rtl/fp32_add.sv:80$207_Y $logic_or$rtl/fp32_add.sv:74$198_Y $eq$rtl/fp32_add.sv:75$189_Y $eq$rtl/fp32_add.sv:74$186_Y }.
    No candidates found.
  Analyzing resource sharing options for $shl$rtl/fp32_add.sv:13$39 ($shl):
    Found 4 activation_patterns using ctrl signal { $auto$rtlil.cc:2783:ReduceOr$1115 $auto$rtlil.cc:2783:ReduceOr$1074 $auto$rtlil.cc:2783:ReduceOr$1100 $logic_and$rtl/fp32_add.sv:85$213_Y $eq$rtl/fp32_add.sv:83$209_Y $logic_and$rtl/fp32_add.sv:80$207_Y $logic_or$rtl/fp32_add.sv:74$198_Y $eq$rtl/fp32_add.sv:75$189_Y $eq$rtl/fp32_add.sv:74$186_Y }.
    No candidates found.

12.14. Executing OPT pass (performing simple optimizations).

12.14.1. Executing OPT_EXPR pass (perform const folding).
Optimizing module fp32_add.
<suppressed ~9 debug messages>

12.14.2. Executing OPT_MERGE pass (detect identical cells).
Finding identical cells in module `\fp32_add'.
Removed a total of 0 cells.

12.14.3. Executing OPT_MUXTREE pass (detect dead branches in mux trees).
Running muxtree optimizer on module \fp32_add..
  Creating internal representation of mux trees.
  Evaluating internal representation of mux trees.
  Analyzing evaluation results.
Removed 0 multiplexer ports.
<suppressed ~64 debug messages>

12.14.4. Executing OPT_REDUCE pass (consolidate $*mux and $reduce_* inputs).
  Optimizing cells in module \fp32_add.
Performed a total of 0 changes.

12.14.5. Executing OPT_MERGE pass (detect identical cells).
Finding identical cells in module `\fp32_add'.
Removed a total of 0 cells.

12.14.6. Executing OPT_DFF pass (perform DFF optimizations).

12.14.7. Executing OPT_CLEAN pass (remove unused cells and wires).
Finding unused cells or wires in module \fp32_add..
Removed 1 unused cells and 37 unused wires.
<suppressed ~3 debug messages>

12.14.8. Executing OPT_EXPR pass (perform const folding).
Optimizing module fp32_add.

12.14.9. Rerunning OPT passes. (Maybe there is more to do..)

12.14.10. Executing OPT_MUXTREE pass (detect dead branches in mux trees).
Running muxtree optimizer on module \fp32_add..
  Creating internal representation of mux trees.
  Evaluating internal representation of mux trees.
  Analyzing evaluation results.
Removed 0 multiplexer ports.
<suppressed ~64 debug messages>

12.14.11. Executing OPT_REDUCE pass (consolidate $*mux and $reduce_* inputs).
  Optimizing cells in module \fp32_add.
Performed a total of 0 changes.

12.14.12. Executing OPT_MERGE pass (detect identical cells).
Finding identical cells in module `\fp32_add'.
Removed a total of 0 cells.

12.14.13. Executing OPT_DFF pass (perform DFF optimizations).

12.14.14. Executing OPT_CLEAN pass (remove unused cells and wires).
Finding unused cells or wires in module \fp32_add..

12.14.15. Executing OPT_EXPR pass (perform const folding).
Optimizing module fp32_add.

12.14.16. Finished OPT passes. (There is nothing left to do.)

12.15. Executing MEMORY pass.

12.15.1. Executing OPT_MEM pass (optimize memories).
Performed a total of 0 transformations.

12.15.2. Executing OPT_MEM_PRIORITY pass (removing unnecessary memory write priority relations).
Performed a total of 0 transformations.

12.15.3. Executing OPT_MEM_FEEDBACK pass (finding memory read-to-write feedback paths).

12.15.4. Executing MEMORY_BMUX2ROM pass (converting muxes to ROMs).

12.15.5. Executing MEMORY_DFF pass (merging $dff cells to $memrd).

12.15.6. Executing OPT_CLEAN pass (remove unused cells and wires).
Finding unused cells or wires in module \fp32_add..

12.15.7. Executing MEMORY_SHARE pass (consolidating $memrd/$memwr cells).

12.15.8. Executing OPT_MEM_WIDEN pass (optimize memories where all ports are wide).
Performed a total of 0 transformations.

12.15.9. Executing OPT_CLEAN pass (remove unused cells and wires).
Finding unused cells or wires in module \fp32_add..

12.15.10. Executing MEMORY_COLLECT pass (generating $mem cells).

12.16. Executing OPT_CLEAN pass (remove unused cells and wires).
Finding unused cells or wires in module \fp32_add..

12.17. Executing OPT pass (performing simple optimizations).

12.17.1. Executing OPT_EXPR pass (perform const folding).
Optimizing module fp32_add.
<suppressed ~60 debug messages>

12.17.2. Executing OPT_MERGE pass (detect identical cells).
Finding identical cells in module `\fp32_add'.
Removed a total of 0 cells.

12.17.3. Executing OPT_DFF pass (perform DFF optimizations).

12.17.4. Executing OPT_CLEAN pass (remove unused cells and wires).
Finding unused cells or wires in module \fp32_add..
Removed 0 unused cells and 52 unused wires.
<suppressed ~1 debug messages>

12.17.5. Finished fast OPT passes.

12.18. Executing MEMORY_MAP pass (converting memories to logic and flip-flops).

12.19. Executing OPT pass (performing simple optimizations).

12.19.1. Executing OPT_EXPR pass (perform const folding).
Optimizing module fp32_add.

12.19.2. Executing OPT_MERGE pass (detect identical cells).
Finding identical cells in module `\fp32_add'.
Removed a total of 0 cells.

12.19.3. Executing OPT_MUXTREE pass (detect dead branches in mux trees).
Running muxtree optimizer on module \fp32_add..
  Creating internal representation of mux trees.
  Evaluating internal representation of mux trees.
  Analyzing evaluation results.
Removed 0 multiplexer ports.
<suppressed ~64 debug messages>

12.19.4. Executing OPT_REDUCE pass (consolidate $*mux and $reduce_* inputs).
  Optimizing cells in module \fp32_add.
    Consolidated identical input bits for $mux cell $procmux$572:
      Old ports: A={ \result_exp [7:0] \rounded_sig [22:0] }, B={ 8'00000000 \rounded_sig [22:0] }, Y=$7\result_o[31:0] [30:0]
      New ports: A=\result_exp [7:0], B=8'00000000, Y=$7\result_o[31:0] [30:23]
      New connections: $7\result_o[31:0] [22:0] = \rounded_sig [22:0]
    Consolidated identical input bits for $mux cell $procmux$962:
      Old ports: A={ 24'000000000000000000000000 \large_exp }, B={ $sub$rtl/fp32_add.sv:63$54_Y [31] $sub$rtl/fp32_add.sv:63$54_Y [31] $sub$rtl/fp32_add.sv:63$54_Y [31] $sub$rtl/fp32_add.sv:63$54_Y [31] $sub$rtl/fp32_add.sv:63$54_Y [31] $sub$rtl/fp32_add.sv:63$54_Y [31] $sub$rtl/fp32_add.sv:63$54_Y [31] $sub$rtl/fp32_add.sv:63$54_Y [31] $sub$rtl/fp32_add.sv:63$54_Y [31] $sub$rtl/fp32_add.sv:63$54_Y [31] $sub$rtl/fp32_add.sv:63$54_Y [31] $sub$rtl/fp32_add.sv:63$54_Y [31] $sub$rtl/fp32_add.sv:63$54_Y [31] $sub$rtl/fp32_add.sv:63$54_Y [31] $sub$rtl/fp32_add.sv:63$54_Y [31] $sub$rtl/fp32_add.sv:63$54_Y [31] $sub$rtl/fp32_add.sv:63$54_Y [31] $sub$rtl/fp32_add.sv:63$54_Y [31] $sub$rtl/fp32_add.sv:63$54_Y [31] $sub$rtl/fp32_add.sv:63$54_Y [31] $sub$rtl/fp32_add.sv:63$54_Y [31] $sub$rtl/fp32_add.sv:63$54_Y [31] $sub$rtl/fp32_add.sv:63$54_Y [31] $sub$rtl/fp32_add.sv:63$54_Y [31] $sub$rtl/fp32_add.sv:63$54_Y [7:0] }, Y=$3\result_exp[31:0]
      New ports: A={ 1'0 \large_exp }, B={ $sub$rtl/fp32_add.sv:63$54_Y [31] $sub$rtl/fp32_add.sv:63$54_Y [7:0] }, Y=$3\result_exp[31:0] [8:0]
      New connections: $3\result_exp[31:0] [31:9] = { $3\result_exp[31:0] [8] $3\result_exp[31:0] [8] $3\result_exp[31:0] [8] $3\result_exp[31:0] [8] $3\result_exp[31:0] [8] $3\result_exp[31:0] [8] $3\result_exp[31:0] [8] $3\result_exp[31:0] [8] $3\result_exp[31:0] [8] $3\result_exp[31:0] [8] $3\result_exp[31:0] [8] $3\result_exp[31:0] [8] $3\result_exp[31:0] [8] $3\result_exp[31:0] [8] $3\result_exp[31:0] [8] $3\result_exp[31:0] [8] $3\result_exp[31:0] [8] $3\result_exp[31:0] [8] $3\result_exp[31:0] [8] $3\result_exp[31:0] [8] $3\result_exp[31:0] [8] $3\result_exp[31:0] [8] $3\result_exp[31:0] [8] }
  Optimizing cells in module \fp32_add.
Performed a total of 2 changes.

12.19.5. Executing OPT_MERGE pass (detect identical cells).
Finding identical cells in module `\fp32_add'.
Removed a total of 0 cells.

12.19.6. Executing OPT_SHARE pass.

12.19.7. Executing OPT_DFF pass (perform DFF optimizations).

12.19.8. Executing OPT_CLEAN pass (remove unused cells and wires).
Finding unused cells or wires in module \fp32_add..

12.19.9. Executing OPT_EXPR pass (perform const folding).
Optimizing module fp32_add.

12.19.10. Rerunning OPT passes. (Maybe there is more to do..)

12.19.11. Executing OPT_MUXTREE pass (detect dead branches in mux trees).
Running muxtree optimizer on module \fp32_add..
  Creating internal representation of mux trees.
  Evaluating internal representation of mux trees.
  Analyzing evaluation results.
Removed 0 multiplexer ports.
<suppressed ~64 debug messages>

12.19.12. Executing OPT_REDUCE pass (consolidate $*mux and $reduce_* inputs).
  Optimizing cells in module \fp32_add.
Performed a total of 0 changes.

12.19.13. Executing OPT_MERGE pass (detect identical cells).
Finding identical cells in module `\fp32_add'.
Removed a total of 0 cells.

12.19.14. Executing OPT_SHARE pass.

12.19.15. Executing OPT_DFF pass (perform DFF optimizations).

12.19.16. Executing OPT_CLEAN pass (remove unused cells and wires).
Finding unused cells or wires in module \fp32_add..

12.19.17. Executing OPT_EXPR pass (perform const folding).
Optimizing module fp32_add.

12.19.18. Finished OPT passes. (There is nothing left to do.)

12.20. Executing TECHMAP pass (map to technology primitives).

12.20.1. Executing Verilog-2005 frontend: /home/chandler/.local/yosys/usr/bin/../share/yosys/techmap.v
Parsing Verilog input from `/home/chandler/.local/yosys/usr/bin/../share/yosys/techmap.v' to AST representation.
Generating RTLIL representation for module `\_90_simplemap_bool_ops'.
Generating RTLIL representation for module `\_90_simplemap_reduce_ops'.
Generating RTLIL representation for module `\_90_simplemap_logic_ops'.
Generating RTLIL representation for module `\_90_simplemap_compare_ops'.
Generating RTLIL representation for module `\_90_simplemap_various'.
Generating RTLIL representation for module `\_90_simplemap_registers'.
Generating RTLIL representation for module `\_90_shift_ops_shr_shl_sshl_sshr'.
Generating RTLIL representation for module `\_90_shift_shiftx'.
Generating RTLIL representation for module `\_90_fa'.
Generating RTLIL representation for module `\_90_lcu_brent_kung'.
Generating RTLIL representation for module `\_90_alu'.
Generating RTLIL representation for module `\_90_macc'.
Generating RTLIL representation for module `\_90_alumacc'.
Generating RTLIL representation for module `\$__div_mod_u'.
Generating RTLIL representation for module `\$__div_mod_trunc'.
Generating RTLIL representation for module `\_90_div'.
Generating RTLIL representation for module `\_90_mod'.
Generating RTLIL representation for module `\$__div_mod_floor'.
Generating RTLIL representation for module `\_90_divfloor'.
Generating RTLIL representation for module `\_90_modfloor'.
Generating RTLIL representation for module `\_90_pow'.
Generating RTLIL representation for module `\_90_pmux'.
Generating RTLIL representation for module `\_90_demux'.
Generating RTLIL representation for module `\_90_lut'.
Successfully finished Verilog frontend.

12.20.2. Continuing TECHMAP pass.
Using extmapper simplemap for cells of type $mux.
Using extmapper simplemap for cells of type $reduce_and.
Using extmapper simplemap for cells of type $or.
Using extmapper simplemap for cells of type $not.
Using extmapper simplemap for cells of type $xor.
Using extmapper simplemap for cells of type $reduce_or.
Using extmapper simplemap for cells of type $reduce_bool.
Using extmapper simplemap for cells of type $logic_not.
Using template $paramod$251dce7c157e9048c4b59aa3ffe9da5b787c11e7\_90_alu for cells of type $alu.
Using template $paramod$f02bbbf710bba6238f4bdfa41b3051acfe2064a8\_90_alu for cells of type $alu.
Using template $paramod$fbc7873bff55778c0b3173955b7e4bce1d9d6834\_90_alu for cells of type $alu.
Using template $paramod$a7a1d5fc4563c49b9a54941942b1beedd64a98db\_90_alu for cells of type $alu.
Using template $paramod$4ccbe221165818e15f326ddee3d1183c7924e12f\_90_alu for cells of type $alu.
Using template $paramod$constmap:7ae316908087d300eb1dd22a5a8f3162d6a9f4ab$paramod$9584a26118f4bcb3033fe760387b4d0b650980eb\_90_shift_ops_shr_shl_sshl_sshr for cells of type $shl.
Using template $paramod$constmap:6357d5059a8cf5c2b1ba7eac00d493372ba09e05$paramod$d137e9f8c3237dc45a2f1807aeb7665ead8d1066\_90_shift_ops_shr_shl_sshl_sshr for cells of type $shr.
Using extmapper simplemap for cells of type $eq.
Using template $paramod$a2af9b43308e3114c3b5dd3f4dc3329b2387395d\_90_alu for cells of type $alu.
Using template $paramod$f137a8bfbd1456d75171dc760be33d0c1f0b83ab\_90_alu for cells of type $alu.
Using template $paramod$050f15daba5036a0512adf25d3c6631f629623f7\_90_alu for cells of type $alu.
Using extmapper simplemap for cells of type $logic_and.
Using template $paramod$19189243523493d505a4933d1bad417c570ea8a6\_90_alu for cells of type $alu.
Using extmapper simplemap for cells of type $logic_or.
Using template $paramod$6412f7f13655de512a17af2c71a87b50b4a57324\_90_alu for cells of type $alu.
Using template $paramod$d90c3448203144d55644b597072d6cf1b3e54430\_90_alu for cells of type $alu.
Using extmapper simplemap for cells of type $ne.
Using extmapper simplemap for cells of type $and.
Using template $paramod$6f66f151d8048a3ab1c70205796615a945055b0d\_90_alu for cells of type $alu.
Using extmapper simplemap for cells of type $pos.
Using template $paramod\_90_lcu_brent_kung\WIDTH=32'00000000000000000000000000100000 for cells of type $lcu.
Using template $paramod\_90_lcu_brent_kung\WIDTH=32'00000000000000000000000000011011 for cells of type $lcu.
Using template $paramod\_90_lcu_brent_kung\WIDTH=32'00000000000000000000000000011001 for cells of type $lcu.
Using template $paramod\_90_lcu_brent_kung\WIDTH=32'00000000000000000000000000001001 for cells of type $lcu.
No more expansions possible.
<suppressed ~7103 debug messages>

12.21. Executing OPT pass (performing simple optimizations).

12.21.1. Executing OPT_EXPR pass (perform const folding).
Optimizing module fp32_add.
<suppressed ~4525 debug messages>

12.21.2. Executing OPT_MERGE pass (detect identical cells).
Finding identical cells in module `\fp32_add'.
<suppressed ~2988 debug messages>
Removed a total of 996 cells.

12.21.3. Executing OPT_DFF pass (perform DFF optimizations).

12.21.4. Executing OPT_CLEAN pass (remove unused cells and wires).
Finding unused cells or wires in module \fp32_add..
Removed 337 unused cells and 3056 unused wires.
<suppressed ~338 debug messages>

12.21.5. Finished fast OPT passes.

12.22. Executing ABC pass (technology mapping using ABC).

12.22.1. Extracting gate netlist of module `\fp32_add' to `<abc-temp-dir>/input.blif'..
Extracted 8923 gates and 8989 wires to a netlist network with 64 inputs and 32 outputs.

12.22.1.1. Executing ABC.
Running ABC command: "<yosys-exe-dir>/yosys-abc" -s -f <abc-temp-dir>/abc.script 2>&1
ABC: ABC command line: "source <abc-temp-dir>/abc.script".
ABC: 
ABC: + read_blif <abc-temp-dir>/input.blif 
ABC: + read_library <abc-temp-dir>/stdcells.genlib 
ABC: + strash 
ABC: + dretime 
ABC: + map 
ABC: + write_blif <abc-temp-dir>/output.blif 

12.22.1.2. Re-integrating ABC results.
ABC RESULTS:               AND cells:      142
ABC RESULTS:            ANDNOT cells:     2483
ABC RESULTS:               MUX cells:     1773
ABC RESULTS:              NAND cells:       84
ABC RESULTS:               NOR cells:      440
ABC RESULTS:               NOT cells:      408
ABC RESULTS:                OR cells:      664
ABC RESULTS:             ORNOT cells:      352
ABC RESULTS:              XNOR cells:      272
ABC RESULTS:               XOR cells:      772
ABC RESULTS:        internal signals:     8893
ABC RESULTS:           input signals:       64
ABC RESULTS:          output signals:       32
Removing temp directory.

12.23. Executing OPT pass (performing simple optimizations).

12.23.1. Executing OPT_EXPR pass (perform const folding).
Optimizing module fp32_add.
<suppressed ~57 debug messages>

12.23.2. Executing OPT_MERGE pass (detect identical cells).
Finding identical cells in module `\fp32_add'.
<suppressed ~855 debug messages>
Removed a total of 285 cells.

12.23.3. Executing OPT_DFF pass (perform DFF optimizations).

12.23.4. Executing OPT_CLEAN pass (remove unused cells and wires).
Finding unused cells or wires in module \fp32_add..
Removed 0 unused cells and 3442 unused wires.
<suppressed ~12 debug messages>

12.23.5. Finished fast OPT passes.

12.24. Executing HIERARCHY pass (managing design hierarchy).
Attribute `top' found on module `fp32_add'. Setting top module to fp32_add.

12.24.1. Analyzing design hierarchy..
Top module:  \fp32_add

12.24.2. Analyzing design hierarchy..
Top module:  \fp32_add
Removed 0 unused modules.

12.25. Printing statistics.

=== fp32_add ===

   Number of wires:               7090
   Number of wire bits:           7424
   Number of public wires:          17
   Number of public wire bits:     351
   Number of ports:                  3
   Number of port bits:             96
   Number of memories:               0
   Number of memory bits:            0
   Number of processes:              0
   Number of cells:               7105
     $_ANDNOT_                    2297
     $_AND_                        135
     $_MUX_                       1759
     $_NAND_                        84
     $_NOR_                        439
     $_NOT_                        401
     $_ORNOT_                      340
     $_OR_                         637
     $_XNOR_                       265
     $_XOR_                        748

12.26. Executing CHECK pass (checking for obvious problems).
Checking module fp32_add...
Found and reported 0 problems.

13. Executing CHECK pass (checking for obvious problems).
Checking module fp32_add...
Found and reported 0 problems.

14. Printing statistics.

=== fp32_add ===

   Number of wires:               7090
   Number of wire bits:           7424
   Number of public wires:          17
   Number of public wire bits:     351
   Number of ports:                  3
   Number of port bits:             96
   Number of memories:               0
   Number of memory bits:            0
   Number of processes:              0
   Number of cells:               7105
     $_ANDNOT_                    2297
     $_AND_                        135
     $_MUX_                       1759
     $_NAND_                        84
     $_NOR_                        439
     $_NOT_                        401
     $_ORNOT_                      340
     $_OR_                         637
     $_XNOR_                       265
     $_XOR_                        748

15. Executing FLATTEN pass (flatten design).

16. Executing OPT pass (performing simple optimizations).

16.1. Executing OPT_EXPR pass (perform const folding).
Optimizing module fp32_add.

16.2. Executing OPT_MERGE pass (detect identical cells).
Finding identical cells in module `\fp32_add'.
Removed a total of 0 cells.

16.3. Executing OPT_MUXTREE pass (detect dead branches in mux trees).
Running muxtree optimizer on module \fp32_add..
  Creating internal representation of mux trees.
  No muxes found in this module.
Removed 0 multiplexer ports.

16.4. Executing OPT_REDUCE pass (consolidate $*mux and $reduce_* inputs).
  Optimizing cells in module \fp32_add.
Performed a total of 0 changes.

16.5. Executing OPT_MERGE pass (detect identical cells).
Finding identical cells in module `\fp32_add'.
Removed a total of 0 cells.

16.6. Executing OPT_DFF pass (perform DFF optimizations).

16.7. Executing OPT_CLEAN pass (remove unused cells and wires).
Finding unused cells or wires in module \fp32_add..

16.8. Executing OPT_EXPR pass (perform const folding).
Optimizing module fp32_add.

16.9. Finished OPT passes. (There is nothing left to do.)

17. Executing LTP pass (find longest path).

Longest topological path in fp32_add (length=416):
    0: \rhs_i [30]
    1: $abc$18572$new_n101 (via $abc$18572$auto$blifparse.cc:396:parse_blif$18577)
    2: $abc$18572$new_n102 (via $abc$18572$auto$blifparse.cc:396:parse_blif$18578)
    3: $abc$18572$new_n103 (via $abc$18572$auto$blifparse.cc:396:parse_blif$18579)
    4: $abc$18572$new_n152 (via $abc$18572$auto$blifparse.cc:396:parse_blif$18628)
    5: $abc$18572$new_n154 (via $abc$18572$auto$blifparse.cc:396:parse_blif$18630)
    6: $abc$18572$new_n155 (via $abc$18572$auto$blifparse.cc:396:parse_blif$18631)
    7: $abc$18572$new_n156 (via $abc$18572$auto$blifparse.cc:396:parse_blif$18632)
    8: $abc$18572$new_n157 (via $abc$18572$auto$blifparse.cc:396:parse_blif$18633)
    9: $abc$18572$new_n158 (via $abc$18572$auto$blifparse.cc:396:parse_blif$18634)
   10: $abc$18572$new_n159 (via $abc$18572$auto$blifparse.cc:396:parse_blif$18635)
   11: $abc$18572$new_n160 (via $abc$18572$auto$blifparse.cc:396:parse_blif$18636)
   12: $abc$18572$new_n199 (via $abc$18572$auto$blifparse.cc:396:parse_blif$18675)
   13: $abc$18572$new_n278 (via $abc$18572$auto$blifparse.cc:396:parse_blif$18754)
   14: $abc$18572$new_n285 (via $abc$18572$auto$blifparse.cc:396:parse_blif$18761)
   15: $abc$18572$new_n332 (via $abc$18572$auto$blifparse.cc:396:parse_blif$18808)
   16: $abc$18572$new_n333 (via $abc$18572$auto$blifparse.cc:396:parse_blif$18809)
   17: $abc$18572$new_n334 (via $abc$18572$auto$blifparse.cc:396:parse_blif$18810)
   18: $abc$18572$new_n335 (via $abc$18572$auto$blifparse.cc:396:parse_blif$18811)
   19: $abc$18572$new_n336 (via $abc$18572$auto$blifparse.cc:396:parse_blif$18812)
   20: $abc$18572$new_n337 (via $abc$18572$auto$blifparse.cc:396:parse_blif$18813)
   21: $abc$18572$new_n352 (via $abc$18572$auto$blifparse.cc:396:parse_blif$18828)
   22: $abc$18572$new_n353 (via $abc$18572$auto$blifparse.cc:396:parse_blif$18829)
   23: $abc$18572$new_n355 (via $abc$18572$auto$blifparse.cc:396:parse_blif$18831)
   24: $abc$18572$new_n356 (via $abc$18572$auto$blifparse.cc:396:parse_blif$18832)
   25: $abc$18572$new_n357 (via $abc$18572$auto$blifparse.cc:396:parse_blif$18833)
   26: $abc$18572$new_n358 (via $abc$18572$auto$blifparse.cc:396:parse_blif$18834)
   27: $abc$18572$new_n388 (via $abc$18572$auto$blifparse.cc:396:parse_blif$18864)
   28: $abc$18572$new_n943 (via $abc$18572$auto$blifparse.cc:396:parse_blif$19419)
   29: $abc$18572$new_n954 (via $abc$18572$auto$blifparse.cc:396:parse_blif$19430)
   30: $abc$18572$new_n955 (via $abc$18572$auto$blifparse.cc:396:parse_blif$19431)
   31: $abc$18572$new_n956 (via $abc$18572$auto$blifparse.cc:396:parse_blif$19432)
   32: $abc$18572$new_n957 (via $abc$18572$auto$blifparse.cc:396:parse_blif$19433)
   33: $abc$18572$new_n958 (via $abc$18572$auto$blifparse.cc:396:parse_blif$19434)
   34: $abc$18572$new_n959 (via $abc$18572$auto$blifparse.cc:396:parse_blif$19435)
   35: $abc$18572$new_n969 (via $abc$18572$auto$blifparse.cc:396:parse_blif$19445)
   36: $abc$18572$new_n970 (via $abc$18572$auto$blifparse.cc:396:parse_blif$19446)
   37: $abc$18572$new_n1008 (via $abc$18572$auto$blifparse.cc:396:parse_blif$19484)
   38: $abc$18572$new_n1009 (via $abc$18572$auto$blifparse.cc:396:parse_blif$19485)
   39: $abc$18572$new_n1083 (via $abc$18572$auto$blifparse.cc:396:parse_blif$19559)
   40: $abc$18572$new_n1084 (via $abc$18572$auto$blifparse.cc:396:parse_blif$19560)
   41: $abc$18572$new_n1117 (via $abc$18572$auto$blifparse.cc:396:parse_blif$19593)
   42: $abc$18572$new_n1118 (via $abc$18572$auto$blifparse.cc:396:parse_blif$19594)
   43: $abc$18572$new_n1131 (via $abc$18572$auto$blifparse.cc:396:parse_blif$19607)
   44: $abc$18572$new_n1132 (via $abc$18572$auto$blifparse.cc:396:parse_blif$19608)
   45: $abc$18572$new_n1139 (via $abc$18572$auto$blifparse.cc:396:parse_blif$19615)
   46: $abc$18572$new_n1140 (via $abc$18572$auto$blifparse.cc:396:parse_blif$19616)
   47: $abc$18572$new_n1141 (via $abc$18572$auto$blifparse.cc:396:parse_blif$19617)
   48: $abc$18572$new_n1157 (via $abc$18572$auto$blifparse.cc:396:parse_blif$19633)
   49: $abc$18572$new_n1172 (via $abc$18572$auto$blifparse.cc:396:parse_blif$19648)
   50: $abc$18572$new_n1173 (via $abc$18572$auto$blifparse.cc:396:parse_blif$19649)
   51: $abc$18572$new_n1174 (via $abc$18572$auto$blifparse.cc:396:parse_blif$19650)
   52: $abc$18572$new_n1175 (via $abc$18572$auto$blifparse.cc:396:parse_blif$19651)
   53: $abc$18572$new_n1199 (via $abc$18572$auto$blifparse.cc:396:parse_blif$19675)
   54: $abc$18572$new_n1200 (via $abc$18572$auto$blifparse.cc:396:parse_blif$19676)
   55: $abc$18572$new_n1201 (via $abc$18572$auto$blifparse.cc:396:parse_blif$19677)
   56: $abc$18572$new_n1211 (via $abc$18572$auto$blifparse.cc:396:parse_blif$19687)
   57: $abc$18572$new_n1212 (via $abc$18572$auto$blifparse.cc:396:parse_blif$19688)
   58: $abc$18572$new_n1213 (via $abc$18572$auto$blifparse.cc:396:parse_blif$19689)
   59: $abc$18572$new_n1214 (via $abc$18572$auto$blifparse.cc:396:parse_blif$19690)
   60: $abc$18572$new_n1215 (via $abc$18572$auto$blifparse.cc:396:parse_blif$19691)
   61: $abc$18572$new_n1216 (via $abc$18572$auto$blifparse.cc:396:parse_blif$19692)
   62: $abc$18572$new_n1217 (via $abc$18572$auto$blifparse.cc:396:parse_blif$19693)
   63: $abc$18572$new_n1218 (via $abc$18572$auto$blifparse.cc:396:parse_blif$19694)
   64: $abc$18572$new_n1219 (via $abc$18572$auto$blifparse.cc:396:parse_blif$19695)
   65: $abc$18572$new_n1220 (via $abc$18572$auto$blifparse.cc:396:parse_blif$19696)
   66: $abc$18572$new_n1221 (via $abc$18572$auto$blifparse.cc:396:parse_blif$19697)
   67: $abc$18572$new_n1240 (via $abc$18572$auto$blifparse.cc:396:parse_blif$19716)
   68: $abc$18572$new_n1288 (via $abc$18572$auto$blifparse.cc:396:parse_blif$19764)
   69: $abc$18572$new_n1289 (via $abc$18572$auto$blifparse.cc:396:parse_blif$19765)
   70: $abc$18572$new_n1290 (via $abc$18572$auto$blifparse.cc:396:parse_blif$19766)
   71: $abc$18572$new_n1291 (via $abc$18572$auto$blifparse.cc:396:parse_blif$19767)
   72: $abc$18572$new_n1292 (via $abc$18572$auto$blifparse.cc:396:parse_blif$19768)
   73: $abc$18572$new_n1293 (via $abc$18572$auto$blifparse.cc:396:parse_blif$19769)
   74: $abc$18572$new_n1294 (via $abc$18572$auto$blifparse.cc:396:parse_blif$19770)
   75: $abc$18572$new_n1299 (via $abc$18572$auto$blifparse.cc:396:parse_blif$19775)
   76: $abc$18572$new_n1300 (via $abc$18572$auto$blifparse.cc:396:parse_blif$19776)
   77: $abc$18572$new_n1346 (via $abc$18572$auto$blifparse.cc:396:parse_blif$19820)
   78: $abc$18572$new_n1347 (via $abc$18572$auto$blifparse.cc:396:parse_blif$19821)
   79: $abc$18572$new_n1348 (via $abc$18572$auto$blifparse.cc:396:parse_blif$19822)
   80: $abc$18572$new_n1349 (via $abc$18572$auto$blifparse.cc:396:parse_blif$19823)
   81: $abc$18572$new_n1350 (via $abc$18572$auto$blifparse.cc:396:parse_blif$19824)
   82: $abc$18572$new_n1351 (via $abc$18572$auto$blifparse.cc:396:parse_blif$19825)
   83: $abc$18572$new_n1352 (via $abc$18572$auto$blifparse.cc:396:parse_blif$19826)
   84: $abc$18572$new_n1353 (via $abc$18572$auto$blifparse.cc:396:parse_blif$19827)
   85: $abc$18572$new_n1354 (via $abc$18572$auto$blifparse.cc:396:parse_blif$19828)
   86: $abc$18572$new_n1355 (via $abc$18572$auto$blifparse.cc:396:parse_blif$19829)
   87: $abc$18572$new_n1370 (via $abc$18572$auto$blifparse.cc:396:parse_blif$19844)
   88: $abc$18572$new_n1376 (via $abc$18572$auto$blifparse.cc:396:parse_blif$19850)
   89: $abc$18572$new_n1377 (via $abc$18572$auto$blifparse.cc:396:parse_blif$19851)
   90: $abc$18572$new_n1571 (via $abc$18572$auto$blifparse.cc:396:parse_blif$20045)
   91: $abc$18572$new_n1572 (via $abc$18572$auto$blifparse.cc:396:parse_blif$20046)
   92: $abc$18572$new_n1573 (via $abc$18572$auto$blifparse.cc:396:parse_blif$20047)
   93: $abc$18572$new_n1574 (via $abc$18572$auto$blifparse.cc:396:parse_blif$20048)
   94: $abc$18572$new_n1575 (via $abc$18572$auto$blifparse.cc:396:parse_blif$20049)
   95: $abc$18572$new_n1576 (via $abc$18572$auto$blifparse.cc:396:parse_blif$20050)
   96: $abc$18572$new_n1577 (via $abc$18572$auto$blifparse.cc:396:parse_blif$20051)
   97: $abc$18572$new_n1578 (via $abc$18572$auto$blifparse.cc:396:parse_blif$20052)
   98: $abc$18572$new_n1581 (via $abc$18572$auto$blifparse.cc:396:parse_blif$20055)
   99: $abc$18572$new_n1582 (via $abc$18572$auto$blifparse.cc:396:parse_blif$20056)
  100: $abc$18572$new_n1583 (via $abc$18572$auto$blifparse.cc:396:parse_blif$20057)
  101: $abc$18572$new_n1584 (via $abc$18572$auto$blifparse.cc:396:parse_blif$20058)
  102: $abc$18572$new_n1585 (via $abc$18572$auto$blifparse.cc:396:parse_blif$20059)
  103: $abc$18572$new_n1586 (via $abc$18572$auto$blifparse.cc:396:parse_blif$20060)
  104: $abc$18572$new_n1587 (via $abc$18572$auto$blifparse.cc:396:parse_blif$20061)
  105: $abc$18572$new_n1601 (via $abc$18572$auto$blifparse.cc:396:parse_blif$20075)
  106: $abc$18572$new_n1602 (via $abc$18572$auto$blifparse.cc:396:parse_blif$20076)
  107: $abc$18572$new_n1605 (via $abc$18572$auto$blifparse.cc:396:parse_blif$20079)
  108: $abc$18572$new_n1616 (via $abc$18572$auto$blifparse.cc:396:parse_blif$20090)
  109: $abc$18572$new_n1638 (via $abc$18572$auto$blifparse.cc:396:parse_blif$20112)
  110: $abc$18572$new_n1685 (via $abc$18572$auto$blifparse.cc:396:parse_blif$20159)
  111: $abc$18572$new_n1773 (via $abc$18572$auto$blifparse.cc:396:parse_blif$20247)
  112: $abc$18572$new_n1774 (via $abc$18572$auto$blifparse.cc:396:parse_blif$20248)
  113: $abc$18572$new_n1782 (via $abc$18572$auto$blifparse.cc:396:parse_blif$20256)
  114: $abc$18572$new_n1788 (via $abc$18572$auto$blifparse.cc:396:parse_blif$20262)
  115: $abc$18572$new_n1789 (via $abc$18572$auto$blifparse.cc:396:parse_blif$20263)
  116: $abc$18572$new_n1962 (via $abc$18572$auto$blifparse.cc:396:parse_blif$20436)
  117: $abc$18572$new_n1963 (via $abc$18572$auto$blifparse.cc:396:parse_blif$20437)
  118: $abc$18572$new_n1964 (via $abc$18572$auto$blifparse.cc:396:parse_blif$20438)
  119: $abc$18572$new_n1965 (via $abc$18572$auto$blifparse.cc:396:parse_blif$20439)
  120: $abc$18572$new_n1966 (via $abc$18572$auto$blifparse.cc:396:parse_blif$20440)
  121: $abc$18572$new_n1967 (via $abc$18572$auto$blifparse.cc:396:parse_blif$20441)
  122: $abc$18572$new_n1968 (via $abc$18572$auto$blifparse.cc:396:parse_blif$20442)
  123: $abc$18572$new_n1969 (via $abc$18572$auto$blifparse.cc:396:parse_blif$20443)
  124: $abc$18572$new_n1972 (via $abc$18572$auto$blifparse.cc:396:parse_blif$20446)
  125: $abc$18572$new_n1973 (via $abc$18572$auto$blifparse.cc:396:parse_blif$20447)
  126: $abc$18572$new_n1974 (via $abc$18572$auto$blifparse.cc:396:parse_blif$20448)
  127: $abc$18572$new_n1975 (via $abc$18572$auto$blifparse.cc:396:parse_blif$20449)
  128: $abc$18572$new_n1976 (via $abc$18572$auto$blifparse.cc:396:parse_blif$20450)
  129: $abc$18572$new_n1977 (via $abc$18572$auto$blifparse.cc:396:parse_blif$20451)
  130: $abc$18572$new_n1978 (via $abc$18572$auto$blifparse.cc:396:parse_blif$20452)
  131: $abc$18572$new_n1994 (via $abc$18572$auto$blifparse.cc:396:parse_blif$20468)
  132: $abc$18572$new_n1995 (via $abc$18572$auto$blifparse.cc:396:parse_blif$20469)
  133: $abc$18572$new_n1998 (via $abc$18572$auto$blifparse.cc:396:parse_blif$20472)
  134: $abc$18572$new_n2009 (via $abc$18572$auto$blifparse.cc:396:parse_blif$20483)
  135: $abc$18572$new_n2031 (via $abc$18572$auto$blifparse.cc:396:parse_blif$20505)
  136: $abc$18572$new_n2078 (via $abc$18572$auto$blifparse.cc:396:parse_blif$20552)
  137: $abc$18572$new_n2168 (via $abc$18572$auto$blifparse.cc:396:parse_blif$20642)
  138: $abc$18572$new_n2169 (via $abc$18572$auto$blifparse.cc:396:parse_blif$20643)
  139: $abc$18572$new_n2177 (via $abc$18572$auto$blifparse.cc:396:parse_blif$20651)
  140: $abc$18572$new_n2183 (via $abc$18572$auto$blifparse.cc:396:parse_blif$20657)
  141: $abc$18572$new_n2184 (via $abc$18572$auto$blifparse.cc:396:parse_blif$20658)
  142: $abc$18572$new_n2365 (via $abc$18572$auto$blifparse.cc:396:parse_blif$20839)
  143: $abc$18572$new_n2366 (via $abc$18572$auto$blifparse.cc:396:parse_blif$20840)
  144: $abc$18572$new_n2367 (via $abc$18572$auto$blifparse.cc:396:parse_blif$20841)
  145: $abc$18572$new_n2368 (via $abc$18572$auto$blifparse.cc:396:parse_blif$20842)
  146: $abc$18572$new_n2369 (via $abc$18572$auto$blifparse.cc:396:parse_blif$20843)
  147: $abc$18572$new_n2370 (via $abc$18572$auto$blifparse.cc:396:parse_blif$20844)
  148: $abc$18572$new_n2371 (via $abc$18572$auto$blifparse.cc:396:parse_blif$20845)
  149: $abc$18572$new_n2372 (via $abc$18572$auto$blifparse.cc:396:parse_blif$20846)
  150: $abc$18572$new_n2375 (via $abc$18572$auto$blifparse.cc:396:parse_blif$20849)
  151: $abc$18572$new_n2376 (via $abc$18572$auto$blifparse.cc:396:parse_blif$20850)
  152: $abc$18572$new_n2377 (via $abc$18572$auto$blifparse.cc:396:parse_blif$20851)
  153: $abc$18572$new_n2378 (via $abc$18572$auto$blifparse.cc:396:parse_blif$20852)
  154: $abc$18572$new_n2379 (via $abc$18572$auto$blifparse.cc:396:parse_blif$20853)
  155: $abc$18572$new_n2380 (via $abc$18572$auto$blifparse.cc:396:parse_blif$20854)
  156: $abc$18572$new_n2381 (via $abc$18572$auto$blifparse.cc:396:parse_blif$20855)
  157: $abc$18572$new_n2399 (via $abc$18572$auto$blifparse.cc:396:parse_blif$20873)
  158: $abc$18572$new_n2400 (via $abc$18572$auto$blifparse.cc:396:parse_blif$20874)
  159: $abc$18572$new_n2403 (via $abc$18572$auto$blifparse.cc:396:parse_blif$20877)
  160: $abc$18572$new_n2414 (via $abc$18572$auto$blifparse.cc:396:parse_blif$20888)
  161: $abc$18572$new_n2436 (via $abc$18572$auto$blifparse.cc:396:parse_blif$20910)
  162: $abc$18572$new_n2485 (via $abc$18572$auto$blifparse.cc:396:parse_blif$20959)
  163: $abc$18572$new_n2575 (via $abc$18572$auto$blifparse.cc:396:parse_blif$21049)
  164: $abc$18572$new_n2576 (via $abc$18572$auto$blifparse.cc:396:parse_blif$21050)
  165: $abc$18572$new_n2584 (via $abc$18572$auto$blifparse.cc:396:parse_blif$21058)
  166: $abc$18572$new_n2590 (via $abc$18572$auto$blifparse.cc:396:parse_blif$21064)
  167: $abc$18572$new_n2591 (via $abc$18572$auto$blifparse.cc:396:parse_blif$21065)
  168: $abc$18572$new_n2772 (via $abc$18572$auto$blifparse.cc:396:parse_blif$21246)
  169: $abc$18572$new_n2773 (via $abc$18572$auto$blifparse.cc:396:parse_blif$21247)
  170: $abc$18572$new_n2774 (via $abc$18572$auto$blifparse.cc:396:parse_blif$21248)
  171: $abc$18572$new_n2775 (via $abc$18572$auto$blifparse.cc:396:parse_blif$21249)
  172: $abc$18572$new_n2776 (via $abc$18572$auto$blifparse.cc:396:parse_blif$21250)
  173: $abc$18572$new_n2777 (via $abc$18572$auto$blifparse.cc:396:parse_blif$21251)
  174: $abc$18572$new_n2778 (via $abc$18572$auto$blifparse.cc:396:parse_blif$21252)
  175: $abc$18572$new_n2779 (via $abc$18572$auto$blifparse.cc:396:parse_blif$21253)
  176: $abc$18572$new_n2782 (via $abc$18572$auto$blifparse.cc:396:parse_blif$21256)
  177: $abc$18572$new_n2783 (via $abc$18572$auto$blifparse.cc:396:parse_blif$21257)
  178: $abc$18572$new_n2784 (via $abc$18572$auto$blifparse.cc:396:parse_blif$21258)
  179: $abc$18572$new_n2785 (via $abc$18572$auto$blifparse.cc:396:parse_blif$21259)
  180: $abc$18572$new_n2786 (via $abc$18572$auto$blifparse.cc:396:parse_blif$21260)
  181: $abc$18572$new_n2787 (via $abc$18572$auto$blifparse.cc:396:parse_blif$21261)
  182: $abc$18572$new_n2788 (via $abc$18572$auto$blifparse.cc:396:parse_blif$21262)
  183: $abc$18572$new_n2808 (via $abc$18572$auto$blifparse.cc:396:parse_blif$21282)
  184: $abc$18572$new_n2809 (via $abc$18572$auto$blifparse.cc:396:parse_blif$21283)
  185: $abc$18572$new_n2812 (via $abc$18572$auto$blifparse.cc:396:parse_blif$21286)
  186: $abc$18572$new_n2823 (via $abc$18572$auto$blifparse.cc:396:parse_blif$21297)
  187: $abc$18572$new_n2845 (via $abc$18572$auto$blifparse.cc:396:parse_blif$21319)
  188: $abc$18572$new_n2894 (via $abc$18572$auto$blifparse.cc:396:parse_blif$21368)
  189: $abc$18572$new_n2984 (via $abc$18572$auto$blifparse.cc:396:parse_blif$21458)
  190: $abc$18572$new_n2985 (via $abc$18572$auto$blifparse.cc:396:parse_blif$21459)
  191: $abc$18572$new_n2993 (via $abc$18572$auto$blifparse.cc:396:parse_blif$21467)
  192: $abc$18572$new_n2999 (via $abc$18572$auto$blifparse.cc:396:parse_blif$21473)
  193: $abc$18572$new_n3000 (via $abc$18572$auto$blifparse.cc:396:parse_blif$21474)
  194: $abc$18572$new_n3187 (via $abc$18572$auto$blifparse.cc:396:parse_blif$21661)
  195: $abc$18572$new_n3188 (via $abc$18572$auto$blifparse.cc:396:parse_blif$21662)
  196: $abc$18572$new_n3189 (via $abc$18572$auto$blifparse.cc:396:parse_blif$21663)
  197: $abc$18572$new_n3190 (via $abc$18572$auto$blifparse.cc:396:parse_blif$21664)
  198: $abc$18572$new_n3191 (via $abc$18572$auto$blifparse.cc:396:parse_blif$21665)
  199: $abc$18572$new_n3192 (via $abc$18572$auto$blifparse.cc:396:parse_blif$21666)
  200: $abc$18572$new_n3193 (via $abc$18572$auto$blifparse.cc:396:parse_blif$21667)
  201: $abc$18572$new_n3194 (via $abc$18572$auto$blifparse.cc:396:parse_blif$21668)
  202: $abc$18572$new_n3197 (via $abc$18572$auto$blifparse.cc:396:parse_blif$21671)
  203: $abc$18572$new_n3198 (via $abc$18572$auto$blifparse.cc:396:parse_blif$21672)
  204: $abc$18572$new_n3199 (via $abc$18572$auto$blifparse.cc:396:parse_blif$21673)
  205: $abc$18572$new_n3200 (via $abc$18572$auto$blifparse.cc:396:parse_blif$21674)
  206: $abc$18572$new_n3201 (via $abc$18572$auto$blifparse.cc:396:parse_blif$21675)
  207: $abc$18572$new_n3202 (via $abc$18572$auto$blifparse.cc:396:parse_blif$21676)
  208: $abc$18572$new_n3203 (via $abc$18572$auto$blifparse.cc:396:parse_blif$21677)
  209: $abc$18572$new_n3225 (via $abc$18572$auto$blifparse.cc:396:parse_blif$21699)
  210: $abc$18572$new_n3226 (via $abc$18572$auto$blifparse.cc:396:parse_blif$21700)
  211: $abc$18572$new_n3229 (via $abc$18572$auto$blifparse.cc:396:parse_blif$21703)
  212: $abc$18572$new_n3240 (via $abc$18572$auto$blifparse.cc:396:parse_blif$21714)
  213: $abc$18572$new_n3262 (via $abc$18572$auto$blifparse.cc:396:parse_blif$21736)
  214: $abc$18572$new_n3311 (via $abc$18572$auto$blifparse.cc:396:parse_blif$21785)
  215: $abc$18572$new_n3401 (via $abc$18572$auto$blifparse.cc:396:parse_blif$21875)
  216: $abc$18572$new_n3402 (via $abc$18572$auto$blifparse.cc:396:parse_blif$21876)
  217: $abc$18572$new_n3410 (via $abc$18572$auto$blifparse.cc:396:parse_blif$21884)
  218: $abc$18572$new_n3416 (via $abc$18572$auto$blifparse.cc:396:parse_blif$21890)
  219: $abc$18572$new_n3417 (via $abc$18572$auto$blifparse.cc:396:parse_blif$21891)
  220: $abc$18572$new_n3602 (via $abc$18572$auto$blifparse.cc:396:parse_blif$22076)
  221: $abc$18572$new_n3603 (via $abc$18572$auto$blifparse.cc:396:parse_blif$22077)
  222: $abc$18572$new_n3604 (via $abc$18572$auto$blifparse.cc:396:parse_blif$22078)
  223: $abc$18572$new_n3605 (via $abc$18572$auto$blifparse.cc:396:parse_blif$22079)
  224: $abc$18572$new_n3606 (via $abc$18572$auto$blifparse.cc:396:parse_blif$22080)
  225: $abc$18572$new_n3607 (via $abc$18572$auto$blifparse.cc:396:parse_blif$22081)
  226: $abc$18572$new_n3608 (via $abc$18572$auto$blifparse.cc:396:parse_blif$22082)
  227: $abc$18572$new_n3609 (via $abc$18572$auto$blifparse.cc:396:parse_blif$22083)
  228: $abc$18572$new_n3612 (via $abc$18572$auto$blifparse.cc:396:parse_blif$22086)
  229: $abc$18572$new_n3613 (via $abc$18572$auto$blifparse.cc:396:parse_blif$22087)
  230: $abc$18572$new_n3614 (via $abc$18572$auto$blifparse.cc:396:parse_blif$22088)
  231: $abc$18572$new_n3615 (via $abc$18572$auto$blifparse.cc:396:parse_blif$22089)
  232: $abc$18572$new_n3616 (via $abc$18572$auto$blifparse.cc:396:parse_blif$22090)
  233: $abc$18572$new_n3617 (via $abc$18572$auto$blifparse.cc:396:parse_blif$22091)
  234: $abc$18572$new_n3618 (via $abc$18572$auto$blifparse.cc:396:parse_blif$22092)
  235: $abc$18572$new_n3642 (via $abc$18572$auto$blifparse.cc:396:parse_blif$22116)
  236: $abc$18572$new_n3643 (via $abc$18572$auto$blifparse.cc:396:parse_blif$22117)
  237: $abc$18572$new_n3646 (via $abc$18572$auto$blifparse.cc:396:parse_blif$22120)
  238: $abc$18572$new_n3657 (via $abc$18572$auto$blifparse.cc:396:parse_blif$22131)
  239: $abc$18572$new_n3679 (via $abc$18572$auto$blifparse.cc:396:parse_blif$22153)
  240: $abc$18572$new_n3728 (via $abc$18572$auto$blifparse.cc:396:parse_blif$22202)
  241: $abc$18572$new_n3818 (via $abc$18572$auto$blifparse.cc:396:parse_blif$22292)
  242: $abc$18572$new_n3819 (via $abc$18572$auto$blifparse.cc:396:parse_blif$22293)
  243: $abc$18572$new_n3827 (via $abc$18572$auto$blifparse.cc:396:parse_blif$22301)
  244: $abc$18572$new_n3833 (via $abc$18572$auto$blifparse.cc:396:parse_blif$22307)
  245: $abc$18572$new_n3834 (via $abc$18572$auto$blifparse.cc:396:parse_blif$22308)
  246: $abc$18572$new_n4023 (via $abc$18572$auto$blifparse.cc:396:parse_blif$22497)
  247: $abc$18572$new_n4024 (via $abc$18572$auto$blifparse.cc:396:parse_blif$22498)
  248: $abc$18572$new_n4025 (via $abc$18572$auto$blifparse.cc:396:parse_blif$22499)
  249: $abc$18572$new_n4026 (via $abc$18572$auto$blifparse.cc:396:parse_blif$22500)
  250: $abc$18572$new_n4027 (via $abc$18572$auto$blifparse.cc:396:parse_blif$22501)
  251: $abc$18572$new_n4028 (via $abc$18572$auto$blifparse.cc:396:parse_blif$22502)
  252: $abc$18572$new_n4029 (via $abc$18572$auto$blifparse.cc:396:parse_blif$22503)
  253: $abc$18572$new_n4030 (via $abc$18572$auto$blifparse.cc:396:parse_blif$22504)
  254: $abc$18572$new_n4033 (via $abc$18572$auto$blifparse.cc:396:parse_blif$22507)
  255: $abc$18572$new_n4034 (via $abc$18572$auto$blifparse.cc:396:parse_blif$22508)
  256: $abc$18572$new_n4035 (via $abc$18572$auto$blifparse.cc:396:parse_blif$22509)
  257: $abc$18572$new_n4036 (via $abc$18572$auto$blifparse.cc:396:parse_blif$22510)
  258: $abc$18572$new_n4037 (via $abc$18572$auto$blifparse.cc:396:parse_blif$22511)
  259: $abc$18572$new_n4038 (via $abc$18572$auto$blifparse.cc:396:parse_blif$22512)
  260: $abc$18572$new_n4039 (via $abc$18572$auto$blifparse.cc:396:parse_blif$22513)
  261: $abc$18572$new_n4065 (via $abc$18572$auto$blifparse.cc:396:parse_blif$22539)
  262: $abc$18572$new_n4066 (via $abc$18572$auto$blifparse.cc:396:parse_blif$22540)
  263: $abc$18572$new_n4069 (via $abc$18572$auto$blifparse.cc:396:parse_blif$22543)
  264: $abc$18572$new_n4080 (via $abc$18572$auto$blifparse.cc:396:parse_blif$22554)
  265: $abc$18572$new_n4102 (via $abc$18572$auto$blifparse.cc:396:parse_blif$22576)
  266: $abc$18572$new_n4151 (via $abc$18572$auto$blifparse.cc:396:parse_blif$22625)
  267: $abc$18572$new_n4241 (via $abc$18572$auto$blifparse.cc:396:parse_blif$22715)
  268: $abc$18572$new_n4242 (via $abc$18572$auto$blifparse.cc:396:parse_blif$22716)
  269: $abc$18572$new_n4250 (via $abc$18572$auto$blifparse.cc:396:parse_blif$22724)
  270: $abc$18572$new_n4256 (via $abc$18572$auto$blifparse.cc:396:parse_blif$22730)
  271: $abc$18572$new_n4257 (via $abc$18572$auto$blifparse.cc:396:parse_blif$22731)
  272: $abc$18572$new_n4446 (via $abc$18572$auto$blifparse.cc:396:parse_blif$22920)
  273: $abc$18572$new_n4447 (via $abc$18572$auto$blifparse.cc:396:parse_blif$22921)
  274: $abc$18572$new_n4448 (via $abc$18572$auto$blifparse.cc:396:parse_blif$22922)
  275: $abc$18572$new_n4449 (via $abc$18572$auto$blifparse.cc:396:parse_blif$22923)
  276: $abc$18572$new_n4450 (via $abc$18572$auto$blifparse.cc:396:parse_blif$22924)
  277: $abc$18572$new_n4451 (via $abc$18572$auto$blifparse.cc:396:parse_blif$22925)
  278: $abc$18572$new_n4452 (via $abc$18572$auto$blifparse.cc:396:parse_blif$22926)
  279: $abc$18572$new_n4453 (via $abc$18572$auto$blifparse.cc:396:parse_blif$22927)
  280: $abc$18572$new_n4456 (via $abc$18572$auto$blifparse.cc:396:parse_blif$22930)
  281: $abc$18572$new_n4457 (via $abc$18572$auto$blifparse.cc:396:parse_blif$22931)
  282: $abc$18572$new_n4458 (via $abc$18572$auto$blifparse.cc:396:parse_blif$22932)
  283: $abc$18572$new_n4459 (via $abc$18572$auto$blifparse.cc:396:parse_blif$22933)
  284: $abc$18572$new_n4460 (via $abc$18572$auto$blifparse.cc:396:parse_blif$22934)
  285: $abc$18572$new_n4461 (via $abc$18572$auto$blifparse.cc:396:parse_blif$22935)
  286: $abc$18572$new_n4462 (via $abc$18572$auto$blifparse.cc:396:parse_blif$22936)
  287: $abc$18572$new_n4490 (via $abc$18572$auto$blifparse.cc:396:parse_blif$22964)
  288: $abc$18572$new_n4491 (via $abc$18572$auto$blifparse.cc:396:parse_blif$22965)
  289: $abc$18572$new_n4494 (via $abc$18572$auto$blifparse.cc:396:parse_blif$22968)
  290: $abc$18572$new_n4505 (via $abc$18572$auto$blifparse.cc:396:parse_blif$22979)
  291: $abc$18572$new_n4527 (via $abc$18572$auto$blifparse.cc:396:parse_blif$23001)
  292: $abc$18572$new_n4576 (via $abc$18572$auto$blifparse.cc:396:parse_blif$23050)
  293: $abc$18572$new_n4666 (via $abc$18572$auto$blifparse.cc:396:parse_blif$23140)
  294: $abc$18572$new_n4667 (via $abc$18572$auto$blifparse.cc:396:parse_blif$23141)
  295: $abc$18572$new_n4675 (via $abc$18572$auto$blifparse.cc:396:parse_blif$23149)
  296: $abc$18572$new_n4681 (via $abc$18572$auto$blifparse.cc:396:parse_blif$23155)
  297: $abc$18572$new_n4682 (via $abc$18572$auto$blifparse.cc:396:parse_blif$23156)
  298: $abc$18572$new_n4875 (via $abc$18572$auto$blifparse.cc:396:parse_blif$23349)
  299: $abc$18572$new_n4876 (via $abc$18572$auto$blifparse.cc:396:parse_blif$23350)
  300: $abc$18572$new_n4877 (via $abc$18572$auto$blifparse.cc:396:parse_blif$23351)
  301: $abc$18572$new_n4878 (via $abc$18572$auto$blifparse.cc:396:parse_blif$23352)
  302: $abc$18572$new_n4879 (via $abc$18572$auto$blifparse.cc:396:parse_blif$23353)
  303: $abc$18572$new_n4880 (via $abc$18572$auto$blifparse.cc:396:parse_blif$23354)
  304: $abc$18572$new_n4881 (via $abc$18572$auto$blifparse.cc:396:parse_blif$23355)
  305: $abc$18572$new_n4882 (via $abc$18572$auto$blifparse.cc:396:parse_blif$23356)
  306: $abc$18572$new_n4885 (via $abc$18572$auto$blifparse.cc:396:parse_blif$23359)
  307: $abc$18572$new_n4886 (via $abc$18572$auto$blifparse.cc:396:parse_blif$23360)
  308: $abc$18572$new_n4887 (via $abc$18572$auto$blifparse.cc:396:parse_blif$23361)
  309: $abc$18572$new_n4888 (via $abc$18572$auto$blifparse.cc:396:parse_blif$23362)
  310: $abc$18572$new_n4889 (via $abc$18572$auto$blifparse.cc:396:parse_blif$23363)
  311: $abc$18572$new_n4890 (via $abc$18572$auto$blifparse.cc:396:parse_blif$23364)
  312: $abc$18572$new_n4891 (via $abc$18572$auto$blifparse.cc:396:parse_blif$23365)
  313: $abc$18572$new_n4921 (via $abc$18572$auto$blifparse.cc:396:parse_blif$23395)
  314: $abc$18572$new_n4922 (via $abc$18572$auto$blifparse.cc:396:parse_blif$23396)
  315: $abc$18572$new_n4925 (via $abc$18572$auto$blifparse.cc:396:parse_blif$23399)
  316: $abc$18572$new_n4936 (via $abc$18572$auto$blifparse.cc:396:parse_blif$23410)
  317: $abc$18572$new_n4958 (via $abc$18572$auto$blifparse.cc:396:parse_blif$23432)
  318: $abc$18572$new_n5007 (via $abc$18572$auto$blifparse.cc:396:parse_blif$23481)
  319: $abc$18572$new_n5097 (via $abc$18572$auto$blifparse.cc:396:parse_blif$23571)
  320: $abc$18572$new_n5098 (via $abc$18572$auto$blifparse.cc:396:parse_blif$23572)
  321: $abc$18572$new_n5106 (via $abc$18572$auto$blifparse.cc:396:parse_blif$23580)
  322: $abc$18572$new_n5112 (via $abc$18572$auto$blifparse.cc:396:parse_blif$23586)
  323: $abc$18572$new_n5113 (via $abc$18572$auto$blifparse.cc:396:parse_blif$23587)
  324: $abc$18572$new_n5306 (via $abc$18572$auto$blifparse.cc:396:parse_blif$23780)
  325: $abc$18572$new_n5307 (via $abc$18572$auto$blifparse.cc:396:parse_blif$23781)
  326: $abc$18572$new_n5308 (via $abc$18572$auto$blifparse.cc:396:parse_blif$23782)
  327: $abc$18572$new_n5309 (via $abc$18572$auto$blifparse.cc:396:parse_blif$23783)
  328: $abc$18572$new_n5310 (via $abc$18572$auto$blifparse.cc:396:parse_blif$23784)
  329: $abc$18572$new_n5311 (via $abc$18572$auto$blifparse.cc:396:parse_blif$23785)
  330: $abc$18572$new_n5312 (via $abc$18572$auto$blifparse.cc:396:parse_blif$23786)
  331: $abc$18572$new_n5313 (via $abc$18572$auto$blifparse.cc:396:parse_blif$23787)
  332: $abc$18572$new_n5316 (via $abc$18572$auto$blifparse.cc:396:parse_blif$23790)
  333: $abc$18572$new_n5317 (via $abc$18572$auto$blifparse.cc:396:parse_blif$23791)
  334: $abc$18572$new_n5318 (via $abc$18572$auto$blifparse.cc:396:parse_blif$23792)
  335: $abc$18572$new_n5319 (via $abc$18572$auto$blifparse.cc:396:parse_blif$23793)
  336: $abc$18572$new_n5320 (via $abc$18572$auto$blifparse.cc:396:parse_blif$23794)
  337: $abc$18572$new_n5321 (via $abc$18572$auto$blifparse.cc:396:parse_blif$23795)
  338: $abc$18572$new_n5322 (via $abc$18572$auto$blifparse.cc:396:parse_blif$23796)
  339: $abc$18572$new_n5354 (via $abc$18572$auto$blifparse.cc:396:parse_blif$23828)
  340: $abc$18572$new_n5355 (via $abc$18572$auto$blifparse.cc:396:parse_blif$23829)
  341: $abc$18572$new_n5358 (via $abc$18572$auto$blifparse.cc:396:parse_blif$23832)
  342: $abc$18572$new_n5369 (via $abc$18572$auto$blifparse.cc:396:parse_blif$23843)
  343: $abc$18572$new_n5391 (via $abc$18572$auto$blifparse.cc:396:parse_blif$23865)
  344: $abc$18572$new_n5440 (via $abc$18572$auto$blifparse.cc:396:parse_blif$23914)
  345: $abc$18572$new_n5530 (via $abc$18572$auto$blifparse.cc:396:parse_blif$24004)
  346: $abc$18572$new_n5531 (via $abc$18572$auto$blifparse.cc:396:parse_blif$24005)
  347: $abc$18572$new_n5539 (via $abc$18572$auto$blifparse.cc:396:parse_blif$24013)
  348: $abc$18572$new_n5545 (via $abc$18572$auto$blifparse.cc:396:parse_blif$24019)
  349: $abc$18572$new_n5546 (via $abc$18572$auto$blifparse.cc:396:parse_blif$24020)
  350: $abc$18572$new_n5740 (via $abc$18572$auto$blifparse.cc:396:parse_blif$24214)
  351: $abc$18572$new_n5741 (via $abc$18572$auto$blifparse.cc:396:parse_blif$24215)
  352: $abc$18572$new_n5742 (via $abc$18572$auto$blifparse.cc:396:parse_blif$24216)
  353: $abc$18572$new_n5743 (via $abc$18572$auto$blifparse.cc:396:parse_blif$24217)
  354: $abc$18572$new_n5744 (via $abc$18572$auto$blifparse.cc:396:parse_blif$24218)
  355: $abc$18572$new_n5745 (via $abc$18572$auto$blifparse.cc:396:parse_blif$24219)
  356: $abc$18572$new_n5746 (via $abc$18572$auto$blifparse.cc:396:parse_blif$24220)
  357: $abc$18572$new_n5747 (via $abc$18572$auto$blifparse.cc:396:parse_blif$24221)
  358: $abc$18572$new_n5750 (via $abc$18572$auto$blifparse.cc:396:parse_blif$24224)
  359: $abc$18572$new_n5751 (via $abc$18572$auto$blifparse.cc:396:parse_blif$24225)
  360: $abc$18572$new_n5752 (via $abc$18572$auto$blifparse.cc:396:parse_blif$24226)
  361: $abc$18572$new_n5753 (via $abc$18572$auto$blifparse.cc:396:parse_blif$24227)
  362: $abc$18572$new_n5754 (via $abc$18572$auto$blifparse.cc:396:parse_blif$24228)
  363: $abc$18572$new_n5755 (via $abc$18572$auto$blifparse.cc:396:parse_blif$24229)
  364: $abc$18572$new_n5756 (via $abc$18572$auto$blifparse.cc:396:parse_blif$24230)
  365: $abc$18572$new_n5790 (via $abc$18572$auto$blifparse.cc:396:parse_blif$24264)
  366: $abc$18572$new_n5791 (via $abc$18572$auto$blifparse.cc:396:parse_blif$24265)
  367: $abc$18572$new_n5794 (via $abc$18572$auto$blifparse.cc:396:parse_blif$24268)
  368: $abc$18572$new_n5805 (via $abc$18572$auto$blifparse.cc:396:parse_blif$24279)
  369: $abc$18572$new_n5827 (via $abc$18572$auto$blifparse.cc:396:parse_blif$24301)
  370: $abc$18572$new_n5876 (via $abc$18572$auto$blifparse.cc:396:parse_blif$24350)
  371: $abc$18572$new_n5966 (via $abc$18572$auto$blifparse.cc:396:parse_blif$24440)
  372: $abc$18572$new_n5967 (via $abc$18572$auto$blifparse.cc:396:parse_blif$24441)
  373: $abc$18572$new_n5975 (via $abc$18572$auto$blifparse.cc:396:parse_blif$24449)
  374: $abc$18572$new_n5981 (via $abc$18572$auto$blifparse.cc:396:parse_blif$24455)
  375: $abc$18572$new_n5982 (via $abc$18572$auto$blifparse.cc:396:parse_blif$24456)
  376: $abc$18572$new_n6173 (via $abc$18572$auto$blifparse.cc:396:parse_blif$24647)
  377: $abc$18572$new_n6174 (via $abc$18572$auto$blifparse.cc:396:parse_blif$24648)
  378: $abc$18572$new_n6175 (via $abc$18572$auto$blifparse.cc:396:parse_blif$24649)
  379: $abc$18572$new_n6176 (via $abc$18572$auto$blifparse.cc:396:parse_blif$24650)
  380: $abc$18572$new_n6177 (via $abc$18572$auto$blifparse.cc:396:parse_blif$24651)
  381: $abc$18572$new_n6178 (via $abc$18572$auto$blifparse.cc:396:parse_blif$24652)
  382: $abc$18572$new_n6179 (via $abc$18572$auto$blifparse.cc:396:parse_blif$24653)
  383: $abc$18572$new_n6180 (via $abc$18572$auto$blifparse.cc:396:parse_blif$24654)
  384: $abc$18572$new_n6951 (via $abc$18572$auto$blifparse.cc:396:parse_blif$25425)
  385: $abc$18572$new_n6952 (via $abc$18572$auto$blifparse.cc:396:parse_blif$25426)
  386: $abc$18572$new_n6953 (via $abc$18572$auto$blifparse.cc:396:parse_blif$25427)
  387: $abc$18572$new_n6954 (via $abc$18572$auto$blifparse.cc:396:parse_blif$25428)
  388: $abc$18572$new_n6955 (via $abc$18572$auto$blifparse.cc:396:parse_blif$25429)
  389: $abc$18572$new_n6956 (via $abc$18572$auto$blifparse.cc:396:parse_blif$25430)
  390: $abc$18572$new_n6957 (via $abc$18572$auto$blifparse.cc:396:parse_blif$25431)
  391: $abc$18572$new_n6958 (via $abc$18572$auto$blifparse.cc:396:parse_blif$25432)
  392: $abc$18572$new_n6962 (via $abc$18572$auto$blifparse.cc:396:parse_blif$25436)
  393: $abc$18572$new_n6971 (via $abc$18572$auto$blifparse.cc:396:parse_blif$25445)
  394: $abc$18572$new_n6991 (via $abc$18572$auto$blifparse.cc:396:parse_blif$25465)
  395: $abc$18572$new_n6996 (via $abc$18572$auto$blifparse.cc:396:parse_blif$25470)
  396: $abc$18572$new_n7014 (via $abc$18572$auto$blifparse.cc:396:parse_blif$25488)
  397: $abc$18572$new_n7015 (via $abc$18572$auto$blifparse.cc:396:parse_blif$25489)
  398: $abc$18572$new_n7016 (via $abc$18572$auto$blifparse.cc:396:parse_blif$25490)
  399: $abc$18572$new_n7017 (via $abc$18572$auto$blifparse.cc:396:parse_blif$25491)
  400: $abc$18572$new_n7020 (via $abc$18572$auto$blifparse.cc:396:parse_blif$25494)
  401: $abc$18572$new_n7072 (via $abc$18572$auto$blifparse.cc:396:parse_blif$25546)
  402: $abc$18572$new_n7073 (via $abc$18572$auto$blifparse.cc:396:parse_blif$25547)
  403: $abc$18572$new_n7074 (via $abc$18572$auto$blifparse.cc:396:parse_blif$25548)
  404: $abc$18572$new_n7075 (via $abc$18572$auto$blifparse.cc:396:parse_blif$25549)
  405: $abc$18572$new_n7087 (via $abc$18572$auto$blifparse.cc:396:parse_blif$25561)
  406: $abc$18572$new_n7429 (via $abc$18572$auto$blifparse.cc:396:parse_blif$25893)
  407: $abc$18572$new_n7437 (via $abc$18572$auto$blifparse.cc:396:parse_blif$25894)
  408: $abc$18572$new_n7438 (via $abc$18572$auto$blifparse.cc:396:parse_blif$25895)
  409: $abc$18572$new_n7440 (via $abc$18572$auto$blifparse.cc:396:parse_blif$25897)
  410: $abc$18572$new_n7490 (via $abc$18572$auto$blifparse.cc:396:parse_blif$25947)
  411: $abc$18572$new_n7491 (via $abc$18572$auto$blifparse.cc:396:parse_blif$25948)
  412: $abc$18572$new_n7492 (via $abc$18572$auto$blifparse.cc:396:parse_blif$25949)
  413: $abc$18572$new_n7493 (via $abc$18572$auto$blifparse.cc:396:parse_blif$25950)
  414: $abc$18572$new_n7494 (via $abc$18572$auto$blifparse.cc:396:parse_blif$25951)
  415: $abc$18572$new_n7495 (via $abc$18572$auto$blifparse.cc:396:parse_blif$25952)
  416: \result_o [30] (via $abc$18572$auto$blifparse.cc:396:parse_blif$25953)

End of script. Logfile hash: 1a5f80d7ca, CPU: user 2.71s system 0.14s, MEM: 60.05 MB peak
Yosys 0.52 (git sha1 fee39a3284c90249e1d9684cf6944ffbbcbb8f90)
Time spent: 26% 1x abc (0 sec), 19% 30x opt_expr (0 sec), ...
