
-- Running command `read_verilog -sv rtl/pim_command_decoder.sv rtl/fp16_add.sv rtl/fp16_mul.sv rtl/fp16_vector_add.sv rtl/pim_vector_alu.sv rtl/pim_crf.sv rtl/dram_bank_array_model.sv rtl/bank_pim_core.sv rtl/bank_side_pim_subsystem.sv rtl/logic_die_link_arbiter.sv rtl/channel_tsv_interconnect.sv rtl/logic_epoch_barrier.sv rtl/logic_shared_buffer.sv rtl/logic_pcu.sv rtl/logic_pcu_scheduler.sv rtl/logic_command_coalescer.sv rtl/logic_operand_context_buffer.sv rtl/cross_channel_reduction_network.sv rtl/logic_result_router.sv rtl/logic_die_pim_top.sv rtl/fp16_rsqrt_lut256.sv rtl/logic_normalization_scalar_engine.sv rtl/logic_normalization_reduction_engine.sv rtl/full_pim_system_top.sv; chparam -set CHANNELS 2 -set BANKS 4 -set PIM_BLOCKS 2 -set PCUS 2 -set ROWS 8 -set COLS 8 -set DATA_WIDTH 32 full_pim_system_top; hierarchy -check -top full_pim_system_top; check; stat' --

1. Executing Verilog-2005 frontend: rtl/pim_command_decoder.sv
Parsing SystemVerilog input from `rtl/pim_command_decoder.sv' to AST representation.
Generating RTLIL representation for module `\pim_command_decoder'.
Successfully finished Verilog frontend.

2. Executing Verilog-2005 frontend: rtl/fp16_add.sv
Parsing SystemVerilog input from `rtl/fp16_add.sv' to AST representation.
Generating RTLIL representation for module `\fp16_add'.
Successfully finished Verilog frontend.

3. Executing Verilog-2005 frontend: rtl/fp16_mul.sv
Parsing SystemVerilog input from `rtl/fp16_mul.sv' to AST representation.
Generating RTLIL representation for module `\fp16_mul'.
Successfully finished Verilog frontend.

4. Executing Verilog-2005 frontend: rtl/fp16_vector_add.sv
Parsing SystemVerilog input from `rtl/fp16_vector_add.sv' to AST representation.
Generating RTLIL representation for module `\fp16_vector_add'.
Successfully finished Verilog frontend.

5. Executing Verilog-2005 frontend: rtl/pim_vector_alu.sv
Parsing SystemVerilog input from `rtl/pim_vector_alu.sv' to AST representation.
Generating RTLIL representation for module `\pim_vector_alu'.
Successfully finished Verilog frontend.

6. Executing Verilog-2005 frontend: rtl/pim_crf.sv
Parsing SystemVerilog input from `rtl/pim_crf.sv' to AST representation.
Generating RTLIL representation for module `\pim_crf'.
Warning: Replacing memory \memory with list of registers. See rtl/pim_crf.sv:53
Successfully finished Verilog frontend.

7. Executing Verilog-2005 frontend: rtl/dram_bank_array_model.sv
Parsing SystemVerilog input from `rtl/dram_bank_array_model.sv' to AST representation.
Generating RTLIL representation for module `\dram_bank_array_model'.
Warning: Replacing memory \memory with list of registers. See rtl/dram_bank_array_model.sv:172
Successfully finished Verilog frontend.

8. Executing Verilog-2005 frontend: rtl/bank_pim_core.sv
Parsing SystemVerilog input from `rtl/bank_pim_core.sv' to AST representation.
Generating RTLIL representation for module `\bank_pim_core'.
Warning: Replacing memory \grf_a with list of registers. See rtl/bank_pim_core.sv:124
Warning: Replacing memory \grf_b with list of registers. See rtl/bank_pim_core.sv:123
Successfully finished Verilog frontend.

9. Executing Verilog-2005 frontend: rtl/bank_side_pim_subsystem.sv
Parsing SystemVerilog input from `rtl/bank_side_pim_subsystem.sv' to AST representation.
Generating RTLIL representation for module `\bank_side_pim_subsystem'.
Successfully finished Verilog frontend.

10. Executing Verilog-2005 frontend: rtl/logic_die_link_arbiter.sv
Parsing SystemVerilog input from `rtl/logic_die_link_arbiter.sv' to AST representation.
Generating RTLIL representation for module `\logic_die_link_arbiter'.
Successfully finished Verilog frontend.

11. Executing Verilog-2005 frontend: rtl/channel_tsv_interconnect.sv
Parsing SystemVerilog input from `rtl/channel_tsv_interconnect.sv' to AST representation.
Generating RTLIL representation for module `\channel_tsv_interconnect'.
Successfully finished Verilog frontend.

12. Executing Verilog-2005 frontend: rtl/logic_epoch_barrier.sv
Parsing SystemVerilog input from `rtl/logic_epoch_barrier.sv' to AST representation.
Generating RTLIL representation for module `\logic_epoch_barrier'.
Successfully finished Verilog frontend.

13. Executing Verilog-2005 frontend: rtl/logic_shared_buffer.sv
Parsing SystemVerilog input from `rtl/logic_shared_buffer.sv' to AST representation.
Generating RTLIL representation for module `\logic_shared_buffer'.
Warning: Replacing memory \memory with list of registers. See rtl/logic_shared_buffer.sv:37
Successfully finished Verilog frontend.

14. Executing Verilog-2005 frontend: rtl/logic_pcu.sv
Parsing SystemVerilog input from `rtl/logic_pcu.sv' to AST representation.
Generating RTLIL representation for module `\logic_pcu'.
Successfully finished Verilog frontend.

15. Executing Verilog-2005 frontend: rtl/logic_pcu_scheduler.sv
Parsing SystemVerilog input from `rtl/logic_pcu_scheduler.sv' to AST representation.
Generating RTLIL representation for module `\logic_pcu_scheduler'.
Successfully finished Verilog frontend.

16. Executing Verilog-2005 frontend: rtl/logic_command_coalescer.sv
Parsing SystemVerilog input from `rtl/logic_command_coalescer.sv' to AST representation.
Generating RTLIL representation for module `\logic_command_coalescer'.
Warning: Replacing memory \expected_q with list of registers. See rtl/logic_command_coalescer.sv:85
Warning: Replacing memory \command_q with list of registers. See rtl/logic_command_coalescer.sv:84
Warning: Replacing memory \signature_q with list of registers. See rtl/logic_command_coalescer.sv:83
Warning: Replacing memory \ordinal_q with list of registers. See rtl/logic_command_coalescer.sv:82
Warning: Replacing memory \epoch_q with list of registers. See rtl/logic_command_coalescer.sv:81
Warning: Replacing memory \mask_q with list of registers. See rtl/logic_command_coalescer.sv:78
Successfully finished Verilog frontend.

17. Executing Verilog-2005 frontend: rtl/logic_operand_context_buffer.sv
Parsing SystemVerilog input from `rtl/logic_operand_context_buffer.sv' to AST representation.
Generating RTLIL representation for module `\logic_operand_context_buffer'.
Warning: Replacing memory \accum_q with list of registers. See rtl/logic_operand_context_buffer.sv:54
Warning: Replacing memory \src2_q with list of registers. See rtl/logic_operand_context_buffer.sv:53
Warning: Replacing memory \src1_q with list of registers. See rtl/logic_operand_context_buffer.sv:52
Warning: Replacing memory \src0_q with list of registers. See rtl/logic_operand_context_buffer.sv:51
Warning: Replacing memory \precision_q with list of registers. See rtl/logic_operand_context_buffer.sv:50
Warning: Replacing memory \tag_q with list of registers. See rtl/logic_operand_context_buffer.sv:49
Successfully finished Verilog frontend.

18. Executing Verilog-2005 frontend: rtl/cross_channel_reduction_network.sv
Parsing SystemVerilog input from `rtl/cross_channel_reduction_network.sv' to AST representation.
Generating RTLIL representation for module `\cross_channel_reduction_network'.
Successfully finished Verilog frontend.

19. Executing Verilog-2005 frontend: rtl/logic_result_router.sv
Parsing SystemVerilog input from `rtl/logic_result_router.sv' to AST representation.
Generating RTLIL representation for module `\logic_result_router'.
Successfully finished Verilog frontend.

20. Executing Verilog-2005 frontend: rtl/logic_die_pim_top.sv
Parsing SystemVerilog input from `rtl/logic_die_pim_top.sv' to AST representation.
Generating RTLIL representation for module `\logic_die_pim_top'.
Successfully finished Verilog frontend.

21. Executing Verilog-2005 frontend: rtl/fp16_rsqrt_lut256.sv
Parsing SystemVerilog input from `rtl/fp16_rsqrt_lut256.sv' to AST representation.
Generating RTLIL representation for module `\fp16_rsqrt_lut256'.
Successfully finished Verilog frontend.

22. Executing Verilog-2005 frontend: rtl/logic_normalization_scalar_engine.sv
Parsing SystemVerilog input from `rtl/logic_normalization_scalar_engine.sv' to AST representation.
Generating RTLIL representation for module `\logic_normalization_scalar_engine'.
Successfully finished Verilog frontend.

23. Executing Verilog-2005 frontend: rtl/logic_normalization_reduction_engine.sv
Parsing SystemVerilog input from `rtl/logic_normalization_reduction_engine.sv' to AST representation.
Generating RTLIL representation for module `\logic_normalization_reduction_engine'.
Successfully finished Verilog frontend.

24. Executing Verilog-2005 frontend: rtl/full_pim_system_top.sv
Parsing SystemVerilog input from `rtl/full_pim_system_top.sv' to AST representation.
Generating RTLIL representation for module `\full_pim_system_top'.
Successfully finished Verilog frontend.
Parameter \CHANNELS = 2
Parameter \BANKS = 4
Parameter \PIM_BLOCKS = 2
Parameter \PCUS = 2
Parameter \ROWS = 8
Parameter \COLS = 8
Parameter \DATA_WIDTH = 32

25. Executing AST frontend in derive mode using pre-parsed AST for module `\full_pim_system_top'.
Parameter \CHANNELS = 2
Parameter \BANKS = 4
Parameter \PIM_BLOCKS = 2
Parameter \PCUS = 2
Parameter \ROWS = 8
Parameter \COLS = 8
Parameter \DATA_WIDTH = 32
Generating RTLIL representation for module `$paramod$2283c9fe375897d20ef2626b3ae724a7daffe375\full_pim_system_top'.

26. Executing HIERARCHY pass (managing design hierarchy).

26.1. Analyzing design hierarchy..
Top module:  \full_pim_system_top
Used module:     \logic_die_link_arbiter
Used module:     \logic_die_pim_top
Used module:         \cross_channel_reduction_network
Used module:             \fp16_vector_add
Used module:                 \fp16_add
Used module:         \logic_pcu_scheduler
Used module:             \logic_pcu
Used module:                 \pim_vector_alu
Used module:                     \fp16_mul
Used module:         \logic_operand_context_buffer
Used module:         \logic_shared_buffer
Used module:         \logic_epoch_barrier
Used module:         \logic_command_coalescer
Used module:     \channel_tsv_interconnect
Used module:     \logic_result_router
Used module:     \logic_normalization_reduction_engine
Used module:         \logic_normalization_scalar_engine
Used module:             \fp16_rsqrt_lut256
Used module:     \bank_side_pim_subsystem
Used module:         \bank_pim_core
Used module:             \pim_command_decoder
Used module:         \pim_crf
Used module:         \dram_bank_array_model
Parameter \DATA_WIDTH = 256

26.2. Executing AST frontend in derive mode using pre-parsed AST for module `\pim_vector_alu'.
Parameter \DATA_WIDTH = 256
Generating RTLIL representation for module `$paramod\pim_vector_alu\DATA_WIDTH=32'00000000000000000000000100000000'.
Parameter \DATA_WIDTH = 256
Parameter \KEY_WIDTH = 32

26.3. Executing AST frontend in derive mode using pre-parsed AST for module `\bank_pim_core'.
Parameter \DATA_WIDTH = 256
Parameter \KEY_WIDTH = 32
Generating RTLIL representation for module `$paramod$0173170335c8e8bebcbd70c23aec370f5341a683\bank_pim_core'.
Warning: Replacing memory \grf_a with list of registers. See rtl/bank_pim_core.sv:124
Warning: Replacing memory \grf_b with list of registers. See rtl/bank_pim_core.sv:123
Parameter \DATA_WIDTH = 256
Parameter \KEY_WIDTH = 32
Found cached RTLIL representation for module `$paramod$0173170335c8e8bebcbd70c23aec370f5341a683\bank_pim_core'.
Parameter \DATA_WIDTH = 256
Parameter \KEY_WIDTH = 32
Found cached RTLIL representation for module `$paramod$0173170335c8e8bebcbd70c23aec370f5341a683\bank_pim_core'.
Parameter \DATA_WIDTH = 256
Parameter \KEY_WIDTH = 32
Found cached RTLIL representation for module `$paramod$0173170335c8e8bebcbd70c23aec370f5341a683\bank_pim_core'.
Parameter \DATA_WIDTH = 256
Parameter \KEY_WIDTH = 32
Found cached RTLIL representation for module `$paramod$0173170335c8e8bebcbd70c23aec370f5341a683\bank_pim_core'.
Parameter \DATA_WIDTH = 256
Parameter \KEY_WIDTH = 32
Found cached RTLIL representation for module `$paramod$0173170335c8e8bebcbd70c23aec370f5341a683\bank_pim_core'.
Parameter \DATA_WIDTH = 256
Parameter \KEY_WIDTH = 32
Found cached RTLIL representation for module `$paramod$0173170335c8e8bebcbd70c23aec370f5341a683\bank_pim_core'.
Parameter \DATA_WIDTH = 256
Parameter \KEY_WIDTH = 32
Found cached RTLIL representation for module `$paramod$0173170335c8e8bebcbd70c23aec370f5341a683\bank_pim_core'.
Parameter \DEPTH = 32

26.4. Executing AST frontend in derive mode using pre-parsed AST for module `\pim_crf'.
Parameter \DEPTH = 32
Generating RTLIL representation for module `$paramod\pim_crf\DEPTH=32'00000000000000000000000000100000'.
Warning: Replacing memory \memory with list of registers. See rtl/pim_crf.sv:53
Parameter \BANKS = 16
Parameter \ROWS = 32
Parameter \COLS = 8
Parameter \DATA_WIDTH = 256
Parameter \PIM_READ_PORTS = 16

26.5. Executing AST frontend in derive mode using pre-parsed AST for module `\dram_bank_array_model'.
Parameter \BANKS = 16
Parameter \ROWS = 32
Parameter \COLS = 8
Parameter \DATA_WIDTH = 256
Parameter \PIM_READ_PORTS = 16
Generating RTLIL representation for module `$paramod$7f1e781518b42735fa691e74eb2e35b90a74e2e1\dram_bank_array_model'.
Warning: Replacing memory \memory with list of registers. See rtl/dram_bank_array_model.sv:172
Parameter \DATA_WIDTH = 256
Found cached RTLIL representation for module `$paramod\pim_vector_alu\DATA_WIDTH=32'00000000000000000000000100000000'.
Parameter \DATA_WIDTH = 256
Parameter \TAG_WIDTH = 64
Parameter \LATENCY = 2

26.6. Executing AST frontend in derive mode using pre-parsed AST for module `\logic_pcu'.
Parameter \DATA_WIDTH = 256
Parameter \TAG_WIDTH = 64
Parameter \LATENCY = 2
Generating RTLIL representation for module `$paramod$8df5c849c2588b798e9d030949a27f4e3d201c9f\logic_pcu'.
Parameter \DATA_WIDTH = 256
Parameter \TAG_WIDTH = 64
Parameter \LATENCY = 2
Found cached RTLIL representation for module `$paramod$8df5c849c2588b798e9d030949a27f4e3d201c9f\logic_pcu'.
Parameter \DATA_WIDTH = 256
Parameter \TAG_WIDTH = 64
Parameter \LATENCY = 2
Found cached RTLIL representation for module `$paramod$8df5c849c2588b798e9d030949a27f4e3d201c9f\logic_pcu'.
Parameter \DATA_WIDTH = 256
Parameter \TAG_WIDTH = 64
Parameter \LATENCY = 2
Found cached RTLIL representation for module `$paramod$8df5c849c2588b798e9d030949a27f4e3d201c9f\logic_pcu'.
Parameter \DATA_WIDTH = 256
Parameter \TAG_WIDTH = 64
Parameter \LATENCY = 2
Found cached RTLIL representation for module `$paramod$8df5c849c2588b798e9d030949a27f4e3d201c9f\logic_pcu'.
Parameter \DATA_WIDTH = 256
Parameter \TAG_WIDTH = 64
Parameter \LATENCY = 2
Found cached RTLIL representation for module `$paramod$8df5c849c2588b798e9d030949a27f4e3d201c9f\logic_pcu'.
Parameter \DATA_WIDTH = 256
Parameter \TAG_WIDTH = 64
Parameter \LATENCY = 2
Found cached RTLIL representation for module `$paramod$8df5c849c2588b798e9d030949a27f4e3d201c9f\logic_pcu'.
Parameter \DATA_WIDTH = 256
Parameter \TAG_WIDTH = 64
Parameter \LATENCY = 2
Found cached RTLIL representation for module `$paramod$8df5c849c2588b798e9d030949a27f4e3d201c9f\logic_pcu'.
Parameter \DATA_WIDTH = 256
Parameter \TAG_WIDTH = 64
Parameter \LATENCY = 2
Found cached RTLIL representation for module `$paramod$8df5c849c2588b798e9d030949a27f4e3d201c9f\logic_pcu'.
Parameter \DATA_WIDTH = 256
Parameter \TAG_WIDTH = 64
Parameter \LATENCY = 2
Found cached RTLIL representation for module `$paramod$8df5c849c2588b798e9d030949a27f4e3d201c9f\logic_pcu'.
Parameter \DATA_WIDTH = 256
Parameter \TAG_WIDTH = 64
Parameter \LATENCY = 2
Found cached RTLIL representation for module `$paramod$8df5c849c2588b798e9d030949a27f4e3d201c9f\logic_pcu'.
Parameter \DATA_WIDTH = 256
Parameter \TAG_WIDTH = 64
Parameter \LATENCY = 2
Found cached RTLIL representation for module `$paramod$8df5c849c2588b798e9d030949a27f4e3d201c9f\logic_pcu'.
Parameter \DATA_WIDTH = 256
Parameter \TAG_WIDTH = 64
Parameter \LATENCY = 2
Found cached RTLIL representation for module `$paramod$8df5c849c2588b798e9d030949a27f4e3d201c9f\logic_pcu'.
Parameter \DATA_WIDTH = 256
Parameter \TAG_WIDTH = 64
Parameter \LATENCY = 2
Found cached RTLIL representation for module `$paramod$8df5c849c2588b798e9d030949a27f4e3d201c9f\logic_pcu'.
Parameter \DATA_WIDTH = 256
Parameter \TAG_WIDTH = 64
Parameter \LATENCY = 2
Found cached RTLIL representation for module `$paramod$8df5c849c2588b798e9d030949a27f4e3d201c9f\logic_pcu'.
Parameter \DATA_WIDTH = 256
Parameter \TAG_WIDTH = 64
Parameter \LATENCY = 2
Found cached RTLIL representation for module `$paramod$8df5c849c2588b798e9d030949a27f4e3d201c9f\logic_pcu'.
Parameter \LANES = 16

26.7. Executing AST frontend in derive mode using pre-parsed AST for module `\fp16_vector_add'.
Parameter \LANES = 16
Generating RTLIL representation for module `$paramod\fp16_vector_add\LANES=32'00000000000000000000000000010000'.
Parameter \LANES = 16
Found cached RTLIL representation for module `$paramod\fp16_vector_add\LANES=32'00000000000000000000000000010000'.
Parameter \LANES = 16
Found cached RTLIL representation for module `$paramod\fp16_vector_add\LANES=32'00000000000000000000000000010000'.
Parameter \LANES = 16
Found cached RTLIL representation for module `$paramod\fp16_vector_add\LANES=32'00000000000000000000000000010000'.
Parameter \LANES = 16
Found cached RTLIL representation for module `$paramod\fp16_vector_add\LANES=32'00000000000000000000000000010000'.
Parameter \LANES = 16
Found cached RTLIL representation for module `$paramod\fp16_vector_add\LANES=32'00000000000000000000000000010000'.
Parameter \LANES = 16
Found cached RTLIL representation for module `$paramod\fp16_vector_add\LANES=32'00000000000000000000000000010000'.
Parameter \LANES = 16
Found cached RTLIL representation for module `$paramod\fp16_vector_add\LANES=32'00000000000000000000000000010000'.
Parameter \LANES = 16
Found cached RTLIL representation for module `$paramod\fp16_vector_add\LANES=32'00000000000000000000000000010000'.
Parameter \LANES = 16
Found cached RTLIL representation for module `$paramod\fp16_vector_add\LANES=32'00000000000000000000000000010000'.
Parameter \LANES = 16
Found cached RTLIL representation for module `$paramod\fp16_vector_add\LANES=32'00000000000000000000000000010000'.
Parameter \LANES = 16
Found cached RTLIL representation for module `$paramod\fp16_vector_add\LANES=32'00000000000000000000000000010000'.
Parameter \LANES = 16
Found cached RTLIL representation for module `$paramod\fp16_vector_add\LANES=32'00000000000000000000000000010000'.
Parameter \LANES = 16
Found cached RTLIL representation for module `$paramod\fp16_vector_add\LANES=32'00000000000000000000000000010000'.
Parameter \LANES = 16
Found cached RTLIL representation for module `$paramod\fp16_vector_add\LANES=32'00000000000000000000000000010000'.
Parameter \LANES = 16
Found cached RTLIL representation for module `$paramod\fp16_vector_add\LANES=32'00000000000000000000000000010000'.
Parameter \CHANNELS = 64
Parameter \PORTS = 16
Parameter \DATA_WIDTH = 256
Parameter \KEY_WIDTH = 64

26.8. Executing AST frontend in derive mode using pre-parsed AST for module `\cross_channel_reduction_network'.
Parameter \CHANNELS = 64
Parameter \PORTS = 16
Parameter \DATA_WIDTH = 256
Parameter \KEY_WIDTH = 64
Generating RTLIL representation for module `$paramod$967636fc275e85cb3cee218b4f566deea71e0f8b\cross_channel_reduction_network'.
Parameter \PCUS = 16
Parameter \ISSUE_PORTS = 16
Parameter \DATA_WIDTH = 256
Parameter \TAG_WIDTH = 70
Parameter \LATENCY = 2

26.9. Executing AST frontend in derive mode using pre-parsed AST for module `\logic_pcu_scheduler'.
Parameter \PCUS = 16
Parameter \ISSUE_PORTS = 16
Parameter \DATA_WIDTH = 256
Parameter \TAG_WIDTH = 70
Parameter \LATENCY = 2
Generating RTLIL representation for module `$paramod$60842b71a64cf55c7b2253e2b3c62844e770a631\logic_pcu_scheduler'.
Parameter \CHANNELS = 64
Parameter \DATA_WIDTH = 256
Parameter \TAG_WIDTH = 64

26.10. Executing AST frontend in derive mode using pre-parsed AST for module `\logic_operand_context_buffer'.
Parameter \CHANNELS = 64
Parameter \DATA_WIDTH = 256
Parameter \TAG_WIDTH = 64
Generating RTLIL representation for module `$paramod$8892d770deed9d55c2fbb9e42be648281ca47082\logic_operand_context_buffer'.
Warning: Replacing memory \accum_q with list of registers. See rtl/logic_operand_context_buffer.sv:54
Warning: Replacing memory \src2_q with list of registers. See rtl/logic_operand_context_buffer.sv:53
Warning: Replacing memory \src1_q with list of registers. See rtl/logic_operand_context_buffer.sv:52
Warning: Replacing memory \src0_q with list of registers. See rtl/logic_operand_context_buffer.sv:51
Warning: Replacing memory \precision_q with list of registers. See rtl/logic_operand_context_buffer.sv:50
Warning: Replacing memory \tag_q with list of registers. See rtl/logic_operand_context_buffer.sv:49
Parameter \DATA_WIDTH = 256
Parameter \BYTES = 65536

26.11. Executing AST frontend in derive mode using pre-parsed AST for module `\logic_shared_buffer'.
Parameter \DATA_WIDTH = 256
Parameter \BYTES = 65536
Generating RTLIL representation for module `$paramod$a5cdb8f15b66887d1fd8536d46a0dc5ad96ef1fa\logic_shared_buffer'.
Warning: Replacing memory \memory with list of registers. See rtl/logic_shared_buffer.sv:37
Parameter \CHANNELS = 64
Parameter \EPOCH_WIDTH = 16

26.12. Executing AST frontend in derive mode using pre-parsed AST for module `\logic_epoch_barrier'.
Parameter \CHANNELS = 64
Parameter \EPOCH_WIDTH = 16
Generating RTLIL representation for module `$paramod$bd1b89e712fe4e650bd6086085d8ccf47060cb19\logic_epoch_barrier'.
Parameter \CHANNELS = 64

26.13. Executing AST frontend in derive mode using pre-parsed AST for module `\logic_command_coalescer'.
Parameter \CHANNELS = 64
Generating RTLIL representation for module `$paramod\logic_command_coalescer\CHANNELS=32'00000000000000000000000001000000'.
Warning: Replacing memory \expected_q with list of registers. See rtl/logic_command_coalescer.sv:85
Warning: Replacing memory \command_q with list of registers. See rtl/logic_command_coalescer.sv:84
Warning: Replacing memory \signature_q with list of registers. See rtl/logic_command_coalescer.sv:83
Warning: Replacing memory \ordinal_q with list of registers. See rtl/logic_command_coalescer.sv:82
Warning: Replacing memory \epoch_q with list of registers. See rtl/logic_command_coalescer.sv:81
Warning: Replacing memory \mask_q with list of registers. See rtl/logic_command_coalescer.sv:78
Parameter \TAG_WIDTH = 16

26.14. Executing AST frontend in derive mode using pre-parsed AST for module `\logic_normalization_scalar_engine'.
Parameter \TAG_WIDTH = 16
Generating RTLIL representation for module `$paramod\logic_normalization_scalar_engine\TAG_WIDTH=32'00000000000000000000000000010000'.
Parameter \INPUTS = 2
Parameter \KEY_WIDTH = 32
Parameter \DATA_WIDTH = 32
Parameter \INDEX_WIDTH = 1

26.15. Executing AST frontend in derive mode using pre-parsed AST for module `\logic_die_link_arbiter'.
Parameter \INPUTS = 2
Parameter \KEY_WIDTH = 32
Parameter \DATA_WIDTH = 32
Parameter \INDEX_WIDTH = 1
Generating RTLIL representation for module `$paramod$25ced63ebdd5e20177224cf05b0c7074704db774\logic_die_link_arbiter'.
Parameter \CHANNELS = 2
Parameter \PCUS = 2
Parameter \DATA_WIDTH = 32
Parameter \TAG_WIDTH = 64
Parameter \WEIGHT_BUFFER_BYTES = 65536

26.16. Executing AST frontend in derive mode using pre-parsed AST for module `\logic_die_pim_top'.
Parameter \CHANNELS = 2
Parameter \PCUS = 2
Parameter \DATA_WIDTH = 32
Parameter \TAG_WIDTH = 64
Parameter \WEIGHT_BUFFER_BYTES = 65536
Generating RTLIL representation for module `$paramod$e43593db113059f515c9e3741f8cd1d5014553ca\logic_die_pim_top'.
Parameter \CHANNELS = 2
Parameter \LANES = 2
Parameter \DATA_WIDTH = 32
Parameter \KEY_WIDTH = 32

26.17. Executing AST frontend in derive mode using pre-parsed AST for module `\channel_tsv_interconnect'.
Parameter \CHANNELS = 2
Parameter \LANES = 2
Parameter \DATA_WIDTH = 32
Parameter \KEY_WIDTH = 32
Generating RTLIL representation for module `$paramod$b25b56a6c9e5d1321f547b0904946b323a53a845\channel_tsv_interconnect'.
Parameter \KEY_WIDTH = 64
Parameter \DATA_WIDTH = 32

26.18. Executing AST frontend in derive mode using pre-parsed AST for module `\logic_result_router'.
Parameter \KEY_WIDTH = 64
Parameter \DATA_WIDTH = 32
Generating RTLIL representation for module `$paramod$c768e45bf9a720775a46d47fd69db7493d689a05\logic_result_router'.
Parameter \BANKS = 4
Parameter \TAG_WIDTH = 64

26.19. Executing AST frontend in derive mode using pre-parsed AST for module `\logic_normalization_reduction_engine'.
Parameter \BANKS = 4
Parameter \TAG_WIDTH = 64
Generating RTLIL representation for module `$paramod$0969f5361128e6c60c37eb2be07b785e967548d8\logic_normalization_reduction_engine'.
Parameter \BANKS = 4
Parameter \PIM_BLOCKS = 2
Parameter \ROWS = 8
Parameter \COLS = 8
Parameter \DATA_WIDTH = 32
Parameter \KEY_WIDTH = 32
Parameter \CRF_DEPTH = 32

26.20. Executing AST frontend in derive mode using pre-parsed AST for module `\bank_side_pim_subsystem'.
Parameter \BANKS = 4
Parameter \PIM_BLOCKS = 2
Parameter \ROWS = 8
Parameter \COLS = 8
Parameter \DATA_WIDTH = 32
Parameter \KEY_WIDTH = 32
Parameter \CRF_DEPTH = 32
Generating RTLIL representation for module `$paramod$8fc700b66a09b74ebe3f7bc3a5e43266b2ede644\bank_side_pim_subsystem'.
Parameter \INPUTS = 2
Parameter \KEY_WIDTH = 32
Parameter \DATA_WIDTH = 32

26.21. Executing AST frontend in derive mode using pre-parsed AST for module `\logic_die_link_arbiter'.
Parameter \INPUTS = 2
Parameter \KEY_WIDTH = 32
Parameter \DATA_WIDTH = 32
Generating RTLIL representation for module `$paramod$be368e01a3c89cc900f934e16c25bb89cbdbb5e0\logic_die_link_arbiter'.
Parameter \BANKS = 4
Parameter \PIM_BLOCKS = 2
Parameter \ROWS = 8
Parameter \COLS = 8
Parameter \DATA_WIDTH = 32
Parameter \KEY_WIDTH = 32
Parameter \CRF_DEPTH = 32
Found cached RTLIL representation for module `$paramod$8fc700b66a09b74ebe3f7bc3a5e43266b2ede644\bank_side_pim_subsystem'.
Parameter \INPUTS = 2
Parameter \KEY_WIDTH = 32
Parameter \DATA_WIDTH = 32
Found cached RTLIL representation for module `$paramod$be368e01a3c89cc900f934e16c25bb89cbdbb5e0\logic_die_link_arbiter'.
Reprocessing module full_pim_system_top because instantiated module $paramod$25ced63ebdd5e20177224cf05b0c7074704db774\logic_die_link_arbiter has become available.
Generating RTLIL representation for module `$paramod$2283c9fe375897d20ef2626b3ae724a7daffe375\full_pim_system_top'.

26.22. Analyzing design hierarchy..
Top module:  $paramod$2283c9fe375897d20ef2626b3ae724a7daffe375\full_pim_system_top
Used module:     \logic_die_link_arbiter
Used module:     \bank_side_pim_subsystem
Used module:         $paramod$0173170335c8e8bebcbd70c23aec370f5341a683\bank_pim_core
Used module:             \pim_vector_alu
Used module:                 \fp16_add
Used module:                 \fp16_mul
Used module:             \pim_command_decoder
Used module:         $paramod\pim_crf\DEPTH=32'00000000000000000000000000100000
Used module:         $paramod$7f1e781518b42735fa691e74eb2e35b90a74e2e1\dram_bank_array_model
Used module:     \logic_normalization_reduction_engine
Used module:         $paramod\logic_normalization_scalar_engine\TAG_WIDTH=32'00000000000000000000000000010000
Used module:             \fp16_rsqrt_lut256
Used module:     \logic_result_router
Used module:     \channel_tsv_interconnect
Used module:     \logic_die_pim_top
Used module:         $paramod$967636fc275e85cb3cee218b4f566deea71e0f8b\cross_channel_reduction_network
Used module:             \fp16_vector_add
Used module:         $paramod$60842b71a64cf55c7b2253e2b3c62844e770a631\logic_pcu_scheduler
Used module:             \logic_pcu
Used module:                 $paramod\pim_vector_alu\DATA_WIDTH=32'00000000000000000000000100000000
Used module:         $paramod$8892d770deed9d55c2fbb9e42be648281ca47082\logic_operand_context_buffer
Used module:         $paramod$a5cdb8f15b66887d1fd8536d46a0dc5ad96ef1fa\logic_shared_buffer
Used module:         $paramod$bd1b89e712fe4e650bd6086085d8ccf47060cb19\logic_epoch_barrier
Used module:         $paramod\logic_command_coalescer\CHANNELS=32'00000000000000000000000001000000
Parameter \DATA_WIDTH = 256
Found cached RTLIL representation for module `$paramod\pim_vector_alu\DATA_WIDTH=32'00000000000000000000000100000000'.
Parameter \LANES = 16
Found cached RTLIL representation for module `$paramod\fp16_vector_add\LANES=32'00000000000000000000000000010000'.
Parameter \LANES = 16
Found cached RTLIL representation for module `$paramod\fp16_vector_add\LANES=32'00000000000000000000000000010000'.
Parameter \LANES = 16
Found cached RTLIL representation for module `$paramod\fp16_vector_add\LANES=32'00000000000000000000000000010000'.
Parameter \LANES = 16
Found cached RTLIL representation for module `$paramod\fp16_vector_add\LANES=32'00000000000000000000000000010000'.
Parameter \LANES = 16
Found cached RTLIL representation for module `$paramod\fp16_vector_add\LANES=32'00000000000000000000000000010000'.
Parameter \LANES = 16
Found cached RTLIL representation for module `$paramod\fp16_vector_add\LANES=32'00000000000000000000000000010000'.
Parameter \LANES = 16
Found cached RTLIL representation for module `$paramod\fp16_vector_add\LANES=32'00000000000000000000000000010000'.
Parameter \LANES = 16
Found cached RTLIL representation for module `$paramod\fp16_vector_add\LANES=32'00000000000000000000000000010000'.
Parameter \LANES = 16
Found cached RTLIL representation for module `$paramod\fp16_vector_add\LANES=32'00000000000000000000000000010000'.
Parameter \LANES = 16
Found cached RTLIL representation for module `$paramod\fp16_vector_add\LANES=32'00000000000000000000000000010000'.
Parameter \LANES = 16
Found cached RTLIL representation for module `$paramod\fp16_vector_add\LANES=32'00000000000000000000000000010000'.
Parameter \LANES = 16
Found cached RTLIL representation for module `$paramod\fp16_vector_add\LANES=32'00000000000000000000000000010000'.
Parameter \LANES = 16
Found cached RTLIL representation for module `$paramod\fp16_vector_add\LANES=32'00000000000000000000000000010000'.
Parameter \LANES = 16
Found cached RTLIL representation for module `$paramod\fp16_vector_add\LANES=32'00000000000000000000000000010000'.
Parameter \LANES = 16
Found cached RTLIL representation for module `$paramod\fp16_vector_add\LANES=32'00000000000000000000000000010000'.
Parameter \LANES = 16
Found cached RTLIL representation for module `$paramod\fp16_vector_add\LANES=32'00000000000000000000000000010000'.
Parameter \DATA_WIDTH = 256
Parameter \TAG_WIDTH = 70
Parameter \LATENCY = 2

26.23. Executing AST frontend in derive mode using pre-parsed AST for module `\logic_pcu'.
Parameter \DATA_WIDTH = 256
Parameter \TAG_WIDTH = 70
Parameter \LATENCY = 2
Generating RTLIL representation for module `$paramod$ba9264e8cf235005be4f552b922b0265c511bc6f\logic_pcu'.
Parameter \DATA_WIDTH = 256
Parameter \TAG_WIDTH = 70
Parameter \LATENCY = 2
Found cached RTLIL representation for module `$paramod$ba9264e8cf235005be4f552b922b0265c511bc6f\logic_pcu'.
Parameter \DATA_WIDTH = 256
Parameter \TAG_WIDTH = 70
Parameter \LATENCY = 2
Found cached RTLIL representation for module `$paramod$ba9264e8cf235005be4f552b922b0265c511bc6f\logic_pcu'.
Parameter \DATA_WIDTH = 256
Parameter \TAG_WIDTH = 70
Parameter \LATENCY = 2
Found cached RTLIL representation for module `$paramod$ba9264e8cf235005be4f552b922b0265c511bc6f\logic_pcu'.
Parameter \DATA_WIDTH = 256
Parameter \TAG_WIDTH = 70
Parameter \LATENCY = 2
Found cached RTLIL representation for module `$paramod$ba9264e8cf235005be4f552b922b0265c511bc6f\logic_pcu'.
Parameter \DATA_WIDTH = 256
Parameter \TAG_WIDTH = 70
Parameter \LATENCY = 2
Found cached RTLIL representation for module `$paramod$ba9264e8cf235005be4f552b922b0265c511bc6f\logic_pcu'.
Parameter \DATA_WIDTH = 256
Parameter \TAG_WIDTH = 70
Parameter \LATENCY = 2
Found cached RTLIL representation for module `$paramod$ba9264e8cf235005be4f552b922b0265c511bc6f\logic_pcu'.
Parameter \DATA_WIDTH = 256
Parameter \TAG_WIDTH = 70
Parameter \LATENCY = 2
Found cached RTLIL representation for module `$paramod$ba9264e8cf235005be4f552b922b0265c511bc6f\logic_pcu'.
Parameter \DATA_WIDTH = 256
Parameter \TAG_WIDTH = 70
Parameter \LATENCY = 2
Found cached RTLIL representation for module `$paramod$ba9264e8cf235005be4f552b922b0265c511bc6f\logic_pcu'.
Parameter \DATA_WIDTH = 256
Parameter \TAG_WIDTH = 70
Parameter \LATENCY = 2
Found cached RTLIL representation for module `$paramod$ba9264e8cf235005be4f552b922b0265c511bc6f\logic_pcu'.
Parameter \DATA_WIDTH = 256
Parameter \TAG_WIDTH = 70
Parameter \LATENCY = 2
Found cached RTLIL representation for module `$paramod$ba9264e8cf235005be4f552b922b0265c511bc6f\logic_pcu'.
Parameter \DATA_WIDTH = 256
Parameter \TAG_WIDTH = 70
Parameter \LATENCY = 2
Found cached RTLIL representation for module `$paramod$ba9264e8cf235005be4f552b922b0265c511bc6f\logic_pcu'.
Parameter \DATA_WIDTH = 256
Parameter \TAG_WIDTH = 70
Parameter \LATENCY = 2
Found cached RTLIL representation for module `$paramod$ba9264e8cf235005be4f552b922b0265c511bc6f\logic_pcu'.
Parameter \DATA_WIDTH = 256
Parameter \TAG_WIDTH = 70
Parameter \LATENCY = 2
Found cached RTLIL representation for module `$paramod$ba9264e8cf235005be4f552b922b0265c511bc6f\logic_pcu'.
Parameter \DATA_WIDTH = 256
Parameter \TAG_WIDTH = 70
Parameter \LATENCY = 2
Found cached RTLIL representation for module `$paramod$ba9264e8cf235005be4f552b922b0265c511bc6f\logic_pcu'.
Parameter \DATA_WIDTH = 256
Parameter \TAG_WIDTH = 70
Parameter \LATENCY = 2
Found cached RTLIL representation for module `$paramod$ba9264e8cf235005be4f552b922b0265c511bc6f\logic_pcu'.
Parameter \INPUTS = 2
Parameter \KEY_WIDTH = 32
Parameter \DATA_WIDTH = 32
Found cached RTLIL representation for module `$paramod$be368e01a3c89cc900f934e16c25bb89cbdbb5e0\logic_die_link_arbiter'.
Parameter \BANKS = 4
Parameter \PIM_BLOCKS = 2
Parameter \ROWS = 8
Parameter \COLS = 8
Parameter \DATA_WIDTH = 32
Parameter \KEY_WIDTH = 32
Parameter \CRF_DEPTH = 32
Found cached RTLIL representation for module `$paramod$8fc700b66a09b74ebe3f7bc3a5e43266b2ede644\bank_side_pim_subsystem'.
Parameter \INPUTS = 2
Parameter \KEY_WIDTH = 32
Parameter \DATA_WIDTH = 32
Found cached RTLIL representation for module `$paramod$be368e01a3c89cc900f934e16c25bb89cbdbb5e0\logic_die_link_arbiter'.
Parameter \BANKS = 4
Parameter \PIM_BLOCKS = 2
Parameter \ROWS = 8
Parameter \COLS = 8
Parameter \DATA_WIDTH = 32
Parameter \KEY_WIDTH = 32
Parameter \CRF_DEPTH = 32
Found cached RTLIL representation for module `$paramod$8fc700b66a09b74ebe3f7bc3a5e43266b2ede644\bank_side_pim_subsystem'.
Parameter \BANKS = 4
Parameter \TAG_WIDTH = 64
Found cached RTLIL representation for module `$paramod$0969f5361128e6c60c37eb2be07b785e967548d8\logic_normalization_reduction_engine'.
Parameter \KEY_WIDTH = 64
Parameter \DATA_WIDTH = 32
Found cached RTLIL representation for module `$paramod$c768e45bf9a720775a46d47fd69db7493d689a05\logic_result_router'.
Parameter \CHANNELS = 2
Parameter \LANES = 2
Parameter \DATA_WIDTH = 32
Parameter \KEY_WIDTH = 32
Found cached RTLIL representation for module `$paramod$b25b56a6c9e5d1321f547b0904946b323a53a845\channel_tsv_interconnect'.
Parameter \CHANNELS = 2
Parameter \PCUS = 2
Parameter \DATA_WIDTH = 32
Parameter \TAG_WIDTH = 64
Parameter \WEIGHT_BUFFER_BYTES = 65536
Found cached RTLIL representation for module `$paramod$e43593db113059f515c9e3741f8cd1d5014553ca\logic_die_pim_top'.
Parameter \INPUTS = 2
Parameter \KEY_WIDTH = 32
Parameter \DATA_WIDTH = 32
Parameter \INDEX_WIDTH = 1
Found cached RTLIL representation for module `$paramod$25ced63ebdd5e20177224cf05b0c7074704db774\logic_die_link_arbiter'.

26.24. Analyzing design hierarchy..
Top module:  $paramod$2283c9fe375897d20ef2626b3ae724a7daffe375\full_pim_system_top
Used module:     $paramod$be368e01a3c89cc900f934e16c25bb89cbdbb5e0\logic_die_link_arbiter
Used module:     $paramod$8fc700b66a09b74ebe3f7bc3a5e43266b2ede644\bank_side_pim_subsystem
Used module:         \bank_pim_core
Used module:             $paramod\pim_vector_alu\DATA_WIDTH=32'00000000000000000000000100000000
Used module:                 \fp16_add
Used module:                 \fp16_mul
Used module:             \pim_command_decoder
Used module:         \pim_crf
Used module:         \dram_bank_array_model
Used module:     $paramod$0969f5361128e6c60c37eb2be07b785e967548d8\logic_normalization_reduction_engine
Used module:         \logic_normalization_scalar_engine
Used module:             \fp16_rsqrt_lut256
Used module:     $paramod$c768e45bf9a720775a46d47fd69db7493d689a05\logic_result_router
Used module:     $paramod$b25b56a6c9e5d1321f547b0904946b323a53a845\channel_tsv_interconnect
Used module:     $paramod$e43593db113059f515c9e3741f8cd1d5014553ca\logic_die_pim_top
Used module:         \cross_channel_reduction_network
Used module:             $paramod\fp16_vector_add\LANES=32'00000000000000000000000000010000
Used module:         \logic_pcu_scheduler
Used module:             $paramod$8df5c849c2588b798e9d030949a27f4e3d201c9f\logic_pcu
Used module:                 \pim_vector_alu
Used module:         \logic_operand_context_buffer
Used module:         \logic_shared_buffer
Used module:         \logic_epoch_barrier
Used module:         \logic_command_coalescer
Used module:     $paramod$25ced63ebdd5e20177224cf05b0c7074704db774\logic_die_link_arbiter
Parameter \DATA_WIDTH = 256
Found cached RTLIL representation for module `$paramod\pim_vector_alu\DATA_WIDTH=32'00000000000000000000000100000000'.
Parameter \CHANNELS = 2
Parameter \PORTS = 2
Parameter \DATA_WIDTH = 32
Parameter \KEY_WIDTH = 64

26.25. Executing AST frontend in derive mode using pre-parsed AST for module `\cross_channel_reduction_network'.
Parameter \CHANNELS = 2
Parameter \PORTS = 2
Parameter \DATA_WIDTH = 32
Parameter \KEY_WIDTH = 64
Generating RTLIL representation for module `$paramod$57fbb930133b78ee8ac5a60f58e4be8213379667\cross_channel_reduction_network'.
Parameter \PCUS = 2
Parameter \ISSUE_PORTS = 2
Parameter \DATA_WIDTH = 32
Parameter \TAG_WIDTH = 65
Parameter \LATENCY = 2

26.26. Executing AST frontend in derive mode using pre-parsed AST for module `\logic_pcu_scheduler'.
Parameter \PCUS = 2
Parameter \ISSUE_PORTS = 2
Parameter \DATA_WIDTH = 32
Parameter \TAG_WIDTH = 65
Parameter \LATENCY = 2
Generating RTLIL representation for module `$paramod$4fa27ff51b8f75c87fd472a3fe7ae77ac409e7d7\logic_pcu_scheduler'.
Parameter \CHANNELS = 2
Parameter \DATA_WIDTH = 32
Parameter \TAG_WIDTH = 64

26.27. Executing AST frontend in derive mode using pre-parsed AST for module `\logic_operand_context_buffer'.
Parameter \CHANNELS = 2
Parameter \DATA_WIDTH = 32
Parameter \TAG_WIDTH = 64
Generating RTLIL representation for module `$paramod$5eb42153514ecf08a7d794c60a7b8ddca4dff7e0\logic_operand_context_buffer'.
Warning: Replacing memory \accum_q with list of registers. See rtl/logic_operand_context_buffer.sv:54
Warning: Replacing memory \src2_q with list of registers. See rtl/logic_operand_context_buffer.sv:53
Warning: Replacing memory \src1_q with list of registers. See rtl/logic_operand_context_buffer.sv:52
Warning: Replacing memory \src0_q with list of registers. See rtl/logic_operand_context_buffer.sv:51
Warning: Replacing memory \precision_q with list of registers. See rtl/logic_operand_context_buffer.sv:50
Warning: Replacing memory \tag_q with list of registers. See rtl/logic_operand_context_buffer.sv:49
Parameter \DATA_WIDTH = 32
Parameter \BYTES = 65536

26.28. Executing AST frontend in derive mode using pre-parsed AST for module `\logic_shared_buffer'.
Parameter \DATA_WIDTH = 32
Parameter \BYTES = 65536
Generating RTLIL representation for module `$paramod$1d15bc0cc9e3a5aa77f5f04499f2a360a24c0e6c\logic_shared_buffer'.
Warning: Replacing memory \memory with list of registers. See rtl/logic_shared_buffer.sv:37
Parameter \CHANNELS = 2
Parameter \EPOCH_WIDTH = 16

26.29. Executing AST frontend in derive mode using pre-parsed AST for module `\logic_epoch_barrier'.
Parameter \CHANNELS = 2
Parameter \EPOCH_WIDTH = 16
Generating RTLIL representation for module `$paramod$5637ef7a3d61a250ee5a4c068e440d2f431e5bc4\logic_epoch_barrier'.
Parameter \CHANNELS = 2

26.30. Executing AST frontend in derive mode using pre-parsed AST for module `\logic_command_coalescer'.
Parameter \CHANNELS = 2
Generating RTLIL representation for module `$paramod\logic_command_coalescer\CHANNELS=32'00000000000000000000000000000010'.
Warning: Replacing memory \expected_q with list of registers. See rtl/logic_command_coalescer.sv:85
Warning: Replacing memory \command_q with list of registers. See rtl/logic_command_coalescer.sv:84
Warning: Replacing memory \signature_q with list of registers. See rtl/logic_command_coalescer.sv:83
Warning: Replacing memory \ordinal_q with list of registers. See rtl/logic_command_coalescer.sv:82
Warning: Replacing memory \epoch_q with list of registers. See rtl/logic_command_coalescer.sv:81
Warning: Replacing memory \mask_q with list of registers. See rtl/logic_command_coalescer.sv:78
Parameter \TAG_WIDTH = 64

26.31. Executing AST frontend in derive mode using pre-parsed AST for module `\logic_normalization_scalar_engine'.
Parameter \TAG_WIDTH = 64
Generating RTLIL representation for module `$paramod\logic_normalization_scalar_engine\TAG_WIDTH=32'00000000000000000000000001000000'.
Parameter \DATA_WIDTH = 32
Parameter \KEY_WIDTH = 32

26.32. Executing AST frontend in derive mode using pre-parsed AST for module `\bank_pim_core'.
Parameter \DATA_WIDTH = 32
Parameter \KEY_WIDTH = 32
Generating RTLIL representation for module `$paramod$5fb2a5f2564647929f0c351d13f07504930c9f2c\bank_pim_core'.
Warning: Replacing memory \grf_a with list of registers. See rtl/bank_pim_core.sv:124
Warning: Replacing memory \grf_b with list of registers. See rtl/bank_pim_core.sv:123
Parameter \DATA_WIDTH = 32
Parameter \KEY_WIDTH = 32
Found cached RTLIL representation for module `$paramod$5fb2a5f2564647929f0c351d13f07504930c9f2c\bank_pim_core'.
Parameter \DEPTH = 32
Found cached RTLIL representation for module `$paramod\pim_crf\DEPTH=32'00000000000000000000000000100000'.
Parameter \BANKS = 4
Parameter \ROWS = 8
Parameter \COLS = 8
Parameter \DATA_WIDTH = 32
Parameter \PIM_READ_PORTS = 4

26.33. Executing AST frontend in derive mode using pre-parsed AST for module `\dram_bank_array_model'.
Parameter \BANKS = 4
Parameter \ROWS = 8
Parameter \COLS = 8
Parameter \DATA_WIDTH = 32
Parameter \PIM_READ_PORTS = 4
Generating RTLIL representation for module `$paramod$35d0f58aa7b32333551c68c7469810d6b210e0d4\dram_bank_array_model'.
Warning: Replacing memory \memory with list of registers. See rtl/dram_bank_array_model.sv:172

26.34. Analyzing design hierarchy..
Top module:  $paramod$2283c9fe375897d20ef2626b3ae724a7daffe375\full_pim_system_top
Used module:     $paramod$be368e01a3c89cc900f934e16c25bb89cbdbb5e0\logic_die_link_arbiter
Used module:     $paramod$8fc700b66a09b74ebe3f7bc3a5e43266b2ede644\bank_side_pim_subsystem
Used module:         $paramod$5fb2a5f2564647929f0c351d13f07504930c9f2c\bank_pim_core
Used module:             \pim_vector_alu
Used module:                 \fp16_add
Used module:                 \fp16_mul
Used module:             \pim_command_decoder
Used module:         $paramod\pim_crf\DEPTH=32'00000000000000000000000000100000
Used module:         $paramod$35d0f58aa7b32333551c68c7469810d6b210e0d4\dram_bank_array_model
Used module:     $paramod$0969f5361128e6c60c37eb2be07b785e967548d8\logic_normalization_reduction_engine
Used module:         $paramod\logic_normalization_scalar_engine\TAG_WIDTH=32'00000000000000000000000001000000
Used module:             \fp16_rsqrt_lut256
Used module:     $paramod$c768e45bf9a720775a46d47fd69db7493d689a05\logic_result_router
Used module:     $paramod$b25b56a6c9e5d1321f547b0904946b323a53a845\channel_tsv_interconnect
Used module:     $paramod$e43593db113059f515c9e3741f8cd1d5014553ca\logic_die_pim_top
Used module:         $paramod$57fbb930133b78ee8ac5a60f58e4be8213379667\cross_channel_reduction_network
Used module:             \fp16_vector_add
Used module:         $paramod$4fa27ff51b8f75c87fd472a3fe7ae77ac409e7d7\logic_pcu_scheduler
Used module:             \logic_pcu
Used module:                 $paramod\pim_vector_alu\DATA_WIDTH=32'00000000000000000000000100000000
Used module:         $paramod$5eb42153514ecf08a7d794c60a7b8ddca4dff7e0\logic_operand_context_buffer
Used module:         $paramod$1d15bc0cc9e3a5aa77f5f04499f2a360a24c0e6c\logic_shared_buffer
Used module:         $paramod$5637ef7a3d61a250ee5a4c068e440d2f431e5bc4\logic_epoch_barrier
Used module:         $paramod\logic_command_coalescer\CHANNELS=32'00000000000000000000000000000010
Used module:     $paramod$25ced63ebdd5e20177224cf05b0c7074704db774\logic_die_link_arbiter
Parameter \LANES = 2

26.35. Executing AST frontend in derive mode using pre-parsed AST for module `\fp16_vector_add'.
Parameter \LANES = 2
Generating RTLIL representation for module `$paramod\fp16_vector_add\LANES=32'00000000000000000000000000000010'.
Parameter \LANES = 2
Found cached RTLIL representation for module `$paramod\fp16_vector_add\LANES=32'00000000000000000000000000000010'.
Parameter \DATA_WIDTH = 32
Parameter \TAG_WIDTH = 65
Parameter \LATENCY = 2

26.36. Executing AST frontend in derive mode using pre-parsed AST for module `\logic_pcu'.
Parameter \DATA_WIDTH = 32
Parameter \TAG_WIDTH = 65
Parameter \LATENCY = 2
Generating RTLIL representation for module `$paramod$576f846f505bc9b61bf496085912fad32c4ff58d\logic_pcu'.
Parameter \DATA_WIDTH = 32
Parameter \TAG_WIDTH = 65
Parameter \LATENCY = 2
Found cached RTLIL representation for module `$paramod$576f846f505bc9b61bf496085912fad32c4ff58d\logic_pcu'.
Parameter \DATA_WIDTH = 32

26.37. Executing AST frontend in derive mode using pre-parsed AST for module `\pim_vector_alu'.
Parameter \DATA_WIDTH = 32
Generating RTLIL representation for module `$paramod\pim_vector_alu\DATA_WIDTH=32'00000000000000000000000000100000'.

26.38. Analyzing design hierarchy..
Top module:  $paramod$2283c9fe375897d20ef2626b3ae724a7daffe375\full_pim_system_top
Used module:     $paramod$be368e01a3c89cc900f934e16c25bb89cbdbb5e0\logic_die_link_arbiter
Used module:     $paramod$8fc700b66a09b74ebe3f7bc3a5e43266b2ede644\bank_side_pim_subsystem
Used module:         $paramod$5fb2a5f2564647929f0c351d13f07504930c9f2c\bank_pim_core
Used module:             $paramod\pim_vector_alu\DATA_WIDTH=32'00000000000000000000000000100000
Used module:                 \fp16_add
Used module:                 \fp16_mul
Used module:             \pim_command_decoder
Used module:         $paramod\pim_crf\DEPTH=32'00000000000000000000000000100000
Used module:         $paramod$35d0f58aa7b32333551c68c7469810d6b210e0d4\dram_bank_array_model
Used module:     $paramod$0969f5361128e6c60c37eb2be07b785e967548d8\logic_normalization_reduction_engine
Used module:         $paramod\logic_normalization_scalar_engine\TAG_WIDTH=32'00000000000000000000000001000000
Used module:             \fp16_rsqrt_lut256
Used module:     $paramod$c768e45bf9a720775a46d47fd69db7493d689a05\logic_result_router
Used module:     $paramod$b25b56a6c9e5d1321f547b0904946b323a53a845\channel_tsv_interconnect
Used module:     $paramod$e43593db113059f515c9e3741f8cd1d5014553ca\logic_die_pim_top
Used module:         $paramod$57fbb930133b78ee8ac5a60f58e4be8213379667\cross_channel_reduction_network
Used module:             $paramod\fp16_vector_add\LANES=32'00000000000000000000000000000010
Used module:         $paramod$4fa27ff51b8f75c87fd472a3fe7ae77ac409e7d7\logic_pcu_scheduler
Used module:             $paramod$576f846f505bc9b61bf496085912fad32c4ff58d\logic_pcu
Used module:                 \pim_vector_alu
Used module:         $paramod$5eb42153514ecf08a7d794c60a7b8ddca4dff7e0\logic_operand_context_buffer
Used module:         $paramod$1d15bc0cc9e3a5aa77f5f04499f2a360a24c0e6c\logic_shared_buffer
Used module:         $paramod$5637ef7a3d61a250ee5a4c068e440d2f431e5bc4\logic_epoch_barrier
Used module:         $paramod\logic_command_coalescer\CHANNELS=32'00000000000000000000000000000010
Used module:     $paramod$25ced63ebdd5e20177224cf05b0c7074704db774\logic_die_link_arbiter
Parameter \DATA_WIDTH = 32
Found cached RTLIL representation for module `$paramod\pim_vector_alu\DATA_WIDTH=32'00000000000000000000000000100000'.

26.39. Analyzing design hierarchy..
Top module:  $paramod$2283c9fe375897d20ef2626b3ae724a7daffe375\full_pim_system_top
Used module:     $paramod$be368e01a3c89cc900f934e16c25bb89cbdbb5e0\logic_die_link_arbiter
Used module:     $paramod$8fc700b66a09b74ebe3f7bc3a5e43266b2ede644\bank_side_pim_subsystem
Used module:         $paramod$5fb2a5f2564647929f0c351d13f07504930c9f2c\bank_pim_core
Used module:             $paramod\pim_vector_alu\DATA_WIDTH=32'00000000000000000000000000100000
Used module:                 \fp16_add
Used module:                 \fp16_mul
Used module:             \pim_command_decoder
Used module:         $paramod\pim_crf\DEPTH=32'00000000000000000000000000100000
Used module:         $paramod$35d0f58aa7b32333551c68c7469810d6b210e0d4\dram_bank_array_model
Used module:     $paramod$0969f5361128e6c60c37eb2be07b785e967548d8\logic_normalization_reduction_engine
Used module:         $paramod\logic_normalization_scalar_engine\TAG_WIDTH=32'00000000000000000000000001000000
Used module:             \fp16_rsqrt_lut256
Used module:     $paramod$c768e45bf9a720775a46d47fd69db7493d689a05\logic_result_router
Used module:     $paramod$b25b56a6c9e5d1321f547b0904946b323a53a845\channel_tsv_interconnect
Used module:     $paramod$e43593db113059f515c9e3741f8cd1d5014553ca\logic_die_pim_top
Used module:         $paramod$57fbb930133b78ee8ac5a60f58e4be8213379667\cross_channel_reduction_network
Used module:             $paramod\fp16_vector_add\LANES=32'00000000000000000000000000000010
Used module:         $paramod$4fa27ff51b8f75c87fd472a3fe7ae77ac409e7d7\logic_pcu_scheduler
Used module:             $paramod$576f846f505bc9b61bf496085912fad32c4ff58d\logic_pcu
Used module:         $paramod$5eb42153514ecf08a7d794c60a7b8ddca4dff7e0\logic_operand_context_buffer
Used module:         $paramod$1d15bc0cc9e3a5aa77f5f04499f2a360a24c0e6c\logic_shared_buffer
Used module:         $paramod$5637ef7a3d61a250ee5a4c068e440d2f431e5bc4\logic_epoch_barrier
Used module:         $paramod\logic_command_coalescer\CHANNELS=32'00000000000000000000000000000010
Used module:     $paramod$25ced63ebdd5e20177224cf05b0c7074704db774\logic_die_link_arbiter

26.40. Analyzing design hierarchy..
Top module:  $paramod$2283c9fe375897d20ef2626b3ae724a7daffe375\full_pim_system_top
Used module:     $paramod$be368e01a3c89cc900f934e16c25bb89cbdbb5e0\logic_die_link_arbiter
Used module:     $paramod$8fc700b66a09b74ebe3f7bc3a5e43266b2ede644\bank_side_pim_subsystem
Used module:         $paramod$5fb2a5f2564647929f0c351d13f07504930c9f2c\bank_pim_core
Used module:             $paramod\pim_vector_alu\DATA_WIDTH=32'00000000000000000000000000100000
Used module:                 \fp16_add
Used module:                 \fp16_mul
Used module:             \pim_command_decoder
Used module:         $paramod\pim_crf\DEPTH=32'00000000000000000000000000100000
Used module:         $paramod$35d0f58aa7b32333551c68c7469810d6b210e0d4\dram_bank_array_model
Used module:     $paramod$0969f5361128e6c60c37eb2be07b785e967548d8\logic_normalization_reduction_engine
Used module:         $paramod\logic_normalization_scalar_engine\TAG_WIDTH=32'00000000000000000000000001000000
Used module:             \fp16_rsqrt_lut256
Used module:     $paramod$c768e45bf9a720775a46d47fd69db7493d689a05\logic_result_router
Used module:     $paramod$b25b56a6c9e5d1321f547b0904946b323a53a845\channel_tsv_interconnect
Used module:     $paramod$e43593db113059f515c9e3741f8cd1d5014553ca\logic_die_pim_top
Used module:         $paramod$57fbb930133b78ee8ac5a60f58e4be8213379667\cross_channel_reduction_network
Used module:             $paramod\fp16_vector_add\LANES=32'00000000000000000000000000000010
Used module:         $paramod$4fa27ff51b8f75c87fd472a3fe7ae77ac409e7d7\logic_pcu_scheduler
Used module:             $paramod$576f846f505bc9b61bf496085912fad32c4ff58d\logic_pcu
Used module:         $paramod$5eb42153514ecf08a7d794c60a7b8ddca4dff7e0\logic_operand_context_buffer
Used module:         $paramod$1d15bc0cc9e3a5aa77f5f04499f2a360a24c0e6c\logic_shared_buffer
Used module:         $paramod$5637ef7a3d61a250ee5a4c068e440d2f431e5bc4\logic_epoch_barrier
Used module:         $paramod\logic_command_coalescer\CHANNELS=32'00000000000000000000000000000010
Used module:     $paramod$25ced63ebdd5e20177224cf05b0c7074704db774\logic_die_link_arbiter
Removing unused module `$paramod$ba9264e8cf235005be4f552b922b0265c511bc6f\logic_pcu'.
Removing unused module `$paramod\logic_normalization_scalar_engine\TAG_WIDTH=32'00000000000000000000000000010000'.
Removing unused module `$paramod\logic_command_coalescer\CHANNELS=32'00000000000000000000000001000000'.
Removing unused module `$paramod$bd1b89e712fe4e650bd6086085d8ccf47060cb19\logic_epoch_barrier'.
Removing unused module `$paramod$a5cdb8f15b66887d1fd8536d46a0dc5ad96ef1fa\logic_shared_buffer'.
Removing unused module `$paramod$8892d770deed9d55c2fbb9e42be648281ca47082\logic_operand_context_buffer'.
Removing unused module `$paramod$60842b71a64cf55c7b2253e2b3c62844e770a631\logic_pcu_scheduler'.
Removing unused module `$paramod$967636fc275e85cb3cee218b4f566deea71e0f8b\cross_channel_reduction_network'.
Removing unused module `$paramod\fp16_vector_add\LANES=32'00000000000000000000000000010000'.
Removing unused module `$paramod$8df5c849c2588b798e9d030949a27f4e3d201c9f\logic_pcu'.
Removing unused module `$paramod$7f1e781518b42735fa691e74eb2e35b90a74e2e1\dram_bank_array_model'.
Removing unused module `$paramod$0173170335c8e8bebcbd70c23aec370f5341a683\bank_pim_core'.
Removing unused module `$paramod\pim_vector_alu\DATA_WIDTH=32'00000000000000000000000100000000'.
Removing unused module `\logic_normalization_reduction_engine'.
Removing unused module `\logic_normalization_scalar_engine'.
Removing unused module `\logic_die_pim_top'.
Removing unused module `\logic_result_router'.
Removing unused module `\cross_channel_reduction_network'.
Removing unused module `\logic_operand_context_buffer'.
Removing unused module `\logic_command_coalescer'.
Removing unused module `\logic_pcu_scheduler'.
Removing unused module `\logic_pcu'.
Removing unused module `\logic_shared_buffer'.
Removing unused module `\logic_epoch_barrier'.
Removing unused module `\channel_tsv_interconnect'.
Removing unused module `\logic_die_link_arbiter'.
Removing unused module `\bank_side_pim_subsystem'.
Removi