[WARNING EST-0018] wire capacitance for corner default is zero. Use the set_wire_rc command to set wire resistance and capacitance.
B0_STAGE_TIMING_BEGIN post_cts
worst slack max -31.68
worst slack min 0.24
tns max -19062.76
Clock clk
   0.64 source latency g_channel[0].u_bank.g_block[0].u_core.grf_a[0][1]$_DFFE_PP_/CLK ^
  -0.56 target latency g_channel[0].u_bank.g_block[0].u_core.grf_a[3][24]$_DFFE_PP_/CLK ^
   0.20 clock uncertainty
   0.00 CRPR
--------------
   0.29 setup skew

[WARNING STA-0502] report_checks -endpoint_count is deprecated. Use -endpoint_path_count instead.
[WARNING STA-0503] report_checks -group_count is deprecated. Use -group_path_count instead.
Startpoint: g_channel[0].u_bank.u_crf.pc_q$_DFFE_PN0P_
            (rising edge-triggered flip-flop clocked by clk)
Endpoint: g_channel[0].u_bank.g_block[0].u_core.grf_b[7][28]$_DFFE_PP_
          (rising edge-triggered flip-flop clocked by clk)
Path Group: clk
Path Type: max

Fanout       Cap      Slew     Delay      Time   Description
-------------------------------------------------------------------------------------
                              0.0000    0.0000   clock clk (rise edge)
                              0.0000    0.0000   clock source latency
     1    0.0079    0.0000    0.0000    0.0000 ^ clk_i (in)
                                                 clk_i (net)
                    0.0000    0.0000    0.0000 ^ clkbuf_0_clk_i/A (sky130_fd_sc_hd__clkbuf_16)
     8    0.0632    0.0836    0.1437    0.1437 ^ clkbuf_0_clk_i/X (sky130_fd_sc_hd__clkbuf_16)
                                                 clknet_0_clk_i (net)
                    0.0836    0.0000    0.1437 ^ clkbuf_3_2_0_clk_i/A (sky130_fd_sc_hd__clkbuf_16)
     2    0.0158    0.0393    0.1356    0.2793 ^ clkbuf_3_2_0_clk_i/X (sky130_fd_sc_hd__clkbuf_16)
                                                 clknet_3_2_0_clk_i (net)
                    0.0393    0.0000    0.2793 ^ clkbuf_4_4__f_clk_i/A (sky130_fd_sc_hd__clkbuf_16)
     5    0.0455    0.0671    0.1441    0.4234 ^ clkbuf_4_4__f_clk_i/X (sky130_fd_sc_hd__clkbuf_16)
                                                 clknet_4_4__leaf_clk_i (net)
                    0.0671    0.0000    0.4234 ^ clkbuf_leaf_123_clk_i/A (sky130_fd_sc_hd__clkbuf_16)
    11    0.0204    0.0436    0.1340    0.5574 ^ clkbuf_leaf_123_clk_i/X (sky130_fd_sc_hd__clkbuf_16)
                                                 clknet_leaf_123_clk_i (net)
                    0.0436    0.0000    0.5574 ^ g_channel[0].u_bank.u_crf.pc_q$_DFFE_PN0P_/CLK (sky130_fd_sc_hd__dfrtp_4)
     4    0.0183    0.0807    0.4951    1.0525 v g_channel[0].u_bank.u_crf.pc_q$_DFFE_PN0P_/Q (sky130_fd_sc_hd__dfrtp_4)
                                                 g_channel[0].u_bank.u_crf.pc_o[0] (net)
                    0.0807    0.0000    1.0525 v _35377_/S (sky130_fd_sc_hd__mux2_2)
     4    0.0211    0.1252    0.3032    1.3557 ^ _35377_/X (sky130_fd_sc_hd__mux2_2)
                                                 g_channel[0].u_bank.crf_command[1] (net)
                    0.1252    0.0000    1.3557 ^ _35378_/A (sky130_fd_sc_hd__inv_1)
     2    0.0113    0.0673    0.0940    1.4498 v _35378_/Y (sky130_fd_sc_hd__inv_1)
                                                 _01316_ (net)
                    0.0673    0.0000    1.4498 v _42935_/B (sky130_fd_sc_hd__ha_2)
     2    0.0045    0.0380    0.1769    1.6266 v _42935_/COUT (sky130_fd_sc_hd__ha_2)
                                                 _01317_ (net)
                    0.0380    0.0000    1.6266 v _24531_/A (sky130_fd_sc_hd__and2_4)
     2    0.0035    0.0291    0.1273    1.7539 v _24531_/X (sky130_fd_sc_hd__and2_4)
                                                 _18202_ (net)
                    0.0291    0.0000    1.7539 v _24555_/D (sky130_fd_sc_hd__or4_2)
     3    0.0062    0.1159    0.5537    2.3077 v _24555_/X (sky130_fd_sc_hd__or4_2)
                                                 _18226_ (net)
                    0.1159    0.0000    2.3077 v place15609/A (sky130_fd_sc_hd__buf_4)
     7    0.0130    0.0372    0.1746    2.4823 v place15609/X (sky130_fd_sc_hd__buf_4)
                                                 net15608 (net)
                    0.0372    0.0000    2.4823 v _25621_/A2 (sky130_fd_sc_hd__o21ai_0)
     1    0.0025    0.1268    0.1290    2.6113 ^ _25621_/Y (sky130_fd_sc_hd__o21ai_0)
                                                 _19266_ (net)
                    0.1268    0.0000    2.6113 ^ _25622_/B1 (sky130_fd_sc_hd__a21oi_1)
     1    0.0023    0.0643    0.0513    2.6627 v _25622_/Y (sky130_fd_sc_hd__a21oi_1)
                                                 _19267_ (net)
                    0.0643    0.0000    2.6627 v _25636_/B1 (sky130_fd_sc_hd__a211oi_1)
     1    0.0025    0.1770    0.2039    2.8665 ^ _25636_/Y (sky130_fd_sc_hd__a211oi_1)
                                                 _19281_ (net)
                    0.1770    0.0000    2.8665 ^ place15399/A (sky130_fd_sc_hd__buf_4)
     1    0.0024    0.0256    0.1326    2.9992 ^ place15399/X (sky130_fd_sc_hd__buf_4)
                                                 net15398 (net)
                    0.0256    0.0000    2.9992 ^ _25644_/A (sky130_fd_sc_hd__nand2_1)
     2    0.0045    0.0574    0.0465    3.0456 v _25644_/Y (sky130_fd_sc_hd__nand2_1)
                                                 g_channel[0].u_bank.g_block[0].u_core.src1_data[26] (net)
                    0.0574    0.0000    3.0456 v _35331_/A (sky130_fd_sc_hd__inv_1)
     1    0.0031    0.0382    0.0556    3.1012 ^ _35331_/Y (sky130_fd_sc_hd__inv_1)
                                                 _00971_ (net)
                    0.0382    0.0000    3.1012 ^ _42729_/A (sky130_fd_sc_hd__ha_1)
     1    0.0024    0.0453    0.1278    3.2290 ^ _42729_/COUT (sky130_fd_sc_hd__ha_1)
                                                 _00973_ (net)
                    0.0453    0.0000    3.2290 ^ _24933_/A (sky130_fd_sc_hd__inv_1)
     1    0.0041    0.0266    0.0401    3.2691 v _24933_/Y (sky130_fd_sc_hd__inv_1)
                                                 _18597_ (net)
                    0.0266    0.0000    3.2691 v _25032_/A (sky130_fd_sc_hd__nor4_2)
     1    0.0025    0.1805    0.2393    3.5085 ^ _25032_/Y (sky130_fd_sc_hd__nor4_2)
                                                 _18693_ (net)
                    0.1805    0.0000    3.5085 ^ place14969/A (sky130_fd_sc_hd__buf_4)
     2    0.0050    0.0322    0.1410    3.6495 ^ place14969/X (sky130_fd_sc_hd__buf_4)
                                                 net14968 (net)
                    0.0322    0.0000    3.6495 ^ place14968/A (sky130_fd_sc_hd__buf_4)
    14    0.0339    0.1039    0.1507    3.8001 ^ place14968/X (sky130_fd_sc_hd__buf_4)
                                                 net14967 (net)
                    0.1039    0.0000    3.8001 ^ _36046_/B (sky130_fd_sc_hd__nor2_1)
     1    0.0066    0.0474    0.0682    3.8683 v _36046_/Y (sky130_fd_sc_hd__nor2_1)
                                                 _00026_ (net)
                    0.0474    0.0000    3.8683 v _42146_/A (sky130_fd_sc_hd__fa_1)
     1    0.0062    0.0841    0.5540    4.4223 ^ _42146_/SUM (sky130_fd_sc_hd__fa_1)
                                                 _20956_ (net)
                    0.0841    0.0000    4.4223 ^ _42268_/B (sky130_fd_sc_hd__fa_1)
     1    0.0059    0.0940    0.4373    4.8595 v _42268_/SUM (sky130_fd_sc_hd__fa_1)
                                                 _21214_ (net)
                    0.0940    0.0000    4.8595 v _42364_/B (sky130_fd_sc_hd__fa_1)
     1    0.0059    0.0940    0.4862    5.3457 v _42364_/SUM (sky130_fd_sc_hd__fa_1)
                                                 _21195_ (net)
                    0.0940    0.0000    5.3457 v _42261_/B (sky130_fd_sc_hd__fa_1)
     1    0.0062    0.0841    0.5382    5.8839 ^ _42261_/SUM (sky130_fd_sc_hd__fa_1)
                                                 _21198_ (net)
                    0.0841    0.0000    5.8839 ^ _42338_/B (sky130_fd_sc_hd__fa_1)
     1    0.0028    0.0769    0.4152    6.2991 v _42338_/SUM (sky130_fd_sc_hd__fa_1)
                                                 _21361_ (net)
                    0.0769    0.0000    6.2991 v _42406_/B (sky130_fd_sc_hd__ha_1)
     3    0.0066    0.0736    0.3046    6.6037 ^ _42406_/SUM (sky130_fd_sc_hd__ha_1)
                                                 _00379_ (net)
                    0.0736    0.0000    6.6037 ^ _21972_/D (sky130_fd_sc_hd__and4_1)
     2    0.0049    0.0751    0.2063    6.8099 ^ _21972_/X (sky130_fd_sc_hd__and4_1)
                                                 _15680_ (net)
                    0.0751    0.0000    6.8099 ^ _21990_/A2 (sky130_fd_sc_hd__a21oi_1)
     1    0.0022    0.0436    0.0640    6.8739 v _21990_/Y (sky130_fd_sc_hd__a21oi_1)
                                                 _15698_ (net)
                    0.0436    0.0000    6.8739 v _21992_/A3 (sky130_fd_sc_hd__a31o_2)
     2    0.0045    0.0425    0.2431    7.1170 v _21992_/X (sky130_fd_sc_hd__a31o_2)
                                                 _15700_ (net)
                    0.0425    0.0000    7.1170 v _21993_/B1 (sky130_fd_sc_hd__a21o_1)
     3    0.0109    0.0681    0.1845    7.3015 v _21993_/X (sky130_fd_sc_hd__a21o_1)
                                                 _15701_ (net)
                    0.0681    0.0000    7.3015 v place14169/A (sky130_fd_sc_hd__buf_4)
     4    0.0090    0.0322    0.1464    7.4479 v place14169/X (sky130_fd_sc_hd__buf_4)
                                                 net14168 (net)
                    0.0322    0.0000    7.4479 v _22275_/A2 (sky130_fd_sc_hd__a311o_1)
     4    0.0091    0.0867    0.3388    7.7867 v _22275_/X (sky130_fd_sc_hd__a311o_1)
                                                 _15978_ (net)
                    0.0867    0.0000    7.7867 v _22920_/A1 (sky130_fd_sc_hd__a31o_2)
     2    0.0044    0.0422    0.2173    8.0041 v _22920_/X (sky130_fd_sc_hd__a31o_2)
                                                 _16598_ (net)
                    0.0422    0.0000    8.0041 v _22921_/B1 (sky130_fd_sc_hd__a31o_2)
     2    0.0052    0.0442    0.2161    8.2202 v _22921_/X (sky130_fd_sc_hd__a31o_2)
                                                 _16599_ (net)
                    0.0442    0.0000    8.2202 v _43074_/A (sky130_fd_sc_hd__ha_1)
     1    0.0029    0.0436    0.1890    8.4092 v _43074_/COUT (sky130_fd_sc_hd__ha_1)
                                                 _21836_ (net)
                    0.0436    0.0000    8.4092 v _43029_/A (sky130_fd_sc_hd__ha_1)
     2    0.0088    0.0707    0.2221    8.6313 v _43029_/COUT (sky130_fd_sc_hd__ha_1)
                                                 _00317_ (net)
                    0.0707    0.0000    8.6313 v _42372_/A (sky130_fd_sc_hd__fa_1)
     2    0.0045    0.0805    0.4303    9.0615 v _42372_/COUT (sky130_fd_sc_hd__fa_1)
                                                 _00319_ (net)
                    0.0805    0.0000    9.0615 v _22352_/A2 (sky130_fd_sc_hd__a21o_1)
     4    0.0089    0.0602    0.2147    9.2763 v _22352_/X (sky130_fd_sc_hd__a21o_1)
                                                 _16051_ (net)
                    0.0602    0.0000    9.2763 v _22479_/B1 (sky130_fd_sc_hd__a221oi_1)
     1    0.0025    0.2192    0.2319    9.5081 ^ _22479_/Y (sky130_fd_sc_hd__a221oi_1)
                                                 _16178_ (net)
                    0.2192    0.0000    9.5081 ^ place13477/A (sky130_fd_sc_hd__buf_4)
     3    0.0069    0.0377    0.1554    9.6635 ^ place13477/X (sky130_fd_sc_hd__buf_4)
                                                 net13476 (net)
                    0.0377    0.0000    9.6635 ^ place13475/A (sky130_fd_sc_hd__buf_4)
     1    0.0024    0.0231    0.0875    9.7510 ^ place13475/X (sky130_fd_sc_hd__buf_4)
                                                 net13474 (net)
                    0.0231    0.0000    9.7510 ^ _22482_/B1 (sky130_fd_sc_hd__o221ai_1)
     3    0.0080    0.1409    0.1440    9.8950 v _22482_/Y (sky130_fd_sc_hd__o221ai_1)
                                                 _16181_ (net)
                    0.1409    0.0000    9.8950 v _22483_/B (sky130_fd_sc_hd__xnor2_1)
     2    0.0036    0.0672    0.1624   10.0574 v _22483_/Y (sky130_fd_sc_hd__xnor2_1)
                                                 _16182_ (net)
                    0.0672    0.0000   10.0574 v _22505_/A (sky130_fd_sc_hd__or4b_1)
     2    0.0036    0.0909    0.5266   10.5840 v _22505_/X (sky130_fd_sc_hd__or4b_1)
                                                 _16204_ (net)
                    0.0909    0.0000   10.5840 v _22506_/B (sky130_fd_sc_hd__or2_2)
     2    0.0045    0.0614    0.2935   10.8775 v _22506_/X (sky130_fd_sc_hd__or2_2)
                                                 _16205_ (net)
                    0.0614    0.0000   10.8775 v place13218/A (sky130_fd_sc_hd__buf_4)
     9    0.0238    0.0491    0.1641   11.0416 v place13218/X (sky130_fd_sc_hd__buf_4)
                                                 net13217 (net)
                    0.0491    0.0000   11.0416 v _22931_/A2 (sky130_fd_sc_hd__o31ai_4)
     2    0.0050    0.1723    0.2136   11.2552 ^ _22931_/Y (sky130_fd_sc_hd__o31ai_4)
                                                 _16609_ (net)
                    0.1723    0.0000   11.2552 ^ place13172/A (sky130_fd_sc_hd__buf_4)
    20    0.0586    0.1685    0.2443   11.4995 ^ place13172/X (sky130_fd_sc_hd__buf_4)
                                                 net13171 (net)
                    0.1685    0.0000   11.4995 ^ place13168/A (sky130_fd_sc_hd__buf_4)
     6    0.0145    0.0549    0.1588   11.6583 ^ place13168/X (sky130_fd_sc_hd__buf_4)
                                                 net13167 (net)
                    0.0549    0.0000   11.6583 ^ _35230_/A1 (sky130_fd_sc_hd__a31oi_1)
     2    0.0045    0.0721    0.0806   11.7388 v _35230_/Y (sky130_fd_sc_hd__a31oi_1)
                                                 _10405_ (net)
                    0.0721    0.0000   11.7388 v place12790/A (sky130_fd_sc_hd__buf_4)
     2    0.0035    0.0250    0.1378   11.8766 v place12790/X (sky130_fd_sc_hd__buf_4)
                                                 net12789 (net)
                    0.0250    0.0000   11.8766 v _41983_/A_N (sky130_fd_sc_hd__nand2b_1)
     3    0.0054    0.0600    0.1431   12.0197 v _41983_/Y (sky130_fd_sc_hd__nand2b_1)
                                                 _15464_ (net)
                    0.0600    0.0000   12.0197 v _41991_/B (sky130_fd_sc_hd__or3_1)
     2    0.0037    0.0728    0.3516   12.3713 v _41991_/X (sky130_fd_sc_hd__or3_1)
                                                 _15472_ (net)
                    0.0728    0.0000   12.3713 v _42015_/A (sky130_fd_sc_hd__and2_1)
     2    0.0039    0.0410    0.1497   12.5210 v _42015_/X (sky130_fd_sc_hd__and2_1)
                                                 _15496_ (net)
                    0.0410    0.0000   12.5210 v _42021_/B1 (sky130_fd_sc_hd__o21ai_0)
     2    0.0052    0.2024    0.0902   12.6112 ^ _42021_/Y (sky130_fd_sc_hd__o21ai_0)
                                                 _15502_ (net)
                    0.2024    0.0000   12.6112 ^ _42034_/A3 (sky130_fd_sc_hd__o31ai_1)
     1    0.0021    0.0502    0.0838   12.6950 v _42034_/Y (sky130_fd_sc_hd__o31ai_1)
                                                 _15515_ (net)
                    0.0502    0.0000   12.6950 v _42035_/C1 (sky130_fd_sc_hd__a221o_1)
     1    0.0022    0.0497    0.2502   12.9452 v _42035_/X (sky130_fd_sc_hd__a221o_1)
                                                 _15516_ (net)
                    0.0497    0.0000   12.9452 v _42036_/B1 (sky130_fd_sc_hd__a21oi_1)
     1    0.0023    0.0967    0.1031   13.0484 ^ _42036_/Y (sky130_fd_sc_hd__a21oi_1)
                                                 _15517_ (net)
                    0.0967    0.0000   13.0484 ^ _42037_/C1 (sky130_fd_sc_hd__o221ai_1)
     1    0.0021    0.0767    0.1067   13.1550 v _42037_/Y (sky130_fd_sc_hd__o221ai_1)
                                                 _15518_ (net)
                    0.0767    0.0000   13.1550 v _42038_/C1 (sky130_fd_sc_hd__a221oi_1)
     1    0.0025    0.2172    0.2047   13.3597 ^ _42038_/Y (sky130_fd_sc_hd__a221oi_1)
                                                 _15519_ (net)
                    0.2172    0.0000   13.3597 ^ _42054_/B (sky130_fd_sc_hd__nand4_1)
     2    0.0046    0.1061    0.1359   13.4956 v _42054_/Y (sky130_fd_sc_hd__nand4_1)
                                                 _15535_ (net)
                    0.1061    0.0000   13.4956 v _42055_/D1 (sky130_fd_sc_hd__o2111a_1)
     1    0.0088    0.0716    0.1690   13.6646 v _42055_/X (sky130_fd_sc_hd__o2111a_1)
                                                 _00002_ (net)
                    0.0716    0.0000   13.6646 v place12378/A (sky130_fd_sc_hd__buf_12)
     1    0.0028    0.0205    0.1246   13.7891 v place12378/X (sky130_fd_sc_hd__buf_12)
                                                 net12377 (net)
                    0.0205    0.0000   13.7891 v _42915_/B (sky130_fd_sc_hd__ha_1)
     2    0.0051    0.0541    0.1756   13.9647 v _42915_/COUT (sky130_fd_sc_hd__ha_1)
                                                 _00746_ (net)
                    0.0541    0.0000   13.9647 v _42595_/B (sky130_fd_sc_hd__ha_1)
     3    0.0068    0.0617    0.1989   14.1636 v _42595_/COUT (sky130_fd_sc_hd__ha_1)
                                                 _00747_ (net)
                    0.0617    0.0000   14.1636 v _23136_/A (sky130_fd_sc_hd__nand2_1)
     3    0.0086    0.0950    0.0978   14.2613 ^ _23136_/Y (sky130_fd_sc_hd__nand2_1)
                                                 _16809_ (net)
                    0.0950    0.0000   14.2613 ^ _23225_/A (sky130_fd_sc_hd__nor4_2)
     1    0.0045    0.0733    0.0578   14.3191 v _23225_/Y (sky130_fd_sc_hd__nor4_2)
                                                 _16898_ (net)
                    0.0733    0.0000   14.3191 v _23226_/S (sky130_fd_sc_hd__mux2i_1)
     2    0.0036    0.0701    0.1289   14.4480 v _23226_/Y (sky130_fd_sc_hd__mux2i_1)
                                                 _16899_ (net)
                    0.0701    0.0000   14.4480 v _23871_/A (sky130_fd_sc_hd__or4_1)
     2    0.0110    0.1369    0.5907   15.0387 v _23871_/X (sky130_fd_sc_hd__or4_1)
                                                 _17542_ (net)
                    0.1369    0.0000   15.0387 v _23875_/A1 (sky130_fd_sc_hd__o21ai_4)
     3    0.0075    0.1203    0.1821   15.2207 ^ _23875_/Y (sky130_fd_sc_hd__o21ai_4)
                                                 _17546_ (net)
                    0.1203    0.0000   15.2207 ^ _25161_/A1 (sky130_fd_sc_hd__a21oi_1)
     2    0.0037    0.0568    0.0831   15.3038 v _25161_/Y (sky130_fd_sc_hd__a21oi_1)
                                                 _18818_ (net)
                    0.0568    0.0000   15.3038 v _35488_/A (sky130_fd_sc_hd__or2_2)
     2    0.0052    0.0635    0.3041   15.6079 v _35488_/X (sky130_fd_sc_hd__or2_2)
                                                 _00725_ (net)
                    0.0635    0.0000   15.6079 v _42582_/A (sky130_fd_sc_hd__ha_1)
     2    0.0039    0.0479    0.2034   15.8113 v _42582_/COUT (sky130_fd_sc_hd__ha_1)
                                                 _00729_ (net)
                    0.0479    0.0000   15.8113 v _23980_/B1 (sky130_fd_sc_hd__o2111ai_1)
     1    0.0017    0.1379    0.0856   15.8969 ^ _23980_/Y (sky130_fd_sc_hd__o2111ai_1)
                                                 _17651_ (net)
                    0.1379    0.0000   15.8969 ^ _23981_/B1 (sky130_fd_sc_hd__o21ai_0)
     1    0.0022    0.0630    0.0964   15.9932 v _23981_/Y (sky130_fd_sc_hd__o21ai_0)
                                                 _17652_ (net)
                    0.0630    0.0000   15.9932 v _24014_/A2 (sky130_fd_sc_hd__a2111oi_1)
     1    0.0025    0.3019    0.3710   16.3642 ^ _24014_/Y (sky130_fd_sc_hd__a2111oi_1)
                                                 _17685_ (net)
                    0.3019    0.0000   16.3642 ^ place12145/A (sky130_fd_sc_hd__buf_4)
     2    0.0040    0.0334    0.1676   16.5318 ^ place12145/X (sky130_fd_sc_hd__buf_4)
                                                 net12144 (net)
                    0.0334    0.0000   16.5318 ^ _26219_/D (sky130_fd_sc_hd__nand4_1)
     2    0.0045    0.1010    0.0998   16.6317 v _26219_/Y (sky130_fd_sc_hd__nand4_1)
                                                 _19834_ (net)
                    0.1010    0.0000   16.6317 v _35449_/B (sky130_fd_sc_hd__nand2_1)
     2    0.0050    0.0680    0.0999   16.7316 ^ _35449_/Y (sky130_fd_sc_hd__nand2_1)
                                                 _10523_ (net)
                    0.0680    0.0000   16.7316 ^ _35450_/B1 (sky130_fd_sc_hd__o21a_1)
     1    0.0018    0.0367    0.1064   16.8380 ^ _35450_/X (sky130_fd_sc_hd__o21a_1)
                                                 _10524_ (net)
                    0.0367    0.0000   16.8380 ^ _35451_/A2 (sky130_fd_sc_hd__o21ai_0)
     2    0.0039    0.0725    0.0734   16.9113 v _35451_/Y (sky130_fd_sc_hd__o21ai_0)
                                                 _10525_ (net)
                    0.0725    0.0000   16.9113 v _35452_/A2 (sky130_fd_sc_hd__o21ai_0)
     2    0.0049    0.1951    0.1933   17.1047 ^ _35452_/Y (sky130_fd_sc_hd__o21ai_0)
                                                 _10526_ (net)
                    0.1951    0.0000   17.1047 ^ _35453_/A (sky130_fd_sc_hd__inv_1)
     1    0.0029    0.0492    0.0626   17.1673 v _35453_/Y (sky130_fd_sc_hd__inv_1)
                                                 _00506_ (net)
                    0.0492    0.0000   17.1673 v _42460_/A (sky130_fd_sc_hd__ha_1)
     2    0.0037    0.0583    0.2924   17.4597 v _42460_/SUM (sky130_fd_sc_hd__ha_1)
                                                 _00508_ (net)
                    0.0583    0.0000   17.4597 v _25130_/B_N (sky130_fd_sc_hd__nor2b_1)
     1    0.0016    0.0279    0.1237   17.5834 v _25130_/Y (sky130_fd_sc_hd__nor2b_1)
                                                 _18788_ (net)
                    0.0279    0.0000   17.5834 v _25131_/A2 (sky130_fd_sc_hd__o21ai_0)
     1    0.0025    0.1278    0.1265   17.7099 ^ _25131_/Y (sky130_fd_sc_hd__o21ai_0)
                                                 _18789_ (net)
                    0.1278    0.0000   17.7099 ^ _25132_/B (sky130_fd_sc_hd__nand2b_1)
     1    0.0022    0.0402    0.0648   17.7747 v _25132_/Y (sky130_fd_sc_hd__nand2b_1)
                                                 _18790_ (net)
                    0.0402    0.0000   17.7747 v _25133_/A2 (sky130_fd_sc_hd__a21oi_1)
     1    0.0025    0.1002    0.1281   17.9028 ^ _25133_/Y (sky130_fd_sc_hd__a21oi_1)
                                                 _18791_ (net)
                    0.1002    0.0000   17.9028 ^ _25134_/A (sky130_fd_sc_hd__nor2b_1)
     1    0.0016    0.0316    0.0485   17.9513 v _25134_/Y (sky130_fd_sc_hd__nor2b_1)
                                                 _18792_ (net)
                    0.0316    0.0000   17.9513 v _25135_/A2 (sky130_fd_sc_hd__o21ai_0)
     1    0.0025    0.1278    0.1278   18.0791 ^ _25135_/Y (sky130_fd_sc_hd__o21ai_0)
                                                 _18793_ (net)
                    0.1278    0.0000   18.0791 ^ _25136_/B (sky130_fd_sc_hd__nand2b_1)
     1    0.0022    0.0402    0.0648   18.1439 v _25136_/Y (sky130_fd_sc_hd__nand2b_1)
                                                 _18794_ (net)
                    0.0402    0.0000   18.1439 v _25137_/A2 (sky130_fd_sc_hd__a21oi_1)
     1    0.0025    0.1002    0.1281   18.2720 ^ _25137_/Y (sky130_fd_sc_hd__a21oi_1)
                                                 _18795_ (net)
                    0.1002    0.0000   18.2720 ^ _25138_/A (sky130_fd_sc_hd__nor2b_1)
     1    0.0016    0.0316    0.0485   18.3205 v _25138_/Y (sky130_fd_sc_hd__nor2b_1)
                                                 _18796_ (net)
                    0.0316    0.0000   18.3205 v _25142_/A2 (sky130_fd_sc_hd__o21ai_0)
     1    0.0018    0.1093    0.1138   18.4343 ^ _25142_/Y (sky130_fd_sc_hd__o21ai_0)
                                                 _18800_ (net)
                    0.1093    0.0000   18.4343 ^ _25149_/A1 (sky130_fd_sc_hd__a21boi_0)
     1    0.0016    0.0545    0.0812   18.5155 v _25149_/Y (sky130_fd_sc_hd__a21boi_0)
                                                 _18807_ (net)
                    0.0545    0.0000   18.5155 v _25150_/A2 (sky130_fd_sc_hd__o21ai_0)
     1    0.0024    0.1245    0.1330   18.6486 ^ _25150_/Y (sky130_fd_sc_hd__o21ai_0)
                                                 _18808_ (net)
                    0.1245    0.0000   18.6486 ^ _25151_/A (sky130_fd_sc_hd__inv_1)
     2    0.0063    0.0499    0.0717   18.7203 v _25151_/Y (sky130_fd_sc_hd__inv_1)
                                                 _18809_ (net)
                    0.0499    0.0000   18.7203 v _25735_/A2 (sky130_fd_sc_hd__o22a_1)
     4    0.0085    0.0744    0.2215   18.9417 v _25735_/X (sky130_fd_sc_hd__o22a_1)
                                                 _19374_ (net)
                    0.0744    0.0000   18.9417 v _26531_/A (sky130_fd_sc_hd__nand2_1)
     1    0.0017    0.0351    0.0580   18.9997 ^ _26531_/Y (sky130_fd_sc_hd__nand2_1)
                                                 _20134_ (net)
                    0.0351    0.0000   18.9997 ^ _26532_/B1 (sky130_fd_sc_hd__o21ai_0)
     2    0.0037    0.0718    0.0766   19.0763 v _26532_/Y (sky130_fd_sc_hd__o21ai_0)
                                                 _20135_ (net)
                    0.0718    0.0000   19.0763 v _26533_/B (sky130_fd_sc_hd__and2_1)
     2    0.0044    0.0432    0.1704   19.2468 v _26533_/X (sky130_fd_sc_hd__and2_1)
                                                 _20136_ (net)
                    0.0432    0.0000   19.2468 v _26536_/B1 (sky130_fd_sc_hd__a22oi_1)
     1    0.0024    0.1416    0.1259   19.3727 ^ _26536_/Y (sky130_fd_sc_hd__a22oi_1)
                                                 _20139_ (net)
                    0.1416    0.0000   19.3727 ^ _26537_/B1 (sky130_fd_sc_hd__o21a_1)
     2    0.0072    0.0810    0.1662   19.5389 ^ _26537_/X (sky130_fd_sc_hd__o21a_1)
                                                 _20140_ (net)
                    0.0810    0.0000   19.5389 ^ _26593_/A (sky130_fd_sc_hd__inv_2)
     2    0.0052    0.0263    0.0391   19.5779 v _26593_/Y (sky130_fd_sc_hd__inv_2)
                                                 g_channel[0].u_bank.g_block[0].u_core.u_alu.g_fp16[1].u_add.large_exp[2] (net)
                    0.0263    0.0000   19.5779 v _42567_/A (sky130_fd_sc_hd__ha_1)
     2    0.0039    0.0593    0.2842   19.8621 v _42567_/SUM (sky130_fd_sc_hd__ha_1)
                                                 _00705_ (net)
                    0.0593    0.0000   19.8621 v place11852/A (sky130_fd_sc_hd__buf_4)
     3    0.0101    0.0336    0.1444   20.0065 v place11852/X (sky130_fd_sc_hd__buf_4)
                                                 net11851 (net)
                    0.0336    0.0000   20.0065 v _26036_/B_N (sky130_fd_sc_hd__nor2b_1)
     1    0.0016    0.0373    0.1130   20.1195 v _26036_/Y (sky130_fd_sc_hd__nor2b_1)
                                                 _19662_ (net)
                    0.0373    0.0000   20.1195 v _26037_/A2 (sky130_fd_sc_hd__o21ai_0)
     1    0.0025    0.1277    0.1297   20.2491 ^ _26037_/Y (sky130_fd_sc_hd__o21ai_0)
                                                 _19663_ (net)
                    0.1277    0.0000   20.2491 ^ _26038_/B (sky130_fd_sc_hd__nand2b_1)
     2    0.0067    0.0684    0.0940   20.3432 v _26038_/Y (sky130_fd_sc_hd__nand2b_1)
                                                 _19664_ (net)
                    0.0684    0.0000   20.3432 v _26039_/B (sky130_fd_sc_hd__xnor2_1)
     2    0.0050    0.1622    0.1680   20.5112 ^ _26039_/Y (sky130_fd_sc_hd__xnor2_1)
                                                 _19665_ (net)
                    0.1622    0.0000   20.5112 ^ _26040_/B (sky130_fd_sc_hd__nand2_1)
     4    0.0091    0.0879    0.1141   20.6253 v _26040_/Y (sky130_fd_sc_hd__nand2_1)
                                                 _19666_ (net)
                    0.0879    0.0000   20.6253 v _32680_/A (sky130_fd_sc_hd__nor2_1)
     1    0.0025    0.0790    0.1086   20.7339 ^ _32680_/Y (sky130_fd_sc_hd__nor2_1)
                                                 _07905_ (net)
                    0.0790    0.0000   20.7339 ^ _32681_/B (sky130_fd_sc_hd__nor2_1)
     1    0.0023    0.0265    0.0416   20.7755 v _32681_/Y (sky130_fd_sc_hd__nor2_1)
                                                 _07906_ (net)
                    0.0265    0.0000   20.7755 v place11749/A (sky130_fd_sc_hd__buf_4)
     7    0.0158    0.0403    0.1396   20.9151 v place11749/X (sky130_fd_sc_hd__buf_4)
                                                 net11748 (net)
                    0.0403    0.0000   20.9151 v _37047_/A (sky130_fd_sc_hd__nor2_1)
     1    0.0025    0.0730    0.0905   21.0056 ^ _37047_/Y (sky130_fd_sc_hd__nor2_1)
                                                 _11517_ (net)
                    0.0730    0.0000   21.0056 ^ _37048_/B1 (sky130_fd_sc_hd__a21oi_1)
     1    0.0023    0.0388    0.0412   21.0468 v _37048_/Y (sky130_fd_sc_hd__a21oi_1)
                                                 _01255_ (net)
                    0.0388    0.0000   21.0468 v place11719/A (sky130_fd_sc_hd__buf_4)
     2    0.0051    0.0274    0.1270   21.1738 v place11719/X (sky130_fd_sc_hd__buf_4)
                                                 net11718 (net)
                    0.0274    0.0000   21.1738 v _42899_/B (sky130_fd_sc_hd__ha_1)
     2    0.0046    0.0623    0.2724   21.4462 v _42899_/SUM (sky130_fd_sc_hd__ha_1)
                                                 _01257_ (net)
                    0.0623    0.0000   21.4462 v _26507_/A1 (sky130_fd_sc_hd__a21o_1)
     2    0.0045    0.0417    0.1655   21.6117 v _26507_/X (sky130_fd_sc_hd__a21o_1)
                                                 _20111_ (net)
                    0.0417    0.0000   21.6117 v _26508_/A2 (sky130_fd_sc_hd__a21oi_1)
     1    0.0025    0.1008    0.1293   21.7409 ^ _26508_/Y (sky130_fd_sc_hd__a21oi_1)
                                                 _20112_ (net)
                    0.1008    0.0000   21.7409 ^ _26509_/A2 (sky130_fd_sc_hd__o21bai_1)
     2    0.0045    0.0613    0.0793   21.8203 v _26509_/Y (sky130_fd_sc_hd__o21bai_1)
                                                 _20113_ (net)
                    0.0613    0.0000   21.8203 v _26510_/A2 (sky130_fd_sc_hd__a21oi_1)
     1    0.0025    0.1008    0.1373   21.9576 ^ _26510_/Y (sky130_fd_sc_hd__a21oi_1)
                                                 _20114_ (net)
                    0.1008    0.0000   21.9576 ^ _26511_/A2 (sky130_fd_sc_hd__o21bai_1)
     1    0.0022    0.0451    0.0650   22.0226 v _26511_/Y (sky130_fd_sc_hd__o21bai_1)
                                                 _20115_ (net)
                    0.0451    0.0000   22.0226 v _26512_/A2 (sky130_fd_sc_hd__a21oi_1)
     2    0.0051    0.1519    0.1686   22.1912 ^ _26512_/Y (sky130_fd_sc_hd__a21oi_1)
                                                 _20116_ (net)
                    0.1519    0.0000   22.1912 ^ _26515_/A2 (sky130_fd_sc_hd__o21ai_1)
     2    0.0045    0.0669    0.0868   22.2779 v _26515_/Y (sky130_fd_sc_hd__o21ai_1)
                                                 _20119_ (net)
                    0.0669    0.0000   22.2779 v place11565/A (sky130_fd_sc_hd__buf_4)
     3    0.0067    0.0294    0.1422   22.4201 v place11565/X (sky130_fd_sc_hd__buf_4)
                                                 net11564 (net)
                    0.0294    0.0000   22.4201 v _26726_/B (sky130_fd_sc_hd__nor2_1)
     1    0.0047    0.1095    0.0992   22.5193 ^ _26726_/Y (sky130_fd_sc_hd__nor2_1)
                                                 _20319_ (net)
                    0.1095    0.0000   22.5193 ^ _26727_/B (sky130_fd_sc_hd__xnor2_1)
     1    0.0025    0.1123    0.1211   22.6404 ^ _26727_/Y (sky130_fd_sc_hd__xnor2_1)
                                                 _20320_ (net)
                    0.1123    0.0000   22.6404 ^ _26728_/B (sky130_fd_sc_hd__nor2_1)
     1    0.0045    0.0415    0.0603   22.7007 v _26728_/Y (sky130_fd_sc_hd__nor2_1)
                                                 _20321_ (net)
                    0.0415    0.0000   22.7007 v _26729_/B (sky130_fd_sc_hd__xnor2_1)
     1    0.0022    0.0417    0.1120   22.8127 v _26729_/Y (sky130_fd_sc_hd__xnor2_1)
                                                 _20322_ (net)
                    0.0417    0.0000   22.8127 v _26730_/D (sky130_fd_sc_hd__nor4_1)
     2    0.0041    0.2682    0.1971   23.0098 ^ _26730_/Y (sky130_fd_sc_hd__nor4_1)
                                                 _20323_ (net)
                    0.2682    0.0000   23.0098 ^ _26802_/A (sky130_fd_sc_hd__or2_2)
     2    0.0049    0.0435    0.1724   23.1822 ^ _26802_/X (sky130_fd_sc_hd__or2_2)
                                                 _20394_ (net)
                    0.0435    0.0000   23.1822 ^ _35267_/A (sky130_fd_sc_hd__inv_1)
     1    0.0029    0.0220    0.0348   23.2170 v _35267_/Y (sky130_fd_sc_hd__inv_1)
                                                 _01189_ (net)
                    0.0220    0.0000   23.2170 v _42855_/A (sky130_fd_sc_hd__ha_1)
     2    0.0052    0.0545    0.1929   23.4099 v _42855_/COUT (sky130_fd_sc_hd__ha_1)
                                                 _01191_ (net)
                    0.0545    0.0000   23.4099 v _26658_/A (sky130_fd_sc_hd__clkinv_1)
     2    0.0050    0.0374    0.0545   23.4644 ^ _26658_/Y (sky130_fd_sc_hd__clkinv_1)
                                                 _20252_ (net)
                    0.0374    0.0000   23.4644 ^ _41695_/A (sky130_fd_sc_hd__nor2_1)
     1    0.0028    0.0587    0.0375   23.5019 v _41695_/Y (sky130_fd_sc_hd__nor2_1)
                                                 _01168_ (net)
                    0.0587    0.0000   23.5019 v _42841_/B (sky130_fd_sc_hd__ha_1)
     1    0.0028    0.0426    0.1783   23.6802 v _42841_/COUT (sky130_fd_sc_hd__ha_1)
                                                 _21723_ (net)
                    0.0426    0.0000   23.6802 v _42826_/B (sky130_fd_sc_hd__ha_1)
     1    0.0045    0.0504    0.1813   23.8615 v _42826_/COUT (sky130_fd_sc_hd__ha_1)
                                                 _01137_ (net)
                    0.0504    0.0000   23.8615 v _26577_/B (sky130_fd_sc_hd__xnor2_1)
     1    0.0047    0.1560    0.1564   24.0179 ^ _26577_/Y (sky130_fd_sc_hd__xnor2_1)
                                                 _20179_ (net)
                    0.1560    0.0000   24.0179 ^ _26578_/B (sky130_fd_sc_hd__xnor2_1)
     1    0.0025    0.1127    0.1310   24.1489 ^ _26578_/Y (sky130_fd_sc_hd__xnor2_1)
                                                 _20180_ (net)
                    0.1127    0.0000   24.1489 ^ place11345/A (sky130_fd_sc_hd__buf_4)
     2    0.0049    0.0301    0.1218   24.2707 ^ place11345/X (sky130_fd_sc_hd__buf_4)
                                                 net11344 (net)
                    0.0301    0.0000   24.2707 ^ _26579_/A (sky130_fd_sc_hd__inv_1)
     2    0.0044    0.0261    0.0355   24.3062 v _26579_/Y (sky130_fd_sc_hd__inv_1)
                                                 _20181_ (net)
                    0.0261    0.0000   24.3062 v _26602_/A (sky130_fd_sc_hd__nor2_1)
     2    0.0050    0.1147    0.1159   24.4222 ^ _26602_/Y (sky130_fd_sc_hd__nor2_1)
                                                 _20198_ (net)
                    0.1147    0.0000   24.4222 ^ place11316/A (sky130_fd_sc_hd__buf_4)
     2    0.0041    0.0280    0.1203   24.5425 ^ place11316/X (sky130_fd_sc_hd__buf_4)
                                                 net11315 (net)
                    0.0280    0.0000   24.5425 ^ _26711_/B (sky130_fd_sc_hd__and2_1)
     2    0.0050    0.0670    0.1251   24.6675 ^ _26711_/X (sky130_fd_sc_hd__and2_1)
                                                 _20305_ (net)
                    0.0670    0.0000   24.6675 ^ _28476_/A (sky130_fd_sc_hd__nor2_1)
     1    0.0022    0.0268    0.0446   24.7121 v _28476_/Y (sky130_fd_sc_hd__nor2_1)
                                                 _03803_ (net)
                    0.0268    0.0000   24.7121 v _28477_/B (sky130_fd_sc_hd__nor2_1)
     3    0.0082    0.1688    0.1420   24.8541 ^ _28477_/Y (sky130_fd_sc_hd__nor2_1)
                                                 _01469_ (net)
                    0.1688    0.0000   24.8541 ^ _43035_/B (sky130_fd_sc_hd__ha_1)
     2    0.0043    0.0636    0.1814   25.0355 ^ _43035_/COUT (sky130_fd_sc_hd__ha_1)
                                                 _01470_ (net)
                    0.0636    0.0000   25.0355 ^ _26699_/A1 (sky130_fd_sc_hd__o21ai_0)
     1    0.0023    0.0539    0.0788   25.1143 v _26699_/Y (sky130_fd_sc_hd__o21ai_0)
                                                 _20293_ (net)
                    0.0539    0.0000   25.1143 v place11235/A (sky130_fd_sc_hd__buf_4)
     3    0.0066    0.0294    0.1362   25.2505 v place11235/X (sky130_fd_sc_hd__buf_4)
                                                 net11234 (net)
                    0.0294    0.0000   25.2505 v _26700_/B1 (sky130_fd_sc_hd__a31oi_1)
     2    0.0050    0.1705    0.1611   25.4116 ^ _26700_/Y (sky130_fd_sc_hd__a31oi_1)
                                                 _20294_ (net)
                    0.1705    0.0000   25.4116 ^ _26702_/C1 (sky130_fd_sc_hd__o2111ai_1)
     2    0.0045    0.1151    0.1477   25.5593 v _26702_/Y (sky130_fd_sc_hd__o2111ai_1)
                                                 _20296_ (net)
                    0.1151    0.0000   25.5593 v _26709_/B1 (sky130_fd_sc_hd__o211ai_1)
     3    0.0076    0.2341    0.1555   25.7148 ^ _26709_/Y (sky130_fd_sc_hd__o211ai_1)
                                                 _20303_ (net)
                    0.2341    0.0000   25.7148 ^ _26750_/A (sky130_fd_sc_hd__nor3_1)
     1    0.0023    0.0630    0.0880   25.8028 v _26750_/Y (sky130_fd_sc_hd__nor3_1)
                                                 _20343_ (net)
                    0.0630    0.0000   25.8028 v place11116/A (sky130_fd_sc_hd__buf_4)
     4    0.0088    0.0321    0.1439   25.9467 v place11116/X (sky130_fd_sc_hd__buf_4)
                                                 net11115 (net)
                    0.0321    0.0000   25.9467 v _26851_/B2 (sky130_fd_sc_hd__a32o_1)
     1    0.0014    0.0351    0.1928   26.1395 v _26851_/X (sky130_fd_sc_hd__a32o_1)
                                                 _20442_ (net)
                    0.0351    0.0000   26.1395 v _26853_/C (sky130_fd_sc_hd__or4b_1)
     2    0.0038    0.0928    0.4690   26.6085 v _26853_/X (sky130_fd_sc_hd__or4b_1)
                                                 _20444_ (net)
                    0.0928    0.0000   26.6085 v _26984_/B (sky130_fd_sc_hd__or3_1)
     2    0.0064    0.0876    0.3830   26.9915 v _26984_/X (sky130_fd_sc_hd__or3_1)
                                                 _20571_ (net)
                    0.0876    0.0000   26.9915 v _27053_/A2 (sky130_fd_sc_hd__o31ai_2)
     2    0.0050    0.2038    0.2442   27.2357 ^ _27053_/Y (sky130_fd_sc_hd__o31ai_2)
                                                 _20640_ (net)
                    0.2038    0.0000   27.2357 ^ _28468_/B (sky130_fd_sc_hd__nor2_1)
     1    0.0023    0.0474    0.0579   27.2937 v _28468_/Y (sky130_fd_sc_hd__nor2_1)
                                                 _03798_ (net)
                    0.0474    0.0000   27.2937 v _28480_/A (sky130_fd_sc_hd__nor2_1)
     3    0.0082    0.1685    0.1638   27.4575 ^ _28480_/Y (sky130_fd_sc_hd__nor2_1)
                                                 _00788_ (net)
                    0.1685    0.0000   27.4575 ^ _42620_/B (sky130_fd_sc_hd__ha_1)
     2    0.0050    0.0702    0.1860   27.6435 ^ _42620_/COUT (sky130_fd_sc_hd__ha_1)
                                                 _00789_ (net)
                    0.0702    0.0000   27.6435 ^ _27034_/A (sky130_fd_sc_hd__nor2_1)
     1    0.0022    0.0273    0.0452   27.6887 v _27034_/Y (sky130_fd_sc_hd__nor2_1)
                                                 _20621_ (net)
                    0.0273    0.0000   27.6887 v _27035_/B1 (sky130_fd_sc_hd__a21oi_1)
     2    0.0049    0.1473    0.1341   27.8228 ^ _27035_/Y (sky130_fd_sc_hd__a21oi_1)
                                                 _20622_ (net)
                    0.1473    0.0000   27.8228 ^ _27093_/C (sky130_fd_sc_hd__nand4bb_1)
     4    0.0092    0.1514    0.1698   27.9926 v _27093_/Y (sky130_fd_sc_hd__nand4bb_1)
                                                 _20678_ (net)
                    0.1514    0.0000   27.9926 v _27209_/A2 (sky130_fd_sc_hd__o311ai_1)
     2    0.0070    0.3494    0.3883   28.3808 ^ _27209_/Y (sky130_fd_sc_hd__o311ai_1)
                                                 _20793_ (net)
                    0.3494    0.0000   28.3808 ^ _27210_/B (sky130_fd_sc_hd__xor2_1)
     2    0.0064    0.1161    0.1451   28.5259 v _27210_/X (sky130_fd_sc_hd__xor2_1)
                                                 _20794_ (net)
                    0.1161    0.0000   28.5259 v place10669/A (sky130_fd_sc_hd__buf_4)
     3    0.0076    0.0306    0.1658   28.6917 v place10669/X (sky130_fd_sc_hd__buf_4)
                                                 net10668 (net)
                    0.0306    0.0000   28.6917 v _27336_/B (sky130_fd_sc_hd__or4b_1)
     4    0.0084    0.1228    0.5443   29.2360 v _27336_/X (sky130_fd_sc_hd__or4b_1)
                                                 _20918_ (net)
                    0.1228    0.0000   29.2360 v _27385_/B (sky130_fd_sc_hd__or4_1)
     2    0.0062    0.1078    0.5509   29.7869 v _27385_/X (sky130_fd_sc_hd__or4_1)
                                                 _02726_ (net)
                    0.1078    0.0000   29.7869 v _27389_/C1 (sky130_fd_sc_hd__a211oi_2)
     1    0.0045    0.1710    0.1740   29.9609 ^ _27389_/Y (sky130_fd_sc_hd__a211oi_2)
                                                 _02730_ (net)
                    0.1710    0.0000   29.9609 ^ _27392_/A (sky130_fd_sc_hd__xor2_1)
     1    0.0025    0.1086    0.1512   30.1121 ^ _27392_/X (sky130_fd_sc_hd__xor2_1)
                                                 _02733_ (net)
                    0.1086    0.0000   30.1121 ^ place10417/A (sky130_fd_sc_hd__buf_4)
     2    0.0072    0.0358    0.1256   30.2377 ^ place10417/X (sky130_fd_sc_hd__buf_4)
                                                 net10416 (net)
                    0.0358    0.0000   30.2377 ^ _27393_/C (sky130_fd_sc_hd__nand3_2)
     2    0.0063    0.0883    0.0748   30.3124 v _27393_/Y (sky130_fd_sc_hd__nand3_2)
                                                 _02734_ (net)
                    0.0883    0.0000   30.3124 v _27455_/B (sky130_fd_sc_hd__nor4_2)
     2    0.0049    0.2310    0.2805   30.5930 ^ _27455_/Y (sky130_fd_sc_hd__nor4_2)
                                                 _02796_ (net)
                    0.2310    0.0000   30.5930 ^ _27475_/A2 (sky130_fd_sc_hd__a21oi_1)
     2    0.0067    0.0856    0.1305   30.7235 v _27475_/Y (sky130_fd_sc_hd__a21oi_1)
                                                 _02816_ (net)
                    0.0856    0.0000   30.7235 v _27476_/B (sky130_fd_sc_hd__xnor2_1)
     1    0.0023    0.0470    0.1315   30.8550 v _27476_/Y (sky130_fd_sc_hd__xnor2_1)
                                                 _01284_ (net)
                    0.0470    0.0000   30.8550 v place10180/A (sky130_fd_sc_hd__buf_4)
     3    0.0074    0.0302    0.1344   30.9894 v place10180/X (sky130_fd_sc_hd__buf_4)
                                                 net10179 (net)
                    0.0302    0.0000   30.9894 v _27477_/A (sky130_fd_sc_hd__inv_1)
     2    0.0056    0.0563    0.0588   31.0483 ^ _27477_/Y (sky130_fd_sc_hd__inv_1)
                                                 _01280_ (net)
                    0.0563    0.0000   31.0483 ^ _42917_/A (sky130_fd_sc_hd__ha_1)
     2    0.0050    0.0682    0.1532   31.2015 ^ _42917_/COUT (sky130_fd_sc_hd__ha_1)
                                                 _01282_ (net)
                    0.0682    0.0000   31.2015 ^ _27531_/A1 (sky130_fd_sc_hd__o2111ai_1)
     1    0.0022    0.0838    0.1140   31.3155 v _27531_/Y (sky130_fd_sc_hd__o2111ai_1)
                                                 _02870_ (net)
                    0.0838    0.0000   31.3155 v _27566_/B (sky130_fd_sc_hd__nor4_1)
     1    0.0025    0.2109    0.2536   31.5691 ^ _27566_/Y (sky130_fd_sc_hd__nor4_1)
                                                 _02905_ (net)
                    0.2109    0.0000   31.5691 ^ place10069/A (sky130_fd_sc_hd__buf_4)
     3    0.0115    0.0487    0.1636   31.7327 ^ place10069/X (sky130_fd_sc_hd__buf_4)
                                                 net10068 (net)
                    0.0487    0.0000   31.7327 ^ _27671_/A1 (sky130_fd_sc_hd__a31oi_2)
     4    0.0113    0.1147    0.1042   31.8369 v _27671_/Y (sky130_fd_sc_hd__a31oi_2)
                                                 _03010_ (net)
                    0.1147    0.0000   31.8369 v _27672_/B (sky130_fd_sc_hd__xnor2_1)
     2    0.0049    0.1615    0.1859   32.0228 ^ _27672_/Y (sky130_fd_sc_hd__xnor2_1)
                                                 _01214_ (net)
                    0.1615    0.0000   32.0228 ^ place10022/A (sky130_fd_sc_hd__buf_4)
     3    0.0080    0.0390    0.1427   32.1655 ^ place10022/X (sky130_fd_sc_hd__buf_4)
                                                 net10021 (net)
                    0.0390    0.0000   32.1655 ^ _42867_/A (sky130_fd_sc_hd__ha_1)
     1    0.0025    0.0462    0.1290   32.2945 ^ _42867_/COUT (sky130_fd_sc_hd__ha_1)
                                                 _01215_ (net)
                    0.0462    0.0000   32.2945 ^ _27788_/B (sky130_fd_sc_hd__nor2_1)
     1    0.0023    0.0273    0.0342   32.3287 v _27788_/Y (sky130_fd_sc_hd__nor2_1)
                                                 _03125_ (net)
                    0.0273    0.0000   32.3287 v place9819/A (sky130_fd_sc_hd__buf_4)
     3    0.0066    0.0292    0.1245   32.4533 v place9819/X (sky130_fd_sc_hd__buf_4)
                                                 net9818 (net)
                    0.0292    0.0000   32.4533 v _27798_/D (sky130_fd_sc_hd__nor4_1)
     2    0.0043    0.2770    0.2015   32.6547 ^ _27798_/Y (sky130_fd_sc_hd__nor4_1)
                                                 _03135_ (net)
                    0.2770    0.0000   32.6547 ^ _27803_/A3 (sky130_fd_sc_hd__o311ai_0)
     2    0.0035    0.1221    0.1611   32.8159 v _27803_/Y (sky130_fd_sc_hd__o311ai_0)
                                                 _03140_ (net)
                    0.1221    0.0000   32.8159 v _27912_/C (sky130_fd_sc_hd__or3_1)
     2    0.0064    0.0877    0.3551   33.1709 v _27912_/X (sky130_fd_sc_hd__or3_1)
                                                 _03248_ (net)
                    0.0877    0.0000   33.1709 v _28032_/B (sky130_fd_sc_hd__nor3_2)
     2    0.0043    0.1389    0.1713   33.3423 ^ _28032_/Y (sky130_fd_sc_hd__nor3_2)
                                                 _03368_ (net)
                    0.1389    0.0000   33.3423 ^ _28488_/A2 (sky130_fd_sc_hd__o21ai_0)
     2    0.0045    0.0803    0.1088   33.4511 v _28488_/Y (sky130_fd_sc_hd__o21ai_0)
                                                 _03808_ (net)
                    0.0803    0.0000   33.4511 v _35322_/A (sky130_fd_sc_hd__nand2_1)
     2    0.0054    0.0677    0.0851   33.5362 ^ _35322_/Y (sky130_fd_sc_hd__nand2_1)
                                                 _01347_ (net)
                    0.0677    0.0000   33.5362 ^ _42956_/B (sky130_fd_sc_hd__ha_1)
     3    0.0072    0.0881    0.1694   33.7056 ^ _42956_/COUT (sky130_fd_sc_hd__ha_1)
                                                 _01348_ (net)
                    0.0881    0.0000   33.7056 ^ _28252_/A (sky130_fd_sc_hd__inv_1)
     1    0.0023    0.0282    0.0421   33.7476 v _28252_/Y (sky130_fd_sc_hd__inv_1)
                                                 _03584_ (net)
                    0.0282    0.0000   33.7476 v _28253_/A (sky130_fd_sc_hd__nor2_1)
     1    0.0026    0.0751    0.0874   33.8350 ^ _28253_/Y (sky130_fd_sc_hd__nor2_1)
                                                 _03585_ (net)
                    0.0751    0.0000   33.8350 ^ _28254_/B1 (sky130_fd_sc_hd__a41o_1)
     2    0.0049    0.0677    0.1079   33.9430 ^ _28254_/X (sky130_fd_sc_hd__a41o_1)
                                                 _03586_ (net)
                    0.0677    0.0000   33.9430 ^ _28255_/B1 (sky130_fd_sc_hd__o211a_1)
     2    0.0050    0.0604    0.1570   34.1000 ^ _28255_/X (sky130_fd_sc_hd__o211a_1)
                                                 _03587_ (net)
                    0.0604    0.0000   34.1000 ^ _28256_/C (sky130_fd_sc_hd__nand3_1)
     2    0.0037    0.0595    0.0807   34.1807 v _28256_/Y (sky130_fd_sc_hd__nand3_1)
                                                 _03588_ (net)
                    0.0595    0.0000   34.1807 v place9466/A (sky130_fd_sc_hd__buf_4)
     7    0.0149    0.0396    0.1525   34.3332 v place9466/X (sky130_fd_sc_hd__buf_4)
                                                 net9465 (net)
                    0.0396    0.0000   34.3332 v _28364_/B (sky130_fd_sc_hd__or3_1)
     2    0.0063    0.0873    0.3654   34.6986 v _28364_/X (sky130_fd_sc_hd__or3_1)
                                                 _03696_ (net)
                    0.0873    0.0000   34.6986 v place9417/A (sky130_fd_sc_hd__buf_4)
     3    0.0057    0.0282    0.1497   34.8482 v place9417/X (sky130_fd_sc_hd__buf_4)
                                                 net9416 (net)
                    0.0282    0.0000   34.8482 v _28410_/B1 (sky130_fd_sc_hd__a211o_1)
     2    0.0037    0.0540    0.2614   35.1096 v _28410_/X (sky130_fd_sc_hd__a211o_1)
                                                 _03742_ (net)
                    0.0540    0.0000   35.1096 v _28411_/B (sky130_fd_sc_hd__and2_1)
     2    0.0046    0.0439    0.1630   35.2726 v _28411_/X (sky130_fd_sc_hd__and2_1)
                                                 _03743_ (net)
                    0.0439    0.0000   35.2726 v _28419_/B (sky130_fd_sc_hd__nand4_1)
     2    0.0050    0.0927    0.0942   35.3668 ^ _28419_/Y (sky130_fd_sc_hd__nand4_1)
                                                 _03751_ (net)
                    0.0927    0.0000   35.3668 ^ _28420_/C (sky130_fd_sc_hd__nor3_1)
     2    0.0064    0.0513    0.0676   35.4344 v _28420_/Y (sky130_fd_sc_hd__nor3_1)
                                                 _03752_ (net)
                    0.0513    0.0000   35.4344 v place9227/A (sky130_fd_sc_hd__buf_4)
    10    0.0201    0.0453    0.1555   35.5900 v place9227/X (sky130_fd_sc_hd__buf_4)
                                                 net9226 (net)
                    0.0453    0.0000   35.5900 v _28588_/B (sky130_fd_sc_hd__or4_1)
     2    0.0045    0.0967    0.5119   36.1019 v _28588_/X (sky130_fd_sc_hd__or4_1)
                                                 _03908_ (net)
                    0.0967    0.0000   36.1019 v _28597_/A2 (sky130_fd_sc_hd__a2111o_1)
     3    0.0078    0.0871    0.4540   36.5558 v _28597_/X (sky130_fd_sc_hd__a2111o_1)
                                                 _03917_ (net)
                    0.0871    0.0000   36.5558 v _28609_/B (sky130_fd_sc_hd__nor3b_2)
     1    0.0025    0.1100    0.1542   36.7101 ^ _28609_/Y (sky130_fd_sc_hd__nor3b_2)
                                                 _03929_ (net)
                    0.1100    0.0000   36.7101 ^ place9003/A (sky130_fd_sc_hd__buf_4)
     7    0.0174    0.0612    0.1480   36.8580 ^ place9003/X (sky130_fd_sc_hd__buf_4)
                                                 net9002 (net)
                    0.0612    0.0000   36.8580 ^ _28757_/A2 (sky130_fd_sc_hd__a311oi_1)
     2    0.0038    0.1008    0.0915   36.9495 v _28757_/Y (sky130_fd_sc_hd__a311oi_1)
                                                 _04075_ (net)
                    0.1008    0.0000   36.9495 v _28762_/B (sky130_fd_sc_hd__or4_1)
     2    0.0045    0.0963    0.5284   37.4779 v _28762_/X (sky130_fd_sc_hd__or4_1)
                                                 _04080_ (net)
                    0.0963    0.0000   37.4779 v place8963/A (sky130_fd_sc_hd__buf_4)
     2    0.0045    0.0265    0.1511   37.6290 v place8963/X (sky130_fd_sc_hd__buf_4)
                                                 net8962 (net)
                    0.0265    0.0000   37.6290 v _37364_/A2 (sky130_fd_sc_hd__a2111oi_1)
     1    0.0025    0.3016    0.3572   37.9862 ^ _37364_/Y (sky130_fd_sc_hd__a2111oi_1)
                                                 _11779_ (net)
                    0.3016    0.0000   37.9862 ^ place8911/A (sky130_fd_sc_hd__buf_4)
     2    0.0050    0.0357    0.1705   38.1567 ^ place8911/X (sky130_fd_sc_hd__buf_4)
                                                 net8910 (net)
                    0.0357    0.0000   38.1567 ^ _37372_/C (sky130_fd_sc_hd__nand3_1)
     2    0.0039    0.0757    0.0761   38.2327 v _37372_/Y (sky130_fd_sc_hd__nand3_1)
                                                 _11787_ (net)
                    0.0757    0.0000   38.2327 v _37402_/B1 (sky130_fd_sc_hd__a2111oi_0)
     1    0.0025    0.3276    0.3589   38.5916 ^ _37402_/Y (sky130_fd_sc_hd__a2111oi_0)
                                                 _11817_ (net)
                    0.3276    0.0000   38.5916 ^ place8790/A (sky130_fd_sc_hd__buf_4)
     1    0.0045    0.0353    0.1727   38.7644 ^ place8790/X (sky130_fd_sc_hd__buf_4)
                                                 net8789 (net)
                    0.0353    0.0000   38.7644 ^ _37403_/B (sky130_fd_sc_hd__xor2_1)
     2    0.0036    0.0466    0.0555   38.8198 v _37403_/X (sky130_fd_sc_hd__xor2_1)
                                                 _11818_ (net)
                    0.0466    0.0000   38.8198 v _37415_/A (sky130_fd_sc_hd__or4_1)
     3    0.0061    0.1075    0.5442   39.3641 v _37415_/X (sky130_fd_sc_hd__or4_1)
                                                 _11830_ (net)
                    0.1075    0.0000   39.3641 v _37545_/B (sky130_fd_sc_hd__or4_1)
     1    0.0022    0.0787    0.5040   39.8681 v _37545_/X (sky130_fd_sc_hd__or4_1)
                                                 _11960_ (net)
                    0.0787    0.0000   39.8681 v _37546_/C (sky130_fd_sc_hd__nor3_1)
     2    0.0049    0.2046    0.1792   40.0473 ^ _37546_/Y (sky130_fd_sc_hd__nor3_1)
                                                 _11961_ (net)
                    0.2046    0.0000   40.0473 ^ _37568_/B (sky130_fd_sc_hd__nand3b_1)
     1    0.0045    0.0840    0.1152   40.1625 v _37568_/Y (sky130_fd_sc_hd__nand3b_1)
                                                 _11983_ (net)
                    0.0840    0.0000   40.1625 v _37569_/B (sky130_fd_sc_hd__xnor2_1)
     1    0.0022    0.0526    0.1306   40.2931 v _37569_/Y (sky130_fd_sc_hd__xnor2_1)
                                                 _11984_ (net)
                    0.0526    0.0000   40.2931 v _37585_/A2 (sky130_fd_sc_hd__a2111oi_1)
     1    0.0025    0.3019    0.3671   40.6602 ^ _37585_/Y (sky130_fd_sc_hd__a2111oi_1)
                                                 _12000_ (net)
                    0.3019    0.0000   40.6602 ^ place8655/A (sky130_fd_sc_hd__buf_4)
     2    0.0048    0.0354    0.1701   40.8303 ^ place8655/X (sky130_fd_sc_hd__buf_4)
                                                 net8654 (net)
                    0.0354    0.0000   40.8303 ^ _37602_/A2 (sky130_fd_sc_hd__a31o_2)
     7    0.0173    0.1137    0.1984   41.0287 ^ _37602_/X (sky130_fd_sc_hd__a31o_2)
                                                 _12017_ (net)
                    0.1137    0.0000   41.0287 ^ _38012_/A2 (sky130_fd_sc_hd__o21a_1)
     3    0.0073    0.0822    0.1486   41.1773 ^ _38012_/X (sky130_fd_sc_hd__o21a_1)
                                                 _12426_ (net)
                    0.0822    0.0000   41.1773 ^ _38025_/B1 (sky130_fd_sc_hd__a221oi_1)
     1    0.0079    0.1181    0.1031   41.2804 v _38025_/Y (sky130_fd_sc_hd__a221oi_1)
                                                 _12438_ (net)
                    0.1181    0.0000   41.2804 v _38034_/A2 (sky130_fd_sc_hd__o31ai_4)
     1    0.0096    0.2166    0.2715   41.5519 ^ _38034_/Y (sky130_fd_sc_hd__o31ai_4)
                                                 _12447_ (net)
                    0.2166    0.0000   41.5519 ^ place8623/A (sky130_fd_sc_hd__buf_12)
    18    0.0420    0.0644    0.1629   41.7148 ^ place8623/X (sky130_fd_sc_hd__buf_12)
                                                 net8622 (net)
                    0.0644    0.0000   41.7148 ^ _39750_/A1 (sky130_fd_sc_hd__o21ai_0)
     1    0.0017    0.0611    0.0735   41.7883 v _39750_/Y (sky130_fd_sc_hd__o21ai_0)
                                                 _02424_ (net)
                    0.0611    0.0000   41.7883 v g_channel[0].u_bank.g_block[0].u_core.grf_b[7][28]$_DFFE_PP_/D (sky130_fd_sc_hd__edfxtp_1)
                                       41.7883   data arrival time

                             10.0000   10.0000   clock clk (rise edge)
                              0.0000   10.0000   clock source latency
     1    0.0079    0.0000    0.0000   10.0000 ^ clk_i (in)
                                                 clk_i (net)
                    0.0000    0.0000   10.0000 ^ clkbuf_0_clk_i/A (sky130_fd_sc_hd__clkbuf_16)
     8    0.0632    0.0836    0.1437   10.1437 ^ clkbuf_0_clk_i/X (sky130_fd_sc_hd__clkbuf_16)
                                                 clknet_0_clk_i (net)
                    0.0836    0.0000   10.1437 ^ clkbuf_3_0_0_clk_i/A (sky130_fd_sc_hd__clkbuf_16)
     2    0.0158    0.0393    0.1356   10.2793 ^ clkbuf_3_0_0_clk_i/X (sky130_fd_sc_hd__clkbuf_16)
                                                 clknet_3_0_0_clk_i (net)
                    0.0393    0.0000   10.2793 ^ clkbuf_4_1__f_clk_i/A (sky130_fd_sc_hd__clkbuf_16)
     7    0.0553    0.0762    0.1514   10.4307 ^ clkbuf_4_1__f_clk_i/X (sky130_fd_sc_hd__clkbuf_16)
                                                 clknet_4_1__leaf_clk_i (net)
                    0.0762    0.0000   10.4307 ^ clkbuf_leaf_129_clk_i/A (sky130_fd_sc_hd__clkbuf_16)
     8    0.0184    0.0417    0.1354   10.5662 ^ clkbuf_leaf_129_clk_i/X (sky130_fd_sc_hd__clkbuf_16)
                                                 clknet_leaf_129_clk_i (net)
                    0.0417    0.0000   10.5662 ^ g_channel[0].u_bank.g_block[0].u_core.grf_b[7][28]$_DFFE_PP_/CLK (sky130_fd_sc_hd__edfxtp_1)
                             -0.2000   10.3662   clock uncertainty
                              0.0000   10.3662   clock reconvergence pessimism
                             -0.2555   10.1107   library setup time
                                       10.1107   data required time
-------------------------------------------------------------------------------------
                                       10.1107   data required time
                                      -41.7883   data arrival time
-------------------------------------------------------------------------------------
                                      -31.6776   slack (VIOLATED)


B0_STAGE_TIMING_END post_cts
