B0_STAGE_TIMING_BEGIN post_route
worst slack max -43.48
worst slack min 0.27
tns max -25569.86
Clock clk
   0.92 source latency g_channel[0].u_bank.g_block[0].u_core.grf_a[3][17]$_DFFE_PP_/CLK ^
  -0.81 target latency g_channel[0].u_bank.g_block[0].u_core.grf_a[6][16]$_DFFE_PP_/CLK ^
   0.20 clock uncertainty
   0.00 CRPR
--------------
   0.31 setup skew

[WARNING STA-0502] report_checks -endpoint_count is deprecated. Use -endpoint_path_count instead.
[WARNING STA-0503] report_checks -group_count is deprecated. Use -group_path_count instead.
Startpoint: g_channel[0].u_bank.u_crf.pc_q$_DFFE_PN0P_
            (rising edge-triggered flip-flop clocked by clk)
Endpoint: g_channel[0].u_bank.g_block[0].u_core.grf_b[2][3]$_DFFE_PP_
          (rising edge-triggered flip-flop clocked by clk)
Path Group: clk
Path Type: max

Fanout       Cap      Slew     Delay      Time   Description
-------------------------------------------------------------------------------------
                              0.0000    0.0000   clock clk (rise edge)
                              0.0000    0.0000   clock source latency
     1    0.1020    0.0000    0.0000    0.0000 ^ clk_i (in)
                                                 clk_i (net)
                    0.0094    0.0047    0.0047 ^ clkbuf_0_clk_i/A (sky130_fd_sc_hd__clkbuf_16)
     8    0.2098    0.2201    0.2445    0.2492 ^ clkbuf_0_clk_i/X (sky130_fd_sc_hd__clkbuf_16)
                                                 clknet_0_clk_i (net)
                    0.2205    0.0077    0.2569 ^ clkbuf_3_2_0_clk_i/A (sky130_fd_sc_hd__clkbuf_16)
     2    0.0435    0.0648    0.2021    0.4590 ^ clkbuf_3_2_0_clk_i/X (sky130_fd_sc_hd__clkbuf_16)
                                                 clknet_3_2_0_clk_i (net)
                    0.0648    0.0015    0.4606 ^ clkbuf_4_4__f_clk_i/A (sky130_fd_sc_hd__clkbuf_16)
     5    0.0962    0.1121    0.1895    0.6501 ^ clkbuf_4_4__f_clk_i/X (sky130_fd_sc_hd__clkbuf_16)
                                                 clknet_4_4__leaf_clk_i (net)
                    0.1123    0.0030    0.6531 ^ clkbuf_leaf_123_clk_i/A (sky130_fd_sc_hd__clkbuf_16)
    11    0.0394    0.0592    0.1658    0.8189 ^ clkbuf_leaf_123_clk_i/X (sky130_fd_sc_hd__clkbuf_16)
                                                 clknet_leaf_123_clk_i (net)
                    0.0592    0.0004    0.8193 ^ g_channel[0].u_bank.u_crf.pc_q$_DFFE_PN0P_/CLK (sky130_fd_sc_hd__dfrtp_4)
     4    0.0275    0.1077    0.4564    1.2757 ^ g_channel[0].u_bank.u_crf.pc_q$_DFFE_PN0P_/Q (sky130_fd_sc_hd__dfrtp_4)
                                                 g_channel[0].u_bank.u_crf.pc_o[0] (net)
                    0.1077    0.0008    1.2765 ^ place16336/A (sky130_fd_sc_hd__buf_4)
     2    0.0124    0.0470    0.1362    1.4127 ^ place16336/X (sky130_fd_sc_hd__buf_4)
                                                 net16335 (net)
                    0.0470    0.0003    1.4130 ^ place16335/A (sky130_fd_sc_hd__buf_4)
    31    0.2532    0.6856    0.5458    1.9588 ^ place16335/X (sky130_fd_sc_hd__buf_4)
                                                 net16334 (net)
                    0.6867    0.0226    1.9815 ^ _22184_/S (sky130_fd_sc_hd__mux2i_4)
     1    0.0127    0.1811    0.3688    2.3502 ^ _22184_/Y (sky130_fd_sc_hd__mux2i_4)
                                                 _15890_ (net)
                    0.1811    0.0006    2.3508 ^ place16182/A (sky130_fd_sc_hd__buf_12)
     9    0.1238    0.1491    0.2097    2.5606 ^ place16182/X (sky130_fd_sc_hd__buf_12)
                                                 net16181 (net)
                    0.1498    0.0081    2.5687 ^ place16176/A (sky130_fd_sc_hd__buf_4)
     5    0.0929    0.2572    0.2972    2.8659 ^ place16176/X (sky130_fd_sc_hd__buf_4)
                                                 net16175 (net)
                    0.2577    0.0093    2.8752 ^ place16175/A (sky130_fd_sc_hd__buf_4)
    11    0.0746    0.2075    0.2947    3.1699 ^ place16175/X (sky130_fd_sc_hd__buf_4)
                                                 net16174 (net)
                    0.2076    0.0030    3.1729 ^ place16174/A (sky130_fd_sc_hd__buf_4)
    50    0.2998    0.8166    0.6252    3.7981 ^ place16174/X (sky130_fd_sc_hd__buf_4)
                                                 net16173 (net)
                    0.8316    0.0893    3.8874 ^ _31144_/B (sky130_fd_sc_hd__nand2_1)
     1    0.0035    0.1244    0.1297    4.0170 v _31144_/Y (sky130_fd_sc_hd__nand2_1)
                                                 _06434_ (net)
                    0.1244    0.0001    4.0171 v _31147_/A2 (sky130_fd_sc_hd__a311oi_1)
     1    0.0054    0.2773    0.3367    4.3539 ^ _31147_/Y (sky130_fd_sc_hd__a311oi_1)
                                                 _06437_ (net)
                    0.2773    0.0002    4.3540 ^ _31148_/B1 (sky130_fd_sc_hd__a31oi_1)
     1    0.0071    0.1026    0.1050    4.4590 v _31148_/Y (sky130_fd_sc_hd__a31oi_1)
                                                 _06438_ (net)
                    0.1026    0.0003    4.4593 v place15593/A (sky130_fd_sc_hd__buf_4)
     1    0.0136    0.0369    0.1693    4.6287 v place15593/X (sky130_fd_sc_hd__buf_4)
                                                 net15592 (net)
                    0.0370    0.0005    4.6291 v _31160_/A1 (sky130_fd_sc_hd__o21ai_0)
     1    0.0177    0.5424    0.4534    5.0825 ^ _31160_/Y (sky130_fd_sc_hd__o21ai_0)
                                                 _06450_ (net)
                    0.5424    0.0017    5.0842 ^ place15449/A (sky130_fd_sc_hd__buf_4)
     1    0.0031    0.0374    0.1980    5.2821 ^ place15449/X (sky130_fd_sc_hd__buf_4)
                                                 net15448 (net)
                    0.0374    0.0001    5.2822 ^ _31170_/A (sky130_fd_sc_hd__nor2_1)
     2    0.0193    0.0921    0.0910    5.3732 v _31170_/Y (sky130_fd_sc_hd__nor2_1)
                                                 _06460_ (net)
                    0.0921    0.0006    5.3738 v _31171_/C (sky130_fd_sc_hd__nand3_1)
     2    0.0172    0.1964    0.1890    5.5628 ^ _31171_/Y (sky130_fd_sc_hd__nand3_1)
                                                 _06461_ (net)
                    0.1964    0.0007    5.5635 ^ _31172_/B (sky130_fd_sc_hd__nor2_1)
     1    0.0104    0.0771    0.1051    5.6686 v _31172_/Y (sky130_fd_sc_hd__nor2_1)
                                                 _06462_ (net)
                    0.0771    0.0006    5.6691 v place15027/A (sky130_fd_sc_hd__buf_4)
     2    0.0271    0.0516    0.1731    5.8422 v place15027/X (sky130_fd_sc_hd__buf_4)
                                                 net15026 (net)
                    0.0521    0.0039    5.8461 v _35793_/A (sky130_fd_sc_hd__nor2b_1)
     1    0.0075    0.1618    0.1657    6.0119 ^ _35793_/Y (sky130_fd_sc_hd__nor2b_1)
                                                 _00293_ (net)
                    0.1618    0.0003    6.0122 ^ _42340_/CIN (sky130_fd_sc_hd__fa_1)
     1    0.0062    0.0925    0.4562    6.4684 v _42340_/SUM (sky130_fd_sc_hd__fa_1)
                                                 _21152_ (net)
                    0.0925    0.0002    6.4687 v _42240_/CIN (sky130_fd_sc_hd__fa_1)
     1    0.0083    0.0993    0.5308    6.9994 ^ _42240_/SUM (sky130_fd_sc_hd__fa_1)
                                                 _21154_ (net)
                    0.0993    0.0004    6.9998 ^ _42283_/CIN (sky130_fd_sc_hd__fa_1)
     1    0.0082    0.1033    0.4519    7.4518 v _42283_/SUM (sky130_fd_sc_hd__fa_1)
                                                 _21110_ (net)
                    0.1033    0.0003    7.4520 v _42215_/B (sky130_fd_sc_hd__fa_1)
     1    0.0093    0.1078    0.5646    8.0167 ^ _42215_/SUM (sky130_fd_sc_hd__fa_1)
                                                 _21105_ (net)
                    0.1078    0.0004    8.0170 ^ _42214_/B (sky130_fd_sc_hd__fa_1)
     1    0.0058    0.0902    0.4425    8.4595 v _42214_/SUM (sky130_fd_sc_hd__fa_1)
                                                 _21108_ (net)
                    0.0902    0.0002    8.4598 v _42675_/B (sky130_fd_sc_hd__ha_1)
     5    0.0162    0.1108    0.3554    8.8151 v _42675_/SUM (sky130_fd_sc_hd__ha_1)
                                                 _00873_ (net)
                    0.1108    0.0004    8.8155 v _29117_/A1 (sky130_fd_sc_hd__o21a_1)
     2    0.0069    0.0539    0.2246    9.0402 v _29117_/X (sky130_fd_sc_hd__o21a_1)
                                                 _04427_ (net)
                    0.0539    0.0002    9.0404 v _29118_/A2 (sky130_fd_sc_hd__a21o_1)
     2    0.0064    0.0482    0.1920    9.2324 v _29118_/X (sky130_fd_sc_hd__a21o_1)
                                                 _04428_ (net)
                    0.0482    0.0002    9.2326 v _29120_/B1 (sky130_fd_sc_hd__a2111oi_0)
     1    0.0057    0.4977    0.4928    9.7254 ^ _29120_/Y (sky130_fd_sc_hd__a2111oi_0)
                                                 _04430_ (net)
                    0.4977    0.0002    9.7256 ^ place14293/A (sky130_fd_sc_hd__buf_4)
     2    0.0052    0.0409    0.1990    9.9246 ^ place14293/X (sky130_fd_sc_hd__buf_4)
                                                 net14292 (net)
                    0.0409    0.0002    9.9248 ^ _29125_/A (sky130_fd_sc_hd__nor3_1)
     2    0.0102    0.0620    0.0699    9.9947 v _29125_/Y (sky130_fd_sc_hd__nor3_1)
                                                 _04435_ (net)
                    0.0620    0.0004    9.9951 v _29126_/B1 (sky130_fd_sc_hd__a21oi_1)
     3    0.0181    0.3930    0.3327   10.3278 ^ _29126_/Y (sky130_fd_sc_hd__a21oi_1)
                                                 _04436_ (net)
                    0.3930    0.0007   10.3285 ^ _29876_/A (sky130_fd_sc_hd__nand3_1)
     2    0.0087    0.1551    0.1905   10.5190 v _29876_/Y (sky130_fd_sc_hd__nand3_1)
                                                 _05173_ (net)
                    0.1551    0.0004   10.5194 v _30230_/A (sky130_fd_sc_hd__or3_1)
     2    0.0448    0.2535    0.6066   11.1260 v _30230_/X (sky130_fd_sc_hd__or3_1)
                                                 _01085_ (net)
                    0.2535    0.0031   11.1291 v _42796_/A (sky130_fd_sc_hd__ha_1)
     1    0.0032    0.0481    0.3681   11.4972 ^ _42796_/SUM (sky130_fd_sc_hd__ha_1)
                                                 _01088_ (net)
                    0.0481    0.0001   11.4973 ^ _35694_/A (sky130_fd_sc_hd__inv_1)
     1    0.0032    0.0228    0.0377   11.5350 v _35694_/Y (sky130_fd_sc_hd__inv_1)
                                                 _00590_ (net)
                    0.0228    0.0001   11.5351 v _42502_/B (sky130_fd_sc_hd__ha_1)
     3    0.0153    0.1413    0.3345   11.8696 ^ _42502_/SUM (sky130_fd_sc_hd__ha_1)
                                                 _00592_ (net)
                    0.1413    0.0007   11.8703 ^ _29225_/A1 (sky130_fd_sc_hd__a211oi_1)
     2    0.0090    0.0951    0.1240   11.9943 v _29225_/Y (sky130_fd_sc_hd__a211oi_1)
                                                 _04533_ (net)
                    0.0951    0.0003   11.9947 v _29228_/A1 (sky130_fd_sc_hd__o21ai_1)
     4    0.0232    0.4519    0.4054   12.4000 ^ _29228_/Y (sky130_fd_sc_hd__o21ai_1)
                                                 _04536_ (net)
                    0.4519    0.0012   12.4012 ^ place13454/A (sky130_fd_sc_hd__buf_4)
     5    0.0289    0.0936    0.2430   12.6443 ^ place13454/X (sky130_fd_sc_hd__buf_4)
                                                 net13453 (net)
                    0.0937    0.0020   12.6462 ^ _29240_/A1 (sky130_fd_sc_hd__a211oi_1)
     1    0.0031    0.0560    0.0766   12.7229 v _29240_/Y (sky130_fd_sc_hd__a211oi_1)
                                                 _04548_ (net)
                    0.0560    0.0001   12.7229 v _29252_/A1 (sky130_fd_sc_hd__o211ai_1)
     2    0.0200    0.4533    0.4073   13.1302 ^ _29252_/Y (sky130_fd_sc_hd__o211ai_1)
                                                 _04560_ (net)
                    0.4533    0.0023   13.1325 ^ place13352/A (sky130_fd_sc_hd__buf_4)
     4    0.0147    0.0603    0.2155   13.3481 ^ place13352/X (sky130_fd_sc_hd__buf_4)
                                                 net13351 (net)
                    0.0603    0.0004   13.3485 ^ _29444_/B (sky130_fd_sc_hd__nand3_1)
     1    0.0049    0.0685    0.0862   13.4347 v _29444_/Y (sky130_fd_sc_hd__nand3_1)
                                                 _04752_ (net)
                    0.0685    0.0002   13.4349 v _29447_/A2 (sky130_fd_sc_hd__a21oi_1)
     2    0.0126    0.2873    0.2828   13.7177 ^ _29447_/Y (sky130_fd_sc_hd__a21oi_1)
                                                 _04755_ (net)
                    0.2873    0.0006   13.7184 ^ _29448_/B (sky130_fd_sc_hd__xor2_1)
     2    0.0183    0.3915    0.3808   14.0992 ^ _29448_/X (sky130_fd_sc_hd__xor2_1)
                                                 _04756_ (net)
                    0.3915    0.0012   14.1004 ^ _29449_/B1 (sky130_fd_sc_hd__o31ai_4)
     2    0.0286    0.1512    0.1990   14.2994 v _29449_/Y (sky130_fd_sc_hd__o31ai_4)
                                                 _04757_ (net)
                    0.1512    0.0010   14.3003 v place13157/A (sky130_fd_sc_hd__buf_4)
    21    0.1326    0.1667    0.2970   14.5974 v place13157/X (sky130_fd_sc_hd__buf_4)
                                                 net13156 (net)
                    0.1680    0.0120   14.6094 v _32596_/A (sky130_fd_sc_hd__nor4_1)
     1    0.0231    0.9513    0.8600   15.4694 ^ _32596_/Y (sky130_fd_sc_hd__nor4_1)
                                                 _07826_ (net)
                    0.9514    0.0026   15.4720 ^ _32616_/A1 (sky130_fd_sc_hd__a21oi_1)
     2    0.0078    0.2049    0.2127   15.6847 v _32616_/Y (sky130_fd_sc_hd__a21oi_1)
                                                 _07846_ (net)
                    0.2049    0.0003   15.6850 v _32618_/A (sky130_fd_sc_hd__or2_2)
     3    0.0127    0.0824    0.3908   16.0758 v _32618_/X (sky130_fd_sc_hd__or2_2)
                                                 _07848_ (net)
                    0.0824    0.0006   16.0765 v _35740_/B (sky130_fd_sc_hd__nor3_1)
     2    0.0120    0.3833    0.3586   16.4351 ^ _35740_/Y (sky130_fd_sc_hd__nor3_1)
                                                 _10722_ (net)
                    0.3833    0.0006   16.4357 ^ _35741_/B (sky130_fd_sc_hd__nand2_1)
     2    0.0067    0.0977    0.1357   16.5714 v _35741_/Y (sky130_fd_sc_hd__nand2_1)
                                                 _01049_ (net)
                    0.0977    0.0002   16.5715 v _42773_/A (sky130_fd_sc_hd__ha_1)
     2    0.0077    0.0646    0.2401   16.8116 v _42773_/COUT (sky130_fd_sc_hd__ha_1)
                                                 _01051_ (net)
                    0.0646    0.0003   16.8119 v _41856_/A (sky130_fd_sc_hd__nand2_1)
     2    0.0066    0.0909    0.0859   16.8978 ^ _41856_/Y (sky130_fd_sc_hd__nand2_1)
                                                 _15344_ (net)
                    0.0909    0.0002   16.8980 ^ place12400/A (sky130_fd_sc_hd__buf_4)
     6    0.0343    0.1025    0.1718   17.0698 ^ place12400/X (sky130_fd_sc_hd__buf_4)
                                                 net12399 (net)
                    0.1025    0.0009   17.0706 ^ place12398/A (sky130_fd_sc_hd__buf_4)
     1    0.0039    0.0269    0.1154   17.1861 ^ place12398/X (sky130_fd_sc_hd__buf_4)
                                                 net12397 (net)
                    0.0269    0.0001   17.1862 ^ _41870_/S (sky130_fd_sc_hd__mux2_2)
     1    0.0061    0.0576    0.3292   17.5153 v _41870_/X (sky130_fd_sc_hd__mux2_2)
                                                 _15358_ (net)
                    0.0576    0.0003   17.5156 v _41871_/B1 (sky130_fd_sc_hd__a32oi_1)
     1    0.0094    0.2697    0.2427   17.7583 ^ _41871_/Y (sky130_fd_sc_hd__a32oi_1)
                                                 _15359_ (net)
                    0.2697    0.0006   17.7589 ^ _41887_/A2 (sky130_fd_sc_hd__o2111ai_1)
     1    0.0043    0.1182    0.1496   17.9085 v _41887_/Y (sky130_fd_sc_hd__o2111ai_1)
                                                 _15375_ (net)
                    0.1182    0.0002   17.9087 v _41924_/B (sky130_fd_sc_hd__nor3_1)
     2    0.0074    0.2610    0.2783   18.1870 ^ _41924_/Y (sky130_fd_sc_hd__nor3_1)
                                                 _15412_ (net)
                    0.2610    0.0002   18.1872 ^ _41942_/B (sky130_fd_sc_hd__nor3_1)
     1    0.0040    0.0704    0.0948   18.2820 v _41942_/Y (sky130_fd_sc_hd__nor3_1)
                                                 _00006_ (net)
                    0.0704    0.0001   18.2821 v place12380/A (sky130_fd_sc_hd__buf_4)
     1    0.0217    0.0453    0.1656   18.4477 v place12380/X (sky130_fd_sc_hd__buf_4)
                                                 net12379 (net)
                    0.0454    0.0008   18.4485 v _42661_/B (sky130_fd_sc_hd__ha_1)
     2    0.0076    0.0641    0.1994   18.6479 v _42661_/COUT (sky130_fd_sc_hd__ha_1)
                                                 _00852_ (net)
                    0.0641    0.0002   18.6481 v _43064_/B (sky130_fd_sc_hd__ha_1)
     3    0.0111    0.0778    0.2236   18.8717 v _43064_/COUT (sky130_fd_sc_hd__ha_1)
                                                 _01519_ (net)
                    0.0778    0.0003   18.8720 v _30679_/A (sky130_fd_sc_hd__and4_1)
     4    0.0195    0.1063    0.2249   19.0969 v _30679_/X (sky130_fd_sc_hd__and4_1)
                                                 _05969_ (net)
                    0.1063    0.0013   19.0981 v _30709_/B (sky130_fd_sc_hd__nand3_1)
     1    0.0045    0.0763    0.1147   19.2128 ^ _30709_/Y (sky130_fd_sc_hd__nand3_1)
                                                 _05999_ (net)
                    0.0763    0.0001   19.2129 ^ _30710_/S (sky130_fd_sc_hd__mux2_1)
     3    0.0193    0.1306    0.4086   19.6215 v _30710_/X (sky130_fd_sc_hd__mux2_1)
                                                 _06000_ (net)
                    0.1306    0.0012   19.6227 v _30722_/A3 (sky130_fd_sc_hd__o31a_1)
     4    0.0182    0.1132    0.3381   19.9608 v _30722_/X (sky130_fd_sc_hd__o31a_1)
                                                 _06012_ (net)
                    0.1133    0.0010   19.9618 v _30723_/B (sky130_fd_sc_hd__nor2_1)
     6    0.0319    0.5609    0.4621   20.4239 ^ _30723_/Y (sky130_fd_sc_hd__nor2_1)
                                                 _06013_ (net)
                    0.5609    0.0014   20.4253 ^ place12309/A (sky130_fd_sc_hd__buf_4)
     2    0.0064    0.0452    0.2111   20.6364 ^ place12309/X (sky130_fd_sc_hd__buf_4)
                                                 net12308 (net)
                    0.0452    0.0001   20.6366 ^ _32650_/A1 (sky130_fd_sc_hd__o21bai_1)
     1    0.0039    0.0556    0.0729   20.7095 v _32650_/Y (sky130_fd_sc_hd__o21bai_1)
                                                 _07879_ (net)
                    0.0556    0.0001   20.7096 v _32659_/A1 (sky130_fd_sc_hd__a211oi_1)
     1    0.0132    0.4673    0.4158   21.1254 ^ _32659_/Y (sky130_fd_sc_hd__a211oi_1)
                                                 _07888_ (net)
                    0.4674    0.0011   21.1265 ^ _32660_/C (sky130_fd_sc_hd__nand3_1)
     2    0.0193    0.2640    0.2823   21.4088 v _32660_/Y (sky130_fd_sc_hd__nand3_1)
                                                 _07889_ (net)
                    0.2640    0.0013   21.4101 v _35506_/B (sky130_fd_sc_hd__nor2_1)
     1    0.0032    0.1143    0.1654   21.5754 ^ _35506_/Y (sky130_fd_sc_hd__nor2_1)
                                                 _10550_ (net)
                    0.1143    0.0001   21.5755 ^ place12167/A (sky130_fd_sc_hd__buf_4)
     2    0.0066    0.0332    0.1261   21.7016 ^ place12167/X (sky130_fd_sc_hd__buf_4)
                                                 net12166 (net)
                    0.0332    0.0002   21.7018 ^ _35507_/B (sky130_fd_sc_hd__nor2_1)
     2    0.0192    0.1237    0.0842   21.7860 v _35507_/Y (sky130_fd_sc_hd__nor2_1)
                                                 _10551_ (net)
                    0.1238    0.0013   21.7872 v _35508_/A (sky130_fd_sc_hd__inv_1)
     3    0.0109    0.1000    0.1293   21.9165 ^ _35508_/Y (sky130_fd_sc_hd__inv_1)
                                                 _10552_ (net)
                    0.1000    0.0002   21.9167 ^ _35509_/A1 (sky130_fd_sc_hd__a21o_1)
     2    0.0139    0.1268    0.1829   22.0996 ^ _35509_/X (sky130_fd_sc_hd__a21o_1)
                                                 _10553_ (net)
                    0.1268    0.0009   22.1005 ^ _35510_/A2 (sky130_fd_sc_hd__o21ai_0)
     2    0.0075    0.1422    0.1328   22.2333 v _35510_/Y (sky130_fd_sc_hd__o21ai_0)
                                                 _00762_ (net)
                    0.1422    0.0003   22.2336 v _42604_/A (sky130_fd_sc_hd__ha_1)
     2    0.0046    0.0604    0.3351   22.5687 v _42604_/SUM (sky130_fd_sc_hd__ha_1)
                                                 _00764_ (net)
                    0.0604    0.0001   22.5688 v _28942_/B_N (sky130_fd_sc_hd__nor2b_1)
     1    0.0019    0.0284    0.1262   22.6950 v _28942_/Y (sky130_fd_sc_hd__nor2b_1)
                                                 _04257_ (net)
                    0.0284    0.0000   22.6951 v _28943_/A2 (sky130_fd_sc_hd__o21ai_0)
     1    0.0028    0.1317    0.1327   22.8278 ^ _28943_/Y (sky130_fd_sc_hd__o21ai_0)
                                                 _04258_ (net)
                    0.1317    0.0001   22.8278 ^ _28944_/B (sky130_fd_sc_hd__nand2b_1)
     1    0.0045    0.0532    0.0811   22.9089 v _28944_/Y (sky130_fd_sc_hd__nand2b_1)
                                                 _04259_ (net)
                    0.0532    0.0002   22.9091 v _28945_/A2 (sky130_fd_sc_hd__a21oi_1)
     1    0.0063    0.1675    0.1880   23.0970 ^ _28945_/Y (sky130_fd_sc_hd__a21oi_1)
                                                 _04260_ (net)
                    0.1675    0.0003   23.0973 ^ _28946_/A (sky130_fd_sc_hd__nor2b_1)
     1    0.0027    0.0474    0.0663   23.1636 v _28946_/Y (sky130_fd_sc_hd__nor2b_1)
                                                 _04261_ (net)
                    0.0474    0.0001   23.1637 v _28947_/A2 (sky130_fd_sc_hd__o21ai_0)
     1    0.0031    0.1401    0.1458   23.3094 ^ _28947_/Y (sky130_fd_sc_hd__o21ai_0)
                                                 _04262_ (net)
                    0.1401    0.0001   23.3095 ^ _28948_/B (sky130_fd_sc_hd__nand2b_1)
     1    0.0035    0.0484    0.0760   23.3855 v _28948_/Y (sky130_fd_sc_hd__nand2b_1)
                                                 _04263_ (net)
                    0.0484    0.0001   23.3856 v _28949_/A2 (sky130_fd_sc_hd__a21oi_1)
     1    0.0041    0.1283    0.1556   23.5412 ^ _28949_/Y (sky130_fd_sc_hd__a21oi_1)
                                                 _04264_ (net)
                    0.1283    0.0001   23.5414 ^ _28950_/A (sky130_fd_sc_hd__nor2b_1)
     1    0.0040    0.0449    0.0675   23.6088 v _28950_/Y (sky130_fd_sc_hd__nor2b_1)
                                                 _04265_ (net)
                    0.0449    0.0002   23.6090 v _28954_/A2 (sky130_fd_sc_hd__o21ai_0)
     1    0.0047    0.1813    0.1772   23.7862 ^ _28954_/Y (sky130_fd_sc_hd__o21ai_0)
                                                 _04269_ (net)
                    0.1813    0.0002   23.7864 ^ _28961_/A1 (sky130_fd_sc_hd__a21boi_0)
     1    0.0020    0.0699    0.1029   23.8893 v _28961_/Y (sky130_fd_sc_hd__a21boi_0)
                                                 _04276_ (net)
                    0.0699    0.0000   23.8893 v _28962_/A2 (sky130_fd_sc_hd__o21ai_0)
     1    0.0059    0.2140    0.2117   24.1010 ^ _28962_/Y (sky130_fd_sc_hd__o21ai_0)
                                                 _04277_ (net)
                    0.2140    0.0002   24.1012 ^ _28967_/A2 (sky130_fd_sc_hd__a22oi_2)
     4    0.0177    0.1258    0.1586   24.2598 v _28967_/Y (sky130_fd_sc_hd__a22oi_2)
                                                 _04282_ (net)
                    0.1258    0.0009   24.2607 v place12059/A (sky130_fd_sc_hd__buf_4)
    14    0.0536    0.0791    0.2247   24.4855 v place12059/X (sky130_fd_sc_hd__buf_4)
                                                 net12058 (net)
                    0.0791    0.0008   24.4862 v _32676_/C (sky130_fd_sc_hd__nor3_1)
     1    0.0072    0.2589    0.2249   24.7111 ^ _32676_/Y (sky130_fd_sc_hd__nor3_1)
                                                 _07902_ (net)
                    0.2589    0.0002   24.7114 ^ _32677_/C1 (sky130_fd_sc_hd__a311o_1)
     2    0.0100    0.1225    0.2078   24.9191 ^ _32677_/X (sky130_fd_sc_hd__a311o_1)
                                                 _07903_ (net)
                    0.1225    0.0004   24.9195 ^ _32679_/A (sky130_fd_sc_hd__inv_1)
     2    0.0081    0.0558    0.0803   24.9998 v _32679_/Y (sky130_fd_sc_hd__inv_1)
                                                 g_channel[0].u_bank.g_block[0].u_core.u_alu.g_fp16[0].u_add.large_exp[2] (net)
                    0.0558    0.0002   25.0000 v _42782_/A (sky130_fd_sc_hd__ha_1)
     2    0.0056    0.0649    0.3069   25.3069 v _42782_/SUM (sky130_fd_sc_hd__ha_1)
                                                 _01068_ (net)
                    0.0649    0.0001   25.3070 v _28927_/B1 (sky130_fd_sc_hd__o21ai_0)
     1    0.0035    0.1496    0.0835   25.3906 ^ _28927_/Y (sky130_fd_sc_hd__o21ai_0)
                                                 _04242_ (net)
                    0.1496    0.0001   25.3907 ^ _28928_/B (sky130_fd_sc_hd__nand2b_1)
     2    0.0065    0.0679    0.0970   25.4877 v _28928_/Y (sky130_fd_sc_hd__nand2b_1)
                                                 _04243_ (net)
                    0.0679    0.0002   25.4878 v _28929_/A2 (sky130_fd_sc_hd__a21o_1)
     2    0.0075    0.0532    0.2026   25.6905 v _28929_/X (sky130_fd_sc_hd__a21o_1)
                                                 _04244_ (net)
                    0.0532    0.0003   25.6907 v _28930_/A2 (sky130_fd_sc_hd__a21oi_1)
     3    0.0138    0.3109    0.2943   25.9851 ^ _28930_/Y (sky130_fd_sc_hd__a21oi_1)
                                                 _04245_ (net)
                    0.3109    0.0006   25.9857 ^ _31607_/B (sky130_fd_sc_hd__nor2_1)
     2    0.0166    0.1205    0.1636   26.1493 v _31607_/Y (sky130_fd_sc_hd__nor2_1)
                                                 _06888_ (net)
                    0.1205    0.0005   26.1498 v place11845/A (sky130_fd_sc_hd__buf_4)
     6    0.0294    0.0536    0.1963   26.3461 v place11845/X (sky130_fd_sc_hd__buf_4)
                                                 net11844 (net)
                    0.0536    0.0007   26.3468 v _32471_/A (sky130_fd_sc_hd__nand2_1)
     1    0.0071    0.0997    0.0840   26.4307 ^ _32471_/Y (sky130_fd_sc_hd__nand2_1)
                                                 _07703_ (net)
                    0.0997    0.0003   26.4311 ^ _32474_/A2 (sky130_fd_sc_hd__o22ai_1)
     2    0.0145    0.1446    0.1468   26.5779 v _32474_/Y (sky130_fd_sc_hd__o22ai_1)
                                                 _07706_ (net)
                    0.1446    0.0011   26.5790 v _35153_/B (sky130_fd_sc_hd__or2_2)
     2    0.0092    0.0724    0.3352   26.9142 v _35153_/X (sky130_fd_sc_hd__or2_2)
                                                 _10330_ (net)
                    0.0724    0.0003   26.9145 v _35155_/A1 (sky130_fd_sc_hd__mux2i_1)
     2    0.0074    0.2011    0.2048   27.1194 ^ _35155_/Y (sky130_fd_sc_hd__mux2i_1)
                                                 _10332_ (net)
                    0.2011    0.0002   27.1195 ^ _35158_/A2 (sky130_fd_sc_hd__o21ai_0)
     1    0.0036    0.0710    0.1128   27.2323 v _35158_/Y (sky130_fd_sc_hd__o21ai_0)
                                                 _10335_ (net)
                    0.0710    0.0001   27.2325 v _35160_/B1 (sky130_fd_sc_hd__a22oi_1)
     2    0.0146    0.3641    0.3095   27.5420 ^ _35160_/Y (sky130_fd_sc_hd__a22oi_1)
                                                 _01490_ (net)
                    0.3641    0.0010   27.5429 ^ _43047_/B (sky130_fd_sc_hd__ha_1)
     2    0.0069    0.0711    0.3230   27.8660 v _43047_/SUM (sky130_fd_sc_hd__ha_1)
                                                 _01492_ (net)
                    0.0711    0.0003   27.8662 v _32755_/A (sky130_fd_sc_hd__nor2_1)
     1    0.0028    0.0794    0.1066   27.9728 ^ _32755_/Y (sky130_fd_sc_hd__nor2_1)
                                                 _07972_ (net)
                    0.0794    0.0001   27.9729 ^ _32756_/B (sky130_fd_sc_hd__nor2_1)
     1    0.0041    0.0321    0.0502   28.0230 v _32756_/Y (sky130_fd_sc_hd__nor2_1)
                                                 _07973_ (net)
                    0.0321    0.0002   28.0232 v _32757_/B (sky130_fd_sc_hd__nor2_1)
     2    0.0065    0.1354    0.1228   28.1460 ^ _32757_/Y (sky130_fd_sc_hd__nor2_1)
                                                 _07974_ (net)
                    0.1354    0.0002   28.1462 ^ _32760_/A2 (sky130_fd_sc_hd__o31ai_1)
     1    0.0028    0.0645    0.0897   28.2359 v _32760_/Y (sky130_fd_sc_hd__o31ai_1)
                                                 _07977_ (net)
                    0.0645    0.0001   28.2360 v _32761_/A2 (sky130_fd_sc_hd__a21oi_1)
     1    0.0035    0.1165    0.1526   28.3886 ^ _32761_/Y (sky130_fd_sc_hd__a21oi_1)
                                                 _07978_ (net)
                    0.1165    0.0001   28.3887 ^ _32762_/A2 (sky130_fd_sc_hd__o21bai_1)
     1    0.0032    0.0511    0.0753   28.4640 v _32762_/Y (sky130_fd_sc_hd__o21bai_1)
                                                 _07979_ (net)
                    0.0511    0.0001   28.4641 v _32763_/A2 (sky130_fd_sc_hd__a21o_1)
     1    0.0034    0.0358    0.1767   28.6408 v _32763_/X (sky130_fd_sc_hd__a21o_1)
                                                 _07980_ (net)
                    0.0358    0.0001   28.6409 v _32764_/A2 (sky130_fd_sc_hd__a21oi_1)
     3    0.0163    0.3588    0.3217   28.9625 ^ _32764_/Y (sky130_fd_sc_hd__a21oi_1)
                                                 _07981_ (net)
                    0.3589    0.0009   28.9635 ^ _32779_/B1 (sky130_fd_sc_hd__o21ai_0)
     1    0.0053    0.1331    0.1860   29.1495 v _32779_/Y (sky130_fd_sc_hd__o21ai_0)
                                                 _07996_ (net)
                    0.1331    0.0002   29.1497 v _32780_/B (sky130_fd_sc_hd__xnor2_1)
     2    0.0074    0.0789    0.1810   29.3307 v _32780_/Y (sky130_fd_sc_hd__xnor2_1)
                                                 _07997_ (net)
                    0.0789    0.0002   29.3309 v _32813_/B1 (sky130_fd_sc_hd__a31oi_1)
     2    0.0056    0.1763    0.1872   29.5181 ^ _32813_/Y (sky130_fd_sc_hd__a31oi_1)
                                                 _08030_ (net)
                    0.1763    0.0002   29.5183 ^ _32817_/B1_N (sky130_fd_sc_hd__a21boi_0)
     2    0.0065    0.2421    0.2724   29.7907 ^ _32817_/Y (sky130_fd_sc_hd__a21boi_0)
                                                 _08034_ (net)
                    0.2421    0.0002   29.7909 ^ _32819_/B (sky130_fd_sc_hd__nor3_1)
     2    0.0046    0.0855    0.0957   29.8865 v _32819_/Y (sky130_fd_sc_hd__nor3_1)
                                                 _08036_ (net)
                    0.0855    0.0001   29.8866 v _32820_/B (sky130_fd_sc_hd__or2_2)
     2    0.0064    0.0649    0.2998   30.1864 v _32820_/X (sky130_fd_sc_hd__or2_2)
                                                 _00447_ (net)
                    0.0649    0.0002   30.1866 v _42439_/A (sky130_fd_sc_hd__ha_1)
     2    0.0094    0.0706    0.2337   30.4203 v _42439_/COUT (sky130_fd_sc_hd__ha_1)
                                                 _00449_ (net)
                    0.0706    0.0003   30.4206 v _32872_/A (sky130_fd_sc_hd__nand3_2)
     2    0.0126    0.0895    0.0959   30.5165 ^ _32872_/Y (sky130_fd_sc_hd__nand3_2)
                                                 _00433_ (net)
                    0.0895    0.0007   30.5172 ^ _32873_/A (sky130_fd_sc_hd__inv_2)
     2    0.0068    0.0298    0.0443   30.5615 v _32873_/Y (sky130_fd_sc_hd__inv_2)
                                                 _00439_ (net)
                    0.0298    0.0002   30.5617 v _42435_/B (sky130_fd_sc_hd__ha_1)
     1    0.0063    0.0573    0.1858   30.7475 v _42435_/COUT (sky130_fd_sc_hd__ha_1)
                                                 _21452_ (net)
                    0.0573    0.0002   30.7478 v _42420_/B (sky130_fd_sc_hd__ha_1)
     1    0.0055    0.0534    0.1931   30.9408 v _42420_/COUT (sky130_fd_sc_hd__ha_1)
                                                 _00408_ (net)
                    0.0534    0.0002   30.9410 v _32786_/B (sky130_fd_sc_hd__xnor2_1)
     2    0.0128    0.3116    0.2794   31.2204 ^ _32786_/Y (sky130_fd_sc_hd__xnor2_1)
                                                 _08003_ (net)
                    0.3116    0.0005   31.2210 ^ _32843_/B (sky130_fd_sc_hd__xnor2_1)
     2    0.0091    0.1038    0.1560   31.3770 v _32843_/Y (sky130_fd_sc_hd__xnor2_1)
                                                 _08057_ (net)
                    0.1038    0.0003   31.3773 v _32922_/A (sky130_fd_sc_hd__nor2_1)
     2    0.0134    0.2525    0.2486   31.6258 ^ _32922_/Y (sky130_fd_sc_hd__nor2_1)
                                                 _08132_ (net)
                    0.2525    0.0004   31.6262 ^ _32940_/B1 (sky130_fd_sc_hd__o21ai_4)
     4    0.0134    0.0815    0.1093   31.7355 v _32940_/Y (sky130_fd_sc_hd__o21ai_4)
                                                 _08150_ (net)
                    0.0815    0.0006   31.7361 v _35301_/A2 (sky130_fd_sc_hd__o21ai_0)
     1    0.0059    0.2159    0.2179   31.9541 ^ _35301_/Y (sky130_fd_sc_hd__o21ai_0)
                                                 _01044_ (net)
                    0.2159    0.0002   31.9543 ^ place11274/A (sky130_fd_sc_hd__buf_4)
     3    0.0118    0.0477    0.1653   32.1195 ^ place11274/X (sky130_fd_sc_hd__buf_4)
                                                 net11273 (net)
                    0.0477    0.0004   32.1199 ^ _42771_/B (sky130_fd_sc_hd__ha_1)
     2    0.0067    0.0833    0.1584   32.2783 ^ _42771_/COUT (sky130_fd_sc_hd__ha_1)
                                                 _01045_ (net)
                    0.0833    0.0002   32.2785 ^ _32876_/A (sky130_fd_sc_hd__nor2_1)
     2    0.0073    0.0465    0.0689   32.3474 v _32876_/Y (sky130_fd_sc_hd__nor2_1)
                                                 _08087_ (net)
                    0.0465    0.0003   32.3477 v _32893_/A_N (sky130_fd_sc_hd__nand4b_1)
     2    0.0089    0.1461    0.2157   32.5634 v _32893_/Y (sky130_fd_sc_hd__nand4b_1)
                                                 _08104_ (net)
                    0.1461    0.0002   32.5635 v _32894_/A3 (sky130_fd_sc_hd__o32ai_2)
     2    0.0116    0.3067    0.3206   32.8841 ^ _32894_/Y (sky130_fd_sc_hd__o32ai_2)
                                                 _08105_ (net)
                    0.3067    0.0006   32.8847 ^ _32909_/A3 (sky130_fd_sc_hd__a31oi_2)
     4    0.0243    0.1785    0.2267   33.1114 v _32909_/Y (sky130_fd_sc_hd__a31oi_2)
                                                 _08120_ (net)
                    0.1785    0.0017   33.1131 v _32911_/B (sky130_fd_sc_hd__xnor2_1)
     3    0.0193    0.4443    0.4275   33.5406 ^ _32911_/Y (sky130_fd_sc_hd__xnor2_1)
                                                 _01021_ (net)
                    0.4443    0.0011   33.5418 ^ _35439_/A (sky130_fd_sc_hd__inv_1)
     1    0.0040    0.0868    0.0943   33.6361 v _35439_/Y (sky130_fd_sc_hd__inv_1)
                                                 _01017_ (net)
                    0.0868    0.0001   33.6362 v _42756_/A (sky130_fd_sc_hd__ha_1)
     2    0.0085    0.0672    0.2396   33.8758 v _42756_/COUT (sky130_fd_sc_hd__ha_1)
                                                 _01019_ (net)
                    0.0672    0.0003   33.8762 v _33029_/A (sky130_fd_sc_hd__nor2_1)
     1    0.0085    0.1694    0.1748   34.0510 ^ _33029_/Y (sky130_fd_sc_hd__nor2_1)
                                                 _08238_ (net)
                    0.1694    0.0005   34.0515 ^ _33031_/B (sky130_fd_sc_hd__nor3_1)
     2    0.0046    0.0817    0.0831   34.1346 v _33031_/Y (sky130_fd_sc_hd__nor3_1)
                                                 _08240_ (net)
                    0.0817    0.0001   34.1347 v _33032_/D_N (sky130_fd_sc_hd__nor4bb_1)
     2    0.0067    0.0822    0.1544   34.2891 v _33032_/Y (sky130_fd_sc_hd__nor4bb_1)
                                                 _08241_ (net)
                    0.0822    0.0003   34.2894 v place10983/A (sky130_fd_sc_hd__buf_4)
     4    0.0190    0.0426    0.1678   34.4571 v place10983/X (sky130_fd_sc_hd__buf_4)
                                                 net10982 (net)
                    0.0427    0.0005   34.4577 v _33131_/B (sky130_fd_sc_hd__or3_4)
     4    0.0210    0.0923    0.4030   34.8607 v _33131_/X (sky130_fd_sc_hd__or3_4)
                                                 _08337_ (net)
                    0.0923    0.0013   34.8620 v _33239_/C (sky130_fd_sc_hd__nor4_1)
     1    0.0054    0.3062    0.3063   35.1682 ^ _33239_/Y (sky130_fd_sc_hd__nor4_1)
                                                 _08445_ (net)
                    0.3062    0.0001   35.1684 ^ _33240_/B (sky130_fd_sc_hd__xnor2_1)
     2    0.0133    0.1273    0.1855   35.3539 v _33240_/Y (sky130_fd_sc_hd__xnor2_1)
                                                 _08446_ (net)
                    0.1273    0.0005   35.3544 v _33242_/C (sky130_fd_sc_hd__nor4_2)
     3    0.0118    0.3603    0.3662   35.7206 ^ _33242_/Y (sky130_fd_sc_hd__nor4_2)
                                                 _08448_ (net)
                    0.3603    0.0003   35.7209 ^ _33243_/D (sky130_fd_sc_hd__and4_1)
     2    0.0107    0.1220    0.2984   36.0193 ^ _33243_/X (sky130_fd_sc_hd__and4_1)
                                                 _08449_ (net)
                    0.1220    0.0004   36.0197 ^ _33259_/A2 (sky130_fd_sc_hd__a21oi_2)
     3    0.0130    0.0929    0.0963   36.1160 v _33259_/Y (sky130_fd_sc_hd__a21oi_2)
                                                 _08465_ (net)
                    0.0929    0.0004   36.1164 v _33261_/B (sky130_fd_sc_hd__xnor2_1)
     3    0.0129    0.3152    0.2977   36.4141 ^ _33261_/Y (sky130_fd_sc_hd__xnor2_1)
                                                 _00359_ (net)
                    0.3152    0.0006   36.4146 ^ _33262_/A (sky130_fd_sc_hd__inv_1)
     2    0.0066    0.0846    0.1064   36.5211 v _33262_/Y (sky130_fd_sc_hd__inv_1)
                                                 _00355_ (net)
                    0.0846    0.0001   36.5212 v _42398_/A (sky130_fd_sc_hd__ha_1)
     2    0.0070    0.0611    0.2304   36.7516 v _42398_/COUT (sky130_fd_sc_hd__ha_1)
                                                 _00357_ (net)
                    0.0611    0.0002   36.7518 v _33319_/A1 (sky130_fd_sc_hd__o221ai_1)
     2    0.0118    0.3290    0.3137   37.0655 ^ _33319_/Y (sky130_fd_sc_hd__o221ai_1)
                                                 _08523_ (net)
                    0.3290    0.0007   37.0662 ^ _33320_/C (sky130_fd_sc_hd__or3_1)
     3    0.0121    0.1186    0.2169   37.2831 ^ _33320_/X (sky130_fd_sc_hd__or3_1)
                                                 _08524_ (net)
                    0.1186    0.0003   37.2834 ^ place10546/A (sky130_fd_sc_hd__buf_4)
     8    0.0341    0.1019    0.1820   37.4654 ^ place10546/X (sky130_fd_sc_hd__buf_4)
                                                 net10545 (net)
                    0.1019    0.0014   37.4668 ^ _33499_/A1 (sky130_fd_sc_hd__o31ai_2)
     4    0.0147    0.1212    0.1181   37.5849 v _33499_/Y (sky130_fd_sc_hd__o31ai_2)
                                                 _08701_ (net)
                    0.1212    0.0007   37.5855 v _33623_/A (sky130_fd_sc_hd__or4_1)
     2    0.0062    0.1042    0.5684   38.1539 v _33623_/X (sky130_fd_sc_hd__or4_1)
                                                 _08825_ (net)
                    0.1042    0.0001   38.1540 v _33648_/A2 (sky130_fd_sc_hd__a2111oi_0)
     1    0.0102    0.7671    0.7412   38.8953 ^ _33648_/Y (sky130_fd_sc_hd__a2111oi_0)
                                                 _08850_ (net)
                    0.7671    0.0006   38.8959 ^ place10331/A (sky130_fd_sc_hd__buf_4)
     1    0.0026    0.0418    0.2173   39.1131 ^ place10331/X (sky130_fd_sc_hd__buf_4)
                                                 net10330 (net)
                    0.0418    0.0001   39.1132 ^ _33649_/B1 (sky130_fd_sc_hd__o21ai_1)
     2    0.0069    0.0713    0.0781   39.1913 v _33649_/Y (sky130_fd_sc_hd__o21ai_1)
                                                 _08851_ (net)
                    0.0713    0.0002   39.1915 v place10314/A (sky130_fd_sc_hd__buf_4)
     6    0.0256    0.0495    0.1699   39.3614 v place10314/X (sky130_fd_sc_hd__buf_4)
                                                 net10313 (net)
                    0.0496    0.0016   39.3630 v _33650_/D (sky130_fd_sc_hd__nor4_4)
     2    0.0062    0.2116    0.1450   39.5080 ^ _33650_/Y (sky130_fd_sc_hd__nor4_4)
                                                 _08852_ (net)
                    0.2116    0.0001   39.5081 ^ _33652_/B (sky130_fd_sc_hd__nor2_1)
     4    0.0236    0.1899    0.1621   39.6702 v _33652_/Y (sky130_fd_sc_hd__nor2_1)
                                                 _08854_ (net)
                    0.1899    0.0008   39.6711 v _33653_/B (sky130_fd_sc_hd__xnor2_1)
     3    0.0105    0.2670    0.3014   39.9725 ^ _33653_/Y (sky130_fd_sc_hd__xnor2_1)
                                                 _00895_ (net)
                    0.2670    0.0003   39.9727 ^ _35664_/A (sky130_fd_sc_hd__inv_1)
     1    0.0041    0.0651    0.0821   40.0548 v _35664_/Y (sky130_fd_sc_hd__inv_1)
                                                 _00891_ (net)
                    0.0651    0.0001   40.0550 v _42686_/A (sky130_fd_sc_hd__ha_1)
     2    0.0063    0.0573    0.2173   40.2723 v _42686_/COUT (sky130_fd_sc_hd__ha_1)
                                                 _00893_ (net)
                    0.0573    0.0002   40.2724 v place10089/A (sky130_fd_sc_hd__buf_4)
     5    0.0186    0.0423    0.1563   40.4287 v place10089/X (sky130_fd_sc_hd__buf_4)
                                                 net10088 (net)
                    0.0423    0.0005   40.4292 v _33892_/B1 (sky130_fd_sc_hd__o21ai_1)
     6    0.0386    0.7240    0.3875   40.8167 ^ _33892_/Y (sky130_fd_sc_hd__o21ai_1)
                                                 _09091_ (net)
                    0.7240    0.0015   40.8182 ^ _33942_/A2 (sky130_fd_sc_hd__a21o_1)
     2    0.0066    0.0728    0.2336   41.0518 ^ _33942_/X (sky130_fd_sc_hd__a21o_1)
                                                 _09141_ (net)
                    0.0728    0.0002   41.0520 ^ _33950_/B1 (sky130_fd_sc_hd__o2111a_1)
     2    0.0068    0.0855    0.2144   41.2664 ^ _33950_/X (sky130_fd_sc_hd__o2111a_1)
                                                 _09149_ (net)
                    0.0855    0.0002   41.2666 ^ _33956_/B (sky130_fd_sc_hd__nand3_1)
     2    0.0127    0.1419    0.1484   41.4150 v _33956_/Y (sky130_fd_sc_hd__nand3_1)
                                                 _09155_ (net)
                    0.1419    0.0009   41.4159 v _33962_/A2 (sky130_fd_sc_hd__a221oi_1)
     1    0.0045    0.2714    0.3493   41.7652 ^ _33962_/Y (sky130_fd_sc_hd__a221oi_1)
                                                 _09161_ (net)
                    0.2714    0.0002   41.7654 ^ place9983/A (sky130_fd_sc_hd__buf_4)
     4    0.0251    0.0809    0.2065   41.9719 ^ place9983/X (sky130_fd_sc_hd__buf_4)
                                                 net9982 (net)
                    0.0810    0.0025   41.9744 ^ _33985_/C_N (sky130_fd_sc_hd__nor4bb_1)
     1    0.0060    0.3253    0.3545   42.3289 ^ _33985_/Y (sky130_fd_sc_hd__nor4bb_1)
                                                 _09184_ (net)
                    0.3253    0.0002   42.3292 ^ place9805/A (sky130_fd_sc_hd__buf_4)
     6    0.0281    0.0894    0.2225   42.5516 ^ place9805/X (sky130_fd_sc_hd__buf_4)
                                                 net9804 (net)
                    0.0894    0.0007   42.5523 ^ _34053_/A2 (sky130_fd_sc_hd__a41oi_2)
     3    0.0116    0.1382    0.1552   42.7076 v _34053_/Y (sky130_fd_sc_hd__a41oi_2)
                                                 _09252_ (net)
                    0.1382    0.0003   42.7079 v _34055_/B (sky130_fd_sc_hd__xnor2_1)
     2    0.0117    0.1103    0.2063   42.9142 v _34055_/Y (sky130_fd_sc_hd__xnor2_1)
                                                 _01591_ (net)
                    0.1104    0.0008   42.9150 v _34056_/A (sky130_fd_sc_hd__inv_1)
     2    0.0124    0.1108    0.1317   43.0467 ^ _34056_/Y (sky130_fd_sc_hd__inv_1)
                                                 _01587_ (net)
                    0.1108    0.0002   43.0469 ^ _43111_/A (sky130_fd_sc_hd__ha_1)
     2    0.0159    0.1661    0.2448   43.2916 ^ _43111_/COUT (sky130_fd_sc_hd__ha_1)
                                                 _01589_ (net)
                    0.1661    0.0011   43.2927 ^ _34324_/A (sky130_fd_sc_hd__and3_1)
     2    0.0128    0.1376    0.2428   43.5355 ^ _34324_/X (sky130_fd_sc_hd__and3_1)
                                                 _09519_ (net)
                    0.1376    0.0008   43.5363 ^ _34325_/B1_N (sky130_fd_sc_hd__a21boi_1)
     2    0.0111    0.2567    0.2858   43.8221 ^ _34325_/Y (sky130_fd_sc_hd__a21boi_1)
                                                 _09520_ (net)
                    0.2567    0.0005   43.8226 ^ _34357_/A (sky130_fd_sc_hd__inv_1)
     2    0.0074    0.0794    0.1037   43.9263 v _34357_/Y (sky130_fd_sc_hd__inv_1)
                                                 _09552_ (net)
                    0.0794    0.0002   43.9266 v _34422_/B (sky130_fd_sc_hd__or4_1)
     1    0.0053    0.0983    0.5292   44.4557 v _34422_/X (sky130_fd_sc_hd__or4_1)
                                                 _09617_ (net)
                    0.0983    0.0002   44.4559 v _34423_/B1 (sky130_fd_sc_hd__a21oi_1)
     1    0.0055    0.1531    0.1679   44.6238 ^ _34423_/Y (sky130_fd_sc_hd__a21oi_1)
                                                 _09618_ (net)
                    0.1531    0.0002   44.6240 ^ _34424_/B (sky130_fd_sc_hd__xnor2_1)
     2    0.0104    0.0967    0.1276   44.7516 v _34424_/Y (sky130_fd_sc_hd__xnor2_1)
                                                 _09619_ (net)
                    0.0967    0.0003   44.7519 v _34502_/B (sky130_fd_sc_hd__or4_1)
     2    0.0128    0.1408    0.5924   45.3443 v _34502_/X (sky130_fd_sc_hd__or4_1)
                                                 _09695_ (net)
                    0.1408    0.0008   45.3452 v _34507_/A (sky130_fd_sc_hd__or3_1)
     2    0.0067    0.0865    0.4243   45.7695 v _34507_/X (sky130_fd_sc_hd__or3_1)
                                                 _09700_ (net)
                    0.0865    0.0002   45.7696 v _34547_/C1 (sky130_fd_sc_hd__a2111oi_0)
     1    0.0069    0.5702    0.5347   46.3043 ^ _34547_/Y (sky130_fd_sc_hd__a2111oi_0)
                                                 _09740_ (net)
                    0.5702    0.0003   46.3046 ^ place9367/A (sky130_fd_sc_hd__buf_4)
     1    0.0060    0.0446    0.2114   46.5160 ^ place9367/X (sky130_fd_sc_hd__buf_4)
                                                 net9366 (net)
                    0.0446    0.0002   46.5162 ^ _34548_/B (sky130_fd_sc_hd__xnor2_1)
     2    0.0069    0.1937    0.1350   46.6512 ^ _34548_/Y (sky130_fd_sc_hd__xnor2_1)
                                                 _09741_ (net)
                    0.1937    0.0001   46.6513 ^ _34549_/C_N (sky130_fd_sc_hd__nor3b_1)
     1    0.0043    0.1960    0.2346   46.8859 ^ _34549_/Y (sky130_fd_sc_hd__nor3b_1)
                                                 _09742_ (net)
                    0.1960    0.0002   46.8861 ^ place9265/A (sky130_fd_sc_hd__buf_4)
     2    0.0068    0.0359    0.1491   47.0352 ^ place9265/X (sky130_fd_sc_hd__buf_4)
                                                 net9264 (net)
                    0.0359    0.0002   47.0354 ^ place9264/A (sky130_fd_sc_hd__buf_4)
     2    0.0071    0.0340    0.0984   47.1338 ^ place9264/X (sky130_fd_sc_hd__buf_4)
                                                 net9263 (net)
                    0.0340    0.0002   47.1340 ^ _34561_/C1 (sky130_fd_sc_hd__o2111a_2)
     5    0.0232    0.1379    0.2634   47.3974 ^ _34561_/X (sky130_fd_sc_hd__o2111a_2)
                                                 _09754_ (net)
                    0.1379    0.0008   47.3982 ^ _34688_/A1 (sky130_fd_sc_hd__a31oi_2)
     2    0.0153    0.1249    0.1494   47.5476 v _34688_/Y (sky130_fd_sc_hd__a31oi_2)
                                                 _09881_ (net)
                    0.1249    0.0011   47.5487 v _34691_/B (sky130_fd_sc_hd__xnor2_1)
     2    0.0151    0.3600    0.3434   47.8921 ^ _34691_/Y (sky130_fd_sc_hd__xnor2_1)
                                                 _00919_ (net)
                    0.3600    0.0010   47.8931 ^ place9076/A (sky130_fd_sc_hd__buf_4)
     2    0.0073    0.0416    0.1844   48.0775 ^ place9076/X (sky130_fd_sc_hd__buf_4)
                                                 net9075 (net)
                    0.0416    0.0002   48.0777 ^ _42698_/A (sky130_fd_sc_hd__ha_1)
     1    0.0032    0.0515    0.1357   48.2134 ^ _42698_/COUT (sky130_fd_sc_hd__ha_1)
                                                 _00920_ (net)
                    0.0515    0.0001   48.2135 ^ _34876_/B (sky130_fd_sc_hd__nor2_1)
     1    0.0062    0.0423    0.0501   48.2635 v _34876_/Y (sky130_fd_sc_hd__nor2_1)
                                                 _10066_ (net)
                    0.0423    0.0003   48.2638 v _34877_/C1 (sky130_fd_sc_hd__a211o_1)
     2    0.0118    0.0874    0.2711   48.5349 v _34877_/X (sky130_fd_sc_hd__a211o_1)
                                                 _10067_ (net)
                    0.0874    0.0003   48.5352 v _34878_/D (sky130_fd_sc_hd__nor4_4)
     3    0.0123    0.2794    0.2123   48.7476 ^ _34878_/Y (sky130_fd_sc_hd__nor4_4)
                                                 _10068_ (net)
                    0.2794    0.0007   48.7482 ^ place8978/A (sky130_fd_sc_hd__buf_4)
     5    0.0204    0.0694    0.2006   48.9488 ^ place8978/X (sky130_fd_sc_hd__buf_4)
                                                 net8977 (net)
                    0.0694    0.0006   48.9495 ^ _34977_/A1 (sky130_fd_sc_hd__a21o_1)
     3    0.0099    0.0950    0.1503   49.0997 ^ _34977_/X (sky130_fd_sc_hd__a21o_1)
                                                 _10167_ (net)
                    0.0950    0.0003   49.1001 ^ _38323_/A (sky130_fd_sc_hd__and2_1)
     2    0.0056    0.0712    0.1468   49.2469 ^ _38323_/X (sky130_fd_sc_hd__and2_1)
                                                 _12722_ (net)
                    0.0712    0.0001   49.2470 ^ _38324_/B (sky130_fd_sc_hd__nor2_1)
     1    0.0032    0.0273    0.0444   49.2914 v _38324_/Y (sky130_fd_sc_hd__nor2_1)
                                                 _12723_ (net)
                    0.0273    0.0001   49.2915 v _38325_/B1 (sky130_fd_sc_hd__o2bb2ai_1)
     1    0.0121    0.2747    0.2545   49.5460 ^ _38325_/Y (sky130_fd_sc_hd__o2bb2ai_1)
                                                 _12724_ (net)
                    0.2747    0.0009   49.5469 ^ _38330_/A2 (sky130_fd_sc_hd__a21oi_1)
     2    0.0063    0.0865    0.1385   49.6854 v _38330_/Y (sky130_fd_sc_hd__a21oi_1)
                                                 _12729_ (net)
                    0.0865    0.0002   49.6856 v _41850_/A (sky130_fd_sc_hd__nor2_1)
     1    0.0049    0.1101    0.1372   49.8228 ^ _41850_/Y (sky130_fd_sc_hd__nor2_1)
                                                 g_channel[0].u_bank.g_block[0].u_core.u_alu.g_fp16[0].u_add.round_up (net)
                    0.1101    0.0002   49.8229 ^ _42732_/A (sky130_fd_sc_hd__ha_1)
     2    0.0060    0.0750    0.1766   49.9995 ^ _42732_/COUT (sky130_fd_sc_hd__ha_1)
                                                 _00631_ (net)
                    0.0750    0.0001   49.9996 ^ _38656_/D_N (sky130_fd_sc_hd__or4b_4)
     2    0.0158    0.1062    0.4990   50.4987 v _38656_/X (sky130_fd_sc_hd__or4b_4)
                                                 _13054_ (net)
                    0.1062    0.0008   50.4995 v _38665_/B (sky130_fd_sc_hd__nor3_4)
     2    0.0085    0.1573    0.2017   50.7011 ^ _38665_/Y (sky130_fd_sc_hd__nor3_4)
                                                 _13063_ (net)
                    0.1573    0.0004   50.7015 ^ place8723/A (sky130_fd_sc_hd__buf_4)
    13    0.0535    0.1526    0.2296   50.9311 ^ place8723/X (sky130_fd_sc_hd__buf_4)
                                                 net8722 (net)
                    0.1526    0.0007   50.9318 ^ _38702_/B (sky130_fd_sc_hd__nand4_1)
     3    0.0109    0.1574    0.1780   51.1099 v _38702_/Y (sky130_fd_sc_hd__nand4_1)
                                                 _13100_ (net)
                    0.1574    0.0005   51.1104 v place8715/A (sky130_fd_sc_hd__buf_4)
     3    0.0093    0.0320    0.1871   51.2975 v place8715/X (sky130_fd_sc_hd__buf_4)
                                                 net8714 (net)
                    0.0320    0.0002   51.2977 v place8714/A (sky130_fd_sc_hd__buf_4)
     2    0.0056    0.0274    0.1249   51.4226 v place8714/X (sky130_fd_sc_hd__buf_4)
                                                 net8713 (net)
                    0.0274    0.0001   51.4227 v _38708_/A1 (sky130_fd_sc_hd__o211ai_1)
     1    0.0022    0.1327    0.1499   51.5726 ^ _38708_/Y (sky130_fd_sc_hd__o211ai_1)
                                                 _13106_ (net)
                    0.1327    0.0001   51.5726 ^ _38709_/B1 (sky130_fd_sc_hd__o21ai_0)
     1    0.0040    0.0780    0.1127   51.6853 v _38709_/Y (sky130_fd_sc_hd__o21ai_0)
                                                 _13107_ (net)
                    0.0780    0.0001   51.6855 v _38723_/A2 (sky130_fd_sc_hd__o211ai_1)
     3    0.0225    0.4995    0.4362   52.1217 ^ _38723_/Y (sky130_fd_sc_hd__o211ai_1)
                                                 _13121_ (net)
                    0.4995    0.0013   52.1230 ^ _38914_/A1 (sky130_fd_sc_hd__o41ai_4)
     1    0.0105    0.1137    0.1628   52.2858 v _38914_/Y (sky130_fd_sc_hd__o41ai_4)
                                                 _13307_ (net)
                    0.1137    0.0004   52.2862 v place8661/A (sky130_fd_sc_hd__buf_12)
     8    0.0465    0.0430    0.1693   52.4556 v place8661/X (sky130_fd_sc_hd__buf_12)
                                                 net8660 (net)
                    0.0437    0.0042   52.4598 v _39040_/B1 (sky130_fd_sc_hd__a221oi_1)
     1    0.0198    0.6981    0.6044   53.0642 ^ _39040_/Y (sky130_fd_sc_hd__a221oi_1)
                                                 _13427_ (net)
                    0.6981    0.0019   53.0661 ^ _39049_/B1 (sky130_fd_sc_hd__o22ai_1)
     1    0.0123    0.2223    0.2860   53.3521 v _39049_/Y (sky130_fd_sc_hd__o22ai_1)
                                                 _13436_ (net)
                    0.2223    0.0008   53.3529 v _39050_/B (sky130_fd_sc_hd__nand2_1)
     1    0.0125    0.1395    0.2002   53.5530 ^ _39050_/Y (sky130_fd_sc_hd__nand2_1)
                                                 _13437_ (net)
                    0.1395    0.0005   53.5536 ^ place8633/A (sky130_fd_sc_hd__buf_12)
    19    0.1432    0.1666    0.1870   53.7405 ^ place8633/X (sky130_fd_sc_hd__buf_12)
                                                 net8632 (net)
                    0.2055    0.0615   53.8021 ^ _39306_/A1 (sky130_fd_sc_hd__o21ai_1)
     1    0.0052    0.1200    0.1169   53.9189 v _39306_/Y (sky130_fd_sc_hd__o21ai_1)
                                                 _02269_ (net)
                    0.1200    0.0002   53.9192 v g_channel[0].u_bank.g_block[0].u_core.grf_b[2][3]$_DFFE_PP_/D (sky130_fd_sc_hd__edfxtp_1)
                                       53.9192   data arrival time

                             10.0000   10.0000   clock clk (rise edge)
                              0.0000   10.0000   clock source latency
     1    0.1020    0.0000    0.0000   10.0000 ^ clk_i (in)
                                                 clk_i (net)
                    0.0094    0.0047   10.0047 ^ clkbuf_0_clk_i/A (sky130_fd_sc_hd__clkbuf_16)
     8    0.2098    0.2201    0.2445   10.2492 ^ clkbuf_0_clk_i/X (sky130_fd_sc_hd__clkbuf_16)
                                                 clknet_0_clk_i (net)
                    0.2206    0.0089   10.2581 ^ clkbuf_3_4_0_clk_i/A (sky130_fd_sc_hd__clkbuf_16)
     2    0.0486    0.0694    0.2061   10.4642 ^ clkbuf_3_4_0_clk_i/X (sky130_fd_sc_hd__clkbuf_16)
                                                 clknet_3_4_0_clk_i (net)
                    0.0694    0.0017   10.4659 ^ clkbuf_4_8__f_clk_i/A (sky130_fd_sc_hd__clkbuf_16)
    13    0.1838    0.1950    0.2503   10.7162 ^ clkbuf_4_8__f_clk_i/X (sky130_fd_sc_hd__clkbuf_16)
                                                 clknet_4_8__leaf_clk_i (net)
                    0.1951    0.0030   10.7192 ^ clkbuf_leaf_40_clk_i/A (sky130_fd_sc_hd__clkbuf_16)
    12    0.0406    0.0618    0.1926   10.9118 ^ clkbuf_leaf_40_clk_i/X (sky130_fd_sc_hd__clkbuf_16)
                                                 clknet_leaf_40_clk_i (net)
                    0.0618    0.0010   10.9128 ^ g_channel[0].u_bank.g_block[0].u_core.grf_b[2][3]$_DFFE_PP_/CLK (sky130_fd_sc_hd__edfxtp_1)
                             -0.2000   10.7128   clock uncertainty
                              0.0000   10.7128   clock reconvergence pessimism
                             -0.2734   10.4394   library setup time
                                       10.4394   data required time
-------------------------------------------------------------------------------------
                                       10.4394   data required time
                                      -53.9192   data arrival time
-------------------------------------------------------------------------------------
                                      -43.4798   slack (VIOLATED)


B0_STAGE_TIMING_END post_route
